00:00.444  blend            | Read blend: "/Users/yl222/Desktop/UrbanWorldModelVisualizer/geometry_expansion/output/batch12_v1/master.blend"
12:47:23 | INFO: Data are loaded, start creating Blender stuff
12:47:23 | INFO: Blender create Mesh node 14 Queens Gate Place Mews | blank showroom fascia
12:47:23 | INFO: Blender create Mesh node 14 Queens Gate Place Mews | door glass fanlight
12:47:23 | INFO: Blender create Mesh node 14 Queens Gate Place Mews | door handle
12:47:23 | INFO: Blender create Mesh node 14 Queens Gate Place Mews | door transom
12:47:23 | INFO: Blender create Mesh node 14 Queens Gate Place Mews | estimated hipped roof
12:47:23 | INFO: Blender create Mesh node 14 Queens Gate Place Mews | front rear eaves
12:47:23 | INFO: Blender create Mesh node 14 Queens Gate Place Mews | full polygon roof basecap
12:47:23 | INFO: Blender create Mesh node 14 Queens Gate Place Mews | inward eaves
12:47:23 | INFO: Blender create Mesh node 14 Queens Gate Place Mews | lintels
12:47:23 | INFO: Blender create Mesh node 14 Queens Gate Place Mews | painted joinery
12:47:23 | INFO: Blender create Mesh node 14 Queens Gate Place Mews | pierced masonry
12:47:23 | INFO: Blender create Mesh node 14 Queens Gate Place Mews | projecting sills
12:47:23 | INFO: Blender create Mesh node 14 Queens Gate Place Mews | recessed door
12:47:23 | INFO: Blender create Mesh node 14 Queens Gate Place Mews | recessed glazing
12:47:23 | INFO: Blender create Mesh node 14 Queens Gate Place Mews | shallow shop cornice
12:47:23 | INFO: Blender create Mesh node 14 Queens Gate Place Mews | showroom end piers
12:47:23 | INFO: Blender create Mesh node finite entry approach from audited ground.002
12:47:23 | INFO: Blender create Mesh node 14 Queens Gate Place Mews | threshold
12:47:23 | INFO: Blender create Mesh node 14 Queens Gate Place Mews | upper sash meeting rail
12:47:23 | INFO: Blender create Mesh node 14 Queens Gate Place Mews | window mullions
12:47:23 | INFO: Blender create Mesh node 14 Queens Gate Place Mews | window transoms
12:47:23 | INFO: Blender create Mesh node 27 Princes Gate | attic continuous mitred top rim
12:47:23 | INFO: Blender create Mesh node 27 Princes Gate | attic frame jambs
12:47:23 | INFO: Blender create Mesh node 27 Princes Gate | attic frame rails
12:47:23 | INFO: Blender create Mesh node 27 Princes Gate | central first floor pediment
12:47:23 | INFO: Blender create Mesh node 27 Princes Gate | complete attic flat roof
12:47:23 | INFO: Blender create Mesh node 27 Princes Gate | door glass fanlight
12:47:23 | INFO: Blender create Mesh node 27 Princes Gate | door handle
12:47:23 | INFO: Blender create Mesh node 27 Princes Gate | door transom
12:47:23 | INFO: Blender create Mesh node 27 Princes Gate | first floor pilaster shafts
12:47:23 | INFO: Blender create Mesh node 27 Princes Gate | front cornice
12:47:23 | INFO: Blender create Mesh node 27 Princes Gate | front cornice dentils
12:47:23 | INFO: Blender create Mesh node 27 Princes Gate | full mapped roof base cap
12:47:23 | INFO: Blender create Mesh node 27 Princes Gate | inset attic solid walls
12:47:23 | INFO: Blender create Mesh node 27 Princes Gate | inward eaves
12:47:23 | INFO: Blender create Mesh node 27 Princes Gate | Juliet sill decks
12:47:23 | INFO: Blender create Mesh node 27 Princes Gate | Juliet top rails
12:47:23 | INFO: Blender create Mesh node 27 Princes Gate | Juliet vertical bars
12:47:23 | INFO: Blender create Mesh node 27 Princes Gate | lintels
12:47:23 | INFO: Blender create Mesh node 27 Princes Gate | low parapet
12:47:23 | INFO: Blender create Mesh node 27 Princes Gate | mitred coping
12:47:23 | INFO: Blender create Mesh node 27 Princes Gate | outer shallow pilasters
12:47:23 | INFO: Blender create Mesh node 27 Princes Gate | painted joinery
12:47:23 | INFO: Blender create Mesh node 27 Princes Gate | pierced masonry
12:47:23 | INFO: Blender create Mesh node 27 Princes Gate | projecting sills
12:47:23 | INFO: Blender create Mesh node 27 Princes Gate | recessed attic glazing
12:47:23 | INFO: Blender create Mesh node 27 Princes Gate | recessed door
12:47:23 | INFO: Blender create Mesh node 27 Princes Gate | recessed glazing
12:47:23 | INFO: Blender create Mesh node 27 Princes Gate | simplified first floor capitals
12:47:23 | INFO: Blender create Mesh node finite entry approach from audited ground.001
12:47:23 | INFO: Blender create Mesh node 27 Princes Gate | threshold
12:47:23 | INFO: Blender create Mesh node 27 Princes Gate | upper sash meeting rail
12:47:23 | INFO: Blender create Mesh node 27 Princes Gate | window mullions
12:47:23 | INFO: Blender create Mesh node 27 Princes Gate | window transoms
12:47:23 | INFO: Blender create Mesh node 47 Princes Gardens | architrave head
12:47:23 | INFO: Blender create Mesh node 47 Princes Gardens | architrave upright
12:47:23 | INFO: Blender create Mesh node 47 Princes Gardens | central second floor pediment
12:47:23 | INFO: Blender create Mesh node 47 Princes Gardens | complete concave mapped roof deck
12:47:23 | INFO: Blender create Mesh node 47 Princes Gardens | continuous first floor balcony deck
12:47:23 | INFO: Blender create Mesh node 47 Princes Gardens | continuous first floor balustrade rail
12:47:23 | INFO: Blender create Mesh node 47 Princes Gardens | continuous mitred contained stringcourse
12:47:23 | INFO: Blender create Mesh node 47 Princes Gardens | cornice modillions
12:47:23 | INFO: Blender create Mesh node 47 Princes Gardens | cornice window hoods
12:47:23 | INFO: Blender create Mesh node 47 Princes Gardens | door leaf panel mouldings
12:47:23 | INFO: Blender create Mesh node 47 Princes Gardens | door leaf transom rail
12:47:23 | INFO: Blender create Mesh node 47 Princes Gardens | Doric porch columns
12:47:23 | INFO: Blender create Mesh node 47 Princes Gardens | Doric porch entablature
12:47:23 | INFO: Blender create Mesh node 47 Princes Gardens | Doric triglyphs
12:47:23 | INFO: Blender create Mesh node 47 Princes Gardens | entrance glazed transom
12:47:23 | INFO: Blender create Mesh node 47 Princes Gardens | entrance head frame
12:47:23 | INFO: Blender create Mesh node 47 Princes Gardens | entrance jamb
12:47:23 | INFO: Blender create Mesh node 47 Princes Gardens | entrance stone head
12:47:23 | INFO: Blender create Mesh node 47 Princes Gardens | entrance stone surrounds
12:47:23 | INFO: Blender create Mesh node 47 Princes Gardens | estimated front rear roof parapet
12:47:23 | INFO: Blender create Mesh node 47 Princes Gardens | first floor bottle balusters
12:47:23 | INFO: Blender create Mesh node 47 Princes Gardens | first floor Corinthian shafts
12:47:23 | INFO: Blender create Mesh node 47 Princes Gardens | first floor French casement mullion
12:47:23 | INFO: Blender create Mesh node 47 Princes Gardens | front bracketed frieze
12:47:23 | INFO: Blender create Mesh node 47 Princes Gardens | front projecting cornice
12:47:23 | INFO: Blender create Mesh node 47 Princes Gardens | front rear coping
12:47:23 | INFO: Blender create Mesh node 47 Princes Gardens | ground stucco channel courses
12:47:23 | INFO: Blender create Mesh node 47 Princes Gardens | pierced wall lintel infill
12:47:23 | INFO: Blender create Mesh node 47 Princes Gardens | pierced wall piers
12:47:23 | INFO: Blender create Mesh node 47 Princes Gardens | pierced wall sill infill
12:47:23 | INFO: Blender create Mesh node finite porch support
12:47:23 | INFO: Blender create Mesh node 47 Princes Gardens | projecting stone sill
12:47:23 | INFO: Blender create Mesh node 47 Princes Gardens | recessed sash glazing
12:47:23 | INFO: Blender create Mesh node 47 Princes Gardens | sash meeting and bottom rails
12:47:23 | INFO: Blender create Mesh node 47 Princes Gardens | second floor balcony rail
12:47:23 | INFO: Blender create Mesh node 47 Princes Gardens | second floor balcony sill
12:47:23 | INFO: Blender create Mesh node 47 Princes Gardens | second floor bottle balusters
12:47:23 | INFO: Blender create Mesh node 47 Princes Gardens | simplified Corinthian leaf blocks
12:47:23 | INFO: Blender create Mesh node finite entry approach from audited ground
12:47:23 | INFO: Blender create Mesh node 47 Princes Gardens | timber sash side frames
12:47:23 | INFO: Blender create Mesh node 47 Princes Gardens | timber sash upper rail
12:47:23 | INFO: Blender create Mesh node 47 Princes Gardens | window hood corbels
12:47:23 | INFO: Blender create Mesh node 47 Princes Gardens | wood entrance leaf
12:47:23 | INFO: glTF import finished in 0.08s
{"passed": true, "buildings": [{"building_id": "way-640808103", "entrances": [{"threshold_xyz": [949.7607421875, -173.82701110839844, -3.058010770473629e-05], "rays": 25, "checked_width_m": 0.9912506334305271}], "entrance_check_status": "checked", "porch_support_samples": 4, "approach_profile_samples": 0, "passages": [], "shared_wall_samples": 40, "roof_coverage_samples": 143, "footprint_area_m2": 256.7981042009962}, {"building_id": "way-640097053", "entrances": [{"threshold_xyz": [904.8881225585938, 149.1884002685547, -0.0006975403521209955], "rays": 25, "checked_width_m": 0.9889432072423598}], "entrance_check_status": "checked", "porch_support_samples": 0, "approach_profile_samples": 0, "passages": [], "shared_wall_samples": 60, "roof_coverage_samples": 148, "footprint_area_m2": 267.94011767260656}, {"building_id": "way-810633525", "entrances": [{"threshold_xyz": [462.72991943359375, -464.0613098144531, -0.00048160285223275423], "rays": 25, "checked_width_m": 0.9896580850774537}], "entrance_check_status": "checked", "porch_support_samples": 0, "approach_profile_samples": 0, "passages": [], "shared_wall_samples": 40, "roof_coverage_samples": 60, "footprint_area_m2": 116.158884939002}], "material_values_roundtrip_passed": true, "master_sha256": "3fbdfb1ddfe0aa1fbbb21173f844768c7fa49565b880c1e35bdcf6ffe6d55afe", "replacement_sha256": "d1f2f0838cbb2523d9acdf4c898278c14860edc24185712a3951cebbb41234ab", "scope": "Exterior entry clearance before intentionally closed door assemblies, sampled mapped roof coverage and PBR round-trip. Not a survey or accessibility certification."}
Blender 5.2.0 LTS (hash fbe6228777e7 built 2026-07-14 01:31:22)

Blender quit
