(node:59908) ExperimentalWarning: `--experimental-loader` may be removed in the future; instead use `register()`:
--import 'data:text/javascript,import { register } from "node:module"; import { pathToFileURL } from "node:url"; register("./building_completion/scripts/three-loader.mjs", pathToFileURL("./"));'
(Use `node --trace-warnings ...` to show where the warning was created)
[
  {
    "name": "Site_|_ground",
    "hits": [
      {
        "id": "way-640097053",
        "sample_outward_m": 0,
        "z": -0.05000000074505806
      },
      {
        "id": "way-640097053",
        "sample_outward_m": 0.5,
        "z": -0.05000000074505806
      },
      {
        "id": "way-640097053",
        "sample_outward_m": 1,
        "z": -0.05000000074505806
      },
      {
        "id": "way-640808103",
        "sample_outward_m": 0,
        "z": -0.05000000074505806
      },
      {
        "id": "way-640808103",
        "sample_outward_m": 0.5,
        "z": -0.05000000074505806
      },
      {
        "id": "way-640808103",
        "sample_outward_m": 1,
        "z": -0.05000000074505805
      },
      {
        "id": "way-810633525",
        "sample_outward_m": 0,
        "z": -0.05000000074505806
      },
      {
        "id": "way-810633525",
        "sample_outward_m": 0.5,
        "z": -0.05000000074505806
      },
      {
        "id": "way-810633525",
        "sample_outward_m": 1,
        "z": -0.05000000074505806
      }
    ]
  }
]
