/Users/yl222/Desktop/UrbanWorldModelVisualizer/geometry_expansion/scripts/build_expansion_batch.py:28: DeprecationWarning: 'Material.use_nodes' is expected to be removed in Blender 6.0
  m=bpy.data.materials.new(spec['name']);m.use_nodes=True
INFO Draco is available, use library at /Applications/Blender.app/Contents/Resources/5.2/scripts/addons_core/io_scene_gltf2/libbf_intern_draco_bridge.dylib
INFO MeshOptimizer is available, use library at /Applications/Blender.app/Contents/Resources/5.2/scripts/addons_core/io_scene_gltf2/libbf_intern_meshopt_bridge.dylib
10:52:39 | INFO: Starting glTF 2.0 export
10:52:39 | INFO: Extracting primitive: Albert Close 642055723 | complete concave roof membrane
10:52:39 | INFO: Primitives created: 1
10:52:39 | INFO: Extracting primitive: Albert Close 642055723 | door glass fanlight
10:52:39 | INFO: Primitives created: 1
10:52:39 | INFO: Extracting primitive: Albert Close 642055723 | door handle
10:52:39 | INFO: Primitives created: 1
10:52:39 | INFO: Extracting primitive: Albert Close 642055723 | door transom
10:52:39 | INFO: Primitives created: 1
10:52:39 | INFO: Extracting primitive: Albert Close 642055723 | estimated hip roof curb
10:52:39 | INFO: Primitives created: 1
10:52:39 | INFO: Extracting primitive: Albert Close 642055723 | estimated shallow hip roof
10:52:39 | INFO: Primitives created: 1
10:52:39 | INFO: Extracting primitive: Albert Close 642055723 | flush floor course
10:52:39 | INFO: Primitives created: 1
10:52:39 | INFO: Extracting primitive: Albert Close 642055723 | inward eaves
10:52:39 | INFO: Primitives created: 1
10:52:39 | INFO: Extracting primitive: Albert Close 642055723 | lintels
10:52:39 | INFO: Primitives created: 1
10:52:39 | INFO: Extracting primitive: Albert Close 642055723 | low parapet
10:52:39 | INFO: Primitives created: 1
10:52:39 | INFO: Extracting primitive: Albert Close 642055723 | mitred coping
10:52:39 | INFO: Primitives created: 1
10:52:39 | INFO: Extracting primitive: Albert Close 642055723 | painted joinery
10:52:39 | INFO: Primitives created: 1
10:52:39 | INFO: Extracting primitive: Albert Close 642055723 | pierced masonry
10:52:39 | INFO: Primitives created: 1
10:52:39 | INFO: Extracting primitive: Albert Close 642055723 | pipe brackets
10:52:39 | INFO: Primitives created: 1
10:52:39 | INFO: Extracting primitive: Albert Close 642055723 | projecting sills
10:52:39 | INFO: Primitives created: 1
10:52:39 | INFO: Extracting primitive: Albert Close 642055723 | rainwater downpipes
10:52:39 | INFO: Primitives created: 1
10:52:39 | INFO: Extracting primitive: Albert Close 642055723 | recessed door
10:52:39 | INFO: Primitives created: 1
10:52:39 | INFO: Extracting primitive: Albert Close 642055723 | recessed glazing
10:52:39 | INFO: Primitives created: 1
10:52:39 | INFO: Extracting primitive: Albert Close 642055723 | threshold
10:52:39 | INFO: Primitives created: 1
10:52:39 | INFO: Extracting primitive: Albert Close 642055723 | upper sash meeting rail
10:52:39 | INFO: Primitives created: 1
10:52:39 | INFO: Extracting primitive: Albert Close 642055723 | window mullions
10:52:39 | INFO: Primitives created: 1
10:52:39 | INFO: Extracting primitive: Albert Close 642055723 | window transoms
10:52:39 | INFO: Primitives created: 1
10:52:39 | INFO: Extracting primitive: Jay Mews 117010293 | concave roof membrane
10:52:39 | INFO: Primitives created: 1
10:52:39 | INFO: Extracting primitive: Jay Mews 117010293 | door glass fanlight
10:52:39 | INFO: Primitives created: 1
10:52:39 | INFO: Extracting primitive: Jay Mews 117010293 | door handle
10:52:39 | INFO: Primitives created: 1
10:52:39 | INFO: Extracting primitive: Jay Mews 117010293 | door transom
10:52:39 | INFO: Primitives created: 1
10:52:39 | INFO: Extracting primitive: Jay Mews 117010293 | flush floor course
10:52:39 | INFO: Primitives created: 1
10:52:39 | INFO: Extracting primitive: Jay Mews 117010293 | inward eaves
10:52:39 | INFO: Primitives created: 1
10:52:39 | INFO: Extracting primitive: Jay Mews 117010293 | lintels
10:52:39 | INFO: Primitives created: 1
10:52:39 | INFO: Extracting primitive: Jay Mews 117010293 | low parapet
10:52:39 | INFO: Primitives created: 1
10:52:39 | INFO: Extracting primitive: Jay Mews 117010293 | mitred coping
10:52:39 | INFO: Primitives created: 1
10:52:39 | INFO: Extracting primitive: Jay Mews 117010293 | painted joinery
10:52:39 | INFO: Primitives created: 1
10:52:39 | INFO: Extracting primitive: Jay Mews 117010293 | pierced masonry
10:52:39 | INFO: Primitives created: 1
10:52:39 | INFO: Extracting primitive: Jay Mews 117010293 | pierced masonry.001
10:52:39 | INFO: Primitives created: 1
10:52:39 | INFO: Extracting primitive: Jay Mews 117010293 | pipe brackets
10:52:39 | INFO: Primitives created: 1
10:52:39 | INFO: Extracting primitive: Jay Mews 117010293 | projecting sills
10:52:39 | INFO: Primitives created: 1
10:52:39 | INFO: Extracting primitive: Jay Mews 117010293 | rainwater downpipes
10:52:39 | INFO: Primitives created: 1
10:52:39 | INFO: Extracting primitive: Jay Mews 117010293 | recessed door
10:52:39 | INFO: Primitives created: 1
10:52:39 | INFO: Extracting primitive: Jay Mews 117010293 | recessed glazing
10:52:39 | INFO: Primitives created: 1
10:52:39 | INFO: Extracting primitive: Jay Mews 117010293 | threshold
10:52:39 | INFO: Primitives created: 1
10:52:39 | INFO: Extracting primitive: Jay Mews 117010293 | upper sash meeting rail
10:52:39 | INFO: Primitives created: 1
10:52:39 | INFO: Extracting primitive: Jay Mews 117010293 | window mullions
10:52:39 | INFO: Primitives created: 1
10:52:39 | INFO: Extracting primitive: Jay Mews 117010293 | window transoms
10:52:39 | INFO: Primitives created: 1
10:52:39 | INFO: Extracting primitive: Princes Gate Court | complete concave roof deck
10:52:39 | INFO: Primitives created: 1
10:52:39 | INFO: Extracting primitive: Princes Gate Court | courtyard stone vertical bays
10:52:39 | INFO: Primitives created: 1
10:52:39 | INFO: Extracting primitive: Princes Gate Court | door central stile
10:52:39 | INFO: Primitives created: 1
10:52:39 | INFO: Extracting primitive: Princes Gate Court | door hardware
10:52:39 | INFO: Primitives created: 1
10:52:39 | INFO: Extracting primitive: Princes Gate Court | dormer cap
10:52:39 | INFO: Primitives created: 1
10:52:39 | INFO: Extracting primitive: Princes Gate Court | dormer front sill
10:52:39 | INFO: Primitives created: 1
10:52:39 | INFO: Extracting primitive: Princes Gate Court | dormer rear closure
10:52:39 | INFO: Primitives created: 1
10:52:39 | INFO: Extracting primitive: Princes Gate Court | entrance leaves
10:52:39 | INFO: Primitives created: 1
10:52:39 | INFO: Extracting primitive: Princes Gate Court | entry transom
10:52:39 | INFO: Primitives created: 1
10:52:39 | INFO: Extracting primitive: Princes Gate Court | flush threshold
10:52:39 | INFO: Primitives created: 1
10:52:39 | INFO: Extracting primitive: Princes Gate Court | inset sloping roof ranges
10:52:39 | INFO: Primitives created: 1
10:52:39 | INFO: Extracting primitive: Princes Gate Court | pale stone plinth
10:52:39 | INFO: Primitives created: 1
10:52:39 | INFO: Extracting primitive: Princes Gate Court | pierced red brick facades
10:52:39 | INFO: Primitives created: 1
10:52:39 | INFO: Extracting primitive: Princes Gate Court | recessed courtyard sashes
10:52:39 | INFO: Primitives created: 1
10:52:39 | INFO: Extracting primitive: Princes Gate Court | recessed dormer glass
10:52:39 | INFO: Primitives created: 1
10:52:39 | INFO: Extracting primitive: Princes Gate Court | red brick roof parapet
10:52:39 | INFO: Primitives created: 1
10:52:39 | INFO: Extracting primitive: Princes Gate Court | small pane glazing bars
10:52:39 | INFO: Primitives created: 1
10:52:39 | INFO: Extracting primitive: Princes Gate Court | stone entrance entablature
10:52:39 | INFO: Primitives created: 1
10:52:39 | INFO: Extracting primitive: Princes Gate Court | stone entrance jambs
10:52:39 | INFO: Primitives created: 1
10:52:39 | INFO: Extracting primitive: Princes Gate Court | stone parapet coping
10:52:39 | INFO: Primitives created: 1
10:52:39 | INFO: Extracting primitive: Princes Gate Court | stone window sills
10:52:39 | INFO: Primitives created: 1
10:52:39 | INFO: Extracting primitive: Princes Gate Court | subtle brick headers
10:52:39 | INFO: Primitives created: 1
10:52:39 | INFO: Extracting primitive: Princes Gate Court | upper stone string courses
10:52:39 | INFO: Primitives created: 1
10:52:39 | INFO: Extracting primitive: Princes Gate Court | white dormer cheek walls
10:52:39 | INFO: Primitives created: 1
10:52:39 | INFO: Extracting primitive: Princes Gate Court | white dormer joinery
10:52:39 | INFO: Primitives created: 1
10:52:39 | INFO: Extracting primitive: Princes Gate Court | white sash frames
10:52:39 | INFO: Primitives created: 1
10:52:39 | INFO: Finished glTF 2.0 export in 0.08516407012939453 s

10:52:39 | INFO: Data are loaded, start creating Blender stuff
10:52:39 | INFO: Blender create Mesh node 23 Kensington Gore | architraves
10:52:39 | INFO: Blender create Mesh node 23 Kensington Gore | door central stile
10:52:39 | INFO: Blender create Mesh node 23 Kensington Gore | door fanlight transom
10:52:39 | INFO: Blender create Mesh node 23 Kensington Gore | door hardware
10:52:39 | INFO: Blender create Mesh node 23 Kensington Gore | entry threshold
10:52:39 | INFO: Blender create Mesh node 23 Kensington Gore | estimated shallow hipped roof
10:52:39 | INFO: Blender create Mesh node 23 Kensington Gore | hood mouldings
10:52:39 | INFO: Blender create Mesh node 23 Kensington Gore | joinery
10:52:39 | INFO: Blender create Mesh node 23 Kensington Gore | mapped roof deck
10:52:39 | INFO: Blender create Mesh node 23 Kensington Gore | pierced wall
10:52:39 | INFO: Blender create Mesh node 23 Kensington Gore | recessed doors
10:52:39 | INFO: Blender create Mesh node 23 Kensington Gore | recessed glass
10:52:39 | INFO: Blender create Mesh node 23 Kensington Gore | roof coping
10:52:39 | INFO: Blender create Mesh node 23 Kensington Gore | roof lantern curb
10:52:39 | INFO: Blender create Mesh node 23 Kensington Gore | roof parapet
10:52:39 | INFO: Blender create Mesh node 23 Kensington Gore | sash mullions
10:52:39 | INFO: Blender create Mesh node 23 Kensington Gore | sills
10:52:39 | INFO: Blender create Mesh node 23 Kensington Gore | string courses and cornice
10:52:39 | INFO: Blender create Mesh node 23 Kensington Gore | window guards
10:52:39 | INFO: glTF import finished in 0.04s
10:52:39 | INFO: Data are loaded, start creating Blender stuff
10:52:39 | INFO: Blender create Mesh node 25 Kensington Gore | attic interior ceiling
10:52:39 | INFO: Blender create Mesh node 25 Kensington Gore | balcony handrail
10:52:39 | INFO: Blender create Mesh node 25 Kensington Gore | balcony support slabs
10:52:39 | INFO: Blender create Mesh node 25 Kensington Gore | black sash frames
10:52:39 | INFO: Blender create Mesh node 25 Kensington Gore | chimney caps
10:52:39 | INFO: Blender create Mesh node 25 Kensington Gore | continuous mitred cornices
10:52:39 | INFO: Blender create Mesh node 25 Kensington Gore | corner quoins
10:52:39 | INFO: Blender create Mesh node 25 Kensington Gore | cornice brackets
10:52:39 | INFO: Blender create Mesh node 25 Kensington Gore | coupled Ionic-inspired porch columns
10:52:39 | INFO: Blender create Mesh node 25 Kensington Gore | door head frame
10:52:39 | INFO: Blender create Mesh node 25 Kensington Gore | dormer masonry jambs
10:52:39 | INFO: Blender create Mesh node 25 Kensington Gore | dormer masonry lintel sill
10:52:39 | INFO: Blender create Mesh node 25 Kensington Gore | dormer recessed glazing
10:52:39 | INFO: Blender create Mesh node 25 Kensington Gore | dormer sash
10:52:39 | INFO: Blender create Mesh node 25 Kensington Gore | dressed architraves
10:52:39 | INFO: Blender create Mesh node 25 Kensington Gore | estimated chimney stacks
10:52:39 | INFO: Blender create Mesh node 25 Kensington Gore | mansard perimeter
10:52:39 | INFO: Blender create Mesh node 25 Kensington Gore | pedimented dormer roofs
10:52:39 | INFO: Blender create Mesh node 25 Kensington Gore | pedimented window hoods
10:52:39 | INFO: Blender create Mesh node 25 Kensington Gore | pierced stucco envelope
10:52:39 | INFO: Blender create Mesh node 25 Kensington Gore | porch entablature
10:52:39 | INFO: Blender create Mesh node 25 Kensington Gore | porch slab
10:52:39 | INFO: Blender create Mesh node 25 Kensington Gore | portico threshold
10:52:39 | INFO: Blender create Mesh node 25 Kensington Gore | projecting sills
10:52:39 | INFO: Blender create Mesh node 25 Kensington Gore | recessed door leaves
10:52:39 | INFO: Blender create Mesh node 25 Kensington Gore | recessed glazing
10:52:39 | INFO: Blender create Mesh node 25 Kensington Gore | segmental window hoods
10:52:39 | INFO: Blender create Mesh node 25 Kensington Gore | slate upper roof
10:52:39 | INFO: Blender create Mesh node 25 Kensington Gore | turned balcony balusters
10:52:39 | INFO: Blender create Mesh node 41–45 Jay Mews | concave roof membrane
10:52:39 | INFO: Blender create Mesh node 41–45 Jay Mews | door glass fanlight
10:52:39 | INFO: Blender create Mesh node 41–45 Jay Mews | door handle
10:52:39 | INFO: Blender create Mesh node 41–45 Jay Mews | door transom
10:52:39 | INFO: Blender create Mesh node 41–45 Jay Mews | lintels
10:52:39 | INFO: Blender create Mesh node 41–45 Jay Mews | low parapet
10:52:39 | INFO: Blender create Mesh node 41–45 Jay Mews | mitred coping
10:52:39 | INFO: Blender create Mesh node 41–45 Jay Mews | painted joinery
10:52:39 | INFO: Blender create Mesh node 41–45 Jay Mews | pierced masonry
10:52:39 | INFO: Blender create Mesh node 41–45 Jay Mews | pipe brackets
10:52:39 | INFO: Blender create Mesh node 41–45 Jay Mews | plain floor band
10:52:39 | INFO: Blender create Mesh node 41–45 Jay Mews | projecting sills
10:52:39 | INFO: Blender create Mesh node 41–45 Jay Mews | rainwater downpipes
10:52:39 | INFO: Blender create Mesh node 41–45 Jay Mews | recessed door
10:52:39 | INFO: Blender create Mesh node 41–45 Jay Mews | recessed glazing
10:52:39 | INFO: Blender create Mesh node 41–45 Jay Mews | simple eaves
10:52:39 | INFO: Blender create Mesh node 41–45 Jay Mews | threshold
10:52:39 | INFO: Blender create Mesh node 41–45 Jay Mews | window mullions
10:52:39 | INFO: Blender create Mesh node 41–45 Jay Mews | window transoms
10:52:39 | INFO: glTF import finished in 0.12s
10:52:39 | INFO: Data are loaded, start creating Blender stuff
10:52:39 | INFO: Blender create Mesh node 29 Exhibition Road | brass door hardware.001
10:52:39 | INFO: Blender create Mesh node 29 Exhibition Road | brick sills.001
10:52:39 | INFO: Blender create Mesh node 29 Exhibition Road | continuous cut brick cornices.001
10:52:39 | INFO: Blender create Mesh node 29 Exhibition Road | continuous roof edge flashing.001
10:52:39 | INFO: Blender create Mesh node 29 Exhibition Road | corner brick pilasters.001
10:52:39 | INFO: Blender create Mesh node 29 Exhibition Road | cut brick heads.001
10:52:39 | INFO: Blender create Mesh node 29 Exhibition Road | door center stile.001
10:52:39 | INFO: Blender create Mesh node 29 Exhibition Road | door leaves.001
10:52:39 | INFO: Blender create Mesh node 29 Exhibition Road | door transom.001
10:52:39 | INFO: Blender create Mesh node 29 Exhibition Road | entrance balcony balusters.001
10:52:39 | INFO: Blender create Mesh node 29 Exhibition Road | entrance balcony handrail.001
10:52:39 | INFO: Blender create Mesh node 29 Exhibition Road | entrance balcony slab.001
10:52:39 | INFO: Blender create Mesh node 29 Exhibition Road | entry threshold.001
10:52:39 | INFO: Blender create Mesh node 29 Exhibition Road | estimated northern hipped roof
10:52:39 | INFO: Blender create Mesh node 29 Exhibition Road | exact concave roof deck.001
10:52:39 | INFO: Blender create Mesh node 29 Exhibition Road | pierced brick walls.001
10:52:39 | INFO: Blender create Mesh node 29 Exhibition Road | radiating brick arch.001
10:52:39 | INFO: Blender create Mesh node 29 Exhibition Road | rear chimney cap
10:52:39 | INFO: Blender create Mesh node 29 Exhibition Road | rear chimney stack
10:52:39 | INFO: Blender create Mesh node 29 Exhibition Road | recessed sashes.001
10:52:39 | INFO: Blender create Mesh node 29 Exhibition Road | segmental arch infill.001
10:52:39 | INFO: Blender create Mesh node 29 Exhibition Road | small pane glazing bars.001
10:52:39 | INFO: Blender create Mesh node 29 Exhibition Road | split brick pediments.001
10:52:39 | INFO: Blender create Mesh node 29 Exhibition Road | timber sash frames.001
10:52:39 | INFO: Blender create Mesh node 84 Kensington Gore | complete mapped roof base cap
10:52:39 | INFO: Blender create Mesh node 84 Kensington Gore | door glass fanlight
10:52:39 | INFO: Blender create Mesh node 84 Kensington Gore | door handle
10:52:39 | INFO: Blender create Mesh node 84 Kensington Gore | door transom
10:52:39 | INFO: Blender create Mesh node 84 Kensington Gore | fine sash bars
10:52:39 | INFO: Blender create Mesh node 84 Kensington Gore | flush storey trim
10:52:39 | INFO: Blender create Mesh node 84 Kensington Gore | four asymmetric saltbox roof slopes
10:52:39 | INFO: Blender create Mesh node 84 Kensington Gore | inward eaves fascia
10:52:39 | INFO: Blender create Mesh node 84 Kensington Gore | painted joinery
10:52:39 | INFO: Blender create Mesh node 84 Kensington Gore | pierced masonry
10:52:39 | INFO: Blender create Mesh node 84 Kensington Gore | pipe brackets
10:52:39 | INFO: Blender create Mesh node 84 Kensington Gore | projecting sills
10:52:39 | INFO: Blender create Mesh node 84 Kensington Gore | rainwater downpipes
10:52:39 | INFO: Blender create Mesh node 84 Kensington Gore | recessed door
10:52:39 | INFO: Blender create Mesh node 84 Kensington Gore | recessed glazing
10:52:39 | INFO: Blender create Mesh node 84 Kensington Gore | saltbox perimeter infill
10:52:39 | INFO: Blender create Mesh node 84 Kensington Gore | segmental brick arch heads
10:52:39 | INFO: Blender create Mesh node 84 Kensington Gore | threshold
10:52:39 | INFO: Blender create Mesh node 84 Kensington Gore | window mullions
10:52:39 | INFO: Blender create Mesh node 84 Kensington Gore | window transoms
10:52:39 | INFO: Blender create Mesh node Jamaican High Commission | attic sash frames
10:52:39 | INFO: Blender create Mesh node Jamaican High Commission | attic sash glazing
10:52:39 | INFO: Blender create Mesh node Jamaican High Commission | baluster necks
10:52:39 | INFO: Blender create Mesh node Jamaican High Commission | balustrade top rail
10:52:39 | INFO: Blender create Mesh node Jamaican High Commission | brass door hardware
10:52:39 | INFO: Blender create Mesh node Jamaican High Commission | brick sills
10:52:39 | INFO: Blender create Mesh node Jamaican High Commission | central balcony slab
10:52:39 | INFO: Blender create Mesh node Jamaican High Commission | central dormer back panels
10:52:39 | INFO: Blender create Mesh node Jamaican High Commission | central dormer glazing
10:52:39 | INFO: Blender create Mesh node Jamaican High Commission | central dormer joinery
10:52:39 | INFO: Blender create Mesh node Jamaican High Commission | central dormer lintels
10:52:39 | INFO: Blender create Mesh node Jamaican High Commission | central dormer side jambs
10:52:39 | INFO: Blender create Mesh node Jamaican High Commission | central linking roof
10:52:39 | INFO: Blender create Mesh node Jamaican High Commission | central stone balustrade
10:52:39 | INFO: Blender create Mesh node Jamaican High Commission | chimney corbel caps
10:52:39 | INFO: Blender create Mesh node Jamaican High Commission | chimney pots
10:52:39 | INFO: Blender create Mesh node Jamaican High Commission | continuous cut brick cornices
10:52:39 | INFO: Blender create Mesh node Jamaican High Commission | continuous roof edge flashing
10:52:39 | INFO: Blender create Mesh node Jamaican High Commission | corner brick pilasters
10:52:39 | INFO: Blender create Mesh node Jamaican High Commission | cut brick heads
10:52:39 | INFO: Blender create Mesh node Jamaican High Commission | door center stile
10:52:39 | INFO: Blender create Mesh node Jamaican High Commission | door leaves
10:52:39 | INFO: Blender create Mesh node Jamaican High Commission | door transom
10:52:39 | INFO: Blender create Mesh node Jamaican High Commission | entry threshold
10:52:39 | INFO: Blender create Mesh node Jamaican High Commission | exact concave roof deck
10:52:39 | INFO: Blender create Mesh node Jamaican High Commission | finite portico supporting slab
10:52:39 | INFO: Blender create Mesh node Jamaican High Commission | paired steep red tiled roofs
10:52:39 | INFO: Blender create Mesh node Jamaican High Commission | pierced brick walls
10:52:39 | INFO: Blender create Mesh node Jamaican High Commission | pierced triangular attic gables
10:52:39 | INFO: Blender create Mesh node Jamaican High Commission | portico arch spandrels
10:52:39 | INFO: Blender create Mesh node Jamaican High Commission | portico brick piers
10:52:39 | INFO: Blender create Mesh node Jamaican High Commission | portico pier capitals
10:52:39 | INFO: Blender create Mesh node Jamaican High Commission | radiating brick arch
10:52:39 | INFO: Blender create Mesh node Jamaican High Commission | recessed sashes
10:52:39 | INFO: Blender create Mesh node Jamaican High Commission | roof ridge tiles
10:52:39 | INFO: Blender create Mesh node Jamaican High Commission | segmental arch infill
10:52:39 | INFO: Blender create Mesh node Jamaican High Commission | small pane glazing bars
10:52:39 | INFO: Blender create Mesh node Jamaican High Commission | split brick pediments
10:52:39 | INFO: Blender create Mesh node Jamaican High Commission | tall chimney stacks
10:52:39 | INFO: Blender create Mesh node Jamaican High Commission | timber sash frames
10:52:39 | INFO: Blender create Mesh node Jamaican High Commission | twin portico brick arches
10:52:39 | INFO: Blender create Mesh node Jay Mews 117010283 | concave roof membrane
10:52:39 | INFO: Blender create Mesh node Jay Mews 117010283 | door glass fanlight
10:52:39 | INFO: Blender create Mesh node Jay Mews 117010283 | door handle
10:52:39 | INFO: Blender create Mesh node Jay Mews 117010283 | door transom
10:52:39 | INFO: Blender create Mesh node Jay Mews 117010283 | fine sash bars
10:52:39 | INFO: Blender create Mesh node Jay Mews 117010283 | lintels
10:52:39 | INFO: Blender create Mesh node Jay Mews 117010283 | low parapet
10:52:39 | INFO: Blender create Mesh node Jay Mews 117010283 | mitred coping
10:52:39 | INFO: Blender create Mesh node Jay Mews 117010283 | painted joinery
10:52:39 | INFO: Blender create Mesh node Jay Mews 117010283 | pierced masonry
10:52:39 | INFO: Blender create Mesh node Jay Mews 117010283 | pipe brackets
10:52:39 | INFO: Blender create Mesh node Jay Mews 117010283 | projecting sills
10:52:39 | INFO: Blender create Mesh node Jay Mews 117010283 | projecting storey ledge
10:52:39 | INFO: Blender create Mesh node Jay Mews 117010283 | rainwater downpipes
10:52:39 | INFO: Blender create Mesh node Jay Mews 117010283 | recessed door
10:52:39 | INFO: Blender create Mesh node Jay Mews 117010283 | recessed glazing
10:52:39 | INFO: Blender create Mesh node Jay Mews 117010283 | simple eaves
10:52:39 | INFO: Blender create Mesh node Jay Mews 117010283 | threshold
10:52:39 | INFO: Blender create Mesh node Jay Mews 117010283 | window mullions
10:52:39 | INFO: Blender create Mesh node Jay Mews 117010283 | window transoms
10:52:39 | INFO: glTF import finished in 0.16s
/Users/yl222/Desktop/UrbanWorldModelVisualizer/geometry_expansion/scripts/build_expansion_batch.py:123: DeprecationWarning: 'World.use_nodes' is expected to be removed in Blender 6.0
  scene.world.use_nodes=True;scene.world.node_tree.nodes['Background'].inputs[0].default_value=(.65,.72,.8,1)
/Users/yl222/Desktop/UrbanWorldModelVisualizer/geometry_expansion/scripts/build_expansion_batch.py:28: DeprecationWarning: 'Material.use_nodes' is expected to be removed in Blender 6.0
  m=bpy.data.materials.new(spec['name']);m.use_nodes=True
Info: Saved as "master.blend"
10:52:40 | INFO: Data are loaded, start creating Blender stuff
10:52:40 | INFO: Blender create Mesh node Albert Close 642055723 | complete concave roof membrane
10:52:40 | INFO: Blender create Mesh node Albert Close 642055723 | door glass fanlight
10:52:40 | INFO: Blender create Mesh node Albert Close 642055723 | door handle
10:52:40 | INFO: Blender create Mesh node Albert Close 642055723 | door transom
10:52:40 | INFO: Blender create Mesh node Albert Close 642055723 | estimated hip roof curb
10:52:40 | INFO: Blender create Mesh node Albert Close 642055723 | estimated shallow hip roof
10:52:40 | INFO: Blender create Mesh node Albert Close 642055723 | flush floor course
10:52:40 | INFO: Blender create Mesh node Albert Close 642055723 | inward eaves
10:52:40 | INFO: Blender create Mesh node Albert Close 642055723 | lintels
10:52:40 | INFO: Blender create Mesh node Albert Close 642055723 | low parapet
10:52:40 | INFO: Blender create Mesh node Albert Close 642055723 | mitred coping
10:52:40 | INFO: Blender create Mesh node Albert Close 642055723 | painted joinery
10:52:40 | INFO: Blender create Mesh node Albert Close 642055723 | pierced masonry
10:52:40 | INFO: Blender create Mesh node Albert Close 642055723 | pipe brackets
10:52:40 | INFO: Blender create Mesh node Albert Close 642055723 | projecting sills
10:52:40 | INFO: Blender create Mesh node Albert Close 642055723 | rainwater downpipes
10:52:40 | INFO: Blender create Mesh node Albert Close 642055723 | recessed door
10:52:40 | INFO: Blender create Mesh node Albert Close 642055723 | recessed glazing
10:52:40 | INFO: Blender create Mesh node Albert Close 642055723 | threshold
10:52:40 | INFO: Blender create Mesh node Albert Close 642055723 | upper sash meeting rail
10:52:40 | INFO: Blender create Mesh node Albert Close 642055723 | window mullions
10:52:40 | INFO: Blender create Mesh node Albert Close 642055723 | window transoms
10:52:40 | INFO: Blender create Mesh node Jay Mews 117010293 | concave roof membrane
10:52:40 | INFO: Blender create Mesh node Jay Mews 117010293 | door glass fanlight
10:52:40 | INFO: Blender create Mesh node Jay Mews 117010293 | door handle
10:52:40 | INFO: Blender create Mesh node Jay Mews 117010293 | door transom
10:52:40 | INFO: Blender create Mesh node Jay Mews 117010293 | flush floor course
10:52:40 | INFO: Blender create Mesh node Jay Mews 117010293 | inward eaves
10:52:40 | INFO: Blender create Mesh node Jay Mews 117010293 | lintels
10:52:40 | INFO: Blender create Mesh node Jay Mews 117010293 | low parapet
10:52:40 | INFO: Blender create Mesh node Jay Mews 117010293 | mitred coping
10:52:40 | INFO: Blender create Mesh node Jay Mews 117010293 | painted joinery
10:52:40 | INFO: Blender create Mesh node Jay Mews 117010293 | pierced masonry
10:52:40 | INFO: Blender create Mesh node Jay Mews 117010293 | pierced masonry.001
10:52:40 | INFO: Blender create Mesh node Jay Mews 117010293 | pipe brackets
10:52:40 | INFO: Blender create Mesh node Jay Mews 117010293 | projecting sills
10:52:40 | INFO: Blender create Mesh node Jay Mews 117010293 | rainwater downpipes
10:52:40 | INFO: Blender create Mesh node Jay Mews 117010293 | recessed door
10:52:40 | INFO: Blender create Mesh node Jay Mews 117010293 | recessed glazing
10:52:40 | INFO: Blender create Mesh node Jay Mews 117010293 | threshold
10:52:40 | INFO: Blender create Mesh node Jay Mews 117010293 | upper sash meeting rail
10:52:40 | INFO: Blender create Mesh node Jay Mews 117010293 | window mullions
10:52:40 | INFO: Blender create Mesh node Jay Mews 117010293 | window transoms
10:52:40 | INFO: Blender create Mesh node Princes Gate Court | complete concave roof deck
10:52:40 | INFO: Blender create Mesh node Princes Gate Court | courtyard stone vertical bays
10:52:40 | INFO: Blender create Mesh node Princes Gate Court | door central stile
10:52:40 | INFO: Blender create Mesh node Princes Gate Court | door hardware
10:52:40 | INFO: Blender create Mesh node Princes Gate Court | dormer cap
10:52:40 | INFO: Blender create Mesh node Princes Gate Court | dormer front sill
10:52:40 | INFO: Blender create Mesh node Princes Gate Court | dormer rear closure
10:52:40 | INFO: Blender create Mesh node Princes Gate Court | entrance leaves
10:52:40 | INFO: Blender create Mesh node Princes Gate Court | entry transom
10:52:40 | INFO: Blender create Mesh node Princes Gate Court | flush threshold
10:52:40 | INFO: Blender create Mesh node Princes Gate Court | inset sloping roof ranges
10:52:40 | INFO: Blender create Mesh node Princes Gate Court | pale stone plinth
10:52:40 | INFO: Blender create Mesh node Princes Gate Court | pierced red brick facades
10:52:40 | INFO: Blender create Mesh node Princes Gate Court | recessed courtyard sashes
10:52:40 | INFO: Blender create Mesh node Princes Gate Court | recessed dormer glass
10:52:40 | INFO: Blender create Mesh node Princes Gate Court | red brick roof parapet
10:52:40 | INFO: Blender create Mesh node Princes Gate Court | small pane glazing bars
10:52:40 | INFO: Blender create Mesh node Princes Gate Court | stone entrance entablature
10:52:40 | INFO: Blender create Mesh node Princes Gate Court | stone entrance jambs
10:52:40 | INFO: Blender create Mesh node Princes Gate Court | stone parapet coping
10:52:40 | INFO: Blender create Mesh node Princes Gate Court | stone window sills
10:52:40 | INFO: Blender create Mesh node Princes Gate Court | subtle brick headers
10:52:40 | INFO: Blender create Mesh node Princes Gate Court | upper stone string courses
10:52:40 | INFO: Blender create Mesh node Princes Gate Court | white dormer cheek walls
10:52:40 | INFO: Blender create Mesh node Princes Gate Court | white dormer joinery
10:52:40 | INFO: Blender create Mesh node Princes Gate Court | white sash frames
10:52:40 | INFO: glTF import finished in 0.24s
00:04.542  blend            | Read blend: "/Users/yl222/Desktop/UrbanWorldModelVisualizer/geometry_expansion/output/batch04_v1/master.blend"
00:08.280  render           | Saved: '/Users/yl222/Desktop/UrbanWorldModelVisualizer/geometry_expansion/output/batch04_v1/albert_close_642055723_front.png'
00:12.163  render           | Saved: '/Users/yl222/Desktop/UrbanWorldModelVisualizer/geometry_expansion/output/batch04_v1/albert_close_642055723_entrance.png'
00:15.465  render           | Saved: '/Users/yl222/Desktop/UrbanWorldModelVisualizer/geometry_expansion/output/batch04_v1/albert_close_642055723_roof.png'
00:18.634  render           | Saved: '/Users/yl222/Desktop/UrbanWorldModelVisualizer/geometry_expansion/output/batch04_v1/albert_close_642055723_rear.png'
00:23.131  render           | Saved: '/Users/yl222/Desktop/UrbanWorldModelVisualizer/geometry_expansion/output/batch04_v1/albert_close_642055723_context.png'
00:26.784  render           | Saved: '/Users/yl222/Desktop/UrbanWorldModelVisualizer/geometry_expansion/output/batch04_v1/jay_mews_117010293_front.png'
00:31.054  render           | Saved: '/Users/yl222/Desktop/UrbanWorldModelVisualizer/geometry_expansion/output/batch04_v1/jay_mews_117010293_entrance.png'
00:34.560  render           | Saved: '/Users/yl222/Desktop/UrbanWorldModelVisualizer/geometry_expansion/output/batch04_v1/jay_mews_117010293_roof.png'
00:38.186  render           | Saved: '/Users/yl222/Desktop/UrbanWorldModelVisualizer/geometry_expansion/output/batch04_v1/jay_mews_117010293_rear.png'
00:42.361  render           | Saved: '/Users/yl222/Desktop/UrbanWorldModelVisualizer/geometry_expansion/output/batch04_v1/jay_mews_117010293_context.png'
00:45.719  render           | Saved: '/Users/yl222/Desktop/UrbanWorldModelVisualizer/geometry_expansion/output/batch04_v1/princes_gate_court_front.png'
00:49.700  render           | Saved: '/Users/yl222/Desktop/UrbanWorldModelVisualizer/geometry_expansion/output/batch04_v1/princes_gate_court_entrance.png'
00:53.386  render           | Saved: '/Users/yl222/Desktop/UrbanWorldModelVisualizer/geometry_expansion/output/batch04_v1/princes_gate_court_roof.png'
00:57.219  render           | Saved: '/Users/yl222/Desktop/UrbanWorldModelVisualizer/geometry_expansion/output/batch04_v1/princes_gate_court_rear.png'
01:01.855  render           | Saved: '/Users/yl222/Desktop/UrbanWorldModelVisualizer/geometry_expansion/output/batch04_v1/princes_gate_court_context.png'
01:05.374  render           | Saved: '/Users/yl222/Desktop/UrbanWorldModelVisualizer/geometry_expansion/output/batch04_v1/overview.png'
{"objects": 69, "triangles": 113673, "roundtrip_bounds_max_error_m": 0, "numerical_pass": true}
Blender 5.2.0 LTS (hash fbe6228777e7 built 2026-07-14 01:31:22)

Blender quit
