/Users/yl222/Desktop/UrbanWorldModelVisualizer/geometry_expansion/scripts/build_expansion_batch.py:28: DeprecationWarning: 'Material.use_nodes' is expected to be removed in Blender 6.0
  m=bpy.data.materials.new(spec['name']);m.use_nodes=True
INFO Draco is available, use library at /Applications/Blender.app/Contents/Resources/5.2/scripts/addons_core/io_scene_gltf2/libbf_intern_draco_bridge.dylib
INFO MeshOptimizer is available, use library at /Applications/Blender.app/Contents/Resources/5.2/scripts/addons_core/io_scene_gltf2/libbf_intern_meshopt_bridge.dylib
12:04:54 | INFO: Starting glTF 2.0 export
12:04:54 | INFO: Extracting primitive: finite entry approach from audited ground.001
12:04:54 | INFO: Primitives created: 1
12:04:54 | INFO: Extracting primitive: 1 Hyde Park Gate | complete concave roof deck
12:04:54 | INFO: Primitives created: 1
12:04:54 | INFO: Extracting primitive: 1 Hyde Park Gate | complete inset mansard top
12:04:54 | INFO: Primitives created: 1
12:04:54 | INFO: Extracting primitive: 1 Hyde Park Gate | door central stile
12:04:54 | INFO: Primitives created: 1
12:04:54 | INFO: Extracting primitive: 1 Hyde Park Gate | door hardware
12:04:54 | INFO: Primitives created: 1
12:04:54 | INFO: Extracting primitive: 1 Hyde Park Gate | entrance leaves
12:04:54 | INFO: Primitives created: 1
12:04:54 | INFO: Extracting primitive: 1 Hyde Park Gate | entry transom
12:04:54 | INFO: Primitives created: 1
12:04:54 | INFO: Extracting primitive: 1 Hyde Park Gate | flush threshold
12:04:54 | INFO: Primitives created: 1
12:04:54 | INFO: Extracting primitive: 1 Hyde Park Gate | hood console blocks
12:04:54 | INFO: Primitives created: 1
12:04:54 | INFO: Extracting primitive: 1 Hyde Park Gate | mansard curved head solid closure
12:04:54 | INFO: Primitives created: 1
12:04:54 | INFO: Extracting primitive: 1 Hyde Park Gate | mansard dormer closed back
12:04:54 | INFO: Primitives created: 1
12:04:54 | INFO: Extracting primitive: 1 Hyde Park Gate | mansard dormer closed cheeks
12:04:54 | INFO: Primitives created: 1
12:04:54 | INFO: Extracting primitive: 1 Hyde Park Gate | mansard dormer closed top
12:04:54 | INFO: Primitives created: 1
12:04:54 | INFO: Extracting primitive: 1 Hyde Park Gate | mansard dormer lower apron
12:04:54 | INFO: Primitives created: 1
12:04:54 | INFO: Extracting primitive: 1 Hyde Park Gate | mansard dormer upright frames
12:04:54 | INFO: Primitives created: 1
12:04:54 | INFO: Extracting primitive: 1 Hyde Park Gate | mansard recessed glazing
12:04:54 | INFO: Primitives created: 1
12:04:54 | INFO: Extracting primitive: 1 Hyde Park Gate | mansard rounded arch frames
12:04:54 | INFO: Primitives created: 1
12:04:54 | INFO: Extracting primitive: 1 Hyde Park Gate | mansard sash mullion
12:04:54 | INFO: Primitives created: 1
12:04:54 | INFO: Extracting primitive: 1 Hyde Park Gate | mansard sash transom
12:04:54 | INFO: Primitives created: 1
12:04:54 | INFO: Extracting primitive: 1 Hyde Park Gate | moulded window hood
12:04:54 | INFO: Primitives created: 1
12:04:54 | INFO: Extracting primitive: 1 Hyde Park Gate | observed mansard sloping skin
12:04:54 | INFO: Primitives created: 1
12:04:54 | INFO: Extracting primitive: 1 Hyde Park Gate | painted sash frames
12:04:54 | INFO: Primitives created: 1
12:04:54 | INFO: Extracting primitive: 1 Hyde Park Gate | pierced stucco elevations
12:04:54 | INFO: Primitives created: 1
12:04:54 | INFO: Extracting primitive: 1 Hyde Park Gate | plain brick plinth
12:04:54 | INFO: Primitives created: 1
12:04:54 | INFO: Extracting primitive: 1 Hyde Park Gate | plain eaves and floor course
12:04:54 | INFO: Primitives created: 1
12:04:54 | INFO: Extracting primitive: 1 Hyde Park Gate | recessed townhouse sash glazing
12:04:54 | INFO: Primitives created: 1
12:04:54 | INFO: Extracting primitive: 1 Hyde Park Gate | sash glazing bars
12:04:54 | INFO: Primitives created: 1
12:04:54 | INFO: Extracting primitive: 1 Hyde Park Gate | sash meeting rails
12:04:54 | INFO: Primitives created: 1
12:04:54 | INFO: Extracting primitive: 1 Hyde Park Gate | single tower corner parapet pier
12:04:54 | INFO: Primitives created: 1
12:04:54 | INFO: Extracting primitive: 1 Hyde Park Gate | stone entrance entablature
12:04:54 | INFO: Primitives created: 1
12:04:54 | INFO: Extracting primitive: 1 Hyde Park Gate | stone entrance jambs
12:04:54 | INFO: Primitives created: 1
12:04:54 | INFO: Extracting primitive: 1 Hyde Park Gate | stone parapet coping
12:04:54 | INFO: Primitives created: 1
12:04:54 | INFO: Extracting primitive: 1 Hyde Park Gate | stone window sills
12:04:54 | INFO: Primitives created: 1
12:04:54 | INFO: Extracting primitive: 1 Hyde Park Gate | stucco attic parapet
12:04:54 | INFO: Primitives created: 1
12:04:54 | INFO: Extracting primitive: 1 Hyde Park Gate | tower arch spandrels
12:04:54 | INFO: Primitives created: 1
12:04:54 | INFO: Extracting primitive: 1 Hyde Park Gate | tower closed flat roof
12:04:54 | INFO: Primitives created: 1
12:04:54 | INFO: Extracting primitive: 1 Hyde Park Gate | tower corner pilasters
12:04:54 | INFO: Primitives created: 1
12:04:54 | INFO: Extracting primitive: 1 Hyde Park Gate | tower layered cornice
12:04:54 | INFO: Primitives created: 1
12:04:54 | INFO: Extracting primitive: 1 Hyde Park Gate | tower parapet balusters
12:04:54 | INFO: Primitives created: 1
12:04:54 | INFO: Extracting primitive: 1 Hyde Park Gate | tower parapet handrail
12:04:54 | INFO: Primitives created: 1
12:04:54 | INFO: Extracting primitive: 1 Hyde Park Gate | tower parapet solid plinth
12:04:54 | INFO: Primitives created: 1
12:04:54 | INFO: Extracting primitive: 1 Hyde Park Gate | tower pierced upper walls
12:04:54 | INFO: Primitives created: 1
12:04:54 | INFO: Extracting primitive: 1 Hyde Park Gate | tower recessed arched glazing
12:04:54 | INFO: Primitives created: 1
12:04:54 | INFO: Extracting primitive: 1 Hyde Park Gate | tower rounded window heads
12:04:54 | INFO: Primitives created: 1
12:04:54 | INFO: Extracting primitive: 1 Hyde Park Gate | tower window jamb trim
12:04:54 | INFO: Primitives created: 1
12:04:54 | INFO: Extracting primitive: 1 Hyde Park Gate | tower window sill
12:04:54 | INFO: Primitives created: 1
12:04:54 | INFO: Extracting primitive: 1 Hyde Park Gate | window architrave sides
12:04:54 | INFO: Primitives created: 1
12:04:54 | INFO: Extracting primitive: finite porch support.001
12:04:54 | INFO: Primitives created: 1
12:04:54 | INFO: Extracting primitive: finite entry approach from audited ground.002
12:04:54 | INFO: Primitives created: 1
12:04:54 | INFO: Extracting primitive: 1–2 Queens Gate | arched window solid spandrels
12:04:54 | INFO: Primitives created: 1
12:04:54 | INFO: Extracting primitive: 1–2 Queens Gate | balcony turned balusters
12:04:54 | INFO: Primitives created: 1
12:04:54 | INFO: Extracting primitive: 1–2 Queens Gate | balustrade handrail
12:04:54 | INFO: Primitives created: 1
12:04:54 | INFO: Extracting primitive: 1–2 Queens Gate | complete concave roof deck
12:04:54 | INFO: Primitives created: 1
12:04:54 | INFO: Extracting primitive: 1–2 Queens Gate | door central stile
12:04:54 | INFO: Primitives created: 1
12:04:54 | INFO: Extracting primitive: 1–2 Queens Gate | door hardware
12:04:54 | INFO: Primitives created: 1
12:04:54 | INFO: Extracting primitive: 1–2 Queens Gate | Doric portico plinth
12:04:54 | INFO: Primitives created: 1
12:04:54 | INFO: Extracting primitive: 1–2 Queens Gate | Doric square abacus
12:04:54 | INFO: Primitives created: 1
12:04:54 | INFO: Extracting primitive: 1–2 Queens Gate | entrance leaves
12:04:54 | INFO: Primitives created: 1
12:04:54 | INFO: Extracting primitive: 1–2 Queens Gate | entry transom
12:04:54 | INFO: Primitives created: 1
12:04:54 | INFO: Extracting primitive: 1–2 Queens Gate | flush threshold
12:04:54 | INFO: Primitives created: 1
12:04:54 | INFO: Extracting primitive: 1–2 Queens Gate | hood console blocks
12:04:54 | INFO: Primitives created: 1
12:04:54 | INFO: Extracting primitive: 1–2 Queens Gate | moulded window hood
12:04:54 | INFO: Primitives created: 1
12:04:54 | INFO: Extracting primitive: 1–2 Queens Gate | painted sash frames
12:04:54 | INFO: Primitives created: 1
12:04:54 | INFO: Extracting primitive: 1–2 Queens Gate | paired Doric entrance columns
12:04:54 | INFO: Primitives created: 1
12:04:54 | INFO: Extracting primitive: 1–2 Queens Gate | pierced stucco elevations
12:04:54 | INFO: Primitives created: 1
12:04:54 | INFO: Extracting primitive: 1–2 Queens Gate | plain brick plinth
12:04:54 | INFO: Primitives created: 1
12:04:54 | INFO: Extracting primitive: 1–2 Queens Gate | plain eaves and floor course
12:04:54 | INFO: Primitives created: 1
12:04:54 | INFO: Extracting primitive: 1–2 Queens Gate | portico entablature closed canopy
12:04:54 | INFO: Primitives created: 1
12:04:54 | INFO: Extracting primitive: 1–2 Queens Gate | portico upper moulding
12:04:54 | INFO: Primitives created: 1
12:04:54 | INFO: Extracting primitive: 1–2 Queens Gate | recessed townhouse sash glazing
12:04:54 | INFO: Primitives created: 1
12:04:54 | INFO: Extracting primitive: 1–2 Queens Gate | sash glazing bars
12:04:54 | INFO: Primitives created: 1
12:04:54 | INFO: Extracting primitive: 1–2 Queens Gate | sash meeting rails
12:04:54 | INFO: Primitives created: 1
12:04:54 | INFO: Extracting primitive: 1–2 Queens Gate | stone entrance entablature
12:04:54 | INFO: Primitives created: 1
12:04:54 | INFO: Extracting primitive: 1–2 Queens Gate | stone entrance jambs
12:04:54 | INFO: Primitives created: 1
12:04:54 | INFO: Extracting primitive: 1–2 Queens Gate | stone parapet coping
12:04:54 | INFO: Primitives created: 1
12:04:54 | INFO: Extracting primitive: 1–2 Queens Gate | stone window sills
12:04:54 | INFO: Primitives created: 1
12:04:54 | INFO: Extracting primitive: 1–2 Queens Gate | stucco attic parapet
12:04:54 | INFO: Primitives created: 1
12:04:54 | INFO: Extracting primitive: 1–2 Queens Gate | third floor curved arch surrounds
12:04:54 | INFO: Primitives created: 1
12:04:54 | INFO: Extracting primitive: 1–2 Queens Gate | window architrave sides
12:04:54 | INFO: Primitives created: 1
12:04:54 | INFO: Extracting primitive: finite porch support
12:04:54 | INFO: Primitives created: 1
12:04:54 | INFO: Extracting primitive: finite entry approach from audited ground
12:04:54 | INFO: Primitives created: 1
12:04:54 | INFO: Extracting primitive: Cheval Hyde Park Gate | aperture stone surround
12:04:54 | INFO: Primitives created: 1
12:04:54 | INFO: Extracting primitive: Cheval Hyde Park Gate | balcony cap rail
12:04:54 | INFO: Primitives created: 1
12:04:54 | INFO: Extracting primitive: Cheval Hyde Park Gate | balcony turned balusters
12:04:54 | INFO: Primitives created: 1
12:04:54 | INFO: Extracting primitive: Cheval Hyde Park Gate | continuous mitred cornices
12:04:54 | INFO: Primitives created: 1
12:04:54 | INFO: Extracting primitive: Cheval Hyde Park Gate | curved window head masonry
12:04:54 | INFO: Primitives created: 1
12:04:54 | INFO: Extracting primitive: Cheval Hyde Park Gate | door jamb
12:04:54 | INFO: Primitives created: 1
12:04:54 | INFO: Extracting primitive: Cheval Hyde Park Gate | door leaf raised panels
12:04:54 | INFO: Primitives created: 1
12:04:54 | INFO: Extracting primitive: Cheval Hyde Park Gate | door lintel frame
12:04:54 | INFO: Primitives created: 1
12:04:54 | INFO: Extracting primitive: Cheval Hyde Park Gate | Doric entrance porch columns
12:04:54 | INFO: Primitives created: 1
12:04:54 | INFO: Extracting primitive: Cheval Hyde Park Gate | Doric porch entablature
12:04:54 | INFO: Primitives created: 1
12:04:54 | INFO: Extracting primitive: Cheval Hyde Park Gate | dormer central sash
12:04:54 | INFO: Primitives created: 1
12:04:54 | INFO: Extracting primitive: Cheval Hyde Park Gate | dormer jambs
12:04:54 | INFO: Primitives created: 1
12:04:54 | INFO: Extracting primitive: Cheval Hyde Park Gate | dormer recessed glass
12:04:54 | INFO: Primitives created: 1
12:04:54 | INFO: Extracting primitive: Cheval Hyde Park Gate | dormer side cheeks
12:04:54 | INFO: Primitives created: 1
12:04:54 | INFO: Extracting primitive: Cheval Hyde Park Gate | dormer sill
12:04:54 | INFO: Primitives created: 1
12:04:54 | INFO: Extracting primitive: Cheval Hyde Park Gate | dormer top flashing
12:04:54 | INFO: Primitives created: 1
12:04:54 | INFO: Extracting primitive: Cheval Hyde Park Gate | entrance leaf
12:04:54 | INFO: Primitives created: 1
12:04:54 | INFO: Extracting primitive: Cheval Hyde Park Gate | estimated recessed attic mansard
12:04:54 | INFO: Primitives created: 1
12:04:54 | INFO: Extracting primitive: Cheval Hyde Park Gate | first floor balcony deck
12:04:54 | INFO: Primitives created: 1
12:04:54 | INFO: Extracting primitive: Cheval Hyde Park Gate | first floor Ionic shafts
12:04:54 | INFO: Primitives created: 1
12:04:54 | INFO: Extracting primitive: Cheval Hyde Park Gate | full concave footprint roof
12:04:54 | INFO: Primitives created: 1
12:04:54 | INFO: Extracting primitive: Cheval Hyde Park Gate | full depth wall piers
12:04:54 | INFO: Primitives created: 1
12:04:54 | INFO: Extracting primitive: Cheval Hyde Park Gate | Ionic capital volute blocks
12:04:54 | INFO: Primitives created: 1
12:04:54 | INFO: Extracting primitive: Cheval Hyde Park Gate | mansard front end slopes
12:04:54 | INFO: Primitives created: 1
12:04:54 | INFO: Extracting primitive: Cheval Hyde Park Gate | mansard front pierced roof
12:04:54 | INFO: Primitives created: 1
12:04:54 | INFO: Extracting primitive: Cheval Hyde Park Gate | parapet continuous upstand
12:04:54 | INFO: Primitives created: 1
12:04:54 | INFO: Extracting primitive: Cheval Hyde Park Gate | parapet finial plinths
12:04:54 | INFO: Primitives created: 1
12:04:54 | INFO: Extracting primitive: Cheval Hyde Park Gate | porch triglyph blocks
12:04:54 | INFO: Primitives created: 1
12:04:54 | INFO: Extracting primitive: Cheval Hyde Park Gate | projecting window sill
12:04:54 | INFO: Primitives created: 1
12:04:54 | INFO: Extracting primitive: Cheval Hyde Park Gate | recessed glazing
12:04:54 | INFO: Primitives created: 1
12:04:54 | INFO: Extracting primitive: Cheval Hyde Park Gate | rounded dormer heads
12:04:54 | INFO: Primitives created: 1
12:04:54 | INFO: Extracting primitive: Cheval Hyde Park Gate | rusticated stucco course edges
12:04:54 | INFO: Primitives created: 1
12:04:54 | INFO: Extracting primitive: Cheval Hyde Park Gate | sash central mullion
12:04:54 | INFO: Primitives created: 1
12:04:54 | INFO: Extracting primitive: Cheval Hyde Park Gate | sash jamb
12:04:54 | INFO: Primitives created: 1
12:04:54 | INFO: Extracting primitive: Cheval Hyde Park Gate | second floor curved pediments
12:04:54 | INFO: Primitives created: 1
12:04:54 | INFO: Extracting primitive: Cheval Hyde Park Gate | segmental ground archivolts
12:04:54 | INFO: Primitives created: 1
12:04:54 | INFO: Extracting primitive: Cheval Hyde Park Gate | stylised bearded mask blocks estimated
12:04:54 | INFO: Primitives created: 1
12:04:54 | INFO: Extracting primitive: Cheval Hyde Park Gate | stylised spiked globes
12:04:54 | INFO: Primitives created: 1
12:04:54 | INFO: Extracting primitive: Cheval Hyde Park Gate | top floor giant consoles
12:04:54 | INFO: Primitives created: 1
12:04:54 | INFO: Extracting primitive: Cheval Hyde Park Gate | triangular first floor pediments
12:04:54 | INFO: Primitives created: 1
12:04:54 | INFO: Extracting primitive: Cheval Hyde Park Gate | wall below apertures
12:04:54 | INFO: Primitives created: 1
12:04:54 | INFO: Extracting primitive: Cheval Hyde Park Gate | wall lintels
12:04:54 | INFO: Primitives created: 1
12:04:54 | INFO: Extracting primitive: Cheval Hyde Park Gate | window sash rails
12:04:54 | INFO: Primitives created: 1
12:04:54 | INFO: Finished glTF 2.0 export in 0.12172627449035645 s

12:04:54 | INFO: Data are loaded, start creating Blender stuff
12:04:54 | INFO: Blender create Mesh node 23 Kensington Gore | architraves
12:04:54 | INFO: Blender create Mesh node 23 Kensington Gore | door central stile
12:04:54 | INFO: Blender create Mesh node 23 Kensington Gore | door fanlight transom
12:04:54 | INFO: Blender create Mesh node 23 Kensington Gore | door hardware
12:04:54 | INFO: Blender create Mesh node 23 Kensington Gore | entry threshold
12:04:54 | INFO: Blender create Mesh node 23 Kensington Gore | estimated shallow hipped roof
12:04:54 | INFO: Blender create Mesh node 23 Kensington Gore | hood mouldings
12:04:54 | INFO: Blender create Mesh node 23 Kensington Gore | joinery
12:04:54 | INFO: Blender create Mesh node 23 Kensington Gore | mapped roof deck
12:04:54 | INFO: Blender create Mesh node 23 Kensington Gore | pierced wall
12:04:54 | INFO: Blender create Mesh node 23 Kensington Gore | recessed doors
12:04:54 | INFO: Blender create Mesh node 23 Kensington Gore | recessed glass
12:04:54 | INFO: Blender create Mesh node 23 Kensington Gore | roof coping
12:04:54 | INFO: Blender create Mesh node 23 Kensington Gore | roof lantern curb
12:04:54 | INFO: Blender create Mesh node 23 Kensington Gore | roof parapet
12:04:54 | INFO: Blender create Mesh node 23 Kensington Gore | sash mullions
12:04:54 | INFO: Blender create Mesh node 23 Kensington Gore | sills
12:04:54 | INFO: Blender create Mesh node 23 Kensington Gore | string courses and cornice
12:04:54 | INFO: Blender create Mesh node 23 Kensington Gore | window guards
12:04:54 | INFO: glTF import finished in 0.05s
12:04:54 | INFO: Data are loaded, start creating Blender stuff
12:04:54 | INFO: Blender create Mesh node 25 Kensington Gore | attic interior ceiling
12:04:54 | INFO: Blender create Mesh node 25 Kensington Gore | balcony handrail
12:04:54 | INFO: Blender create Mesh node 25 Kensington Gore | balcony support slabs
12:04:54 | INFO: Blender create Mesh node 25 Kensington Gore | black sash frames
12:04:54 | INFO: Blender create Mesh node 25 Kensington Gore | chimney caps
12:04:54 | INFO: Blender create Mesh node 25 Kensington Gore | continuous mitred cornices
12:04:54 | INFO: Blender create Mesh node 25 Kensington Gore | corner quoins
12:04:54 | INFO: Blender create Mesh node 25 Kensington Gore | cornice brackets
12:04:54 | INFO: Blender create Mesh node 25 Kensington Gore | coupled Ionic-inspired porch columns
12:04:54 | INFO: Blender create Mesh node 25 Kensington Gore | door head frame
12:04:54 | INFO: Blender create Mesh node 25 Kensington Gore | dormer masonry jambs
12:04:54 | INFO: Blender create Mesh node 25 Kensington Gore | dormer masonry lintel sill
12:04:54 | INFO: Blender create Mesh node 25 Kensington Gore | dormer recessed glazing
12:04:54 | INFO: Blender create Mesh node 25 Kensington Gore | dormer sash
12:04:54 | INFO: Blender create Mesh node 25 Kensington Gore | dressed architraves
12:04:54 | INFO: Blender create Mesh node 25 Kensington Gore | estimated chimney stacks
12:04:54 | INFO: Blender create Mesh node 25 Kensington Gore | mansard perimeter
12:04:54 | INFO: Blender create Mesh node 25 Kensington Gore | pedimented dormer roofs
12:04:54 | INFO: Blender create Mesh node 25 Kensington Gore | pedimented window hoods
12:04:54 | INFO: Blender create Mesh node 25 Kensington Gore | pierced stucco envelope
12:04:54 | INFO: Blender create Mesh node 25 Kensington Gore | porch entablature
12:04:54 | INFO: Blender create Mesh node 25 Kensington Gore | porch slab
12:04:54 | INFO: Blender create Mesh node 25 Kensington Gore | portico threshold
12:04:54 | INFO: Blender create Mesh node 25 Kensington Gore | projecting sills
12:04:54 | INFO: Blender create Mesh node 25 Kensington Gore | recessed door leaves
12:04:54 | INFO: Blender create Mesh node 25 Kensington Gore | recessed glazing
12:04:54 | INFO: Blender create Mesh node 25 Kensington Gore | segmental window hoods
12:04:54 | INFO: Blender create Mesh node 25 Kensington Gore | slate upper roof
12:04:54 | INFO: Blender create Mesh node 25 Kensington Gore | turned balcony balusters
12:04:54 | INFO: Blender create Mesh node 41–45 Jay Mews | concave roof membrane
12:04:54 | INFO: Blender create Mesh node 41–45 Jay Mews | door glass fanlight
12:04:54 | INFO: Blender create Mesh node 41–45 Jay Mews | door handle
12:04:54 | INFO: Blender create Mesh node 41–45 Jay Mews | door transom
12:04:54 | INFO: Blender create Mesh node 41–45 Jay Mews | lintels
12:04:54 | INFO: Blender create Mesh node 41–45 Jay Mews | low parapet
12:04:54 | INFO: Blender create Mesh node 41–45 Jay Mews | mitred coping
12:04:54 | INFO: Blender create Mesh node 41–45 Jay Mews | painted joinery
12:04:54 | INFO: Blender create Mesh node 41–45 Jay Mews | pierced masonry
12:04:54 | INFO: Blender create Mesh node 41–45 Jay Mews | pipe brackets
12:04:54 | INFO: Blender create Mesh node 41–45 Jay Mews | plain floor band
12:04:54 | INFO: Blender create Mesh node 41–45 Jay Mews | projecting sills
12:04:54 | INFO: Blender create Mesh node 41–45 Jay Mews | rainwater downpipes
12:04:54 | INFO: Blender create Mesh node 41–45 Jay Mews | recessed door
12:04:54 | INFO: Blender create Mesh node 41–45 Jay Mews | recessed glazing
12:04:54 | INFO: Blender create Mesh node 41–45 Jay Mews | simple eaves
12:04:54 | INFO: Blender create Mesh node 41–45 Jay Mews | threshold
12:04:54 | INFO: Blender create Mesh node 41–45 Jay Mews | window mullions
12:04:54 | INFO: Blender create Mesh node 41–45 Jay Mews | window transoms
12:04:54 | INFO: glTF import finished in 0.12s
12:04:54 | INFO: Data are loaded, start creating Blender stuff
12:04:54 | INFO: Blender create Mesh node 29 Exhibition Road | brass door hardware.001
12:04:54 | INFO: Blender create Mesh node 29 Exhibition Road | brick sills.001
12:04:54 | INFO: Blender create Mesh node 29 Exhibition Road | continuous cut brick cornices.001
12:04:54 | INFO: Blender create Mesh node 29 Exhibition Road | continuous roof edge flashing.001
12:04:54 | INFO: Blender create Mesh node 29 Exhibition Road | corner brick pilasters.001
12:04:54 | INFO: Blender create Mesh node 29 Exhibition Road | cut brick heads.001
12:04:54 | INFO: Blender create Mesh node 29 Exhibition Road | door center stile.001
12:04:54 | INFO: Blender create Mesh node 29 Exhibition Road | door leaves.001
12:04:54 | INFO: Blender create Mesh node 29 Exhibition Road | door transom.001
12:04:54 | INFO: Blender create Mesh node 29 Exhibition Road | entrance balcony balusters.001
12:04:54 | INFO: Blender create Mesh node 29 Exhibition Road | entrance balcony handrail.001
12:04:54 | INFO: Blender create Mesh node 29 Exhibition Road | entrance balcony slab.001
12:04:54 | INFO: Blender create Mesh node 29 Exhibition Road | entry threshold.001
12:04:54 | INFO: Blender create Mesh node 29 Exhibition Road | estimated northern hipped roof
12:04:54 | INFO: Blender create Mesh node 29 Exhibition Road | exact concave roof deck.001
12:04:54 | INFO: Blender create Mesh node 29 Exhibition Road | pierced brick walls.001
12:04:54 | INFO: Blender create Mesh node 29 Exhibition Road | radiating brick arch.001
12:04:54 | INFO: Blender create Mesh node 29 Exhibition Road | rear chimney cap
12:04:54 | INFO: Blender create Mesh node 29 Exhibition Road | rear chimney stack
12:04:54 | INFO: Blender create Mesh node 29 Exhibition Road | recessed sashes.001
12:04:54 | INFO: Blender create Mesh node 29 Exhibition Road | segmental arch infill.001
12:04:54 | INFO: Blender create Mesh node 29 Exhibition Road | small pane glazing bars.001
12:04:54 | INFO: Blender create Mesh node 29 Exhibition Road | split brick pediments.001
12:04:54 | INFO: Blender create Mesh node 29 Exhibition Road | timber sash frames.001
12:04:54 | INFO: Blender create Mesh node 84 Kensington Gore | complete mapped roof base cap
12:04:54 | INFO: Blender create Mesh node 84 Kensington Gore | door glass fanlight
12:04:54 | INFO: Blender create Mesh node 84 Kensington Gore | door handle
12:04:54 | INFO: Blender create Mesh node 84 Kensington Gore | door transom
12:04:54 | INFO: Blender create Mesh node 84 Kensington Gore | fine sash bars
12:04:54 | INFO: Blender create Mesh node 84 Kensington Gore | flush storey trim
12:04:54 | INFO: Blender create Mesh node 84 Kensington Gore | four asymmetric saltbox roof slopes
12:04:54 | INFO: Blender create Mesh node 84 Kensington Gore | inward eaves fascia
12:04:54 | INFO: Blender create Mesh node 84 Kensington Gore | painted joinery
12:04:54 | INFO: Blender create Mesh node 84 Kensington Gore | pierced masonry
12:04:54 | INFO: Blender create Mesh node 84 Kensington Gore | pipe brackets
12:04:54 | INFO: Blender create Mesh node 84 Kensington Gore | projecting sills
12:04:54 | INFO: Blender create Mesh node 84 Kensington Gore | rainwater downpipes
12:04:54 | INFO: Blender create Mesh node 84 Kensington Gore | recessed door
12:04:54 | INFO: Blender create Mesh node 84 Kensington Gore | recessed glazing
12:04:54 | INFO: Blender create Mesh node 84 Kensington Gore | saltbox perimeter infill
12:04:54 | INFO: Blender create Mesh node 84 Kensington Gore | segmental brick arch heads
12:04:54 | INFO: Blender create Mesh node 84 Kensington Gore | threshold
12:04:54 | INFO: Blender create Mesh node 84 Kensington Gore | window mullions
12:04:54 | INFO: Blender create Mesh node 84 Kensington Gore | window transoms
12:04:54 | INFO: Blender create Mesh node Jamaican High Commission | attic sash frames
12:04:54 | INFO: Blender create Mesh node Jamaican High Commission | attic sash glazing
12:04:54 | INFO: Blender create Mesh node Jamaican High Commission | baluster necks
12:04:54 | INFO: Blender create Mesh node Jamaican High Commission | balustrade top rail
12:04:54 | INFO: Blender create Mesh node Jamaican High Commission | brass door hardware
12:04:54 | INFO: Blender create Mesh node Jamaican High Commission | brick sills
12:04:54 | INFO: Blender create Mesh node Jamaican High Commission | central balcony slab
12:04:54 | INFO: Blender create Mesh node Jamaican High Commission | central dormer back panels
12:04:54 | INFO: Blender create Mesh node Jamaican High Commission | central dormer glazing
12:04:54 | INFO: Blender create Mesh node Jamaican High Commission | central dormer joinery
12:04:54 | INFO: Blender create Mesh node Jamaican High Commission | central dormer lintels
12:04:54 | INFO: Blender create Mesh node Jamaican High Commission | central dormer side jambs
12:04:54 | INFO: Blender create Mesh node Jamaican High Commission | central linking roof
12:04:54 | INFO: Blender create Mesh node Jamaican High Commission | central stone balustrade
12:04:54 | INFO: Blender create Mesh node Jamaican High Commission | chimney corbel caps
12:04:54 | INFO: Blender create Mesh node Jamaican High Commission | chimney pots
12:04:54 | INFO: Blender create Mesh node Jamaican High Commission | continuous cut brick cornices
12:04:54 | INFO: Blender create Mesh node Jamaican High Commission | continuous roof edge flashing
12:04:54 | INFO: Blender create Mesh node Jamaican High Commission | corner brick pilasters
12:04:54 | INFO: Blender create Mesh node Jamaican High Commission | cut brick heads
12:04:54 | INFO: Blender create Mesh node Jamaican High Commission | door center stile
12:04:54 | INFO: Blender create Mesh node Jamaican High Commission | door leaves
12:04:54 | INFO: Blender create Mesh node Jamaican High Commission | door transom
12:04:54 | INFO: Blender create Mesh node Jamaican High Commission | entry threshold
12:04:54 | INFO: Blender create Mesh node Jamaican High Commission | exact concave roof deck
12:04:54 | INFO: Blender create Mesh node Jamaican High Commission | finite portico supporting slab
12:04:54 | INFO: Blender create Mesh node Jamaican High Commission | paired steep red tiled roofs
12:04:54 | INFO: Blender create Mesh node Jamaican High Commission | pierced brick walls
12:04:54 | INFO: Blender create Mesh node Jamaican High Commission | pierced triangular attic gables
12:04:54 | INFO: Blender create Mesh node Jamaican High Commission | portico arch spandrels
12:04:54 | INFO: Blender create Mesh node Jamaican High Commission | portico brick piers
12:04:54 | INFO: Blender create Mesh node Jamaican High Commission | portico pier capitals
12:04:54 | INFO: Blender create Mesh node Jamaican High Commission | radiating brick arch
12:04:54 | INFO: Blender create Mesh node Jamaican High Commission | recessed sashes
12:04:54 | INFO: Blender create Mesh node Jamaican High Commission | roof ridge tiles
12:04:54 | INFO: Blender create Mesh node Jamaican High Commission | segmental arch infill
12:04:54 | INFO: Blender create Mesh node Jamaican High Commission | small pane glazing bars
12:04:54 | INFO: Blender create Mesh node Jamaican High Commission | split brick pediments
12:04:54 | INFO: Blender create Mesh node Jamaican High Commission | tall chimney stacks
12:04:54 | INFO: Blender create Mesh node Jamaican High Commission | timber sash frames
12:04:54 | INFO: Blender create Mesh node Jamaican High Commission | twin portico brick arches
12:04:54 | INFO: Blender create Mesh node Jay Mews 117010283 | concave roof membrane
12:04:54 | INFO: Blender create Mesh node Jay Mews 117010283 | door glass fanlight
12:04:54 | INFO: Blender create Mesh node Jay Mews 117010283 | door handle
12:04:54 | INFO: Blender create Mesh node Jay Mews 117010283 | door transom
12:04:54 | INFO: Blender create Mesh node Jay Mews 117010283 | fine sash bars
12:04:54 | INFO: Blender create Mesh node Jay Mews 117010283 | lintels
12:04:54 | INFO: Blender create Mesh node Jay Mews 117010283 | low parapet
12:04:54 | INFO: Blender create Mesh node Jay Mews 117010283 | mitred coping
12:04:54 | INFO: Blender create Mesh node Jay Mews 117010283 | painted joinery
12:04:54 | INFO: Blender create Mesh node Jay Mews 117010283 | pierced masonry
12:04:54 | INFO: Blender create Mesh node Jay Mews 117010283 | pipe brackets
12:04:54 | INFO: Blender create Mesh node Jay Mews 117010283 | projecting sills
12:04:54 | INFO: Blender create Mesh node Jay Mews 117010283 | projecting storey ledge
12:04:54 | INFO: Blender create Mesh node Jay Mews 117010283 | rainwater downpipes
12:04:54 | INFO: Blender create Mesh node Jay Mews 117010283 | recessed door
12:04:54 | INFO: Blender create Mesh node Jay Mews 117010283 | recessed glazing
12:04:54 | INFO: Blender create Mesh node Jay Mews 117010283 | simple eaves
12:04:54 | INFO: Blender create Mesh node Jay Mews 117010283 | threshold
12:04:54 | INFO: Blender create Mesh node Jay Mews 117010283 | window mullions
12:04:54 | INFO: Blender create Mesh node Jay Mews 117010283 | window transoms
12:04:54 | INFO: glTF import finished in 0.16s
12:04:54 | INFO: Data are loaded, start creating Blender stuff
12:04:54 | INFO: Blender create Mesh node Albert Close 642055723 | complete concave roof membrane
12:04:54 | INFO: Blender create Mesh node Albert Close 642055723 | door glass fanlight
12:04:54 | INFO: Blender create Mesh node Albert Close 642055723 | door handle
12:04:54 | INFO: Blender create Mesh node Albert Close 642055723 | door transom
12:04:54 | INFO: Blender create Mesh node Albert Close 642055723 | estimated hip roof curb
12:04:54 | INFO: Blender create Mesh node Albert Close 642055723 | estimated shallow hip roof
12:04:54 | INFO: Blender create Mesh node Albert Close 642055723 | flush floor course
12:04:54 | INFO: Blender create Mesh node Albert Close 642055723 | inward eaves
12:04:54 | INFO: Blender create Mesh node Albert Close 642055723 | lintels
12:04:54 | INFO: Blender create Mesh node Albert Close 642055723 | low parapet
12:04:54 | INFO: Blender create Mesh node Albert Close 642055723 | mitred coping
12:04:54 | INFO: Blender create Mesh node Albert Close 642055723 | painted joinery
12:04:54 | INFO: Blender create Mesh node Albert Close 642055723 | pierced masonry
12:04:54 | INFO: Blender create Mesh node Albert Close 642055723 | pipe brackets
12:04:54 | INFO: Blender create Mesh node Albert Close 642055723 | projecting sills
12:04:54 | INFO: Blender create Mesh node Albert Close 642055723 | rainwater downpipes
12:04:54 | INFO: Blender create Mesh node Albert Close 642055723 | recessed door
12:04:54 | INFO: Blender create Mesh node Albert Close 642055723 | recessed glazing
12:04:54 | INFO: Blender create Mesh node Albert Close 642055723 | threshold
12:04:54 | INFO: Blender create Mesh node Albert Close 642055723 | upper sash meeting rail
12:04:54 | INFO: Blender create Mesh node Albert Close 642055723 | window mullions
12:04:54 | INFO: Blender create Mesh node Albert Close 642055723 | window transoms
12:04:54 | INFO: Blender create Mesh node Jay Mews 117010293 | concave roof membrane
12:04:54 | INFO: Blender create Mesh node Jay Mews 117010293 | door glass fanlight
12:04:54 | INFO: Blender create Mesh node Jay Mews 117010293 | door handle
12:04:54 | INFO: Blender create Mesh node Jay Mews 117010293 | door transom
12:04:54 | INFO: Blender create Mesh node Jay Mews 117010293 | flush floor course
12:04:54 | INFO: Blender create Mesh node Jay Mews 117010293 | inward eaves
12:04:54 | INFO: Blender create Mesh node Jay Mews 117010293 | lintels
12:04:54 | INFO: Blender create Mesh node Jay Mews 117010293 | low parapet
12:04:54 | INFO: Blender create Mesh node Jay Mews 117010293 | mitred coping
12:04:54 | INFO: Blender create Mesh node Jay Mews 117010293 | painted joinery
12:04:54 | INFO: Blender create Mesh node Jay Mews 117010293 | pierced masonry
12:04:54 | INFO: Blender create Mesh node Jay Mews 117010293 | pierced masonry.001
12:04:54 | INFO: Blender create Mesh node Jay Mews 117010293 | pipe brackets
12:04:54 | INFO: Blender create Mesh node Jay Mews 117010293 | projecting sills
12:04:54 | INFO: Blender create Mesh node Jay Mews 117010293 | rainwater downpipes
12:04:54 | INFO: Blender create Mesh node Jay Mews 117010293 | recessed door
12:04:54 | INFO: Blender create Mesh node Jay Mews 117010293 | recessed glazing
12:04:54 | INFO: Blender create Mesh node Jay Mews 117010293 | threshold
12:04:54 | INFO: Blender create Mesh node Jay Mews 117010293 | upper sash meeting rail
12:04:54 | INFO: Blender create Mesh node Jay Mews 117010293 | window mullions
12:04:54 | INFO: Blender create Mesh node Jay Mews 117010293 | window transoms
12:04:54 | INFO: Blender create Mesh node Princes Gate Court | complete concave roof deck
12:04:54 | INFO: Blender create Mesh node Princes Gate Court | courtyard stone vertical bays
12:04:54 | INFO: Blender create Mesh node Princes Gate Court | door central stile
12:04:54 | INFO: Blender create Mesh node Princes Gate Court | door hardware
12:04:54 | INFO: Blender create Mesh node Princes Gate Court | dormer cap
12:04:54 | INFO: Blender create Mesh node Princes Gate Court | dormer front sill
12:04:54 | INFO: Blender create Mesh node Princes Gate Court | dormer rear closure
12:04:54 | INFO: Blender create Mesh node Princes Gate Court | entrance leaves
12:04:54 | INFO: Blender create Mesh node Princes Gate Court | entry transom
12:04:54 | INFO: Blender create Mesh node Princes Gate Court | flush threshold
12:04:54 | INFO: Blender create Mesh node Princes Gate Court | inset sloping roof ranges
12:04:54 | INFO: Blender create Mesh node Princes Gate Court | pale stone plinth
12:04:54 | INFO: Blender create Mesh node Princes Gate Court | pierced red brick facades
12:04:54 | INFO: Blender create Mesh node Princes Gate Court | recessed courtyard sashes
12:04:54 | INFO: Blender create Mesh node Princes Gate Court | recessed dormer glass
12:04:54 | INFO: Blender create Mesh node Princes Gate Court | red brick roof parapet
12:04:54 | INFO: Blender create Mesh node Princes Gate Court | small pane glazing bars
12:04:54 | INFO: Blender create Mesh node Princes Gate Court | stone entrance entablature
12:04:54 | INFO: Blender create Mesh node Princes Gate Court | stone entrance jambs
12:04:54 | INFO: Blender create Mesh node Princes Gate Court | stone parapet coping
12:04:54 | INFO: Blender create Mesh node Princes Gate Court | stone window sills
12:04:54 | INFO: Blender create Mesh node Princes Gate Court | subtle brick headers
12:04:55 | INFO: Blender create Mesh node Princes Gate Court | upper stone string courses
12:04:55 | INFO: Blender create Mesh node Princes Gate Court | white dormer cheek walls
12:04:55 | INFO: Blender create Mesh node Princes Gate Court | white dormer joinery
12:04:55 | INFO: Blender create Mesh node Princes Gate Court | white sash frames
12:04:55 | INFO: glTF import finished in 0.26s
12:04:55 | INFO: Data are loaded, start creating Blender stuff
12:04:55 | INFO: Blender create Mesh node Albert Close 642055721 | complete concave roof deck
12:04:55 | INFO: Blender create Mesh node Albert Close 642055721 | door central stile
12:04:55 | INFO: Blender create Mesh node Albert Close 642055721 | door hardware
12:04:55 | INFO: Blender create Mesh node Albert Close 642055721 | entrance leaves
12:04:55 | INFO: Blender create Mesh node Albert Close 642055721 | entry transom
12:04:55 | INFO: Blender create Mesh node Albert Close 642055721 | flush threshold
12:04:55 | INFO: Blender create Mesh node Albert Close 642055721 | painted sash frames
12:04:55 | INFO: Blender create Mesh node Albert Close 642055721 | pierced red brick facades
12:04:55 | INFO: Blender create Mesh node Albert Close 642055721 | plain brick plinth
12:04:55 | INFO: Blender create Mesh node Albert Close 642055721 | plain eaves and floor course
12:04:55 | INFO: Blender create Mesh node Albert Close 642055721 | plain sash mullions
12:04:55 | INFO: Blender create Mesh node Albert Close 642055721 | plain sash transoms
12:04:55 | INFO: Blender create Mesh node Albert Close 642055721 | recessed rear wing windows
12:04:55 | INFO: Blender create Mesh node Albert Close 642055721 | red brick roof parapet
12:04:55 | INFO: Blender create Mesh node Albert Close 642055721 | stone entrance entablature
12:04:55 | INFO: Blender create Mesh node Albert Close 642055721 | stone entrance jambs
12:04:55 | INFO: Blender create Mesh node Albert Close 642055721 | stone parapet coping
12:04:55 | INFO: Blender create Mesh node Albert Close 642055721 | stone window sills
12:04:55 | INFO: Blender create Mesh node Albert Close 642055721 | subtle brick headers
12:04:55 | INFO: Blender create Mesh node Albert Close 642055722 | brick header lintels
12:04:55 | INFO: Blender create Mesh node Albert Close 642055722 | complete mapped roof membrane
12:04:55 | INFO: Blender create Mesh node Albert Close 642055722 | door glass fanlight
12:04:55 | INFO: Blender create Mesh node Albert Close 642055722 | door handle
12:04:55 | INFO: Blender create Mesh node Albert Close 642055722 | door transom
12:04:55 | INFO: Blender create Mesh node Albert Close 642055722 | estimated internal shed roof curb
12:04:55 | INFO: Blender create Mesh node Albert Close 642055722 | estimated shallow shed roof
12:04:55 | INFO: Blender create Mesh node Albert Close 642055722 | flush floor course
12:04:55 | INFO: Blender create Mesh node Albert Close 642055722 | inward eaves
12:04:55 | INFO: Blender create Mesh node Albert Close 642055722 | low parapet
12:04:55 | INFO: Blender create Mesh node Albert Close 642055722 | mitred coping
12:04:55 | INFO: Blender create Mesh node Albert Close 642055722 | painted joinery
12:04:55 | INFO: Blender create Mesh node Albert Close 642055722 | pierced masonry
12:04:55 | INFO: Blender create Mesh node Albert Close 642055722 | pipe brackets
12:04:55 | INFO: Blender create Mesh node Albert Close 642055722 | projecting sills
12:04:55 | INFO: Blender create Mesh node Albert Close 642055722 | rainwater downpipes
12:04:55 | INFO: Blender create Mesh node Albert Close 642055722 | recessed door
12:04:55 | INFO: Blender create Mesh node Albert Close 642055722 | recessed glazing
12:04:55 | INFO: Blender create Mesh node Albert Close 642055722 | slim pale lintel accent
12:04:55 | INFO: Blender create Mesh node Albert Close 642055722 | threshold
12:04:55 | INFO: Blender create Mesh node Albert Close 642055722 | upper sash meeting rail
12:04:55 | INFO: Blender create Mesh node Albert Close 642055722 | window mullions
12:04:55 | INFO: Blender create Mesh node Albert Close 642055722 | window transoms
12:04:55 | INFO: Blender create Mesh node Mews outbuilding1154608369 | closed bottom slab
12:04:55 | INFO: Blender create Mesh node Mews outbuilding1154608369 | complete thin roof slab
12:04:55 | INFO: Blender create Mesh node Mews outbuilding1154608369 | continuous closed masonry perimeter
12:04:55 | INFO: Blender create Mesh node Mews outbuilding1154608369 | corner boundary strips
12:04:55 | INFO: Blender create Mesh node Mews outbuilding1154608369 | inset masonry base trim
12:04:55 | INFO: Blender create Mesh node Mews outbuilding1154608369 | low roof weather upstand
12:04:55 | INFO: Blender create Mesh node Mews outbuilding1154608369 | mitred coping
12:04:55 | INFO: Blender create Mesh node Mews outbuilding1154608369 | simple inward eaves fascia
12:04:55 | INFO: glTF import finished in 0.06s
12:04:55 | INFO: Data are loaded, start creating Blender stuff
12:04:55 | INFO: Blender create Mesh node Mews outbuilding1154608372 | closed bottom slab
12:04:55 | INFO: Blender create Mesh node Mews outbuilding1154608372 | complete thin roof slab
12:04:55 | INFO: Blender create Mesh node Mews outbuilding1154608372 | continuous closed masonry perimeter
12:04:55 | INFO: Blender create Mesh node Mews outbuilding1154608372 | corner boundary strips
12:04:55 | INFO: Blender create Mesh node Mews outbuilding1154608372 | inset masonry base trim
12:04:55 | INFO: Blender create Mesh node Mews outbuilding1154608372 | low mitred coping
12:04:55 | INFO: Blender create Mesh node Mews outbuilding1154608372 | low roof weather upstand
12:04:55 | INFO: Blender create Mesh node Mews outbuilding1154608372 | simple inward eaves fascia
12:04:55 | INFO: Blender create Mesh node Service building788306098 | closed bottom slab
12:04:55 | INFO: Blender create Mesh node Service building788306098 | closed roof seam strips
12:04:55 | INFO: Blender create Mesh node Service building788306098 | complete thin roof slab
12:04:55 | INFO: Blender create Mesh node Service building788306098 | continuous closed masonry perimeter
12:04:55 | INFO: Blender create Mesh node Service building788306098 | corner boundary strips
12:04:55 | INFO: Blender create Mesh node Service building788306098 | inset masonry base trim
12:04:55 | INFO: Blender create Mesh node Service building788306098 | low roof weather upstand
12:04:55 | INFO: Blender create Mesh node Service building788306098 | metal weather coping
12:04:55 | INFO: Blender create Mesh node Service building788306098 | simple inward eaves fascia
12:04:55 | INFO: Blender create Mesh node University wing 640976478 | casement toplight transoms
12:04:55 | INFO: Blender create Mesh node University wing 640976478 | complete concave roof deck
12:04:55 | INFO: Blender create Mesh node University wing 640976478 | door central stile
12:04:55 | INFO: Blender create Mesh node University wing 640976478 | door hardware
12:04:55 | INFO: Blender create Mesh node University wing 640976478 | entrance leaves
12:04:55 | INFO: Blender create Mesh node University wing 640976478 | entry transom
12:04:55 | INFO: Blender create Mesh node University wing 640976478 | flush threshold
12:04:55 | INFO: Blender create Mesh node University wing 640976478 | metal casement frames
12:04:55 | INFO: Blender create Mesh node University wing 640976478 | paired casement mullions
12:04:55 | INFO: Blender create Mesh node University wing 640976478 | pierced red brick facades
12:04:55 | INFO: Blender create Mesh node University wing 640976478 | plain brick plinth
12:04:55 | INFO: Blender create Mesh node University wing 640976478 | plain eaves and floor course
12:04:55 | INFO: Blender create Mesh node University wing 640976478 | recessed university casements
12:04:55 | INFO: Blender create Mesh node University wing 640976478 | red brick roof parapet
12:04:55 | INFO: Blender create Mesh node University wing 640976478 | shallow vertical facade piers
12:04:55 | INFO: Blender create Mesh node University wing 640976478 | stone entrance entablature
12:04:55 | INFO: Blender create Mesh node University wing 640976478 | stone entrance jambs
12:04:55 | INFO: Blender create Mesh node University wing 640976478 | stone parapet coping
12:04:55 | INFO: Blender create Mesh node University wing 640976478 | stone window sills
12:04:55 | INFO: Blender create Mesh node University wing 640976478 | subtle brick headers
12:04:55 | INFO: glTF import finished in 0.07s
12:04:55 | INFO: Data are loaded, start creating Blender stuff
12:04:55 | INFO: Blender create Mesh node Campus rear 1133279024 | casement toplight transoms
12:04:55 | INFO: Blender create Mesh node Campus rear 1133279024 | complete concave roof deck
12:04:55 | INFO: Blender create Mesh node Campus rear 1133279024 | door central stile
12:04:55 | INFO: Blender create Mesh node Campus rear 1133279024 | door hardware
12:04:55 | INFO: Blender create Mesh node Campus rear 1133279024 | entrance leaves
12:04:55 | INFO: Blender create Mesh node Campus rear 1133279024 | entry transom
12:04:55 | INFO: Blender create Mesh node Campus rear 1133279024 | flush threshold
12:04:55 | INFO: Blender create Mesh node Campus rear 1133279024 | metal casement frames
12:04:55 | INFO: Blender create Mesh node Campus rear 1133279024 | paired casement mullions
12:04:55 | INFO: Blender create Mesh node Campus rear 1133279024 | pierced service wing masonry
12:04:55 | INFO: Blender create Mesh node Campus rear 1133279024 | plain brick plinth
12:04:55 | INFO: Blender create Mesh node Campus rear 1133279024 | plain eaves and floor course
12:04:55 | INFO: Blender create Mesh node Campus rear 1133279024 | recessed service wing casements
12:04:55 | INFO: Blender create Mesh node Campus rear 1133279024 | service wing parapet
12:04:55 | INFO: Blender create Mesh node Campus rear 1133279024 | stone entrance entablature
12:04:55 | INFO: Blender create Mesh node Campus rear 1133279024 | stone entrance jambs
12:04:55 | INFO: Blender create Mesh node Campus rear 1133279024 | stone parapet coping
12:04:55 | INFO: Blender create Mesh node Campus rear 1133279024 | stone window sills
12:04:55 | INFO: Blender create Mesh node Campus rear 1133279024 | subtle brick headers
12:04:55 | INFO: Blender create Mesh node Queens Gate rear703836510 | concave roof membrane
12:04:55 | INFO: Blender create Mesh node Queens Gate rear703836510 | door glass fanlight
12:04:55 | INFO: Blender create Mesh node Queens Gate rear703836510 | door handle
12:04:55 | INFO: Blender create Mesh node Queens Gate rear703836510 | door transom
12:04:55 | INFO: Blender create Mesh node Queens Gate rear703836510 | flush floor course
12:04:55 | INFO: Blender create Mesh node Queens Gate rear703836510 | inward eaves
12:04:55 | INFO: Blender create Mesh node Queens Gate rear703836510 | lintels
12:04:55 | INFO: Blender create Mesh node Queens Gate rear703836510 | low parapet
12:04:55 | INFO: Blender create Mesh node Queens Gate rear703836510 | mitred coping
12:04:55 | INFO: Blender create Mesh node Queens Gate rear703836510 | painted joinery
12:04:55 | INFO: Blender create Mesh node Queens Gate rear703836510 | pierced masonry
12:04:55 | INFO: Blender create Mesh node Queens Gate rear703836510 | pipe brackets
12:04:55 | INFO: Blender create Mesh node Queens Gate rear703836510 | projecting sills
12:04:55 | INFO: Blender create Mesh node Queens Gate rear703836510 | rainwater downpipes
12:04:55 | INFO: Blender create Mesh node Queens Gate rear703836510 | recessed door
12:04:55 | INFO: Blender create Mesh node Queens Gate rear703836510 | recessed glazing
12:04:55 | INFO: Blender create Mesh node Queens Gate rear703836510 | threshold
12:04:55 | INFO: Blender create Mesh node Queens Gate rear703836510 | upper sash meeting rail
12:04:55 | INFO: Blender create Mesh node Queens Gate rear703836510 | window mullions
12:04:55 | INFO: Blender create Mesh node Queens Gate rear703836510 | window transoms
12:04:55 | INFO: glTF import finished in 0.06s
12:04:55 | INFO: Data are loaded, start creating Blender stuff
12:04:55 | INFO: Blender create Mesh node Museum Lane link850528336 | arched masonry
12:04:55 | INFO: Blender create Mesh node Museum Lane link850528336 | central triangular pediment
12:04:55 | INFO: Blender create Mesh node Museum Lane link850528336 | complete polygon roof
12:04:55 | INFO: Blender create Mesh node Museum Lane link850528336 | dark joinery
12:04:55 | INFO: Blender create Mesh node Museum Lane link850528336 | intentional_gate
12:04:55 | INFO: Blender create Mesh node Museum Lane link850528336 | passage side reveals
12:04:55 | INFO: Blender create Mesh node Museum Lane link850528336 | pierced stone
12:04:55 | INFO: Blender create Mesh node Museum Lane link850528336 | recessed door
12:04:55 | INFO: Blender create Mesh node Museum Lane link850528336 | recessed window
12:04:55 | INFO: Blender create Mesh node Museum Lane link850528336 | roof sealed edge
12:04:55 | INFO: Blender create Mesh node Museum Lane link850528336 | stone cornice
12:04:55 | INFO: Blender create Mesh node Museum Lane link850528336 | stone walls
12:04:55 | INFO: Blender create Mesh node Museum Lane link850528336 | upper pierced stone
12:04:55 | INFO: Blender create Mesh node Museum Lane link850528336 | upper stone window surround
12:04:55 | INFO: Blender create Mesh node Museum Lane link850528336 | vaulted passage intrados
12:04:55 | INFO: Blender create Mesh node Museum service infill 850528335 | casement toplight transoms
12:04:55 | INFO: Blender create Mesh node Museum service infill 850528335 | complete concave roof deck
12:04:55 | INFO: Blender create Mesh node Museum service infill 850528335 | door central stile
12:04:55 | INFO: Blender create Mesh node Museum service infill 850528335 | door hardware
12:04:55 | INFO: Blender create Mesh node Museum service infill 850528335 | entrance leaves
12:04:55 | INFO: Blender create Mesh node Museum service infill 850528335 | entry transom
12:04:55 | INFO: Blender create Mesh node Museum service infill 850528335 | flush threshold
12:04:55 | INFO: Blender create Mesh node Museum service infill 850528335 | metal casement frames
12:04:55 | INFO: Blender create Mesh node Museum service infill 850528335 | paired casement mullions
12:04:55 | INFO: Blender create Mesh node Museum service infill 850528335 | pierced service wing masonry
12:04:55 | INFO: Blender create Mesh node Museum service infill 850528335 | plain brick plinth
12:04:55 | INFO: Blender create Mesh node Museum service infill 850528335 | plain eaves and floor course
12:04:55 | INFO: Blender create Mesh node Museum service infill 850528335 | recessed service wing casements
12:04:55 | INFO: Blender create Mesh node Museum service infill 850528335 | service wing parapet
12:04:55 | INFO: Blender create Mesh node Museum service infill 850528335 | stone entrance entablature
12:04:55 | INFO: Blender create Mesh node Museum service infill 850528335 | stone entrance jambs
12:04:55 | INFO: Blender create Mesh node Museum service infill 850528335 | stone parapet coping
12:04:55 | INFO: Blender create Mesh node Museum service infill 850528335 | stone window sills
12:04:55 | INFO: Blender create Mesh node Museum service infill 850528335 | subtle brick headers
12:04:55 | INFO: Blender create Mesh node finite passage supporting slab
12:04:55 | INFO: glTF import finished in 0.05s
/Users/yl222/Desktop/UrbanWorldModelVisualizer/geometry_expansion/scripts/build_expansion_batch.py:164: DeprecationWarning: 'World.use_nodes' is expected to be removed in Blender 6.0
  scene.world.use_nodes=True;scene.world.node_tree.nodes['Background'].inputs[0].default_value=(.65,.72,.8,1)
/Users/yl222/Desktop/UrbanWorldModelVisualizer/geometry_expansion/scripts/build_expansion_batch.py:28: DeprecationWarning: 'Material.use_nodes' is expected to be removed in Blender 6.0
  m=bpy.data.materials.new(spec['name']);m.use_nodes=True
Info: Saved as "master.blend"
12:04:56 | INFO: Data are loaded, start creating Blender stuff
12:04:56 | INFO: Blender create Mesh node finite entry approach from audited ground.001
12:04:56 | INFO: Blender create Mesh node 1 Hyde Park Gate | complete concave roof deck
12:04:56 | INFO: Blender create Mesh node 1 Hyde Park Gate | complete inset mansard top
12:04:56 | INFO: Blender create Mesh node 1 Hyde Park Gate | door central stile
12:04:56 | INFO: Blender create Mesh node 1 Hyde Park Gate | door hardware
12:04:56 | INFO: Blender create Mesh node 1 Hyde Park Gate | entrance leaves
12:04:56 | INFO: Blender create Mesh node 1 Hyde Park Gate | entry transom
12:04:56 | INFO: Blender create Mesh node 1 Hyde Park Gate | flush threshold
12:04:56 | INFO: Blender create Mesh node 1 Hyde Park Gate | hood console blocks
12:04:56 | INFO: Blender create Mesh node 1 Hyde Park Gate | mansard curved head solid closure
12:04:56 | INFO: Blender create Mesh node 1 Hyde Park Gate | mansard dormer closed back
12:04:56 | INFO: Blender create Mesh node 1 Hyde Park Gate | mansard dormer closed cheeks
12:04:56 | INFO: Blender create Mesh node 1 Hyde Park Gate | mansard dormer closed top
12:04:56 | INFO: Blender create Mesh node 1 Hyde Park Gate | mansard dormer lower apron
12:04:56 | INFO: Blender create Mesh node 1 Hyde Park Gate | mansard dormer upright frames
12:04:56 | INFO: Blender create Mesh node 1 Hyde Park Gate | mansard recessed glazing
12:04:56 | INFO: Blender create Mesh node 1 Hyde Park Gate | mansard rounded arch frames
12:04:56 | INFO: Blender create Mesh node 1 Hyde Park Gate | mansard sash mullion
12:04:56 | INFO: Blender create Mesh node 1 Hyde Park Gate | mansard sash transom
12:04:56 | INFO: Blender create Mesh node 1 Hyde Park Gate | moulded window hood
12:04:56 | INFO: Blender create Mesh node 1 Hyde Park Gate | observed mansard sloping skin
12:04:56 | INFO: Blender create Mesh node 1 Hyde Park Gate | painted sash frames
12:04:56 | INFO: Blender create Mesh node 1 Hyde Park Gate | pierced stucco elevations
12:04:56 | INFO: Blender create Mesh node 1 Hyde Park Gate | plain brick plinth
12:04:56 | INFO: Blender create Mesh node 1 Hyde Park Gate | plain eaves and floor course
12:04:56 | INFO: Blender create Mesh node 1 Hyde Park Gate | recessed townhouse sash glazing
12:04:56 | INFO: Blender create Mesh node 1 Hyde Park Gate | sash glazing bars
12:04:56 | INFO: Blender create Mesh node 1 Hyde Park Gate | sash meeting rails
12:04:56 | INFO: Blender create Mesh node 1 Hyde Park Gate | single tower corner parapet pier
12:04:56 | INFO: Blender create Mesh node 1 Hyde Park Gate | stone entrance entablature
12:04:56 | INFO: Blender create Mesh node 1 Hyde Park Gate | stone entrance jambs
12:04:56 | INFO: Blender create Mesh node 1 Hyde Park Gate | stone parapet coping
12:04:56 | INFO: Blender create Mesh node 1 Hyde Park Gate | stone window sills
12:04:56 | INFO: Blender create Mesh node 1 Hyde Park Gate | stucco attic parapet
12:04:56 | INFO: Blender create Mesh node 1 Hyde Park Gate | tower arch spandrels
12:04:56 | INFO: Blender create Mesh node 1 Hyde Park Gate | tower closed flat roof
12:04:56 | INFO: Blender create Mesh node 1 Hyde Park Gate | tower corner pilasters
12:04:56 | INFO: Blender create Mesh node 1 Hyde Park Gate | tower layered cornice
12:04:56 | INFO: Blender create Mesh node 1 Hyde Park Gate | tower parapet balusters
12:04:56 | INFO: Blender create Mesh node 1 Hyde Park Gate | tower parapet handrail
12:04:56 | INFO: Blender create Mesh node 1 Hyde Park Gate | tower parapet solid plinth
12:04:56 | INFO: Blender create Mesh node 1 Hyde Park Gate | tower pierced upper walls
12:04:56 | INFO: Blender create Mesh node 1 Hyde Park Gate | tower recessed arched glazing
12:04:56 | INFO: Blender create Mesh node 1 Hyde Park Gate | tower rounded window heads
12:04:56 | INFO: Blender create Mesh node 1 Hyde Park Gate | tower window jamb trim
12:04:56 | INFO: Blender create Mesh node 1 Hyde Park Gate | tower window sill
12:04:56 | INFO: Blender create Mesh node 1 Hyde Park Gate | window architrave sides
12:04:56 | INFO: Blender create Mesh node finite porch support.001
12:04:56 | INFO: Blender create Mesh node finite entry approach from audited ground.002
12:04:56 | INFO: Blender create Mesh node 1–2 Queens Gate | arched window solid spandrels
12:04:56 | INFO: Blender create Mesh node 1–2 Queens Gate | balcony turned balusters
12:04:56 | INFO: Blender create Mesh node 1–2 Queens Gate | balustrade handrail
12:04:56 | INFO: Blender create Mesh node 1–2 Queens Gate | complete concave roof deck
12:04:56 | INFO: Blender create Mesh node 1–2 Queens Gate | door central stile
12:04:56 | INFO: Blender create Mesh node 1–2 Queens Gate | door hardware
12:04:56 | INFO: Blender create Mesh node 1–2 Queens Gate | Doric portico plinth
12:04:56 | INFO: Blender create Mesh node 1–2 Queens Gate | Doric square abacus
12:04:56 | INFO: Blender create Mesh node 1–2 Queens Gate | entrance leaves
12:04:56 | INFO: Blender create Mesh node 1–2 Queens Gate | entry transom
12:04:56 | INFO: Blender create Mesh node 1–2 Queens Gate | flush threshold
12:04:56 | INFO: Blender create Mesh node 1–2 Queens Gate | hood console blocks
12:04:56 | INFO: Blender create Mesh node 1–2 Queens Gate | moulded window hood
12:04:56 | INFO: Blender create Mesh node 1–2 Queens Gate | painted sash frames
12:04:56 | INFO: Blender create Mesh node 1–2 Queens Gate | paired Doric entrance columns
12:04:56 | INFO: Blender create Mesh node 1–2 Queens Gate | pierced stucco elevations
12:04:56 | INFO: Blender create Mesh node 1–2 Queens Gate | plain brick plinth
12:04:56 | INFO: Blender create Mesh node 1–2 Queens Gate | plain eaves and floor course
12:04:56 | INFO: Blender create Mesh node 1–2 Queens Gate | portico entablature closed canopy
12:04:56 | INFO: Blender create Mesh node 1–2 Queens Gate | portico upper moulding
12:04:56 | INFO: Blender create Mesh node 1–2 Queens Gate | recessed townhouse sash glazing
12:04:56 | INFO: Blender create Mesh node 1–2 Queens Gate | sash glazing bars
12:04:56 | INFO: Blender create Mesh node 1–2 Queens Gate | sash meeting rails
12:04:56 | INFO: Blender create Mesh node 1–2 Queens Gate | stone entrance entablature
12:04:56 | INFO: Blender create Mesh node 1–2 Queens Gate | stone entrance jambs
12:04:56 | INFO: Blender create Mesh node 1–2 Queens Gate | stone parapet coping
12:04:56 | INFO: Blender create Mesh node 1–2 Queens Gate | stone window sills
12:04:56 | INFO: Blender create Mesh node 1–2 Queens Gate | stucco attic parapet
12:04:56 | INFO: Blender create Mesh node 1–2 Queens Gate | third floor curved arch surrounds
12:04:56 | INFO: Blender create Mesh node 1–2 Queens Gate | window architrave sides
12:04:56 | INFO: Blender create Mesh node finite porch support
12:04:56 | INFO: Blender create Mesh node finite entry approach from audited ground
12:04:56 | INFO: Blender create Mesh node Cheval Hyde Park Gate | aperture stone surround
12:04:56 | INFO: Blender create Mesh node Cheval Hyde Park Gate | balcony cap rail
12:04:56 | INFO: Blender create Mesh node Cheval Hyde Park Gate | balcony turned balusters
12:04:56 | INFO: Blender create Mesh node Cheval Hyde Park Gate | continuous mitred cornices
12:04:56 | INFO: Blender create Mesh node Cheval Hyde Park Gate | curved window head masonry
12:04:56 | INFO: Blender create Mesh node Cheval Hyde Park Gate | door jamb
12:04:56 | INFO: Blender create Mesh node Cheval Hyde Park Gate | door leaf raised panels
12:04:56 | INFO: Blender create Mesh node Cheval Hyde Park Gate | door lintel frame
12:04:56 | INFO: Blender create Mesh node Cheval Hyde Park Gate | Doric entrance porch columns
12:04:56 | INFO: Blender create Mesh node Cheval Hyde Park Gate | Doric porch entablature
12:04:56 | INFO: Blender create Mesh node Cheval Hyde Park Gate | dormer central sash
12:04:56 | INFO: Blender create Mesh node Cheval Hyde Park Gate | dormer jambs
12:04:56 | INFO: Blender create Mesh node Cheval Hyde Park Gate | dormer recessed glass
12:04:56 | INFO: Blender create Mesh node Cheval Hyde Park Gate | dormer side cheeks
12:04:56 | INFO: Blender create Mesh node Cheval Hyde Park Gate | dormer sill
12:04:56 | INFO: Blender create Mesh node Cheval Hyde Park Gate | dormer top flashing
12:04:56 | INFO: Blender create Mesh node Cheval Hyde Park Gate | entrance leaf
12:04:56 | INFO: Blender create Mesh node Cheval Hyde Park Gate | estimated recessed attic mansard
12:04:56 | INFO: Blender create Mesh node Cheval Hyde Park Gate | first floor balcony deck
12:04:56 | INFO: Blender create Mesh node Cheval Hyde Park Gate | first floor Ionic shafts
12:04:56 | INFO: Blender create Mesh node Cheval Hyde Park Gate | full concave footprint roof
12:04:56 | INFO: Blender create Mesh node Cheval Hyde Park Gate | full depth wall piers
12:04:56 | INFO: Blender create Mesh node Cheval Hyde Park Gate | Ionic capital volute blocks
12:04:56 | INFO: Blender create Mesh node Cheval Hyde Park Gate | mansard front end slopes
12:04:56 | INFO: Blender create Mesh node Cheval Hyde Park Gate | mansard front pierced roof
12:04:56 | INFO: Blender create Mesh node Cheval Hyde Park Gate | parapet continuous upstand
12:04:56 | INFO: Blender create Mesh node Cheval Hyde Park Gate | parapet finial plinths
12:04:56 | INFO: Blender create Mesh node Cheval Hyde Park Gate | porch triglyph blocks
12:04:56 | INFO: Blender create Mesh node Cheval Hyde Park Gate | projecting window sill
12:04:56 | INFO: Blender create Mesh node Cheval Hyde Park Gate | recessed glazing
12:04:56 | INFO: Blender create Mesh node Cheval Hyde Park Gate | rounded dormer heads
12:04:56 | INFO: Blender create Mesh node Cheval Hyde Park Gate | rusticated stucco course edges
12:04:56 | INFO: Blender create Mesh node Cheval Hyde Park Gate | sash central mullion
12:04:56 | INFO: Blender create Mesh node Cheval Hyde Park Gate | sash jamb
12:04:56 | INFO: Blender create Mesh node Cheval Hyde Park Gate | second floor curved pediments
12:04:56 | INFO: Blender create Mesh node Cheval Hyde Park Gate | segmental ground archivolts
12:04:56 | INFO: Blender create Mesh node Cheval Hyde Park Gate | stylised bearded mask blocks estimated
12:04:56 | INFO: Blender create Mesh node Cheval Hyde Park Gate | stylised spiked globes
12:04:56 | INFO: Blender create Mesh node Cheval Hyde Park Gate | top floor giant consoles
12:04:56 | INFO: Blender create Mesh node Cheval Hyde Park Gate | triangular first floor pediments
12:04:56 | INFO: Blender create Mesh node Cheval Hyde Park Gate | wall below apertures
12:04:56 | INFO: Blender create Mesh node Cheval Hyde Park Gate | wall lintels
12:04:56 | INFO: Blender create Mesh node Cheval Hyde Park Gate | window sash rails
12:04:56 | INFO: glTF import finished in 0.25s
00:03.966  blend            | Read blend: "/Users/yl222/Desktop/UrbanWorldModelVisualizer/geometry_expansion/output/batch09_v1/master.blend"
00:08.502  render           | Saved: '/Users/yl222/Desktop/UrbanWorldModelVisualizer/geometry_expansion/output/batch09_v1/cheval_hyde_park_gate_front.png'
00:13.923  render           | Saved: '/Users/yl222/Desktop/UrbanWorldModelVisualizer/geometry_expansion/output/batch09_v1/cheval_hyde_park_gate_entrance.png'
00:17.609  render           | Saved: '/Users/yl222/Desktop/UrbanWorldModelVisualizer/geometry_expansion/output/batch09_v1/cheval_hyde_park_gate_roof.png'
00:21.263  render           | Saved: '/Users/yl222/Desktop/UrbanWorldModelVisualizer/geometry_expansion/output/batch09_v1/cheval_hyde_park_gate_rear.png'
00:25.227  render           | Saved: '/Users/yl222/Desktop/UrbanWorldModelVisualizer/geometry_expansion/output/batch09_v1/cheval_hyde_park_gate_context.png'
00:28.837  render           | Saved: '/Users/yl222/Desktop/UrbanWorldModelVisualizer/geometry_expansion/output/batch09_v1/hyde_park_gate_1_front.png'
00:33.168  render           | Saved: '/Users/yl222/Desktop/UrbanWorldModelVisualizer/geometry_expansion/output/batch09_v1/hyde_park_gate_1_entrance.png'
00:36.781  render           | Saved: '/Users/yl222/Desktop/UrbanWorldModelVisualizer/geometry_expansion/output/batch09_v1/hyde_park_gate_1_roof.png'
00:40.363  render           | Saved: '/Users/yl222/Desktop/UrbanWorldModelVisualizer/geometry_expansion/output/batch09_v1/hyde_park_gate_1_rear.png'
00:44.544  render           | Saved: '/Users/yl222/Desktop/UrbanWorldModelVisualizer/geometry_expansion/output/batch09_v1/hyde_park_gate_1_context.png'
00:48.292  render           | Saved: '/Users/yl222/Desktop/UrbanWorldModelVisualizer/geometry_expansion/output/batch09_v1/queens_gate_1_2_front.png'
00:54.021  render           | Saved: '/Users/yl222/Desktop/UrbanWorldModelVisualizer/geometry_expansion/output/batch09_v1/queens_gate_1_2_entrance.png'
00:57.773  render           | Saved: '/Users/yl222/Desktop/UrbanWorldModelVisualizer/geometry_expansion/output/batch09_v1/queens_gate_1_2_roof.png'
01:01.573  render           | Saved: '/Users/yl222/Desktop/UrbanWorldModelVisualizer/geometry_expansion/output/batch09_v1/queens_gate_1_2_rear.png'
01:05.713  render           | Saved: '/Users/yl222/Desktop/UrbanWorldModelVisualizer/geometry_expansion/output/batch09_v1/queens_gate_1_2_context.png'
01:09.025  render           | Saved: '/Users/yl222/Desktop/UrbanWorldModelVisualizer/geometry_expansion/output/batch09_v1/overview.png'
{"objects": 124, "triangles": 100087, "roundtrip_bounds_max_error_m": 0, "numerical_pass": true}
Blender 5.2.0 LTS (hash fbe6228777e7 built 2026-07-14 01:31:22)

Blender quit
