00:00.429  blend            | Read blend: "/Users/yl222/Desktop/UrbanWorldModelVisualizer/geometry_expansion/output/batch20_v1/master.blend"
18:26:05 | INFO: Data are loaded, start creating Blender stuff
18:26:05 | INFO: Blender create Mesh node 4a Princes Gate Mews | complete original four point roof deck
18:26:05 | INFO: Blender create Mesh node 4a Princes Gate Mews | contained continuous mitred eaves
18:26:05 | INFO: Blender create Mesh node 4a Princes Gate Mews | contained simple sill
18:26:05 | INFO: Blender create Mesh node 4a Princes Gate Mews | deep inset glazing
18:26:05 | INFO: Blender create Mesh node 4a Princes Gate Mews | door head frame
18:26:05 | INFO: Blender create Mesh node 4a Princes Gate Mews | door jamb
18:26:05 | INFO: Blender create Mesh node 4a Princes Gate Mews | entrance jamb surround
18:26:05 | INFO: Blender create Mesh node 4a Princes Gate Mews | entry pull handle
18:26:05 | INFO: Blender create Mesh node 4a Princes Gate Mews | estimated rear rainwater pipe
18:26:05 | INFO: Blender create Mesh node 4a Princes Gate Mews | free edge contained low roof rim
18:26:05 | INFO: Blender create Mesh node 4a Princes Gate Mews | free edge contained roof coping
18:26:05 | INFO: Blender create Mesh node 4a Princes Gate Mews | front and rear intermediate course
18:26:05 | INFO: Blender create Mesh node 4a Princes Gate Mews | painted entrance leaf
18:26:05 | INFO: Blender create Mesh node 4a Princes Gate Mews | paired narrow casement central stile
18:26:05 | INFO: Blender create Mesh node 4a Princes Gate Mews | pierced wall piers
18:26:05 | INFO: Blender create Mesh node 4a Princes Gate Mews | pipe fixing collars
18:26:05 | INFO: Blender create Mesh node 4a Princes Gate Mews | plain entrance vertical infill
18:26:05 | INFO: Blender create Mesh node 4a Princes Gate Mews | recessed window bottom sash
18:26:05 | INFO: Blender create Mesh node 4a Princes Gate Mews | recessed window outer sash
18:26:05 | INFO: Blender create Mesh node 4a Princes Gate Mews | segmented low plinth
18:26:05 | INFO: Blender create Mesh node 4a Princes Gate Mews | segmented upper sash meeting rails
18:26:05 | INFO: Blender create Mesh node 4a Princes Gate Mews | simple entrance head surround
18:26:05 | INFO: Blender create Mesh node 4a Princes Gate Mews | solid wall lintels
18:26:05 | INFO: Blender create Mesh node finite entry approach from audited ground
18:26:05 | INFO: Blender create Mesh node 4a Princes Gate Mews | wall below recessed apertures
18:26:05 | INFO: Blender create Mesh node 6 Queens Gate Place Mews | casement meeting rail
18:26:05 | INFO: Blender create Mesh node 6 Queens Gate Place Mews | casement mullions
18:26:05 | INFO: Blender create Mesh node 6 Queens Gate Place Mews | closed upper roof slab
18:26:05 | INFO: Blender create Mesh node 6 Queens Gate Place Mews | corner brick piers
18:26:05 | INFO: Blender create Mesh node 6 Queens Gate Place Mews | door glass fanlight
18:26:05 | INFO: Blender create Mesh node 6 Queens Gate Place Mews | door handle
18:26:05 | INFO: Blender create Mesh node 6 Queens Gate Place Mews | door transom
18:26:05 | INFO: Blender create Mesh node 6 Queens Gate Place Mews | frame head
18:26:05 | INFO: Blender create Mesh node 6 Queens Gate Place Mews | frame jambs
18:26:05 | INFO: Blender create Mesh node 6 Queens Gate Place Mews | frame sill rail
18:26:05 | INFO: Blender create Mesh node 6 Queens Gate Place Mews | front rear eaves
18:26:05 | INFO: Blender create Mesh node 6 Queens Gate Place Mews | full mapped lower roof and upper floor
18:26:05 | INFO: Blender create Mesh node 6 Queens Gate Place Mews | inward eaves
18:26:05 | INFO: Blender create Mesh node 6 Queens Gate Place Mews | lintels
18:26:05 | INFO: Blender create Mesh node 6 Queens Gate Place Mews | pierced masonry
18:26:05 | INFO: Blender create Mesh node 6 Queens Gate Place Mews | plain first floor stringcourse
18:26:05 | INFO: Blender create Mesh node 6 Queens Gate Place Mews | projecting sills
18:26:05 | INFO: Blender create Mesh node 6 Queens Gate Place Mews | recessed door
18:26:05 | INFO: Blender create Mesh node 6 Queens Gate Place Mews | recessed glazing
18:26:05 | INFO: Blender create Mesh node 6 Queens Gate Place Mews | small brick eaves dentils
18:26:05 | INFO: Blender create Mesh node finite entry approach from audited ground.002
18:26:05 | INFO: Blender create Mesh node 6 Queens Gate Place Mews | threshold
18:26:05 | INFO: Blender create Mesh node 6 Queens Gate Place Mews | upper frame jambs
18:26:05 | INFO: Blender create Mesh node 6 Queens Gate Place Mews | upper frame rails
18:26:05 | INFO: Blender create Mesh node 6 Queens Gate Place Mews | upper pierced masonry
18:26:05 | INFO: Blender create Mesh node 6 Queens Gate Place Mews | upper projecting sill
18:26:05 | INFO: Blender create Mesh node 6 Queens Gate Place Mews | upper recessed glass
18:26:05 | INFO: Blender create Mesh node 6 Queens Gate Place Mews | upper sash rail
18:26:05 | INFO: Blender create Mesh node finite entry approach from audited ground.001
18:26:05 | INFO: Blender create Mesh node 23 Queen’s Gate Mews | complete six-point roof deck
18:26:05 | INFO: Blender create Mesh node 23 Queen’s Gate Mews | door hardware
18:26:05 | INFO: Blender create Mesh node 23 Queen’s Gate Mews | door recessed lower panel
18:26:05 | INFO: Blender create Mesh node 23 Queen’s Gate Mews | door recessed upper panel
18:26:05 | INFO: Blender create Mesh node 23 Queen’s Gate Mews | entrance leaves
18:26:05 | INFO: Blender create Mesh node 23 Queen’s Gate Mews | entry transom
18:26:05 | INFO: Blender create Mesh node 23 Queen’s Gate Mews | flush threshold
18:26:05 | INFO: Blender create Mesh node 23 Queen’s Gate Mews | low mews roof parapet
18:26:05 | INFO: Blender create Mesh node 23 Queen’s Gate Mews | painted sash frames
18:26:05 | INFO: Blender create Mesh node 23 Queen’s Gate Mews | paired window center mullions
18:26:05 | INFO: Blender create Mesh node 23 Queen’s Gate Mews | pierced muted masonry facades
18:26:05 | INFO: Blender create Mesh node 23 Queen’s Gate Mews | plain brick plinth
18:26:05 | INFO: Blender create Mesh node 23 Queen’s Gate Mews | plain eaves and floor course
18:26:05 | INFO: Blender create Mesh node 23 Queen’s Gate Mews | plain entrance jambs
18:26:05 | INFO: Blender create Mesh node 23 Queen’s Gate Mews | plain entrance lintel
18:26:05 | INFO: Blender create Mesh node 23 Queen’s Gate Mews | plain sash transoms
18:26:05 | INFO: Blender create Mesh node 23 Queen’s Gate Mews | recessed paired mews glazing
18:26:05 | INFO: Blender create Mesh node 23 Queen’s Gate Mews | shallow parapet coping
18:26:05 | INFO: Blender create Mesh node 23 Queen’s Gate Mews | stone window sills
18:26:05 | INFO: Blender create Mesh node 23 Queen’s Gate Mews | subtle brick headers
18:26:05 | INFO: glTF import finished in 0.05s
{"passed": true, "buildings": [{"building_id": "way-851362839", "entrances": [{"threshold_xyz": [998.5940551757812, -257.8260803222656, 0.00012539188901428133], "rays": 25, "checked_width_m": 0.9900405526574922}], "entrance_check_status": "checked", "porch_support_samples": 0, "approach_profile_samples": 0, "passages": [], "shared_wall_samples": 40, "roof_coverage_samples": 30, "footprint_area_m2": 60.10621054059191}, {"building_id": "way-809386116", "entrances": [{"threshold_xyz": [426.11480712890625, 20.120269775390625, -0.0004420199547894299], "rays": 25, "checked_width_m": 0.9904017173281854}], "entrance_check_status": "checked", "porch_support_samples": 0, "approach_profile_samples": 0, "passages": [], "shared_wall_samples": 60, "roof_coverage_samples": 40, "footprint_area_m2": 80.16683703897633}, {"building_id": "way-810633521", "entrances": [{"threshold_xyz": [461.6578674316406, -438.23028564453125, 0.00034891217364929616], "rays": 25, "checked_width_m": 0.9899506663281865}], "entrance_check_status": "checked", "porch_support_samples": 0, "approach_profile_samples": 0, "passages": [], "shared_wall_samples": 40, "roof_coverage_samples": 49, "footprint_area_m2": 95.35644142957662}], "material_values_roundtrip_passed": true, "master_sha256": "d7cab77d288e02fbc310ffc4161b474453c704b256dfb5756a4f67590288a37f", "replacement_sha256": "8d79cca4e455e4955b2c00646817caa953e71b34c3c459a6c944337045ff301e", "scope": "Exterior entry clearance before intentionally closed door assemblies, sampled mapped roof coverage and PBR round-trip. Not a survey or accessibility certification."}
Blender 5.2.0 LTS (hash fbe6228777e7 built 2026-07-14 01:31:22)

Blender quit
