00:00.420  blend            | Read blend: "/Users/yl222/Desktop/UrbanWorldModelVisualizer/geometry_expansion/output/batch08_v1/master.blend"
11:39:19 | INFO: Data are loaded, start creating Blender stuff
11:39:19 | INFO: Blender create Mesh node Museum Lane link850528336 | arched masonry
11:39:19 | INFO: Blender create Mesh node Museum Lane link850528336 | central triangular pediment
11:39:19 | INFO: Blender create Mesh node Museum Lane link850528336 | complete polygon roof
11:39:19 | INFO: Blender create Mesh node Museum Lane link850528336 | dark joinery
11:39:19 | INFO: Blender create Mesh node Museum Lane link850528336 | intentional_gate
11:39:19 | INFO: Blender create Mesh node Museum Lane link850528336 | passage side reveals
11:39:19 | INFO: Blender create Mesh node Museum Lane link850528336 | pierced stone
11:39:19 | INFO: Blender create Mesh node Museum Lane link850528336 | recessed door
11:39:19 | INFO: Blender create Mesh node Museum Lane link850528336 | recessed window
11:39:19 | INFO: Blender create Mesh node Museum Lane link850528336 | roof sealed edge
11:39:19 | INFO: Blender create Mesh node Museum Lane link850528336 | stone cornice
11:39:19 | INFO: Blender create Mesh node Museum Lane link850528336 | stone walls
11:39:19 | INFO: Blender create Mesh node Museum Lane link850528336 | upper pierced stone
11:39:19 | INFO: Blender create Mesh node Museum Lane link850528336 | upper stone window surround
11:39:19 | INFO: Blender create Mesh node Museum Lane link850528336 | vaulted passage intrados
11:39:19 | INFO: Blender create Mesh node Museum service infill 850528335 | casement toplight transoms
11:39:19 | INFO: Blender create Mesh node Museum service infill 850528335 | complete concave roof deck
11:39:19 | INFO: Blender create Mesh node Museum service infill 850528335 | door central stile
11:39:19 | INFO: Blender create Mesh node Museum service infill 850528335 | door hardware
11:39:19 | INFO: Blender create Mesh node Museum service infill 850528335 | entrance leaves
11:39:19 | INFO: Blender create Mesh node Museum service infill 850528335 | entry transom
11:39:19 | INFO: Blender create Mesh node Museum service infill 850528335 | flush threshold
11:39:19 | INFO: Blender create Mesh node Museum service infill 850528335 | metal casement frames
11:39:19 | INFO: Blender create Mesh node Museum service infill 850528335 | paired casement mullions
11:39:19 | INFO: Blender create Mesh node Museum service infill 850528335 | pierced service wing masonry
11:39:19 | INFO: Blender create Mesh node Museum service infill 850528335 | plain brick plinth
11:39:19 | INFO: Blender create Mesh node Museum service infill 850528335 | plain eaves and floor course
11:39:19 | INFO: Blender create Mesh node Museum service infill 850528335 | recessed service wing casements
11:39:19 | INFO: Blender create Mesh node Museum service infill 850528335 | service wing parapet
11:39:19 | INFO: Blender create Mesh node Museum service infill 850528335 | stone entrance entablature
11:39:19 | INFO: Blender create Mesh node Museum service infill 850528335 | stone entrance jambs
11:39:19 | INFO: Blender create Mesh node Museum service infill 850528335 | stone parapet coping
11:39:19 | INFO: Blender create Mesh node Museum service infill 850528335 | stone window sills
11:39:19 | INFO: Blender create Mesh node Museum service infill 850528335 | subtle brick headers
11:39:19 | INFO: Blender create Mesh node finite passage supporting slab
11:39:19 | INFO: glTF import finished in 0.02s
{"passed": true, "buildings": [{"building_id": "way-850528335", "entrances": [{"threshold_xyz": [733.6031494140625, -358.87359619140625, 0.04998425766825676], "rays": 25, "checked_width_m": 0.9905932738238927}], "entrance_check_status": "checked", "porch_support_samples": 0, "passages": [], "shared_wall_samples": 80, "roof_coverage_samples": 108, "footprint_area_m2": 206.83740413234224}, {"building_id": "way-850528336", "entrances": [{"threshold_xyz": [874.679931640625, -356.7672424316406, 0.050811462104320526], "rays": 25, "checked_width_m": 0.9914894696837018}], "entrance_check_status": "checked", "porch_support_samples": 0, "passages": [{"masonry_clearance_rays": 27, "floor_samples": 15, "intentional_gate_objects": ["Museum Lane link850528336 | intentional_gate"], "gate_state": "closed_reference", "scope": "Architectural opening through masonry; closed gate is intentional and does not imply public or unobstructed access."}], "shared_wall_samples": 40, "roof_coverage_samples": 134, "footprint_area_m2": 246.85399471803865}], "material_values_roundtrip_passed": true, "master_sha256": "128832e1cefe8b0d0bfecde4f7630cb1aa0e95b9895fc200d75dc343c4f983aa", "replacement_sha256": "28beab20615aff8bb4c29cad13117d05f159dfffefd2f6bd74e5264fedf59e23", "scope": "Exterior entry clearance before intentionally closed door assemblies, sampled mapped roof coverage and PBR round-trip. Not a survey or accessibility certification."}
Blender 5.2.0 LTS (hash fbe6228777e7 built 2026-07-14 01:31:22)

Blender quit
