INFO Draco is available, use library at /Applications/Blender.app/Contents/Resources/5.2/scripts/addons_core/io_scene_gltf2/libbf_intern_draco_bridge.dylib
INFO MeshOptimizer is available, use library at /Applications/Blender.app/Contents/Resources/5.2/scripts/addons_core/io_scene_gltf2/libbf_intern_meshopt_bridge.dylib
15:37:24 | INFO: Starting glTF 2.0 export
15:37:24 | INFO: Extracting primitive: 85 Princes Gate Mews | closed upper roof slab
15:37:24 | INFO: Primitives created: 1
15:37:24 | INFO: Extracting primitive: 85 Princes Gate Mews | complete six point original footprint deck
15:37:24 | INFO: Primitives created: 1
15:37:24 | INFO: Extracting primitive: 85 Princes Gate Mews | contained continuous mitred eaves
15:37:24 | INFO: Primitives created: 1
15:37:24 | INFO: Extracting primitive: 85 Princes Gate Mews | deep inset glazing
15:37:24 | INFO: Primitives created: 1
15:37:24 | INFO: Extracting primitive: 85 Princes Gate Mews | deep projecting stone sill
15:37:24 | INFO: Primitives created: 1
15:37:24 | INFO: Extracting primitive: 85 Princes Gate Mews | door head frame
15:37:24 | INFO: Primitives created: 1
15:37:24 | INFO: Extracting primitive: 85 Princes Gate Mews | door jamb
15:37:24 | INFO: Primitives created: 1
15:37:24 | INFO: Extracting primitive: 85 Princes Gate Mews | door transom frame
15:37:24 | INFO: Primitives created: 1
15:37:24 | INFO: Extracting primitive: 85 Princes Gate Mews | door transom glazing
15:37:24 | INFO: Primitives created: 1
15:37:24 | INFO: Extracting primitive: 85 Princes Gate Mews | entrance stone jamb surround
15:37:24 | INFO: Primitives created: 1
15:37:24 | INFO: Extracting primitive: 85 Princes Gate Mews | estimated rear rainwater pipe
15:37:24 | INFO: Primitives created: 1
15:37:24 | INFO: Extracting primitive: 85 Princes Gate Mews | front and rear intermediate course
15:37:24 | INFO: Primitives created: 1
15:37:24 | INFO: Extracting primitive: 85 Princes Gate Mews | ground transom rail
15:37:24 | INFO: Primitives created: 1
15:37:24 | INFO: Extracting primitive: 85 Princes Gate Mews | inset door panels
15:37:24 | INFO: Primitives created: 1
15:37:24 | INFO: Extracting primitive: 85 Princes Gate Mews | inset upper tier recessed glazing
15:37:24 | INFO: Primitives created: 1
15:37:24 | INFO: Extracting primitive: 85 Princes Gate Mews | inset upper tier solid walls
15:37:24 | INFO: Primitives created: 1
15:37:24 | INFO: Extracting primitive: 85 Princes Gate Mews | painted entrance leaf
15:37:24 | INFO: Primitives created: 1
15:37:24 | INFO: Extracting primitive: 85 Princes Gate Mews | pierced wall piers
15:37:24 | INFO: Primitives created: 1
15:37:24 | INFO: Extracting primitive: 85 Princes Gate Mews | pipe fixing collars
15:37:24 | INFO: Primitives created: 1
15:37:24 | INFO: Extracting primitive: 85 Princes Gate Mews | recessed window bottom sash
15:37:24 | INFO: Primitives created: 1
15:37:24 | INFO: Extracting primitive: 85 Princes Gate Mews | recessed window outer sash
15:37:24 | INFO: Primitives created: 1
15:37:24 | INFO: Extracting primitive: 85 Princes Gate Mews | segmented low plinth
15:37:24 | INFO: Primitives created: 1
15:37:24 | INFO: Extracting primitive: 85 Princes Gate Mews | simple entrance lintel
15:37:24 | INFO: Primitives created: 1
15:37:24 | INFO: Extracting primitive: 85 Princes Gate Mews | simple stone window lintel
15:37:24 | INFO: Primitives created: 1
15:37:24 | INFO: Extracting primitive: 85 Princes Gate Mews | soldier-course header blocks
15:37:24 | INFO: Primitives created: 1
15:37:24 | INFO: Extracting primitive: 85 Princes Gate Mews | solid wall lintels
15:37:24 | INFO: Primitives created: 1
15:37:24 | INFO: Extracting primitive: 85 Princes Gate Mews | tripartite mews casement mullions
15:37:24 | INFO: Primitives created: 1
15:37:24 | INFO: Extracting primitive: 85 Princes Gate Mews | upper sash glazing bars
15:37:24 | INFO: Primitives created: 1
15:37:24 | INFO: Extracting primitive: 85 Princes Gate Mews | upper sash meeting rail
15:37:24 | INFO: Primitives created: 1
15:37:24 | INFO: Extracting primitive: 85 Princes Gate Mews | upper window head sill frames
15:37:24 | INFO: Primitives created: 1
15:37:24 | INFO: Extracting primitive: 85 Princes Gate Mews | upper window meeting rail
15:37:24 | INFO: Primitives created: 1
15:37:24 | INFO: Extracting primitive: 85 Princes Gate Mews | upper window stiles
15:37:24 | INFO: Primitives created: 1
15:37:24 | INFO: Extracting primitive: 85 Princes Gate Mews | wall below recessed apertures
15:37:24 | INFO: Primitives created: 1
15:37:24 | INFO: Finished glTF 2.0 export in 0.025418996810913086 s

15:37:24 | INFO: Data are loaded, start creating Blender stuff
15:37:24 | INFO: Blender create Mesh node 85 Princes Gate Mews | closed upper roof slab
15:37:24 | INFO: Blender create Mesh node 85 Princes Gate Mews | complete six point original footprint deck
15:37:24 | INFO: Blender create Mesh node 85 Princes Gate Mews | contained continuous mitred eaves
15:37:24 | INFO: Blender create Mesh node 85 Princes Gate Mews | deep inset glazing
15:37:24 | INFO: Blender create Mesh node 85 Princes Gate Mews | deep projecting stone sill
15:37:24 | INFO: Blender create Mesh node 85 Princes Gate Mews | door head frame
15:37:24 | INFO: Blender create Mesh node 85 Princes Gate Mews | door jamb
15:37:24 | INFO: Blender create Mesh node 85 Princes Gate Mews | door transom frame
15:37:24 | INFO: Blender create Mesh node 85 Princes Gate Mews | door transom glazing
15:37:24 | INFO: Blender create Mesh node 85 Princes Gate Mews | entrance stone jamb surround
15:37:24 | INFO: Blender create Mesh node 85 Princes Gate Mews | estimated rear rainwater pipe
15:37:24 | INFO: Blender create Mesh node 85 Princes Gate Mews | front and rear intermediate course
15:37:24 | INFO: Blender create Mesh node 85 Princes Gate Mews | ground transom rail
15:37:24 | INFO: Blender create Mesh node 85 Princes Gate Mews | inset door panels
15:37:24 | INFO: Blender create Mesh node 85 Princes Gate Mews | inset upper tier recessed glazing
15:37:24 | INFO: Blender create Mesh node 85 Princes Gate Mews | inset upper tier solid walls
15:37:24 | INFO: Blender create Mesh node 85 Princes Gate Mews | painted entrance leaf
15:37:24 | INFO: Blender create Mesh node 85 Princes Gate Mews | pierced wall piers
15:37:24 | INFO: Blender create Mesh node 85 Princes Gate Mews | pipe fixing collars
15:37:24 | INFO: Blender create Mesh node 85 Princes Gate Mews | recessed window bottom sash
15:37:24 | INFO: Blender create Mesh node 85 Princes Gate Mews | recessed window outer sash
15:37:24 | INFO: Blender create Mesh node 85 Princes Gate Mews | segmented low plinth
15:37:24 | INFO: Blender create Mesh node 85 Princes Gate Mews | simple entrance lintel
15:37:24 | INFO: Blender create Mesh node 85 Princes Gate Mews | simple stone window lintel
15:37:24 | INFO: Blender create Mesh node 85 Princes Gate Mews | soldier-course header blocks
15:37:24 | INFO: Blender create Mesh node 85 Princes Gate Mews | solid wall lintels
15:37:24 | INFO: Blender create Mesh node 85 Princes Gate Mews | tripartite mews casement mullions
15:37:24 | INFO: Blender create Mesh node 85 Princes Gate Mews | upper sash glazing bars
15:37:24 | INFO: Blender create Mesh node 85 Princes Gate Mews | upper sash meeting rail
15:37:24 | INFO: Blender create Mesh node 85 Princes Gate Mews | upper window head sill frames
15:37:24 | INFO: Blender create Mesh node 85 Princes Gate Mews | upper window meeting rail
15:37:24 | INFO: Blender create Mesh node 85 Princes Gate Mews | upper window stiles
15:37:24 | INFO: Blender create Mesh node 85 Princes Gate Mews | wall below recessed apertures
15:37:24 | INFO: glTF import finished in 0.02s
85_ONLY_ROUNDTRIP_PASS 33 objects 3596 triangles
Blender 5.2.0 LTS (hash fbe6228777e7 built 2026-07-14 01:31:22)

Blender quit
