/Users/yl222/Desktop/UrbanWorldModelVisualizer/building_completion/scripts/build.py:6: DeprecationWarning: 'Material.use_nodes' is expected to be removed in Blender 6.0
  m=bpy.data.materials.new(name);m.diffuse_color=(*c,1);m.use_nodes=True;m.node_tree.nodes.get('Principled BSDF').inputs['Base Color'].default_value=(*c,1);m.node_tree.nodes.get('Principled BSDF').inputs['Roughness'].default_value=.78;return m
Info: Saved as "buildings_supplement.blend"
INFO Draco is available, use library at /Applications/Blender.app/Contents/Resources/5.2/scripts/addons_core/io_scene_gltf2/libbf_intern_draco_bridge.dylib
INFO MeshOptimizer is available, use library at /Applications/Blender.app/Contents/Resources/5.2/scripts/addons_core/io_scene_gltf2/libbf_intern_meshopt_bridge.dylib
10:07:08 | INFO: Starting glTF 2.0 export
10:07:08 | INFO: Extracting primitive: relation-11163685
10:07:08 | INFO: Primitives created: 3
10:07:08 | INFO: Extracting primitive: relation-11906197
10:07:08 | INFO: Primitives created: 3
10:07:08 | INFO: Extracting primitive: way-58326974
10:07:08 | INFO: Primitives created: 3
10:07:08 | INFO: Extracting primitive: way-104779631
10:07:08 | INFO: Primitives created: 3
10:07:08 | INFO: Extracting primitive: way-104779634
10:07:08 | INFO: Primitives created: 3
10:07:08 | INFO: Extracting primitive: way-107155363
10:07:08 | INFO: Primitives created: 3
10:07:08 | INFO: Extracting primitive: way-107155419
10:07:08 | INFO: Primitives created: 3
10:07:08 | INFO: Extracting primitive: way-113754185
10:07:08 | INFO: Primitives created: 3
10:07:08 | INFO: Extracting primitive: way-113754186
10:07:08 | INFO: Primitives created: 3
10:07:08 | INFO: Extracting primitive: way-113754212
10:07:08 | INFO: Primitives created: 3
10:07:08 | INFO: Extracting primitive: way-118359823
10:07:08 | INFO: Primitives created: 3
10:07:08 | INFO: Extracting primitive: way-130392063
10:07:08 | INFO: Primitives created: 3
10:07:08 | INFO: Extracting primitive: way-130398521
10:07:08 | INFO: Primitives created: 3
10:07:08 | INFO: Extracting primitive: way-130398524
10:07:08 | INFO: Primitives created: 3
10:07:08 | INFO: Extracting primitive: way-130398525
10:07:08 | INFO: Primitives created: 3
10:07:08 | INFO: Extracting primitive: way-130398527
10:07:08 | INFO: Primitives created: 3
10:07:08 | INFO: Extracting primitive: way-130398531
10:07:08 | INFO: Primitives created: 3
10:07:08 | INFO: Extracting primitive: way-130398533
10:07:08 | INFO: Primitives created: 3
10:07:08 | INFO: Extracting primitive: way-130398539
10:07:08 | INFO: Primitives created: 3
10:07:08 | INFO: Extracting primitive: way-130398545
10:07:08 | INFO: Primitives created: 3
10:07:08 | INFO: Extracting primitive: way-130398817
10:07:08 | INFO: Primitives created: 3
10:07:08 | INFO: Extracting primitive: way-130398818
10:07:08 | INFO: Primitives created: 3
10:07:08 | INFO: Extracting primitive: way-130398819
10:07:08 | INFO: Primitives created: 3
10:07:08 | INFO: Extracting primitive: way-142410038
10:07:08 | INFO: Primitives created: 3
10:07:08 | INFO: Extracting primitive: way-154796642
10:07:08 | INFO: Primitives created: 3
10:07:08 | INFO: Extracting primitive: way-158555461
10:07:08 | INFO: Primitives created: 3
10:07:08 | INFO: Extracting primitive: way-158555469
10:07:08 | INFO: Primitives created: 3
10:07:08 | INFO: Extracting primitive: way-158555475
10:07:08 | INFO: Primitives created: 3
10:07:08 | INFO: Extracting primitive: way-158555476
10:07:08 | INFO: Primitives created: 3
10:07:08 | INFO: Extracting primitive: way-158555484
10:07:08 | INFO: Primitives created: 3
10:07:08 | INFO: Extracting primitive: way-158555492
10:07:08 | INFO: Primitives created: 3
10:07:08 | INFO: Extracting primitive: way-158555496
10:07:08 | INFO: Primitives created: 3
10:07:08 | INFO: Extracting primitive: way-158555503
10:07:08 | INFO: Primitives created: 3
10:07:08 | INFO: Extracting primitive: way-158555506
10:07:08 | INFO: Primitives created: 3
10:07:08 | INFO: Extracting primitive: way-158555511
10:07:08 | INFO: Primitives created: 3
10:07:08 | INFO: Extracting primitive: way-158555515
10:07:08 | INFO: Primitives created: 3
10:07:08 | INFO: Extracting primitive: way-158555520
10:07:08 | INFO: Primitives created: 3
10:07:08 | INFO: Extracting primitive: way-158555531
10:07:08 | INFO: Primitives created: 3
10:07:08 | INFO: Extracting primitive: way-158555533
10:07:08 | INFO: Primitives created: 3
10:07:08 | INFO: Extracting primitive: way-158555537
10:07:08 | INFO: Primitives created: 3
10:07:08 | INFO: Extracting primitive: way-192794348
10:07:08 | INFO: Primitives created: 3
10:07:08 | INFO: Extracting primitive: way-192794392
10:07:08 | INFO: Primitives created: 3
10:07:08 | INFO: Extracting primitive: way-192794404
10:07:08 | INFO: Primitives created: 3
10:07:08 | INFO: Extracting primitive: way-192794412
10:07:08 | INFO: Primitives created: 3
10:07:08 | INFO: Extracting primitive: way-285593077
10:07:08 | INFO: Primitives created: 3
10:07:08 | INFO: Extracting primitive: way-298912242
10:07:08 | INFO: Primitives created: 3
10:07:08 | INFO: Extracting primitive: way-332146896
10:07:08 | INFO: Primitives created: 3
10:07:08 | INFO: Extracting primitive: way-356687570
10:07:08 | INFO: Primitives created: 3
10:07:08 | INFO: Extracting primitive: way-356687572
10:07:08 | INFO: Primitives created: 3
10:07:08 | INFO: Extracting primitive: way-356687580
10:07:08 | INFO: Primitives created: 3
10:07:08 | INFO: Extracting primitive: way-356687584
10:07:08 | INFO: Primitives created: 3
10:07:08 | INFO: Extracting primitive: way-356687585
10:07:08 | INFO: Primitives created: 3
10:07:08 | INFO: Extracting primitive: way-356687586
10:07:08 | INFO: Primitives created: 3
10:07:08 | INFO: Extracting primitive: way-356767591
10:07:08 | INFO: Primitives created: 3
10:07:08 | INFO: Extracting primitive: way-356767592
10:07:08 | INFO: Primitives created: 3
10:07:08 | INFO: Extracting primitive: way-356767593
10:07:08 | INFO: Primitives created: 3
10:07:08 | INFO: Extracting primitive: way-356767594
10:07:08 | INFO: Primitives created: 3
10:07:08 | INFO: Extracting primitive: way-356767595
10:07:08 | INFO: Primitives created: 3
10:07:08 | INFO: Extracting primitive: way-356767597
10:07:08 | INFO: Primitives created: 3
10:07:08 | INFO: Extracting primitive: way-356767598
10:07:08 | INFO: Primitives created: 3
10:07:08 | INFO: Extracting primitive: way-356767599
10:07:08 | INFO: Primitives created: 3
10:07:08 | INFO: Extracting primitive: way-356767600
10:07:08 | INFO: Primitives created: 3
10:07:08 | INFO: Extracting primitive: way-356767602
10:07:08 | INFO: Primitives created: 3
10:07:08 | INFO: Extracting primitive: way-356767603
10:07:08 | INFO: Primitives created: 3
10:07:08 | INFO: Extracting primitive: way-356767604
10:07:08 | INFO: Primitives created: 3
10:07:08 | INFO: Extracting primitive: way-356767606
10:07:08 | INFO: Primitives created: 3
10:07:08 | INFO: Extracting primitive: way-356767611
10:07:08 | INFO: Primitives created: 3
10:07:08 | INFO: Extracting primitive: way-356767615
10:07:08 | INFO: Primitives created: 3
10:07:08 | INFO: Extracting primitive: way-356767619
10:07:08 | INFO: Primitives created: 3
10:07:08 | INFO: Extracting primitive: way-356767622
10:07:08 | INFO: Primitives created: 3
10:07:08 | INFO: Extracting primitive: way-356767626
10:07:08 | INFO: Primitives created: 3
10:07:08 | INFO: Extracting primitive: way-356767627
10:07:08 | INFO: Primitives created: 3
10:07:08 | INFO: Extracting primitive: way-356767628
10:07:08 | INFO: Primitives created: 3
10:07:08 | INFO: Extracting primitive: way-356767630
10:07:08 | INFO: Primitives created: 3
10:07:08 | INFO: Extracting primitive: way-356767635
10:07:08 | INFO: Primitives created: 3
10:07:08 | INFO: Extracting primitive: way-356767636
10:07:08 | INFO: Primitives created: 3
10:07:08 | INFO: Extracting primitive: way-356767637
10:07:08 | INFO: Primitives created: 3
10:07:08 | INFO: Extracting primitive: way-356767638
10:07:08 | INFO: Primitives created: 3
10:07:08 | INFO: Extracting primitive: way-356767640
10:07:08 | INFO: Primitives created: 3
10:07:08 | INFO: Extracting primitive: way-356767643
10:07:08 | INFO: Primitives created: 3
10:07:08 | INFO: Extracting primitive: way-356767649
10:07:08 | INFO: Primitives created: 3
10:07:08 | INFO: Extracting primitive: way-356767654
10:07:08 | INFO: Primitives created: 3
10:07:08 | INFO: Extracting primitive: way-356767657
10:07:08 | INFO: Primitives created: 3
10:07:08 | INFO: Extracting primitive: way-356767658
10:07:08 | INFO: Primitives created: 3
10:07:08 | INFO: Extracting primitive: way-356767664
10:07:08 | INFO: Primitives created: 3
10:07:08 | INFO: Extracting primitive: way-356767665
10:07:08 | INFO: Primitives created: 3
10:07:08 | INFO: Extracting primitive: way-363961504
10:07:08 | INFO: Primitives created: 3
10:07:08 | INFO: Extracting primitive: way-364317049
10:07:08 | INFO: Primitives created: 3
10:07:08 | INFO: Extracting primitive: way-364317087
10:07:08 | INFO: Primitives created: 3
10:07:08 | INFO: Extracting primitive: way-389921829
10:07:08 | INFO: Primitives created: 3
10:07:08 | INFO: Extracting primitive: way-392108384
10:07:08 | INFO: Primitives created: 3
10:07:08 | INFO: Extracting primitive: way-392722408
10:07:08 | INFO: Primitives created: 3
10:07:08 | INFO: Extracting primitive: way-485840629
10:07:08 | INFO: Primitives created: 3
10:07:08 | INFO: Extracting primitive: way-638451652
10:07:08 | INFO: Primitives created: 3
10:07:08 | INFO: Extracting primitive: way-638460197
10:07:08 | INFO: Primitives created: 3
10:07:08 | INFO: Extracting primitive: way-638460198
10:07:08 | INFO: Primitives created: 3
10:07:08 | INFO: Extracting primitive: way-638460199
10:07:08 | INFO: Primitives created: 3
10:07:08 | INFO: Extracting primitive: way-638460200
10:07:08 | INFO: Primitives created: 3
10:07:08 | INFO: Extracting primitive: way-638460201
10:07:08 | INFO: Primitives created: 3
10:07:08 | INFO: Extracting primitive: way-638460202
10:07:08 | INFO: Primitives created: 3
10:07:08 | INFO: Extracting primitive: way-638460203
10:07:08 | INFO: Primitives created: 3
10:07:08 | INFO: Extracting primitive: way-638460213
10:07:08 | INFO: Primitives created: 3
10:07:08 | INFO: Extracting primitive: way-638465754
10:07:08 | INFO: Primitives created: 3
10:07:08 | INFO: Extracting primitive: way-638465755
10:07:08 | INFO: Primitives created: 3
10:07:08 | INFO: Extracting primitive: way-638465756
10:07:08 | INFO: Primitives created: 3
10:07:08 | INFO: Extracting primitive: way-638465757
10:07:08 | INFO: Primitives created: 3
10:07:08 | INFO: Extracting primitive: way-638465758
10:07:08 | INFO: Primitives created: 3
10:07:08 | INFO: Extracting primitive: way-638465759
10:07:08 | INFO: Primitives created: 3
10:07:08 | INFO: Extracting primitive: way-638503190
10:07:08 | INFO: Primitives created: 3
10:07:08 | INFO: Extracting primitive: way-638505989
10:07:08 | INFO: Primitives created: 3
10:07:08 | INFO: Extracting primitive: way-638505990
10:07:08 | INFO: Primitives created: 3
10:07:08 | INFO: Extracting primitive: way-638505991
10:07:08 | INFO: Primitives created: 3
10:07:08 | INFO: Extracting primitive: way-638505992
10:07:08 | INFO: Primitives created: 3
10:07:08 | INFO: Extracting primitive: way-638505993
10:07:08 | INFO: Primitives created: 3
10:07:08 | INFO: Extracting primitive: way-638505994
10:07:08 | INFO: Primitives created: 3
10:07:08 | INFO: Extracting primitive: way-638505995
10:07:08 | INFO: Primitives created: 3
10:07:08 | INFO: Extracting primitive: way-640097059
10:07:08 | INFO: Primitives created: 3
10:07:08 | INFO: Extracting primitive: way-699513118
10:07:08 | INFO: Primitives created: 3
10:07:08 | INFO: Extracting primitive: way-699513121
10:07:08 | INFO: Primitives created: 3
10:07:08 | INFO: Extracting primitive: way-751914367
10:07:08 | INFO: Primitives created: 3
10:07:08 | INFO: Extracting primitive: way-751914368
10:07:08 | INFO: Primitives created: 3
10:07:08 | INFO: Extracting primitive: way-753293035
10:07:08 | INFO: Primitives created: 3
10:07:08 | INFO: Extracting primitive: way-753293036
10:07:08 | INFO: Primitives created: 3
10:07:08 | INFO: Extracting primitive: way-753293037
10:07:08 | INFO: Primitives created: 3
10:07:08 | INFO: Extracting primitive: way-761266221
10:07:08 | INFO: Primitives created: 3
10:07:08 | INFO: Extracting primitive: way-761266223
10:07:08 | INFO: Primitives created: 3
10:07:08 | INFO: Extracting primitive: way-761266224
10:07:08 | INFO: Primitives created: 3
10:07:08 | INFO: Extracting primitive: way-761266225
10:07:08 | INFO: Primitives created: 3
10:07:08 | INFO: Extracting primitive: way-761266226
10:07:08 | INFO: Primitives created: 3
10:07:08 | INFO: Extracting primitive: way-761304873
10:07:08 | INFO: Primitives created: 3
10:07:08 | INFO: Extracting primitive: way-761391323
10:07:08 | INFO: Primitives created: 3
10:07:08 | INFO: Extracting primitive: way-761391324
10:07:08 | INFO: Primitives created: 3
10:07:08 | INFO: Extracting primitive: way-761391325
10:07:08 | INFO: Primitives created: 3
10:07:08 | INFO: Extracting primitive: way-761391338
10:07:08 | INFO: Primitives created: 3
10:07:08 | INFO: Extracting primitive: way-761391339
10:07:08 | INFO: Primitives created: 3
10:07:08 | INFO: Extracting primitive: way-761391340
10:07:08 | INFO: Primitives created: 3
10:07:08 | INFO: Extracting primitive: way-761391341
10:07:08 | INFO: Primitives created: 3
10:07:08 | INFO: Extracting primitive: way-761399760
10:07:08 | INFO: Primitives created: 3
10:07:08 | INFO: Extracting primitive: way-761399761
10:07:08 | INFO: Primitives created: 3
10:07:08 | INFO: Extracting primitive: way-761651958
10:07:08 | INFO: Primitives created: 3
10:07:08 | INFO: Extracting primitive: way-761651959
10:07:08 | INFO: Primitives created: 3
10:07:08 | INFO: Extracting primitive: way-761651960
10:07:08 | INFO: Primitives created: 3
10:07:08 | INFO: Extracting primitive: way-761651961
10:07:08 | INFO: Primitives created: 3
10:07:08 | INFO: Extracting primitive: way-761651970
10:07:08 | INFO: Primitives created: 3
10:07:08 | INFO: Extracting primitive: way-761651971
10:07:08 | INFO: Primitives created: 3
10:07:08 | INFO: Extracting primitive: way-761651973
10:07:08 | INFO: Primitives created: 3
10:07:08 | INFO: Extracting primitive: way-761651974
10:07:08 | INFO: Primitives created: 3
10:07:08 | INFO: Extracting primitive: way-761651975
10:07:08 | INFO: Primitives created: 3
10:07:08 | INFO: Extracting primitive: way-761651977
10:07:08 | INFO: Primitives created: 3
10:07:08 | INFO: Extracting primitive: way-761651986
10:07:08 | INFO: Primitives created: 3
10:07:08 | INFO: Extracting primitive: way-761651987
10:07:08 | INFO: Primitives created: 3
10:07:08 | INFO: Extracting primitive: way-762036683
10:07:08 | INFO: Primitives created: 3
10:07:08 | INFO: Extracting primitive: way-762036684
10:07:08 | INFO: Primitives created: 3
10:07:08 | INFO: Extracting primitive: way-762036688
10:07:08 | INFO: Primitives created: 3
10:07:08 | INFO: Extracting primitive: way-762036693
10:07:08 | INFO: Primitives created: 3
10:07:08 | INFO: Extracting primitive: way-762036694
10:07:08 | INFO: Primitives created: 3
10:07:08 | INFO: Extracting primitive: way-762250696
10:07:08 | INFO: Primitives created: 3
10:07:08 | INFO: Extracting primitive: way-762250697
10:07:08 | INFO: Primitives created: 3
10:07:08 | INFO: Extracting primitive: way-762250698
10:07:08 | INFO: Primitives created: 3
10:07:08 | INFO: Extracting primitive: way-762250699
10:07:08 | INFO: Primitives created: 3
10:07:08 | INFO: Extracting primitive: way-762250700
10:07:08 | INFO: Primitives created: 3
10:07:08 | INFO: Extracting primitive: way-762250701
10:07:08 | INFO: Primitives created: 3
10:07:08 | INFO: Extracting primitive: way-762250705
10:07:08 | INFO: Primitives created: 3
10:07:08 | INFO: Extracting primitive: way-762250706
10:07:08 | INFO: Primitives created: 3
10:07:08 | INFO: Extracting primitive: way-762414366
10:07:08 | INFO: Primitives created: 3
10:07:08 | INFO: Extracting primitive: way-764332851
10:07:08 | INFO: Primitives created: 3
10:07:08 | INFO: Extracting primitive: way-764332852
10:07:08 | INFO: Primitives created: 3
10:07:08 | INFO: Extracting primitive: way-764332853
10:07:08 | INFO: Primitives created: 3
10:07:08 | INFO: Extracting primitive: way-764332858
10:07:08 | INFO: Primitives created: 3
10:07:08 | INFO: Extracting primitive: way-764332860
10:07:08 | INFO: Primitives created: 3
10:07:08 | INFO: Extracting primitive: way-764332862
10:07:08 | INFO: Primitives created: 3
10:07:08 | INFO: Extracting primitive: way-764503819
10:07:08 | INFO: Primitives created: 3
10:07:08 | INFO: Extracting primitive: way-764547415
10:07:08 | INFO: Primitives created: 3
10:07:08 | INFO: Extracting primitive: way-765775694
10:07:08 | INFO: Primitives created: 3
10:07:08 | INFO: Extracting primitive: way-765775695
10:07:08 | INFO: Primitives created: 3
10:07:08 | INFO: Extracting primitive: way-765871214
10:07:08 | INFO: Primitives created: 3
10:07:08 | INFO: Extracting primitive: way-791728225
10:07:08 | INFO: Primitives created: 3
10:07:08 | INFO: Extracting primitive: way-791728233
10:07:08 | INFO: Primitives created: 3
10:07:08 | INFO: Extracting primitive: way-791728240
10:07:08 | INFO: Primitives created: 3
10:07:08 | INFO: Extracting primitive: way-791728250
10:07:08 | INFO: Primitives created: 3
10:07:08 | INFO: Extracting primitive: way-791728251
10:07:08 | INFO: Primitives created: 3
10:07:08 | INFO: Extracting primitive: way-793780094
10:07:08 | INFO: Primitives created: 3
10:07:08 | INFO: Extracting primitive: way-794318124
10:07:08 | INFO: Primitives created: 3
10:07:08 | INFO: Extracting primitive: way-809238792
10:07:08 | INFO: Primitives created: 3
10:07:08 | INFO: Extracting primitive: way-810154053
10:07:08 | INFO: Primitives created: 3
10:07:08 | INFO: Extracting primitive: way-810154054
10:07:08 | INFO: Primitives created: 3
10:07:08 | INFO: Extracting primitive: way-810154055
10:07:08 | INFO: Primitives created: 3
10:07:08 | INFO: Extracting primitive: way-810154056
10:07:08 | INFO: Primitives created: 3
10:07:08 | INFO: Extracting primitive: way-810154060
10:07:08 | INFO: Primitives created: 3
10:07:08 | INFO: Extracting primitive: way-810154061
10:07:08 | INFO: Primitives created: 3
10:07:08 | INFO: Extracting primitive: way-810154062
10:07:08 | INFO: Primitives created: 3
10:07:08 | INFO: Extracting primitive: way-810194040
10:07:08 | INFO: Primitives created: 3
10:07:08 | INFO: Extracting primitive: way-810194041
10:07:08 | INFO: Primitives created: 3
10:07:08 | INFO: Extracting primitive: way-810194042
10:07:08 | INFO: Primitives created: 3
10:07:08 | INFO: Extracting primitive: way-810194043
10:07:08 | INFO: Primitives created: 3
10:07:08 | INFO: Extracting primitive: way-810194044
10:07:08 | INFO: Primitives created: 3
10:07:08 | INFO: Extracting primitive: way-810194045
10:07:08 | INFO: Primitives created: 3
10:07:08 | INFO: Extracting primitive: way-810194046
10:07:08 | INFO: Primitives created: 3
10:07:08 | INFO: Extracting primitive: way-810194047
10:07:08 | INFO: Primitives created: 3
10:07:08 | INFO: Extracting primitive: way-810194066
10:07:08 | INFO: Primitives created: 3
10:07:08 | INFO: Extracting primitive: way-810633490
10:07:08 | INFO: Primitives created: 3
10:07:08 | INFO: Extracting primitive: way-810633497
10:07:08 | INFO: Primitives created: 3
10:07:08 | INFO: Extracting primitive: way-810633498
10:07:08 | INFO: Primitives created: 3
10:07:08 | INFO: Extracting primitive: way-810633500
10:07:08 | INFO: Primitives created: 3
10:07:08 | INFO: Extracting primitive: way-810633501
10:07:08 | INFO: Primitives created: 3
10:07:08 | INFO: Extracting primitive: way-810633502
10:07:08 | INFO: Primitives created: 3
10:07:08 | INFO: Extracting primitive: way-810633504
10:07:08 | INFO: Primitives created: 3
10:07:08 | INFO: Extracting primitive: way-810633505
10:07:08 | INFO: Primitives created: 3
10:07:08 | INFO: Extracting primitive: way-810633506
10:07:08 | INFO: Primitives created: 3
10:07:08 | INFO: Extracting primitive: way-810633507
10:07:08 | INFO: Primitives created: 3
10:07:08 | INFO: Extracting primitive: way-810633508
10:07:08 | INFO: Primitives created: 3
10:07:08 | INFO: Extracting primitive: way-810633509
10:07:08 | INFO: Primitives created: 3
10:07:08 | INFO: Extracting primitive: way-810633510
10:07:08 | INFO: Primitives created: 3
10:07:08 | INFO: Extracting primitive: way-810633511
10:07:08 | INFO: Primitives created: 3
10:07:08 | INFO: Extracting primitive: way-810633512
10:07:08 | INFO: Primitives created: 3
10:07:08 | INFO: Extracting primitive: way-810633513
10:07:08 | INFO: Primitives created: 3
10:07:08 | INFO: Extracting primitive: way-810633514
10:07:08 | INFO: Primitives created: 3
10:07:08 | INFO: Extracting primitive: way-810633515
10:07:08 | INFO: Primitives created: 3
10:07:08 | INFO: Extracting primitive: way-810633516
10:07:08 | INFO: Primitives created: 3
10:07:08 | INFO: Extracting primitive: way-810633517
10:07:08 | INFO: Primitives created: 3
10:07:08 | INFO: Extracting primitive: way-810633530
10:07:08 | INFO: Primitives created: 3
10:07:08 | INFO: Extracting primitive: way-833780302
10:07:08 | INFO: Primitives created: 3
10:07:08 | INFO: Extracting primitive: way-833780303
10:07:08 | INFO: Primitives created: 3
10:07:08 | INFO: Extracting primitive: way-833780304
10:07:08 | INFO: Primitives created: 3
10:07:08 | INFO: Extracting primitive: way-838299517
10:07:08 | INFO: Primitives created: 3
10:07:08 | INFO: Extracting primitive: way-838299518
10:07:08 | INFO: Primitives created: 3
10:07:08 | INFO: Extracting primitive: way-838299519
10:07:08 | INFO: Primitives created: 3
10:07:08 | INFO: Extracting primitive: way-838299520
10:07:08 | INFO: Primitives created: 3
10:07:08 | INFO: Extracting primitive: way-838299521
10:07:08 | INFO: Primitives created: 3
10:07:08 | INFO: Extracting primitive: way-838299522
10:07:08 | INFO: Primitives created: 3
10:07:08 | INFO: Extracting primitive: way-851734298
10:07:08 | INFO: Primitives created: 3
10:07:08 | INFO: Extracting primitive: way-851967045
10:07:08 | INFO: Primitives created: 3
10:07:08 | INFO: Extracting primitive: way-851967052
10:07:08 | INFO: Primitives created: 3
10:07:08 | INFO: Extracting primitive: way-851967053
10:07:08 | INFO: Primitives created: 3
10:07:08 | INFO: Extracting primitive: way-851967054
10:07:08 | INFO: Primitives created: 3
10:07:08 | INFO: Extracting primitive: way-851967055
10:07:08 | INFO: Primitives created: 3
10:07:08 | INFO: Extracting primitive: way-851967056
10:07:08 | INFO: Primitives created: 3
10:07:08 | INFO: Extracting primitive: way-851973735
10:07:08 | INFO: Primitives created: 3
10:07:08 | INFO: Extracting primitive: way-860711881
10:07:08 | INFO: Primitives created: 3
10:07:08 | INFO: Extracting primitive: way-860711884
10:07:08 | INFO: Primitives created: 3
10:07:08 | INFO: Extracting primitive: way-860711885
10:07:08 | INFO: Primitives created: 3
10:07:08 | INFO: Extracting primitive: way-870879996
10:07:08 | INFO: Primitives created: 3
10:07:08 | INFO: Extracting primitive: way-870893713
10:07:08 | INFO: Primitives created: 3
10:07:08 | INFO: Extracting primitive: way-870893714
10:07:08 | INFO: Primitives created: 3
10:07:08 | INFO: Extracting primitive: way-870893715
10:07:08 | INFO: Primitives created: 3
10:07:08 | INFO: Extracting primitive: way-870893717
10:07:08 | INFO: Primitives created: 3
10:07:08 | INFO: Extracting primitive: way-870893719
10:07:08 | INFO: Primitives created: 3
10:07:08 | INFO: Extracting primitive: way-870893720
10:07:08 | INFO: Primitives created: 3
10:07:08 | INFO: Extracting primitive: way-870893721
10:07:08 | INFO: Primitives created: 3
10:07:08 | INFO: Extracting primitive: way-870893722
10:07:08 | INFO: Primitives created: 3
10:07:08 | INFO: Extracting primitive: way-871043720
10:07:08 | INFO: Primitives created: 3
10:07:08 | INFO: Extracting primitive: way-871043721
10:07:08 | INFO: Primitives created: 3
10:07:08 | INFO: Extracting primitive: way-871043723
10:07:08 | INFO: Primitives created: 3
10:07:08 | INFO: Extracting primitive: way-871067353
10:07:08 | INFO: Primitives created: 3
10:07:08 | INFO: Extracting primitive: way-871146585
10:07:08 | INFO: Primitives created: 3
10:07:08 | INFO: Extracting primitive: way-871146586
10:07:08 | INFO: Primitives created: 3
10:07:08 | INFO: Extracting primitive: way-871157675
10:07:08 | INFO: Primitives created: 3
10:07:08 | INFO: Extracting primitive: way-871157676
10:07:08 | INFO: Primitives created: 3
10:07:08 | INFO: Extracting primitive: way-871157679
10:07:08 | INFO: Primitives created: 3
10:07:08 | INFO: Extracting primitive: way-872644987
10:07:08 | INFO: Primitives created: 3
10:07:08 | INFO: Extracting primitive: way-872644988
10:07:08 | INFO: Primitives created: 3
10:07:08 | INFO: Extracting primitive: way-872644989
10:07:08 | INFO: Primitives created: 3
10:07:08 | INFO: Extracting primitive: way-872821086
10:07:08 | INFO: Primitives created: 3
10:07:08 | INFO: Extracting primitive: way-872821087
10:07:08 | INFO: Primitives created: 3
10:07:08 | INFO: Extracting primitive: way-872821090
10:07:08 | INFO: Primitives created: 3
10:07:08 | INFO: Extracting primitive: way-872821091
10:07:08 | INFO: Primitives created: 3
10:07:08 | INFO: Extracting primitive: way-872821092
10:07:08 | INFO: Primitives created: 3
10:07:08 | INFO: Extracting primitive: way-873388737
10:07:08 | INFO: Primitives created: 3
10:07:08 | INFO: Extracting primitive: way-888717336
10:07:08 | INFO: Primitives created: 3
10:07:08 | INFO: Extracting primitive: way-889614950
10:07:08 | INFO: Primitives created: 3
10:07:08 | INFO: Extracting primitive: way-889614957
10:07:08 | INFO: Primitives created: 3
10:07:08 | INFO: Extracting primitive: way-889954708
10:07:08 | INFO: Primitives created: 3
10:07:08 | INFO: Extracting primitive: way-922721434
10:07:08 | INFO: Primitives created: 3
10:07:08 | INFO: Extracting primitive: way-999059265
10:07:08 | INFO: Primitives created: 3
10:07:08 | INFO: Extracting primitive: way-999059266
10:07:08 | INFO: Primitives created: 3
10:07:08 | INFO: Extracting primitive: way-999219668
10:07:08 | INFO: Primitives created: 3
10:07:08 | INFO: Extracting primitive: way-999219669
10:07:08 | INFO: Primitives created: 3
10:07:08 | INFO: Extracting primitive: way-999219670
10:07:08 | INFO: Primitives created: 3
10:07:08 | INFO: Extracting primitive: way-1001300780
10:07:08 | INFO: Primitives created: 3
10:07:08 | INFO: Extracting primitive: way-1001300784
10:07:08 | INFO: Primitives created: 3
10:07:08 | INFO: Extracting primitive: way-1001300785
10:07:08 | INFO: Primitives created: 3
10:07:08 | INFO: Extracting primitive: way-1001300786
10:07:08 | INFO: Primitives created: 3
10:07:08 | INFO: Extracting primitive: way-1001300787
10:07:08 | INFO: Primitives created: 3
10:07:08 | INFO: Extracting primitive: way-1001300788
10:07:08 | INFO: Primitives created: 3
10:07:08 | INFO: Extracting primitive: way-1001300789
10:07:08 | INFO: Primitives created: 3
10:07:08 | INFO: Extracting primitive: way-1001300790
10:07:08 | INFO: Primitives created: 3
10:07:08 | INFO: Extracting primitive: way-1001300791
10:07:08 | INFO: Primitives created: 3
10:07:08 | INFO: Extracting primitive: way-1001300792
10:07:08 | INFO: Primitives created: 3
10:07:08 | INFO: Extracting primitive: way-1001300793
10:07:08 | INFO: Primitives created: 3
10:07:08 | INFO: Extracting primitive: way-1001300794
10:07:08 | INFO: Primitives created: 3
10:07:08 | INFO: Extracting primitive: way-1001486933
10:07:08 | INFO: Primitives created: 3
10:07:08 | INFO: Extracting primitive: way-1001486934
10:07:08 | INFO: Primitives created: 3
10:07:08 | INFO: Extracting primitive: way-1001486935
10:07:08 | INFO: Primitives created: 3
10:07:08 | INFO: Extracting primitive: way-1001486936
10:07:08 | INFO: Primitives created: 3
10:07:08 | INFO: Extracting primitive: way-1001486937
10:07:08 | INFO: Primitives created: 3
10:07:08 | INFO: Extracting primitive: way-1001486938
10:07:08 | INFO: Primitives created: 3
10:07:08 | INFO: Extracting primitive: way-1001486939
10:07:08 | INFO: Primitives created: 3
10:07:08 | INFO: Extracting primitive: way-1001486940
10:07:08 | INFO: Primitives created: 3
10:07:08 | INFO: Extracting primitive: way-1001486941
10:07:08 | INFO: Primitives created: 3
10:07:08 | INFO: Extracting primitive: way-1001486942
10:07:08 | INFO: Primitives created: 3
10:07:08 | INFO: Extracting primitive: way-1001486986
10:07:08 | INFO: Primitives created: 3
10:07:08 | INFO: Extracting primitive: way-1001626271
10:07:08 | INFO: Primitives created: 3
10:07:08 | INFO: Extracting primitive: way-1001626272
10:07:08 | INFO: Primitives created: 3
10:07:08 | INFO: Extracting primitive: way-1001626273
10:07:08 | INFO: Primitives created: 3
10:07:08 | INFO: Extracting primitive: way-1001626274
10:07:08 | INFO: Primitives created: 3
10:07:08 | INFO: Extracting primitive: way-1444480260
10:07:08 | INFO: Primitives created: 3
10:07:08 | INFO: Finished glTF 2.0 export in 0.3410530090332031 s

10:07:08 | INFO: Data are loaded, start creating Blender stuff
10:07:08 | INFO: Blender create Mesh node relation-11163685
10:07:08 | INFO: Blender create Mesh node relation-11906197
10:07:08 | INFO: Blender create Mesh node way-58326974
10:07:08 | INFO: Blender create Mesh node way-104779631
10:07:08 | INFO: Blender create Mesh node way-104779634
10:07:08 | INFO: Blender create Mesh node way-107155363
10:07:08 | INFO: Blender create Mesh node way-107155419
10:07:08 | INFO: Blender create Mesh node way-113754185
10:07:08 | INFO: Blender create Mesh node way-113754186
10:07:08 | INFO: Blender create Mesh node way-113754212
10:07:08 | INFO: Blender create Mesh node way-118359823
10:07:08 | INFO: Blender create Mesh node way-130392063
10:07:08 | INFO: Blender create Mesh node way-130398521
10:07:08 | INFO: Blender create Mesh node way-130398524
10:07:08 | INFO: Blender create Mesh node way-130398525
10:07:08 | INFO: Blender create Mesh node way-130398527
10:07:08 | INFO: Blender create Mesh node way-130398531
10:07:08 | INFO: Blender create Mesh node way-130398533
10:07:08 | INFO: Blender create Mesh node way-130398539
10:07:08 | INFO: Blender create Mesh node way-130398545
10:07:08 | INFO: Blender create Mesh node way-130398817
10:07:08 | INFO: Blender create Mesh node way-130398818
10:07:08 | INFO: Blender create Mesh node way-130398819
10:07:08 | INFO: Blender create Mesh node way-142410038
10:07:08 | INFO: Blender create Mesh node way-154796642
10:07:08 | INFO: Blender create Mesh node way-158555461
10:07:08 | INFO: Blender create Mesh node way-158555469
10:07:08 | INFO: Blender create Mesh node way-158555475
10:07:08 | INFO: Blender create Mesh node way-158555476
10:07:08 | INFO: Blender create Mesh node way-158555484
10:07:08 | INFO: Blender create Mesh node way-158555492
10:07:08 | INFO: Blender create Mesh node way-158555496
10:07:08 | INFO: Blender create Mesh node way-158555503
10:07:08 | INFO: Blender create Mesh node way-158555506
10:07:08 | INFO: Blender create Mesh node way-158555511
10:07:08 | INFO: Blender create Mesh node way-158555515
10:07:08 | INFO: Blender create Mesh node way-158555520
10:07:08 | INFO: Blender create Mesh node way-158555531
10:07:08 | INFO: Blender create Mesh node way-158555533
10:07:08 | INFO: Blender create Mesh node way-158555537
10:07:08 | INFO: Blender create Mesh node way-192794348
10:07:08 | INFO: Blender create Mesh node way-192794392
10:07:08 | INFO: Blender create Mesh node way-192794404
10:07:08 | INFO: Blender create Mesh node way-192794412
10:07:08 | INFO: Blender create Mesh node way-285593077
10:07:08 | INFO: Blender create Mesh node way-298912242
10:07:08 | INFO: Blender create Mesh node way-332146896
10:07:08 | INFO: Blender create Mesh node way-356687570
10:07:08 | INFO: Blender create Mesh node way-356687572
10:07:08 | INFO: Blender create Mesh node way-356687580
10:07:08 | INFO: Blender create Mesh node way-356687584
10:07:08 | INFO: Blender create Mesh node way-356687585
10:07:08 | INFO: Blender create Mesh node way-356687586
10:07:08 | INFO: Blender create Mesh node way-356767591
10:07:08 | INFO: Blender create Mesh node way-356767592
10:07:08 | INFO: Blender create Mesh node way-356767593
10:07:08 | INFO: Blender create Mesh node way-356767594
10:07:08 | INFO: Blender create Mesh node way-356767595
10:07:08 | INFO: Blender create Mesh node way-356767597
10:07:08 | INFO: Blender create Mesh node way-356767598
10:07:08 | INFO: Blender create Mesh node way-356767599
10:07:08 | INFO: Blender create Mesh node way-356767600
10:07:08 | INFO: Blender create Mesh node way-356767602
10:07:08 | INFO: Blender create Mesh node way-356767603
10:07:08 | INFO: Blender create Mesh node way-356767604
10:07:08 | INFO: Blender create Mesh node way-356767606
10:07:08 | INFO: Blender create Mesh node way-356767611
10:07:08 | INFO: Blender create Mesh node way-356767615
10:07:08 | INFO: Blender create Mesh node way-356767619
10:07:08 | INFO: Blender create Mesh node way-356767622
10:07:08 | INFO: Blender create Mesh node way-356767626
10:07:08 | INFO: Blender create Mesh node way-356767627
10:07:08 | INFO: Blender create Mesh node way-356767628
10:07:08 | INFO: Blender create Mesh node way-356767630
10:07:08 | INFO: Blender create Mesh node way-356767635
10:07:08 | INFO: Blender create Mesh node way-356767636
10:07:08 | INFO: Blender create Mesh node way-356767637
10:07:08 | INFO: Blender create Mesh node way-356767638
10:07:08 | INFO: Blender create Mesh node way-356767640
10:07:08 | INFO: Blender create Mesh node way-356767643
10:07:08 | INFO: Blender create Mesh node way-356767649
10:07:08 | INFO: Blender create Mesh node way-356767654
10:07:08 | INFO: Blender create Mesh node way-356767657
10:07:08 | INFO: Blender create Mesh node way-356767658
10:07:08 | INFO: Blender create Mesh node way-356767664
10:07:08 | INFO: Blender create Mesh node way-356767665
10:07:08 | INFO: Blender create Mesh node way-363961504
10:07:08 | INFO: Blender create Mesh node way-364317049
10:07:08 | INFO: Blender create Mesh node way-364317087
10:07:08 | INFO: Blender create Mesh node way-389921829
10:07:08 | INFO: Blender create Mesh node way-392108384
10:07:08 | INFO: Blender create Mesh node way-392722408
10:07:08 | INFO: Blender create Mesh node way-485840629
10:07:08 | INFO: Blender create Mesh node way-638451652
10:07:08 | INFO: Blender create Mesh node way-638460197
10:07:08 | INFO: Blender create Mesh node way-638460198
10:07:08 | INFO: Blender create Mesh node way-638460199
10:07:08 | INFO: Blender create Mesh node way-638460200
10:07:08 | INFO: Blender create Mesh node way-638460201
10:07:08 | INFO: Blender create Mesh node way-638460202
10:07:08 | INFO: Blender create Mesh node way-638460203
10:07:08 | INFO: Blender create Mesh node way-638460213
10:07:08 | INFO: Blender create Mesh node way-638465754
10:07:08 | INFO: Blender create Mesh node way-638465755
10:07:08 | INFO: Blender create Mesh node way-638465756
10:07:08 | INFO: Blender create Mesh node way-638465757
10:07:08 | INFO: Blender create Mesh node way-638465758
10:07:08 | INFO: Blender create Mesh node way-638465759
10:07:08 | INFO: Blender create Mesh node way-638503190
10:07:08 | INFO: Blender create Mesh node way-638505989
10:07:08 | INFO: Blender create Mesh node way-638505990
10:07:08 | INFO: Blender create Mesh node way-638505991
10:07:08 | INFO: Blender create Mesh node way-638505992
10:07:08 | INFO: Blender create Mesh node way-638505993
10:07:08 | INFO: Blender create Mesh node way-638505994
10:07:08 | INFO: Blender create Mesh node way-638505995
10:07:08 | INFO: Blender create Mesh node way-640097059
10:07:08 | INFO: Blender create Mesh node way-699513118
10:07:08 | INFO: Blender create Mesh node way-699513121
10:07:08 | INFO: Blender create Mesh node way-751914367
10:07:08 | INFO: Blender create Mesh node way-751914368
10:07:08 | INFO: Blender create Mesh node way-753293035
10:07:08 | INFO: Blender create Mesh node way-753293036
10:07:08 | INFO: Blender create Mesh node way-753293037
10:07:08 | INFO: Blender create Mesh node way-761266221
10:07:08 | INFO: Blender create Mesh node way-761266223
10:07:08 | INFO: Blender create Mesh node way-761266224
10:07:08 | INFO: Blender create Mesh node way-761266225
10:07:08 | INFO: Blender create Mesh node way-761266226
10:07:08 | INFO: Blender create Mesh node way-761304873
10:07:08 | INFO: Blender create Mesh node way-761391323
10:07:08 | INFO: Blender create Mesh node way-761391324
10:07:08 | INFO: Blender create Mesh node way-761391325
10:07:08 | INFO: Blender create Mesh node way-761391338
10:07:08 | INFO: Blender create Mesh node way-761391339
10:07:08 | INFO: Blender create Mesh node way-761391340
10:07:08 | INFO: Blender create Mesh node way-761391341
10:07:08 | INFO: Blender create Mesh node way-761399760
10:07:08 | INFO: Blender create Mesh node way-761399761
10:07:08 | INFO: Blender create Mesh node way-761651958
10:07:08 | INFO: Blender create Mesh node way-761651959
10:07:08 | INFO: Blender create Mesh node way-761651960
10:07:08 | INFO: Blender create Mesh node way-761651961
10:07:08 | INFO: Blender create Mesh node way-761651970
10:07:08 | INFO: Blender create Mesh node way-761651971
10:07:08 | INFO: Blender create Mesh node way-761651973
10:07:08 | INFO: Blender create Mesh node way-761651974
10:07:08 | INFO: Blender create Mesh node way-761651975
10:07:08 | INFO: Blender create Mesh node way-761651977
10:07:08 | INFO: Blender create Mesh node way-761651986
10:07:08 | INFO: Blender create Mesh node way-761651987
10:07:08 | INFO: Blender create Mesh node way-762036683
10:07:08 | INFO: Blender create Mesh node way-762036684
10:07:08 | INFO: Blender create Mesh node way-762036688
10:07:08 | INFO: Blender create Mesh node way-762036693
10:07:08 | INFO: Blender create Mesh node way-762036694
10:07:08 | INFO: Blender create Mesh node way-762250696
10:07:08 | INFO: Blender create Mesh node way-762250697
10:07:08 | INFO: Blender create Mesh node way-762250698
10:07:08 | INFO: Blender create Mesh node way-762250699
10:07:08 | INFO: Blender create Mesh node way-762250700
10:07:08 | INFO: Blender create Mesh node way-762250701
10:07:08 | INFO: Blender create Mesh node way-762250705
10:07:08 | INFO: Blender create Mesh node way-762250706
10:07:08 | INFO: Blender create Mesh node way-762414366
10:07:08 | INFO: Blender create Mesh node way-764332851
10:07:08 | INFO: Blender create Mesh node way-764332852
10:07:08 | INFO: Blender create Mesh node way-764332853
10:07:09 | INFO: Blender create Mesh node way-764332858
10:07:09 | INFO: Blender create Mesh node way-764332860
10:07:09 | INFO: Blender create Mesh node way-764332862
10:07:09 | INFO: Blender create Mesh node way-764503819
10:07:09 | INFO: Blender create Mesh node way-764547415
10:07:09 | INFO: Blender create Mesh node way-765775694
10:07:09 | INFO: Blender create Mesh node way-765775695
10:07:09 | INFO: Blender create Mesh node way-765871214
10:07:09 | INFO: Blender create Mesh node way-791728225
10:07:09 | INFO: Blender create Mesh node way-791728233
10:07:09 | INFO: Blender create Mesh node way-791728240
10:07:09 | INFO: Blender create Mesh node way-791728250
10:07:09 | INFO: Blender create Mesh node way-791728251
10:07:09 | INFO: Blender create Mesh node way-793780094
10:07:09 | INFO: Blender create Mesh node way-794318124
10:07:09 | INFO: Blender create Mesh node way-809238792
10:07:09 | INFO: Blender create Mesh node way-810154053
10:07:09 | INFO: Blender create Mesh node way-810154054
10:07:09 | INFO: Blender create Mesh node way-810154055
10:07:09 | INFO: Blender create Mesh node way-810154056
10:07:09 | INFO: Blender create Mesh node way-810154060
10:07:09 | INFO: Blender create Mesh node way-810154061
10:07:09 | INFO: Blender create Mesh node way-810154062
10:07:09 | INFO: Blender create Mesh node way-810194040
10:07:09 | INFO: Blender create Mesh node way-810194041
10:07:09 | INFO: Blender create Mesh node way-810194042
10:07:09 | INFO: Blender create Mesh node way-810194043
10:07:09 | INFO: Blender create Mesh node way-810194044
10:07:09 | INFO: Blender create Mesh node way-810194045
10:07:09 | INFO: Blender create Mesh node way-810194046
10:07:09 | INFO: Blender create Mesh node way-810194047
10:07:09 | INFO: Blender create Mesh node way-810194066
10:07:09 | INFO: Blender create Mesh node way-810633490
10:07:09 | INFO: Blender create Mesh node way-810633497
10:07:09 | INFO: Blender create Mesh node way-810633498
10:07:09 | INFO: Blender create Mesh node way-810633500
10:07:09 | INFO: Blender create Mesh node way-810633501
10:07:09 | INFO: Blender create Mesh node way-810633502
10:07:09 | INFO: Blender create Mesh node way-810633504
10:07:09 | INFO: Blender create Mesh node way-810633505
10:07:09 | INFO: Blender create Mesh node way-810633506
10:07:09 | INFO: Blender create Mesh node way-810633507
10:07:09 | INFO: Blender create Mesh node way-810633508
10:07:09 | INFO: Blender create Mesh node way-810633509
10:07:09 | INFO: Blender create Mesh node way-810633510
10:07:09 | INFO: Blender create Mesh node way-810633511
10:07:09 | INFO: Blender create Mesh node way-810633512
10:07:09 | INFO: Blender create Mesh node way-810633513
10:07:09 | INFO: Blender create Mesh node way-810633514
10:07:09 | INFO: Blender create Mesh node way-810633515
10:07:09 | INFO: Blender create Mesh node way-810633516
10:07:09 | INFO: Blender create Mesh node way-810633517
10:07:09 | INFO: Blender create Mesh node way-810633530
10:07:09 | INFO: Blender create Mesh node way-833780302
10:07:09 | INFO: Blender create Mesh node way-833780303
10:07:09 | INFO: Blender create Mesh node way-833780304
10:07:09 | INFO: Blender create Mesh node way-838299517
10:07:09 | INFO: Blender create Mesh node way-838299518
10:07:09 | INFO: Blender create Mesh node way-838299519
10:07:09 | INFO: Blender create Mesh node way-838299520
10:07:09 | INFO: Blender create Mesh node way-838299521
10:07:09 | INFO: Blender create Mesh node way-838299522
10:07:09 | INFO: Blender create Mesh node way-851734298
10:07:09 | INFO: Blender create Mesh node way-851967045
10:07:09 | INFO: Blender create Mesh node way-851967052
10:07:09 | INFO: Blender create Mesh node way-851967053
10:07:09 | INFO: Blender create Mesh node way-851967054
10:07:09 | INFO: Blender create Mesh node way-851967055
10:07:09 | INFO: Blender create Mesh node way-851967056
10:07:09 | INFO: Blender create Mesh node way-851973735
10:07:09 | INFO: Blender create Mesh node way-860711881
10:07:09 | INFO: Blender create Mesh node way-860711884
10:07:09 | INFO: Blender create Mesh node way-860711885
10:07:09 | INFO: Blender create Mesh node way-870879996
10:07:09 | INFO: Blender create Mesh node way-870893713
10:07:09 | INFO: Blender create Mesh node way-870893714
10:07:09 | INFO: Blender create Mesh node way-870893715
10:07:09 | INFO: Blender create Mesh node way-870893717
10:07:09 | INFO: Blender create Mesh node way-870893719
10:07:09 | INFO: Blender create Mesh node way-870893720
10:07:09 | INFO: Blender create Mesh node way-870893721
10:07:09 | INFO: Blender create Mesh node way-870893722
10:07:09 | INFO: Blender create Mesh node way-871043720
10:07:09 | INFO: Blender create Mesh node way-871043721
10:07:09 | INFO: Blender create Mesh node way-871043723
10:07:09 | INFO: Blender create Mesh node way-871067353
10:07:09 | INFO: Blender create Mesh node way-871146585
10:07:09 | INFO: Blender create Mesh node way-871146586
10:07:09 | INFO: Blender create Mesh node way-871157675
10:07:09 | INFO: Blender create Mesh node way-871157676
10:07:09 | INFO: Blender create Mesh node way-871157679
10:07:09 | INFO: Blender create Mesh node way-872644987
10:07:09 | INFO: Blender create Mesh node way-872644988
10:07:09 | INFO: Blender create Mesh node way-872644989
10:07:09 | INFO: Blender create Mesh node way-872821086
10:07:09 | INFO: Blender create Mesh node way-872821087
10:07:09 | INFO: Blender create Mesh node way-872821090
10:07:09 | INFO: Blender create Mesh node way-872821091
10:07:09 | INFO: Blender create Mesh node way-872821092
10:07:09 | INFO: Blender create Mesh node way-873388737
10:07:09 | INFO: Blender create Mesh node way-888717336
10:07:09 | INFO: Blender create Mesh node way-889614950
10:07:09 | INFO: Blender create Mesh node way-889614957
10:07:09 | INFO: Blender create Mesh node way-889954708
10:07:09 | INFO: Blender create Mesh node way-922721434
10:07:09 | INFO: Blender create Mesh node way-999059265
10:07:09 | INFO: Blender create Mesh node way-999059266
10:07:09 | INFO: Blender create Mesh node way-999219668
10:07:09 | INFO: Blender create Mesh node way-999219669
10:07:09 | INFO: Blender create Mesh node way-999219670
10:07:09 | INFO: Blender create Mesh node way-1001300780
10:07:09 | INFO: Blender create Mesh node way-1001300784
10:07:09 | INFO: Blender create Mesh node way-1001300785
10:07:09 | INFO: Blender create Mesh node way-1001300786
10:07:09 | INFO: Blender create Mesh node way-1001300787
10:07:09 | INFO: Blender create Mesh node way-1001300788
10:07:09 | INFO: Blender create Mesh node way-1001300789
10:07:09 | INFO: Blender create Mesh node way-1001300790
10:07:09 | INFO: Blender create Mesh node way-1001300791
10:07:09 | INFO: Blender create Mesh node way-1001300792
10:07:09 | INFO: Blender create Mesh node way-1001300793
10:07:09 | INFO: Blender create Mesh node way-1001300794
10:07:09 | INFO: Blender create Mesh node way-1001486933
10:07:09 | INFO: Blender create Mesh node way-1001486934
10:07:09 | INFO: Blender create Mesh node way-1001486935
10:07:09 | INFO: Blender create Mesh node way-1001486936
10:07:09 | INFO: Blender create Mesh node way-1001486937
10:07:09 | INFO: Blender create Mesh node way-1001486938
10:07:09 | INFO: Blender create Mesh node way-1001486939
10:07:09 | INFO: Blender create Mesh node way-1001486940
10:07:09 | INFO: Blender create Mesh node way-1001486941
10:07:09 | INFO: Blender create Mesh node way-1001486942
10:07:09 | INFO: Blender create Mesh node way-1001486986
10:07:09 | INFO: Blender create Mesh node way-1001626271
10:07:09 | INFO: Blender create Mesh node way-1001626272
10:07:09 | INFO: Blender create Mesh node way-1001626273
10:07:09 | INFO: Blender create Mesh node way-1001626274
10:07:09 | INFO: Blender create Mesh node way-1444480260
10:07:09 | INFO: glTF import finished in 0.26s
00:03.061  render           | Saved: '/Users/yl222/Desktop/UrbanWorldModelVisualizer/building_completion/reports/overview.png'
00:03.233  render           | Saved: '/Users/yl222/Desktop/UrbanWorldModelVisualizer/building_completion/reports/queens_gate.png'
00:03.337  render           | Saved: '/Users/yl222/Desktop/UrbanWorldModelVisualizer/building_completion/reports/montrose.png'
00:03.437  render           | Saved: '/Users/yl222/Desktop/UrbanWorldModelVisualizer/building_completion/reports/roof.png'
00:03.569  render           | Saved: '/Users/yl222/Desktop/UrbanWorldModelVisualizer/building_completion/reports/rear.png'
Blender 5.2.0 LTS (hash fbe6228777e7 built 2026-07-14 01:31:22)

Blender quit
