/Users/yl222/Desktop/UrbanWorldModelVisualizer/geometry_expansion/scripts/build_expansion_batch.py:28: DeprecationWarning: 'Material.use_nodes' is expected to be removed in Blender 6.0
  m=bpy.data.materials.new(spec['name']);m.use_nodes=True
INFO Draco is available, use library at /Applications/Blender.app/Contents/Resources/5.2/scripts/addons_core/io_scene_gltf2/libbf_intern_draco_bridge.dylib
INFO MeshOptimizer is available, use library at /Applications/Blender.app/Contents/Resources/5.2/scripts/addons_core/io_scene_gltf2/libbf_intern_meshopt_bridge.dylib
11:09:27 | INFO: Starting glTF 2.0 export
11:09:27 | INFO: Extracting primitive: Mews outbuilding1154608372 | closed bottom slab
11:09:27 | INFO: Primitives created: 1
11:09:27 | INFO: Extracting primitive: Mews outbuilding1154608372 | complete thin roof slab
11:09:27 | INFO: Primitives created: 1
11:09:27 | INFO: Extracting primitive: Mews outbuilding1154608372 | continuous closed masonry perimeter
11:09:27 | INFO: Primitives created: 1
11:09:27 | INFO: Extracting primitive: Mews outbuilding1154608372 | corner boundary strips
11:09:27 | INFO: Primitives created: 1
11:09:27 | INFO: Extracting primitive: Mews outbuilding1154608372 | inset masonry base trim
11:09:27 | INFO: Primitives created: 1
11:09:27 | INFO: Extracting primitive: Mews outbuilding1154608372 | low mitred coping
11:09:27 | INFO: Primitives created: 1
11:09:27 | INFO: Extracting primitive: Mews outbuilding1154608372 | low roof weather upstand
11:09:27 | INFO: Primitives created: 1
11:09:27 | INFO: Extracting primitive: Mews outbuilding1154608372 | simple inward eaves fascia
11:09:27 | INFO: Primitives created: 1
11:09:27 | INFO: Extracting primitive: Service building788306098 | closed bottom slab
11:09:27 | INFO: Primitives created: 1
11:09:27 | INFO: Extracting primitive: Service building788306098 | closed roof seam strips
11:09:27 | INFO: Primitives created: 1
11:09:27 | INFO: Extracting primitive: Service building788306098 | complete thin roof slab
11:09:27 | INFO: Primitives created: 1
11:09:27 | INFO: Extracting primitive: Service building788306098 | continuous closed masonry perimeter
11:09:27 | INFO: Primitives created: 1
11:09:27 | INFO: Extracting primitive: Service building788306098 | corner boundary strips
11:09:27 | INFO: Primitives created: 1
11:09:27 | INFO: Extracting primitive: Service building788306098 | inset masonry base trim
11:09:27 | INFO: Primitives created: 1
11:09:27 | INFO: Extracting primitive: Service building788306098 | low roof weather upstand
11:09:27 | INFO: Primitives created: 1
11:09:27 | INFO: Extracting primitive: Service building788306098 | metal weather coping
11:09:27 | INFO: Primitives created: 1
11:09:27 | INFO: Extracting primitive: Service building788306098 | simple inward eaves fascia
11:09:27 | INFO: Primitives created: 1
11:09:27 | INFO: Extracting primitive: University wing 640976478 | casement toplight transoms
11:09:27 | INFO: Primitives created: 1
11:09:27 | INFO: Extracting primitive: University wing 640976478 | complete concave roof deck
11:09:27 | INFO: Primitives created: 1
11:09:27 | INFO: Extracting primitive: University wing 640976478 | door central stile
11:09:27 | INFO: Primitives created: 1
11:09:27 | INFO: Extracting primitive: University wing 640976478 | door hardware
11:09:27 | INFO: Primitives created: 1
11:09:27 | INFO: Extracting primitive: University wing 640976478 | entrance leaves
11:09:27 | INFO: Primitives created: 1
11:09:27 | INFO: Extracting primitive: University wing 640976478 | entry transom
11:09:27 | INFO: Primitives created: 1
11:09:27 | INFO: Extracting primitive: University wing 640976478 | flush threshold
11:09:27 | INFO: Primitives created: 1
11:09:27 | INFO: Extracting primitive: University wing 640976478 | metal casement frames
11:09:27 | INFO: Primitives created: 1
11:09:27 | INFO: Extracting primitive: University wing 640976478 | paired casement mullions
11:09:27 | INFO: Primitives created: 1
11:09:27 | INFO: Extracting primitive: University wing 640976478 | pierced red brick facades
11:09:27 | INFO: Primitives created: 1
11:09:27 | INFO: Extracting primitive: University wing 640976478 | plain brick plinth
11:09:27 | INFO: Primitives created: 1
11:09:27 | INFO: Extracting primitive: University wing 640976478 | plain eaves and floor course
11:09:27 | INFO: Primitives created: 1
11:09:27 | INFO: Extracting primitive: University wing 640976478 | recessed university casements
11:09:27 | INFO: Primitives created: 1
11:09:27 | INFO: Extracting primitive: University wing 640976478 | red brick roof parapet
11:09:27 | INFO: Primitives created: 1
11:09:27 | INFO: Extracting primitive: University wing 640976478 | shallow vertical facade piers
11:09:27 | INFO: Primitives created: 1
11:09:27 | INFO: Extracting primitive: University wing 640976478 | stone entrance entablature
11:09:27 | INFO: Primitives created: 1
11:09:27 | INFO: Extracting primitive: University wing 640976478 | stone entrance jambs
11:09:27 | INFO: Primitives created: 1
11:09:27 | INFO: Extracting primitive: University wing 640976478 | stone parapet coping
11:09:27 | INFO: Primitives created: 1
11:09:27 | INFO: Extracting primitive: University wing 640976478 | stone window sills
11:09:27 | INFO: Primitives created: 1
11:09:27 | INFO: Extracting primitive: University wing 640976478 | subtle brick headers
11:09:27 | INFO: Primitives created: 1
11:09:27 | INFO: Finished glTF 2.0 export in 0.03416109085083008 s

11:09:29 | INFO: Data are loaded, start creating Blender stuff
11:09:29 | INFO: Blender create Mesh node 23 Kensington Gore | architraves
11:09:29 | INFO: Blender create Mesh node 23 Kensington Gore | door central stile
11:09:29 | INFO: Blender create Mesh node 23 Kensington Gore | door fanlight transom
11:09:29 | INFO: Blender create Mesh node 23 Kensington Gore | door hardware
11:09:29 | INFO: Blender create Mesh node 23 Kensington Gore | entry threshold
11:09:29 | INFO: Blender create Mesh node 23 Kensington Gore | estimated shallow hipped roof
11:09:29 | INFO: Blender create Mesh node 23 Kensington Gore | hood mouldings
11:09:29 | INFO: Blender create Mesh node 23 Kensington Gore | joinery
11:09:29 | INFO: Blender create Mesh node 23 Kensington Gore | mapped roof deck
11:09:29 | INFO: Blender create Mesh node 23 Kensington Gore | pierced wall
11:09:29 | INFO: Blender create Mesh node 23 Kensington Gore | recessed doors
11:09:29 | INFO: Blender create Mesh node 23 Kensington Gore | recessed glass
11:09:29 | INFO: Blender create Mesh node 23 Kensington Gore | roof coping
11:09:29 | INFO: Blender create Mesh node 23 Kensington Gore | roof lantern curb
11:09:29 | INFO: Blender create Mesh node 23 Kensington Gore | roof parapet
11:09:29 | INFO: Blender create Mesh node 23 Kensington Gore | sash mullions
11:09:29 | INFO: Blender create Mesh node 23 Kensington Gore | sills
11:09:29 | INFO: Blender create Mesh node 23 Kensington Gore | string courses and cornice
11:09:29 | INFO: Blender create Mesh node 23 Kensington Gore | window guards
11:09:29 | INFO: glTF import finished in 0.04s
11:09:29 | INFO: Data are loaded, start creating Blender stuff
11:09:29 | INFO: Blender create Mesh node 25 Kensington Gore | attic interior ceiling
11:09:29 | INFO: Blender create Mesh node 25 Kensington Gore | balcony handrail
11:09:29 | INFO: Blender create Mesh node 25 Kensington Gore | balcony support slabs
11:09:29 | INFO: Blender create Mesh node 25 Kensington Gore | black sash frames
11:09:29 | INFO: Blender create Mesh node 25 Kensington Gore | chimney caps
11:09:29 | INFO: Blender create Mesh node 25 Kensington Gore | continuous mitred cornices
11:09:29 | INFO: Blender create Mesh node 25 Kensington Gore | corner quoins
11:09:29 | INFO: Blender create Mesh node 25 Kensington Gore | cornice brackets
11:09:29 | INFO: Blender create Mesh node 25 Kensington Gore | coupled Ionic-inspired porch columns
11:09:29 | INFO: Blender create Mesh node 25 Kensington Gore | door head frame
11:09:29 | INFO: Blender create Mesh node 25 Kensington Gore | dormer masonry jambs
11:09:29 | INFO: Blender create Mesh node 25 Kensington Gore | dormer masonry lintel sill
11:09:29 | INFO: Blender create Mesh node 25 Kensington Gore | dormer recessed glazing
11:09:29 | INFO: Blender create Mesh node 25 Kensington Gore | dormer sash
11:09:29 | INFO: Blender create Mesh node 25 Kensington Gore | dressed architraves
11:09:29 | INFO: Blender create Mesh node 25 Kensington Gore | estimated chimney stacks
11:09:29 | INFO: Blender create Mesh node 25 Kensington Gore | mansard perimeter
11:09:29 | INFO: Blender create Mesh node 25 Kensington Gore | pedimented dormer roofs
11:09:29 | INFO: Blender create Mesh node 25 Kensington Gore | pedimented window hoods
11:09:29 | INFO: Blender create Mesh node 25 Kensington Gore | pierced stucco envelope
11:09:29 | INFO: Blender create Mesh node 25 Kensington Gore | porch entablature
11:09:29 | INFO: Blender create Mesh node 25 Kensington Gore | porch slab
11:09:29 | INFO: Blender create Mesh node 25 Kensington Gore | portico threshold
11:09:29 | INFO: Blender create Mesh node 25 Kensington Gore | projecting sills
11:09:29 | INFO: Blender create Mesh node 25 Kensington Gore | recessed door leaves
11:09:29 | INFO: Blender create Mesh node 25 Kensington Gore | recessed glazing
11:09:29 | INFO: Blender create Mesh node 25 Kensington Gore | segmental window hoods
11:09:29 | INFO: Blender create Mesh node 25 Kensington Gore | slate upper roof
11:09:29 | INFO: Blender create Mesh node 25 Kensington Gore | turned balcony balusters
11:09:29 | INFO: Blender create Mesh node 41–45 Jay Mews | concave roof membrane
11:09:29 | INFO: Blender create Mesh node 41–45 Jay Mews | door glass fanlight
11:09:29 | INFO: Blender create Mesh node 41–45 Jay Mews | door handle
11:09:29 | INFO: Blender create Mesh node 41–45 Jay Mews | door transom
11:09:29 | INFO: Blender create Mesh node 41–45 Jay Mews | lintels
11:09:29 | INFO: Blender create Mesh node 41–45 Jay Mews | low parapet
11:09:29 | INFO: Blender create Mesh node 41–45 Jay Mews | mitred coping
11:09:29 | INFO: Blender create Mesh node 41–45 Jay Mews | painted joinery
11:09:29 | INFO: Blender create Mesh node 41–45 Jay Mews | pierced masonry
11:09:29 | INFO: Blender create Mesh node 41–45 Jay Mews | pipe brackets
11:09:29 | INFO: Blender create Mesh node 41–45 Jay Mews | plain floor band
11:09:29 | INFO: Blender create Mesh node 41–45 Jay Mews | projecting sills
11:09:29 | INFO: Blender create Mesh node 41–45 Jay Mews | rainwater downpipes
11:09:29 | INFO: Blender create Mesh node 41–45 Jay Mews | recessed door
11:09:29 | INFO: Blender create Mesh node 41–45 Jay Mews | recessed glazing
11:09:29 | INFO: Blender create Mesh node 41–45 Jay Mews | simple eaves
11:09:29 | INFO: Blender create Mesh node 41–45 Jay Mews | threshold
11:09:29 | INFO: Blender create Mesh node 41–45 Jay Mews | window mullions
11:09:29 | INFO: Blender create Mesh node 41–45 Jay Mews | window transoms
11:09:29 | INFO: glTF import finished in 0.12s
11:09:29 | INFO: Data are loaded, start creating Blender stuff
11:09:29 | INFO: Blender create Mesh node 29 Exhibition Road | brass door hardware.001
11:09:29 | INFO: Blender create Mesh node 29 Exhibition Road | brick sills.001
11:09:29 | INFO: Blender create Mesh node 29 Exhibition Road | continuous cut brick cornices.001
11:09:29 | INFO: Blender create Mesh node 29 Exhibition Road | continuous roof edge flashing.001
11:09:29 | INFO: Blender create Mesh node 29 Exhibition Road | corner brick pilasters.001
11:09:29 | INFO: Blender create Mesh node 29 Exhibition Road | cut brick heads.001
11:09:29 | INFO: Blender create Mesh node 29 Exhibition Road | door center stile.001
11:09:29 | INFO: Blender create Mesh node 29 Exhibition Road | door leaves.001
11:09:29 | INFO: Blender create Mesh node 29 Exhibition Road | door transom.001
11:09:29 | INFO: Blender create Mesh node 29 Exhibition Road | entrance balcony balusters.001
11:09:29 | INFO: Blender create Mesh node 29 Exhibition Road | entrance balcony handrail.001
11:09:29 | INFO: Blender create Mesh node 29 Exhibition Road | entrance balcony slab.001
11:09:29 | INFO: Blender create Mesh node 29 Exhibition Road | entry threshold.001
11:09:29 | INFO: Blender create Mesh node 29 Exhibition Road | estimated northern hipped roof
11:09:29 | INFO: Blender create Mesh node 29 Exhibition Road | exact concave roof deck.001
11:09:29 | INFO: Blender create Mesh node 29 Exhibition Road | pierced brick walls.001
11:09:29 | INFO: Blender create Mesh node 29 Exhibition Road | radiating brick arch.001
11:09:29 | INFO: Blender create Mesh node 29 Exhibition Road | rear chimney cap
11:09:29 | INFO: Blender create Mesh node 29 Exhibition Road | rear chimney stack
11:09:29 | INFO: Blender create Mesh node 29 Exhibition Road | recessed sashes.001
11:09:29 | INFO: Blender create Mesh node 29 Exhibition Road | segmental arch infill.001
11:09:29 | INFO: Blender create Mesh node 29 Exhibition Road | small pane glazing bars.001
11:09:29 | INFO: Blender create Mesh node 29 Exhibition Road | split brick pediments.001
11:09:29 | INFO: Blender create Mesh node 29 Exhibition Road | timber sash frames.001
11:09:29 | INFO: Blender create Mesh node 84 Kensington Gore | complete mapped roof base cap
11:09:29 | INFO: Blender create Mesh node 84 Kensington Gore | door glass fanlight
11:09:29 | INFO: Blender create Mesh node 84 Kensington Gore | door handle
11:09:29 | INFO: Blender create Mesh node 84 Kensington Gore | door transom
11:09:29 | INFO: Blender create Mesh node 84 Kensington Gore | fine sash bars
11:09:29 | INFO: Blender create Mesh node 84 Kensington Gore | flush storey trim
11:09:29 | INFO: Blender create Mesh node 84 Kensington Gore | four asymmetric saltbox roof slopes
11:09:29 | INFO: Blender create Mesh node 84 Kensington Gore | inward eaves fascia
11:09:29 | INFO: Blender create Mesh node 84 Kensington Gore | painted joinery
11:09:29 | INFO: Blender create Mesh node 84 Kensington Gore | pierced masonry
11:09:29 | INFO: Blender create Mesh node 84 Kensington Gore | pipe brackets
11:09:29 | INFO: Blender create Mesh node 84 Kensington Gore | projecting sills
11:09:29 | INFO: Blender create Mesh node 84 Kensington Gore | rainwater downpipes
11:09:29 | INFO: Blender create Mesh node 84 Kensington Gore | recessed door
11:09:29 | INFO: Blender create Mesh node 84 Kensington Gore | recessed glazing
11:09:29 | INFO: Blender create Mesh node 84 Kensington Gore | saltbox perimeter infill
11:09:29 | INFO: Blender create Mesh node 84 Kensington Gore | segmental brick arch heads
11:09:29 | INFO: Blender create Mesh node 84 Kensington Gore | threshold
11:09:29 | INFO: Blender create Mesh node 84 Kensington Gore | window mullions
11:09:29 | INFO: Blender create Mesh node 84 Kensington Gore | window transoms
11:09:29 | INFO: Blender create Mesh node Jamaican High Commission | attic sash frames
11:09:29 | INFO: Blender create Mesh node Jamaican High Commission | attic sash glazing
11:09:29 | INFO: Blender create Mesh node Jamaican High Commission | baluster necks
11:09:29 | INFO: Blender create Mesh node Jamaican High Commission | balustrade top rail
11:09:29 | INFO: Blender create Mesh node Jamaican High Commission | brass door hardware
11:09:29 | INFO: Blender create Mesh node Jamaican High Commission | brick sills
11:09:29 | INFO: Blender create Mesh node Jamaican High Commission | central balcony slab
11:09:29 | INFO: Blender create Mesh node Jamaican High Commission | central dormer back panels
11:09:29 | INFO: Blender create Mesh node Jamaican High Commission | central dormer glazing
11:09:29 | INFO: Blender create Mesh node Jamaican High Commission | central dormer joinery
11:09:29 | INFO: Blender create Mesh node Jamaican High Commission | central dormer lintels
11:09:29 | INFO: Blender create Mesh node Jamaican High Commission | central dormer side jambs
11:09:29 | INFO: Blender create Mesh node Jamaican High Commission | central linking roof
11:09:29 | INFO: Blender create Mesh node Jamaican High Commission | central stone balustrade
11:09:29 | INFO: Blender create Mesh node Jamaican High Commission | chimney corbel caps
11:09:29 | INFO: Blender create Mesh node Jamaican High Commission | chimney pots
11:09:29 | INFO: Blender create Mesh node Jamaican High Commission | continuous cut brick cornices
11:09:29 | INFO: Blender create Mesh node Jamaican High Commission | continuous roof edge flashing
11:09:29 | INFO: Blender create Mesh node Jamaican High Commission | corner brick pilasters
11:09:29 | INFO: Blender create Mesh node Jamaican High Commission | cut brick heads
11:09:29 | INFO: Blender create Mesh node Jamaican High Commission | door center stile
11:09:29 | INFO: Blender create Mesh node Jamaican High Commission | door leaves
11:09:29 | INFO: Blender create Mesh node Jamaican High Commission | door transom
11:09:29 | INFO: Blender create Mesh node Jamaican High Commission | entry threshold
11:09:29 | INFO: Blender create Mesh node Jamaican High Commission | exact concave roof deck
11:09:29 | INFO: Blender create Mesh node Jamaican High Commission | finite portico supporting slab
11:09:29 | INFO: Blender create Mesh node Jamaican High Commission | paired steep red tiled roofs
11:09:29 | INFO: Blender create Mesh node Jamaican High Commission | pierced brick walls
11:09:29 | INFO: Blender create Mesh node Jamaican High Commission | pierced triangular attic gables
11:09:29 | INFO: Blender create Mesh node Jamaican High Commission | portico arch spandrels
11:09:29 | INFO: Blender create Mesh node Jamaican High Commission | portico brick piers
11:09:29 | INFO: Blender create Mesh node Jamaican High Commission | portico pier capitals
11:09:29 | INFO: Blender create Mesh node Jamaican High Commission | radiating brick arch
11:09:29 | INFO: Blender create Mesh node Jamaican High Commission | recessed sashes
11:09:29 | INFO: Blender create Mesh node Jamaican High Commission | roof ridge tiles
11:09:29 | INFO: Blender create Mesh node Jamaican High Commission | segmental arch infill
11:09:29 | INFO: Blender create Mesh node Jamaican High Commission | small pane glazing bars
11:09:29 | INFO: Blender create Mesh node Jamaican High Commission | split brick pediments
11:09:29 | INFO: Blender create Mesh node Jamaican High Commission | tall chimney stacks
11:09:29 | INFO: Blender create Mesh node Jamaican High Commission | timber sash frames
11:09:29 | INFO: Blender create Mesh node Jamaican High Commission | twin portico brick arches
11:09:29 | INFO: Blender create Mesh node Jay Mews 117010283 | concave roof membrane
11:09:29 | INFO: Blender create Mesh node Jay Mews 117010283 | door glass fanlight
11:09:29 | INFO: Blender create Mesh node Jay Mews 117010283 | door handle
11:09:29 | INFO: Blender create Mesh node Jay Mews 117010283 | door transom
11:09:29 | INFO: Blender create Mesh node Jay Mews 117010283 | fine sash bars
11:09:29 | INFO: Blender create Mesh node Jay Mews 117010283 | lintels
11:09:29 | INFO: Blender create Mesh node Jay Mews 117010283 | low parapet
11:09:29 | INFO: Blender create Mesh node Jay Mews 117010283 | mitred coping
11:09:29 | INFO: Blender create Mesh node Jay Mews 117010283 | painted joinery
11:09:29 | INFO: Blender create Mesh node Jay Mews 117010283 | pierced masonry
11:09:29 | INFO: Blender create Mesh node Jay Mews 117010283 | pipe brackets
11:09:29 | INFO: Blender create Mesh node Jay Mews 117010283 | projecting sills
11:09:29 | INFO: Blender create Mesh node Jay Mews 117010283 | projecting storey ledge
11:09:29 | INFO: Blender create Mesh node Jay Mews 117010283 | rainwater downpipes
11:09:29 | INFO: Blender create Mesh node Jay Mews 117010283 | recessed door
11:09:29 | INFO: Blender create Mesh node Jay Mews 117010283 | recessed glazing
11:09:29 | INFO: Blender create Mesh node Jay Mews 117010283 | simple eaves
11:09:29 | INFO: Blender create Mesh node Jay Mews 117010283 | threshold
11:09:29 | INFO: Blender create Mesh node Jay Mews 117010283 | window mullions
11:09:29 | INFO: Blender create Mesh node Jay Mews 117010283 | window transoms
11:09:29 | INFO: glTF import finished in 0.15s
11:09:29 | INFO: Data are loaded, start creating Blender stuff
11:09:29 | INFO: Blender create Mesh node Albert Close 642055723 | complete concave roof membrane
11:09:29 | INFO: Blender create Mesh node Albert Close 642055723 | door glass fanlight
11:09:29 | INFO: Blender create Mesh node Albert Close 642055723 | door handle
11:09:29 | INFO: Blender create Mesh node Albert Close 642055723 | door transom
11:09:29 | INFO: Blender create Mesh node Albert Close 642055723 | estimated hip roof curb
11:09:29 | INFO: Blender create Mesh node Albert Close 642055723 | estimated shallow hip roof
11:09:29 | INFO: Blender create Mesh node Albert Close 642055723 | flush floor course
11:09:29 | INFO: Blender create Mesh node Albert Close 642055723 | inward eaves
11:09:29 | INFO: Blender create Mesh node Albert Close 642055723 | lintels
11:09:29 | INFO: Blender create Mesh node Albert Close 642055723 | low parapet
11:09:29 | INFO: Blender create Mesh node Albert Close 642055723 | mitred coping
11:09:29 | INFO: Blender create Mesh node Albert Close 642055723 | painted joinery
11:09:29 | INFO: Blender create Mesh node Albert Close 642055723 | pierced masonry
11:09:29 | INFO: Blender create Mesh node Albert Close 642055723 | pipe brackets
11:09:29 | INFO: Blender create Mesh node Albert Close 642055723 | projecting sills
11:09:29 | INFO: Blender create Mesh node Albert Close 642055723 | rainwater downpipes
11:09:29 | INFO: Blender create Mesh node Albert Close 642055723 | recessed door
11:09:29 | INFO: Blender create Mesh node Albert Close 642055723 | recessed glazing
11:09:29 | INFO: Blender create Mesh node Albert Close 642055723 | threshold
11:09:29 | INFO: Blender create Mesh node Albert Close 642055723 | upper sash meeting rail
11:09:29 | INFO: Blender create Mesh node Albert Close 642055723 | window mullions
11:09:29 | INFO: Blender create Mesh node Albert Close 642055723 | window transoms
11:09:29 | INFO: Blender create Mesh node Jay Mews 117010293 | concave roof membrane
11:09:29 | INFO: Blender create Mesh node Jay Mews 117010293 | door glass fanlight
11:09:29 | INFO: Blender create Mesh node Jay Mews 117010293 | door handle
11:09:29 | INFO: Blender create Mesh node Jay Mews 117010293 | door transom
11:09:29 | INFO: Blender create Mesh node Jay Mews 117010293 | flush floor course
11:09:29 | INFO: Blender create Mesh node Jay Mews 117010293 | inward eaves
11:09:29 | INFO: Blender create Mesh node Jay Mews 117010293 | lintels
11:09:29 | INFO: Blender create Mesh node Jay Mews 117010293 | low parapet
11:09:29 | INFO: Blender create Mesh node Jay Mews 117010293 | mitred coping
11:09:29 | INFO: Blender create Mesh node Jay Mews 117010293 | painted joinery
11:09:29 | INFO: Blender create Mesh node Jay Mews 117010293 | pierced masonry
11:09:29 | INFO: Blender create Mesh node Jay Mews 117010293 | pierced masonry.001
11:09:29 | INFO: Blender create Mesh node Jay Mews 117010293 | pipe brackets
11:09:29 | INFO: Blender create Mesh node Jay Mews 117010293 | projecting sills
11:09:29 | INFO: Blender create Mesh node Jay Mews 117010293 | rainwater downpipes
11:09:29 | INFO: Blender create Mesh node Jay Mews 117010293 | recessed door
11:09:29 | INFO: Blender create Mesh node Jay Mews 117010293 | recessed glazing
11:09:29 | INFO: Blender create Mesh node Jay Mews 117010293 | threshold
11:09:29 | INFO: Blender create Mesh node Jay Mews 117010293 | upper sash meeting rail
11:09:29 | INFO: Blender create Mesh node Jay Mews 117010293 | window mullions
11:09:29 | INFO: Blender create Mesh node Jay Mews 117010293 | window transoms
11:09:29 | INFO: Blender create Mesh node Princes Gate Court | complete concave roof deck
11:09:29 | INFO: Blender create Mesh node Princes Gate Court | courtyard stone vertical bays
11:09:29 | INFO: Blender create Mesh node Princes Gate Court | door central stile
11:09:29 | INFO: Blender create Mesh node Princes Gate Court | door hardware
11:09:29 | INFO: Blender create Mesh node Princes Gate Court | dormer cap
11:09:29 | INFO: Blender create Mesh node Princes Gate Court | dormer front sill
11:09:29 | INFO: Blender create Mesh node Princes Gate Court | dormer rear closure
11:09:29 | INFO: Blender create Mesh node Princes Gate Court | entrance leaves
11:09:29 | INFO: Blender create Mesh node Princes Gate Court | entry transom
11:09:29 | INFO: Blender create Mesh node Princes Gate Court | flush threshold
11:09:29 | INFO: Blender create Mesh node Princes Gate Court | inset sloping roof ranges
11:09:29 | INFO: Blender create Mesh node Princes Gate Court | pale stone plinth
11:09:29 | INFO: Blender create Mesh node Princes Gate Court | pierced red brick facades
11:09:29 | INFO: Blender create Mesh node Princes Gate Court | recessed courtyard sashes
11:09:29 | INFO: Blender create Mesh node Princes Gate Court | recessed dormer glass
11:09:29 | INFO: Blender create Mesh node Princes Gate Court | red brick roof parapet
11:09:29 | INFO: Blender create Mesh node Princes Gate Court | small pane glazing bars
11:09:29 | INFO: Blender create Mesh node Princes Gate Court | stone entrance entablature
11:09:29 | INFO: Blender create Mesh node Princes Gate Court | stone entrance jambs
11:09:29 | INFO: Blender create Mesh node Princes Gate Court | stone parapet coping
11:09:29 | INFO: Blender create Mesh node Princes Gate Court | stone window sills
11:09:29 | INFO: Blender create Mesh node Princes Gate Court | subtle brick headers
11:09:29 | INFO: Blender create Mesh node Princes Gate Court | upper stone string courses
11:09:29 | INFO: Blender create Mesh node Princes Gate Court | white dormer cheek walls
11:09:29 | INFO: Blender create Mesh node Princes Gate Court | white dormer joinery
11:09:29 | INFO: Blender create Mesh node Princes Gate Court | white sash frames
11:09:29 | INFO: glTF import finished in 0.25s
11:09:29 | INFO: Data are loaded, start creating Blender stuff
11:09:29 | INFO: Blender create Mesh node Albert Close 642055721 | complete concave roof deck
11:09:29 | INFO: Blender create Mesh node Albert Close 642055721 | door central stile
11:09:29 | INFO: Blender create Mesh node Albert Close 642055721 | door hardware
11:09:29 | INFO: Blender create Mesh node Albert Close 642055721 | entrance leaves
11:09:29 | INFO: Blender create Mesh node Albert Close 642055721 | entry transom
11:09:29 | INFO: Blender create Mesh node Albert Close 642055721 | flush threshold
11:09:29 | INFO: Blender create Mesh node Albert Close 642055721 | painted sash frames
11:09:29 | INFO: Blender create Mesh node Albert Close 642055721 | pierced red brick facades
11:09:29 | INFO: Blender create Mesh node Albert Close 642055721 | plain brick plinth
11:09:29 | INFO: Blender create Mesh node Albert Close 642055721 | plain eaves and floor course
11:09:29 | INFO: Blender create Mesh node Albert Close 642055721 | plain sash mullions
11:09:29 | INFO: Blender create Mesh node Albert Close 642055721 | plain sash transoms
11:09:29 | INFO: Blender create Mesh node Albert Close 642055721 | recessed rear wing windows
11:09:29 | INFO: Blender create Mesh node Albert Close 642055721 | red brick roof parapet
11:09:29 | INFO: Blender create Mesh node Albert Close 642055721 | stone entrance entablature
11:09:29 | INFO: Blender create Mesh node Albert Close 642055721 | stone entrance jambs
11:09:29 | INFO: Blender create Mesh node Albert Close 642055721 | stone parapet coping
11:09:29 | INFO: Blender create Mesh node Albert Close 642055721 | stone window sills
11:09:29 | INFO: Blender create Mesh node Albert Close 642055721 | subtle brick headers
11:09:29 | INFO: Blender create Mesh node Albert Close 642055722 | brick header lintels
11:09:29 | INFO: Blender create Mesh node Albert Close 642055722 | complete mapped roof membrane
11:09:29 | INFO: Blender create Mesh node Albert Close 642055722 | door glass fanlight
11:09:29 | INFO: Blender create Mesh node Albert Close 642055722 | door handle
11:09:29 | INFO: Blender create Mesh node Albert Close 642055722 | door transom
11:09:29 | INFO: Blender create Mesh node Albert Close 642055722 | estimated internal shed roof curb
11:09:29 | INFO: Blender create Mesh node Albert Close 642055722 | estimated shallow shed roof
11:09:29 | INFO: Blender create Mesh node Albert Close 642055722 | flush floor course
11:09:29 | INFO: Blender create Mesh node Albert Close 642055722 | inward eaves
11:09:29 | INFO: Blender create Mesh node Albert Close 642055722 | low parapet
11:09:29 | INFO: Blender create Mesh node Albert Close 642055722 | mitred coping
11:09:29 | INFO: Blender create Mesh node Albert Close 642055722 | painted joinery
11:09:29 | INFO: Blender create Mesh node Albert Close 642055722 | pierced masonry
11:09:29 | INFO: Blender create Mesh node Albert Close 642055722 | pipe brackets
11:09:29 | INFO: Blender create Mesh node Albert Close 642055722 | projecting sills
11:09:29 | INFO: Blender create Mesh node Albert Close 642055722 | rainwater downpipes
11:09:29 | INFO: Blender create Mesh node Albert Close 642055722 | recessed door
11:09:29 | INFO: Blender create Mesh node Albert Close 642055722 | recessed glazing
11:09:29 | INFO: Blender create Mesh node Albert Close 642055722 | slim pale lintel accent
11:09:29 | INFO: Blender create Mesh node Albert Close 642055722 | threshold
11:09:29 | INFO: Blender create Mesh node Albert Close 642055722 | upper sash meeting rail
11:09:29 | INFO: Blender create Mesh node Albert Close 642055722 | window mullions
11:09:29 | INFO: Blender create Mesh node Albert Close 642055722 | window transoms
11:09:29 | INFO: Blender create Mesh node Mews outbuilding1154608369 | closed bottom slab
11:09:29 | INFO: Blender create Mesh node Mews outbuilding1154608369 | complete thin roof slab
11:09:29 | INFO: Blender create Mesh node Mews outbuilding1154608369 | continuous closed masonry perimeter
11:09:29 | INFO: Blender create Mesh node Mews outbuilding1154608369 | corner boundary strips
11:09:29 | INFO: Blender create Mesh node Mews outbuilding1154608369 | inset masonry base trim
11:09:29 | INFO: Blender create Mesh node Mews outbuilding1154608369 | low roof weather upstand
11:09:29 | INFO: Blender create Mesh node Mews outbuilding1154608369 | mitred coping
11:09:29 | INFO: Blender create Mesh node Mews outbuilding1154608369 | simple inward eaves fascia
11:09:29 | INFO: glTF import finished in 0.05s
/Users/yl222/Desktop/UrbanWorldModelVisualizer/geometry_expansion/scripts/build_expansion_batch.py:123: DeprecationWarning: 'World.use_nodes' is expected to be removed in Blender 6.0
  scene.world.use_nodes=True;scene.world.node_tree.nodes['Background'].inputs[0].default_value=(.65,.72,.8,1)
/Users/yl222/Desktop/UrbanWorldModelVisualizer/geometry_expansion/scripts/build_expansion_batch.py:28: DeprecationWarning: 'Material.use_nodes' is expected to be removed in Blender 6.0
  m=bpy.data.materials.new(spec['name']);m.use_nodes=True
Info: Saved as "master.blend"
11:09:31 | INFO: Data are loaded, start creating Blender stuff
11:09:31 | INFO: Blender create Mesh node Mews outbuilding1154608372 | closed bottom slab
11:09:31 | INFO: Blender create Mesh node Mews outbuilding1154608372 | complete thin roof slab
11:09:31 | INFO: Blender create Mesh node Mews outbuilding1154608372 | continuous closed masonry perimeter
11:09:31 | INFO: Blender create Mesh node Mews outbuilding1154608372 | corner boundary strips
11:09:31 | INFO: Blender create Mesh node Mews outbuilding1154608372 | inset masonry base trim
11:09:31 | INFO: Blender create Mesh node Mews outbuilding1154608372 | low mitred coping
11:09:31 | INFO: Blender create Mesh node Mews outbuilding1154608372 | low roof weather upstand
11:09:31 | INFO: Blender create Mesh node Mews outbuilding1154608372 | simple inward eaves fascia
11:09:31 | INFO: Blender create Mesh node Service building788306098 | closed bottom slab
11:09:31 | INFO: Blender create Mesh node Service building788306098 | closed roof seam strips
11:09:31 | INFO: Blender create Mesh node Service building788306098 | complete thin roof slab
11:09:31 | INFO: Blender create Mesh node Service building788306098 | continuous closed masonry perimeter
11:09:31 | INFO: Blender create Mesh node Service building788306098 | corner boundary strips
11:09:31 | INFO: Blender create Mesh node Service building788306098 | inset masonry base trim
11:09:31 | INFO: Blender create Mesh node Service building788306098 | low roof weather upstand
11:09:31 | INFO: Blender create Mesh node Service building788306098 | metal weather coping
11:09:31 | INFO: Blender create Mesh node Service building788306098 | simple inward eaves fascia
11:09:31 | INFO: Blender create Mesh node University wing 640976478 | casement toplight transoms
11:09:31 | INFO: Blender create Mesh node University wing 640976478 | complete concave roof deck
11:09:31 | INFO: Blender create Mesh node University wing 640976478 | door central stile
11:09:31 | INFO: Blender create Mesh node University wing 640976478 | door hardware
11:09:31 | INFO: Blender create Mesh node University wing 640976478 | entrance leaves
11:09:31 | INFO: Blender create Mesh node University wing 640976478 | entry transom
11:09:31 | INFO: Blender create Mesh node University wing 640976478 | flush threshold
11:09:31 | INFO: Blender create Mesh node University wing 640976478 | metal casement frames
11:09:31 | INFO: Blender create Mesh node University wing 640976478 | paired casement mullions
11:09:31 | INFO: Blender create Mesh node University wing 640976478 | pierced red brick facades
11:09:31 | INFO: Blender create Mesh node University wing 640976478 | plain brick plinth
11:09:31 | INFO: Blender create Mesh node University wing 640976478 | plain eaves and floor course
11:09:31 | INFO: Blender create Mesh node University wing 640976478 | recessed university casements
11:09:31 | INFO: Blender create Mesh node University wing 640976478 | red brick roof parapet
11:09:31 | INFO: Blender create Mesh node University wing 640976478 | shallow vertical facade piers
11:09:31 | INFO: Blender create Mesh node University wing 640976478 | stone entrance entablature
11:09:31 | INFO: Blender create Mesh node University wing 640976478 | stone entrance jambs
11:09:31 | INFO: Blender create Mesh node University wing 640976478 | stone parapet coping
11:09:31 | INFO: Blender create Mesh node University wing 640976478 | stone window sills
11:09:31 | INFO: Blender create Mesh node University wing 640976478 | subtle brick headers
11:09:31 | INFO: glTF import finished in 0.04s
00:07.668  blend            | Read blend: "/Users/yl222/Desktop/UrbanWorldModelVisualizer/geometry_expansion/output/batch06_v1/master.blend"
00:10.674  render           | Saved: '/Users/yl222/Desktop/UrbanWorldModelVisualizer/geometry_expansion/output/batch06_v1/mews_outbuilding_1154608372_front.png'
00:13.401  render           | Saved: '/Users/yl222/Desktop/UrbanWorldModelVisualizer/geometry_expansion/output/batch06_v1/mews_outbuilding_1154608372_roof.png'
00:16.087  render           | Saved: '/Users/yl222/Desktop/UrbanWorldModelVisualizer/geometry_expansion/output/batch06_v1/mews_outbuilding_1154608372_rear.png'
00:20.534  render           | Saved: '/Users/yl222/Desktop/UrbanWorldModelVisualizer/geometry_expansion/output/batch06_v1/mews_outbuilding_1154608372_context.png'
00:23.296  render           | Saved: '/Users/yl222/Desktop/UrbanWorldModelVisualizer/geometry_expansion/output/batch06_v1/service_building_788306098_front.png'
00:26.230  render           | Saved: '/Users/yl222/Desktop/UrbanWorldModelVisualizer/geometry_expansion/output/batch06_v1/service_building_788306098_roof.png'
00:29.079  render           | Saved: '/Users/yl222/Desktop/UrbanWorldModelVisualizer/geometry_expansion/output/batch06_v1/service_building_788306098_rear.png'
00:33.985  render           | Saved: '/Users/yl222/Desktop/UrbanWorldModelVisualizer/geometry_expansion/output/batch06_v1/service_building_788306098_context.png'
00:37.597  render           | Saved: '/Users/yl222/Desktop/UrbanWorldModelVisualizer/geometry_expansion/output/batch06_v1/university_wing_640976478_front.png'
00:42.459  render           | Saved: '/Users/yl222/Desktop/UrbanWorldModelVisualizer/geometry_expansion/output/batch06_v1/university_wing_640976478_entrance.png'
00:46.483  render           | Saved: '/Users/yl222/Desktop/UrbanWorldModelVisualizer/geometry_expansion/output/batch06_v1/university_wing_640976478_roof.png'
00:49.806  render           | Saved: '/Users/yl222/Desktop/UrbanWorldModelVisualizer/geometry_expansion/output/batch06_v1/university_wing_640976478_rear.png'
00:54.672  render           | Saved: '/Users/yl222/Desktop/UrbanWorldModelVisualizer/geometry_expansion/output/batch06_v1/university_wing_640976478_context.png'
00:58.300  render           | Saved: '/Users/yl222/Desktop/UrbanWorldModelVisualizer/geometry_expansion/output/batch06_v1/overview.png'
{"objects": 37, "triangles": 15522, "roundtrip_bounds_max_error_m": 0, "numerical_pass": true}
Blender 5.2.0 LTS (hash fbe6228777e7 built 2026-07-14 01:31:22)

Blender quit
