00:00.423  blend            | Read blend: "/Users/yl222/Desktop/UrbanWorldModelVisualizer/geometry_expansion/output/batch06_v1/master.blend"
11:10:41 | INFO: Data are loaded, start creating Blender stuff
11:10:41 | INFO: Blender create Mesh node Mews outbuilding1154608372 | closed bottom slab
11:10:41 | INFO: Blender create Mesh node Mews outbuilding1154608372 | complete thin roof slab
11:10:41 | INFO: Blender create Mesh node Mews outbuilding1154608372 | continuous closed masonry perimeter
11:10:41 | INFO: Blender create Mesh node Mews outbuilding1154608372 | corner boundary strips
11:10:41 | INFO: Blender create Mesh node Mews outbuilding1154608372 | inset masonry base trim
11:10:41 | INFO: Blender create Mesh node Mews outbuilding1154608372 | low mitred coping
11:10:41 | INFO: Blender create Mesh node Mews outbuilding1154608372 | low roof weather upstand
11:10:41 | INFO: Blender create Mesh node Mews outbuilding1154608372 | simple inward eaves fascia
11:10:41 | INFO: Blender create Mesh node Service building788306098 | closed bottom slab
11:10:41 | INFO: Blender create Mesh node Service building788306098 | closed roof seam strips
11:10:41 | INFO: Blender create Mesh node Service building788306098 | complete thin roof slab
11:10:41 | INFO: Blender create Mesh node Service building788306098 | continuous closed masonry perimeter
11:10:41 | INFO: Blender create Mesh node Service building788306098 | corner boundary strips
11:10:41 | INFO: Blender create Mesh node Service building788306098 | inset masonry base trim
11:10:41 | INFO: Blender create Mesh node Service building788306098 | low roof weather upstand
11:10:41 | INFO: Blender create Mesh node Service building788306098 | metal weather coping
11:10:41 | INFO: Blender create Mesh node Service building788306098 | simple inward eaves fascia
11:10:41 | INFO: Blender create Mesh node University wing 640976478 | casement toplight transoms
11:10:41 | INFO: Blender create Mesh node University wing 640976478 | complete concave roof deck
11:10:41 | INFO: Blender create Mesh node University wing 640976478 | door central stile
11:10:41 | INFO: Blender create Mesh node University wing 640976478 | door hardware
11:10:41 | INFO: Blender create Mesh node University wing 640976478 | entrance leaves
11:10:41 | INFO: Blender create Mesh node University wing 640976478 | entry transom
11:10:41 | INFO: Blender create Mesh node University wing 640976478 | flush threshold
11:10:41 | INFO: Blender create Mesh node University wing 640976478 | metal casement frames
11:10:41 | INFO: Blender create Mesh node University wing 640976478 | paired casement mullions
11:10:41 | INFO: Blender create Mesh node University wing 640976478 | pierced red brick facades
11:10:41 | INFO: Blender create Mesh node University wing 640976478 | plain brick plinth
11:10:41 | INFO: Blender create Mesh node University wing 640976478 | plain eaves and floor course
11:10:41 | INFO: Blender create Mesh node University wing 640976478 | recessed university casements
11:10:41 | INFO: Blender create Mesh node University wing 640976478 | red brick roof parapet
11:10:41 | INFO: Blender create Mesh node University wing 640976478 | shallow vertical facade piers
11:10:41 | INFO: Blender create Mesh node University wing 640976478 | stone entrance entablature
11:10:41 | INFO: Blender create Mesh node University wing 640976478 | stone entrance jambs
11:10:41 | INFO: Blender create Mesh node University wing 640976478 | stone parapet coping
11:10:41 | INFO: Blender create Mesh node University wing 640976478 | stone window sills
11:10:41 | INFO: Blender create Mesh node University wing 640976478 | subtle brick headers
11:10:41 | INFO: glTF import finished in 0.04s
{"passed": true, "buildings": [{"building_id": "way-1154608372", "entrances": [], "entrance_check_status": "not applicable: no known entrance in source contract", "shared_wall_samples": 0, "roof_coverage_samples": 9, "footprint_area_m2": 23.930084822284176}, {"building_id": "way-788306098", "entrances": [], "entrance_check_status": "not applicable: no known entrance in source contract", "shared_wall_samples": 0, "roof_coverage_samples": 54, "footprint_area_m2": 103.03341031006038}, {"building_id": "way-640976478", "entrances": [{"threshold_xyz": [664.3613891601562, -98.02212524414062, 0.04967347905039787], "rays": 25, "checked_width_m": 0.9887234820627124}], "entrance_check_status": "checked", "shared_wall_samples": 20, "roof_coverage_samples": 327, "footprint_area_m2": 558.1257132932576}], "material_values_roundtrip_passed": true, "master_sha256": "8d5989e4d53ac6e1ba91519866808a4e563f05ad4701520d6d11ff5a225b47ec", "replacement_sha256": "0a4b19e6042e3ac4c6fac3b717212ecf54d300468dc2f2c0ea2b0245d09265e3", "scope": "Exterior entry clearance before intentionally closed door assemblies, sampled mapped roof coverage and PBR round-trip. Not a survey or accessibility certification."}
Blender 5.2.0 LTS (hash fbe6228777e7 built 2026-07-14 01:31:22)

Blender quit
