/Users/yl222/Desktop/UrbanWorldModelVisualizer/geometry_expansion/scripts/build_expansion_batch.py:28: DeprecationWarning: 'Material.use_nodes' is expected to be removed in Blender 6.0
  m=bpy.data.materials.new(spec['name']);m.use_nodes=True
INFO Draco is available, use library at /Applications/Blender.app/Contents/Resources/5.2/scripts/addons_core/io_scene_gltf2/libbf_intern_draco_bridge.dylib
INFO MeshOptimizer is available, use library at /Applications/Blender.app/Contents/Resources/5.2/scripts/addons_core/io_scene_gltf2/libbf_intern_meshopt_bridge.dylib
13:54:44 | INFO: Starting glTF 2.0 export
13:54:44 | INFO: Extracting primitive: 2 Princes Gate Mews | complete five point roof cap
13:54:44 | INFO: Primitives created: 1
13:54:44 | INFO: Extracting primitive: 2 Princes Gate Mews | contained continuous mitred eaves
13:54:44 | INFO: Primitives created: 1
13:54:44 | INFO: Extracting primitive: 2 Princes Gate Mews | deep inset glazing
13:54:44 | INFO: Primitives created: 1
13:54:44 | INFO: Extracting primitive: 2 Princes Gate Mews | deep projecting stone sill
13:54:44 | INFO: Primitives created: 1
13:54:44 | INFO: Extracting primitive: 2 Princes Gate Mews | door head frame
13:54:44 | INFO: Primitives created: 1
13:54:44 | INFO: Extracting primitive: 2 Princes Gate Mews | door jamb
13:54:44 | INFO: Primitives created: 1
13:54:44 | INFO: Extracting primitive: 2 Princes Gate Mews | door transom frame
13:54:44 | INFO: Primitives created: 1
13:54:44 | INFO: Extracting primitive: 2 Princes Gate Mews | door transom glazing
13:54:44 | INFO: Primitives created: 1
13:54:44 | INFO: Extracting primitive: 2 Princes Gate Mews | entrance stone jamb surround
13:54:44 | INFO: Primitives created: 1
13:54:44 | INFO: Extracting primitive: 2 Princes Gate Mews | estimated rear rainwater pipe
13:54:44 | INFO: Primitives created: 1
13:54:44 | INFO: Extracting primitive: 2 Princes Gate Mews | front and rear contained coping
13:54:44 | INFO: Primitives created: 1
13:54:44 | INFO: Extracting primitive: 2 Princes Gate Mews | front and rear intermediate course
13:54:44 | INFO: Primitives created: 1
13:54:44 | INFO: Extracting primitive: 2 Princes Gate Mews | front and rear low parapet
13:54:44 | INFO: Primitives created: 1
13:54:44 | INFO: Extracting primitive: 2 Princes Gate Mews | ground transom rail
13:54:44 | INFO: Primitives created: 1
13:54:44 | INFO: Extracting primitive: 2 Princes Gate Mews | inset door panels
13:54:44 | INFO: Primitives created: 1
13:54:44 | INFO: Extracting primitive: 2 Princes Gate Mews | painted entrance leaf
13:54:44 | INFO: Primitives created: 1
13:54:44 | INFO: Extracting primitive: 2 Princes Gate Mews | pierced wall piers
13:54:44 | INFO: Primitives created: 1
13:54:44 | INFO: Extracting primitive: 2 Princes Gate Mews | pipe fixing collars
13:54:44 | INFO: Primitives created: 1
13:54:44 | INFO: Extracting primitive: 2 Princes Gate Mews | recessed window bottom sash
13:54:44 | INFO: Primitives created: 1
13:54:44 | INFO: Extracting primitive: 2 Princes Gate Mews | recessed window outer sash
13:54:44 | INFO: Primitives created: 1
13:54:44 | INFO: Extracting primitive: 2 Princes Gate Mews | segmented low plinth
13:54:44 | INFO: Primitives created: 1
13:54:44 | INFO: Extracting primitive: 2 Princes Gate Mews | simple entrance lintel
13:54:44 | INFO: Primitives created: 1
13:54:44 | INFO: Extracting primitive: 2 Princes Gate Mews | simple stone window lintel
13:54:44 | INFO: Primitives created: 1
13:54:44 | INFO: Extracting primitive: 2 Princes Gate Mews | soldier-course header blocks
13:54:44 | INFO: Primitives created: 1
13:54:44 | INFO: Extracting primitive: 2 Princes Gate Mews | solid wall lintels
13:54:44 | INFO: Primitives created: 1
13:54:44 | INFO: Extracting primitive: finite entry approach from audited ground
13:54:44 | INFO: Primitives created: 1
13:54:44 | INFO: Extracting primitive: 2 Princes Gate Mews | tripartite mews casement mullions
13:54:44 | INFO: Primitives created: 1
13:54:44 | INFO: Extracting primitive: 2 Princes Gate Mews | upper sash glazing bars
13:54:44 | INFO: Primitives created: 1
13:54:44 | INFO: Extracting primitive: 2 Princes Gate Mews | upper sash meeting rail
13:54:44 | INFO: Primitives created: 1
13:54:44 | INFO: Extracting primitive: 2 Princes Gate Mews | wall below recessed apertures
13:54:44 | INFO: Primitives created: 1
13:54:44 | INFO: Extracting primitive: 12 Queens Gate Place Mews | corner brick piers
13:54:44 | INFO: Primitives created: 1
13:54:44 | INFO: Extracting primitive: 12 Queens Gate Place Mews | door glass fanlight
13:54:44 | INFO: Primitives created: 1
13:54:44 | INFO: Extracting primitive: 12 Queens Gate Place Mews | door handle
13:54:44 | INFO: Primitives created: 1
13:54:44 | INFO: Extracting primitive: 12 Queens Gate Place Mews | door transom
13:54:44 | INFO: Primitives created: 1
13:54:44 | INFO: Extracting primitive: 12 Queens Gate Place Mews | estimated hipped roof
13:54:44 | INFO: Primitives created: 1
13:54:44 | INFO: Extracting primitive: 12 Queens Gate Place Mews | front rear eaves
13:54:44 | INFO: Primitives created: 1
13:54:44 | INFO: Extracting primitive: 12 Queens Gate Place Mews | full polygon roof basecap
13:54:44 | INFO: Primitives created: 1
13:54:44 | INFO: Extracting primitive: 12 Queens Gate Place Mews | inward eaves
13:54:44 | INFO: Primitives created: 1
13:54:44 | INFO: Extracting primitive: 12 Queens Gate Place Mews | lintels
13:54:44 | INFO: Primitives created: 1
13:54:44 | INFO: Extracting primitive: 12 Queens Gate Place Mews | painted joinery
13:54:44 | INFO: Primitives created: 1
13:54:44 | INFO: Extracting primitive: 12 Queens Gate Place Mews | pierced masonry
13:54:44 | INFO: Primitives created: 1
13:54:44 | INFO: Extracting primitive: 12 Queens Gate Place Mews | plain first floor stringcourse
13:54:44 | INFO: Primitives created: 1
13:54:44 | INFO: Extracting primitive: 12 Queens Gate Place Mews | projecting sills
13:54:44 | INFO: Primitives created: 1
13:54:44 | INFO: Extracting primitive: 12 Queens Gate Place Mews | recessed door
13:54:44 | INFO: Primitives created: 1
13:54:44 | INFO: Extracting primitive: 12 Queens Gate Place Mews | recessed glazing
13:54:44 | INFO: Primitives created: 1
13:54:44 | INFO: Extracting primitive: 12 Queens Gate Place Mews | small brick eaves dentils
13:54:44 | INFO: Primitives created: 1
13:54:44 | INFO: Extracting primitive: finite entry approach from audited ground.001
13:54:44 | INFO: Primitives created: 1
13:54:44 | INFO: Extracting primitive: 12 Queens Gate Place Mews | threshold
13:54:44 | INFO: Primitives created: 1
13:54:44 | INFO: Extracting primitive: 12 Queens Gate Place Mews | upper sash meeting rail
13:54:44 | INFO: Primitives created: 1
13:54:44 | INFO: Extracting primitive: 12 Queens Gate Place Mews | window mullions
13:54:44 | INFO: Primitives created: 1
13:54:44 | INFO: Extracting primitive: 12 Queens Gate Place Mews | window transoms
13:54:44 | INFO: Primitives created: 1
13:54:44 | INFO: Extracting primitive: finite entry approach from audited ground.002
13:54:44 | INFO: Primitives created: 1
13:54:44 | INFO: Extracting primitive: 16 Queen’s Gate Place Mews | complete five-point roof deck
13:54:44 | INFO: Primitives created: 1
13:54:44 | INFO: Extracting primitive: 16 Queen’s Gate Place Mews | door hardware
13:54:44 | INFO: Primitives created: 1
13:54:44 | INFO: Extracting primitive: 16 Queen’s Gate Place Mews | door recessed lower panel
13:54:44 | INFO: Primitives created: 1
13:54:44 | INFO: Extracting primitive: 16 Queen’s Gate Place Mews | door recessed upper panel
13:54:44 | INFO: Primitives created: 1
13:54:44 | INFO: Extracting primitive: 16 Queen’s Gate Place Mews | entrance leaves
13:54:44 | INFO: Primitives created: 1
13:54:44 | INFO: Extracting primitive: 16 Queen’s Gate Place Mews | entry transom
13:54:44 | INFO: Primitives created: 1
13:54:44 | INFO: Extracting primitive: 16 Queen’s Gate Place Mews | flush threshold
13:54:44 | INFO: Primitives created: 1
13:54:44 | INFO: Extracting primitive: 16 Queen’s Gate Place Mews | low mews roof parapet
13:54:44 | INFO: Primitives created: 1
13:54:44 | INFO: Extracting primitive: 16 Queen’s Gate Place Mews | painted sash frames
13:54:44 | INFO: Primitives created: 1
13:54:44 | INFO: Extracting primitive: 16 Queen’s Gate Place Mews | pierced muted masonry facades
13:54:44 | INFO: Primitives created: 1
13:54:44 | INFO: Extracting primitive: 16 Queen’s Gate Place Mews | plain brick plinth
13:54:44 | INFO: Primitives created: 1
13:54:44 | INFO: Extracting primitive: 16 Queen’s Gate Place Mews | plain eaves and floor course
13:54:44 | INFO: Primitives created: 1
13:54:44 | INFO: Extracting primitive: 16 Queen’s Gate Place Mews | plain entrance jambs
13:54:44 | INFO: Primitives created: 1
13:54:44 | INFO: Extracting primitive: 16 Queen’s Gate Place Mews | plain entrance lintel
13:54:44 | INFO: Primitives created: 1
13:54:44 | INFO: Extracting primitive: 16 Queen’s Gate Place Mews | plain sash mullions
13:54:44 | INFO: Primitives created: 1
13:54:44 | INFO: Extracting primitive: 16 Queen’s Gate Place Mews | plain sash transoms
13:54:44 | INFO: Primitives created: 1
13:54:44 | INFO: Extracting primitive: 16 Queen’s Gate Place Mews | recessed mews sash glazing
13:54:44 | INFO: Primitives created: 1
13:54:44 | INFO: Extracting primitive: 16 Queen’s Gate Place Mews | shallow parapet coping
13:54:44 | INFO: Primitives created: 1
13:54:44 | INFO: Extracting primitive: 16 Queen’s Gate Place Mews | stone window sills
13:54:44 | INFO: Primitives created: 1
13:54:44 | INFO: Extracting primitive: 16 Queen’s Gate Place Mews | subtle brick headers
13:54:44 | INFO: Primitives created: 1
13:54:44 | INFO: Finished glTF 2.0 export in 0.044310808181762695 s

13:54:44 | INFO: Data are loaded, start creating Blender stuff
13:54:44 | INFO: Blender create Mesh node 23 Kensington Gore | architraves
13:54:44 | INFO: Blender create Mesh node 23 Kensington Gore | door central stile
13:54:44 | INFO: Blender create Mesh node 23 Kensington Gore | door fanlight transom
13:54:44 | INFO: Blender create Mesh node 23 Kensington Gore | door hardware
13:54:44 | INFO: Blender create Mesh node 23 Kensington Gore | entry threshold
13:54:44 | INFO: Blender create Mesh node 23 Kensington Gore | estimated shallow hipped roof
13:54:44 | INFO: Blender create Mesh node 23 Kensington Gore | hood mouldings
13:54:44 | INFO: Blender create Mesh node 23 Kensington Gore | joinery
13:54:44 | INFO: Blender create Mesh node 23 Kensington Gore | mapped roof deck
13:54:44 | INFO: Blender create Mesh node 23 Kensington Gore | pierced wall
13:54:44 | INFO: Blender create Mesh node 23 Kensington Gore | recessed doors
13:54:44 | INFO: Blender create Mesh node 23 Kensington Gore | recessed glass
13:54:44 | INFO: Blender create Mesh node 23 Kensington Gore | roof coping
13:54:44 | INFO: Blender create Mesh node 23 Kensington Gore | roof lantern curb
13:54:44 | INFO: Blender create Mesh node 23 Kensington Gore | roof parapet
13:54:44 | INFO: Blender create Mesh node 23 Kensington Gore | sash mullions
13:54:44 | INFO: Blender create Mesh node 23 Kensington Gore | sills
13:54:44 | INFO: Blender create Mesh node 23 Kensington Gore | string courses and cornice
13:54:44 | INFO: Blender create Mesh node 23 Kensington Gore | window guards
13:54:44 | INFO: glTF import finished in 0.04s
13:54:44 | INFO: Data are loaded, start creating Blender stuff
13:54:44 | INFO: Blender create Mesh node 25 Kensington Gore | attic interior ceiling
13:54:44 | INFO: Blender create Mesh node 25 Kensington Gore | balcony handrail
13:54:44 | INFO: Blender create Mesh node 25 Kensington Gore | balcony support slabs
13:54:44 | INFO: Blender create Mesh node 25 Kensington Gore | black sash frames
13:54:44 | INFO: Blender create Mesh node 25 Kensington Gore | chimney caps
13:54:44 | INFO: Blender create Mesh node 25 Kensington Gore | continuous mitred cornices
13:54:44 | INFO: Blender create Mesh node 25 Kensington Gore | corner quoins
13:54:44 | INFO: Blender create Mesh node 25 Kensington Gore | cornice brackets
13:54:44 | INFO: Blender create Mesh node 25 Kensington Gore | coupled Ionic-inspired porch columns
13:54:44 | INFO: Blender create Mesh node 25 Kensington Gore | door head frame
13:54:44 | INFO: Blender create Mesh node 25 Kensington Gore | dormer masonry jambs
13:54:44 | INFO: Blender create Mesh node 25 Kensington Gore | dormer masonry lintel sill
13:54:44 | INFO: Blender create Mesh node 25 Kensington Gore | dormer recessed glazing
13:54:44 | INFO: Blender create Mesh node 25 Kensington Gore | dormer sash
13:54:44 | INFO: Blender create Mesh node 25 Kensington Gore | dressed architraves
13:54:44 | INFO: Blender create Mesh node 25 Kensington Gore | estimated chimney stacks
13:54:44 | INFO: Blender create Mesh node 25 Kensington Gore | mansard perimeter
13:54:44 | INFO: Blender create Mesh node 25 Kensington Gore | pedimented dormer roofs
13:54:44 | INFO: Blender create Mesh node 25 Kensington Gore | pedimented window hoods
13:54:44 | INFO: Blender create Mesh node 25 Kensington Gore | pierced stucco envelope
13:54:44 | INFO: Blender create Mesh node 25 Kensington Gore | porch entablature
13:54:44 | INFO: Blender create Mesh node 25 Kensington Gore | porch slab
13:54:44 | INFO: Blender create Mesh node 25 Kensington Gore | portico threshold
13:54:44 | INFO: Blender create Mesh node 25 Kensington Gore | projecting sills
13:54:44 | INFO: Blender create Mesh node 25 Kensington Gore | recessed door leaves
13:54:44 | INFO: Blender create Mesh node 25 Kensington Gore | recessed glazing
13:54:44 | INFO: Blender create Mesh node 25 Kensington Gore | segmental window hoods
13:54:44 | INFO: Blender create Mesh node 25 Kensington Gore | slate upper roof
13:54:44 | INFO: Blender create Mesh node 25 Kensington Gore | turned balcony balusters
13:54:44 | INFO: Blender create Mesh node 41–45 Jay Mews | concave roof membrane
13:54:44 | INFO: Blender create Mesh node 41–45 Jay Mews | door glass fanlight
13:54:44 | INFO: Blender create Mesh node 41–45 Jay Mews | door handle
13:54:44 | INFO: Blender create Mesh node 41–45 Jay Mews | door transom
13:54:44 | INFO: Blender create Mesh node 41–45 Jay Mews | lintels
13:54:44 | INFO: Blender create Mesh node 41–45 Jay Mews | low parapet
13:54:44 | INFO: Blender create Mesh node 41–45 Jay Mews | mitred coping
13:54:44 | INFO: Blender create Mesh node 41–45 Jay Mews | painted joinery
13:54:44 | INFO: Blender create Mesh node 41–45 Jay Mews | pierced masonry
13:54:44 | INFO: Blender create Mesh node 41–45 Jay Mews | pipe brackets
13:54:44 | INFO: Blender create Mesh node 41–45 Jay Mews | plain floor band
13:54:44 | INFO: Blender create Mesh node 41–45 Jay Mews | projecting sills
13:54:44 | INFO: Blender create Mesh node 41–45 Jay Mews | rainwater downpipes
13:54:44 | INFO: Blender create Mesh node 41–45 Jay Mews | recessed door
13:54:44 | INFO: Blender create Mesh node 41–45 Jay Mews | recessed glazing
13:54:44 | INFO: Blender create Mesh node 41–45 Jay Mews | simple eaves
13:54:44 | INFO: Blender create Mesh node 41–45 Jay Mews | threshold
13:54:44 | INFO: Blender create Mesh node 41–45 Jay Mews | window mullions
13:54:44 | INFO: Blender create Mesh node 41–45 Jay Mews | window transoms
13:54:44 | INFO: glTF import finished in 0.13s
13:54:44 | INFO: Data are loaded, start creating Blender stuff
13:54:44 | INFO: Blender create Mesh node 29 Exhibition Road | brass door hardware.001
13:54:44 | INFO: Blender create Mesh node 29 Exhibition Road | brick sills.001
13:54:44 | INFO: Blender create Mesh node 29 Exhibition Road | continuous cut brick cornices.001
13:54:44 | INFO: Blender create Mesh node 29 Exhibition Road | continuous roof edge flashing.001
13:54:44 | INFO: Blender create Mesh node 29 Exhibition Road | corner brick pilasters.001
13:54:44 | INFO: Blender create Mesh node 29 Exhibition Road | cut brick heads.001
13:54:44 | INFO: Blender create Mesh node 29 Exhibition Road | door center stile.001
13:54:44 | INFO: Blender create Mesh node 29 Exhibition Road | door leaves.001
13:54:44 | INFO: Blender create Mesh node 29 Exhibition Road | door transom.001
13:54:44 | INFO: Blender create Mesh node 29 Exhibition Road | entrance balcony balusters.001
13:54:44 | INFO: Blender create Mesh node 29 Exhibition Road | entrance balcony handrail.001
13:54:44 | INFO: Blender create Mesh node 29 Exhibition Road | entrance balcony slab.001
13:54:44 | INFO: Blender create Mesh node 29 Exhibition Road | entry threshold.001
13:54:44 | INFO: Blender create Mesh node 29 Exhibition Road | estimated northern hipped roof
13:54:44 | INFO: Blender create Mesh node 29 Exhibition Road | exact concave roof deck.001
13:54:44 | INFO: Blender create Mesh node 29 Exhibition Road | pierced brick walls.001
13:54:44 | INFO: Blender create Mesh node 29 Exhibition Road | radiating brick arch.001
13:54:44 | INFO: Blender create Mesh node 29 Exhibition Road | rear chimney cap
13:54:44 | INFO: Blender create Mesh node 29 Exhibition Road | rear chimney stack
13:54:44 | INFO: Blender create Mesh node 29 Exhibition Road | recessed sashes.001
13:54:44 | INFO: Blender create Mesh node 29 Exhibition Road | segmental arch infill.001
13:54:44 | INFO: Blender create Mesh node 29 Exhibition Road | small pane glazing bars.001
13:54:44 | INFO: Blender create Mesh node 29 Exhibition Road | split brick pediments.001
13:54:44 | INFO: Blender create Mesh node 29 Exhibition Road | timber sash frames.001
13:54:44 | INFO: Blender create Mesh node 84 Kensington Gore | complete mapped roof base cap
13:54:44 | INFO: Blender create Mesh node 84 Kensington Gore | door glass fanlight
13:54:44 | INFO: Blender create Mesh node 84 Kensington Gore | door handle
13:54:44 | INFO: Blender create Mesh node 84 Kensington Gore | door transom
13:54:44 | INFO: Blender create Mesh node 84 Kensington Gore | fine sash bars
13:54:44 | INFO: Blender create Mesh node 84 Kensington Gore | flush storey trim
13:54:44 | INFO: Blender create Mesh node 84 Kensington Gore | four asymmetric saltbox roof slopes
13:54:44 | INFO: Blender create Mesh node 84 Kensington Gore | inward eaves fascia
13:54:44 | INFO: Blender create Mesh node 84 Kensington Gore | painted joinery
13:54:44 | INFO: Blender create Mesh node 84 Kensington Gore | pierced masonry
13:54:44 | INFO: Blender create Mesh node 84 Kensington Gore | pipe brackets
13:54:44 | INFO: Blender create Mesh node 84 Kensington Gore | projecting sills
13:54:44 | INFO: Blender create Mesh node 84 Kensington Gore | rainwater downpipes
13:54:44 | INFO: Blender create Mesh node 84 Kensington Gore | recessed door
13:54:44 | INFO: Blender create Mesh node 84 Kensington Gore | recessed glazing
13:54:44 | INFO: Blender create Mesh node 84 Kensington Gore | saltbox perimeter infill
13:54:44 | INFO: Blender create Mesh node 84 Kensington Gore | segmental brick arch heads
13:54:44 | INFO: Blender create Mesh node 84 Kensington Gore | threshold
13:54:44 | INFO: Blender create Mesh node 84 Kensington Gore | window mullions
13:54:44 | INFO: Blender create Mesh node 84 Kensington Gore | window transoms
13:54:44 | INFO: Blender create Mesh node Jamaican High Commission | attic sash frames
13:54:44 | INFO: Blender create Mesh node Jamaican High Commission | attic sash glazing
13:54:44 | INFO: Blender create Mesh node Jamaican High Commission | baluster necks
13:54:44 | INFO: Blender create Mesh node Jamaican High Commission | balustrade top rail
13:54:44 | INFO: Blender create Mesh node Jamaican High Commission | brass door hardware
13:54:44 | INFO: Blender create Mesh node Jamaican High Commission | brick sills
13:54:44 | INFO: Blender create Mesh node Jamaican High Commission | central balcony slab
13:54:44 | INFO: Blender create Mesh node Jamaican High Commission | central dormer back panels
13:54:44 | INFO: Blender create Mesh node Jamaican High Commission | central dormer glazing
13:54:44 | INFO: Blender create Mesh node Jamaican High Commission | central dormer joinery
13:54:44 | INFO: Blender create Mesh node Jamaican High Commission | central dormer lintels
13:54:44 | INFO: Blender create Mesh node Jamaican High Commission | central dormer side jambs
13:54:44 | INFO: Blender create Mesh node Jamaican High Commission | central linking roof
13:54:44 | INFO: Blender create Mesh node Jamaican High Commission | central stone balustrade
13:54:44 | INFO: Blender create Mesh node Jamaican High Commission | chimney corbel caps
13:54:44 | INFO: Blender create Mesh node Jamaican High Commission | chimney pots
13:54:44 | INFO: Blender create Mesh node Jamaican High Commission | continuous cut brick cornices
13:54:44 | INFO: Blender create Mesh node Jamaican High Commission | continuous roof edge flashing
13:54:44 | INFO: Blender create Mesh node Jamaican High Commission | corner brick pilasters
13:54:44 | INFO: Blender create Mesh node Jamaican High Commission | cut brick heads
13:54:44 | INFO: Blender create Mesh node Jamaican High Commission | door center stile
13:54:44 | INFO: Blender create Mesh node Jamaican High Commission | door leaves
13:54:44 | INFO: Blender create Mesh node Jamaican High Commission | door transom
13:54:44 | INFO: Blender create Mesh node Jamaican High Commission | entry threshold
13:54:44 | INFO: Blender create Mesh node Jamaican High Commission | exact concave roof deck
13:54:44 | INFO: Blender create Mesh node Jamaican High Commission | finite portico supporting slab
13:54:44 | INFO: Blender create Mesh node Jamaican High Commission | paired steep red tiled roofs
13:54:44 | INFO: Blender create Mesh node Jamaican High Commission | pierced brick walls
13:54:44 | INFO: Blender create Mesh node Jamaican High Commission | pierced triangular attic gables
13:54:44 | INFO: Blender create Mesh node Jamaican High Commission | portico arch spandrels
13:54:44 | INFO: Blender create Mesh node Jamaican High Commission | portico brick piers
13:54:44 | INFO: Blender create Mesh node Jamaican High Commission | portico pier capitals
13:54:44 | INFO: Blender create Mesh node Jamaican High Commission | radiating brick arch
13:54:44 | INFO: Blender create Mesh node Jamaican High Commission | recessed sashes
13:54:44 | INFO: Blender create Mesh node Jamaican High Commission | roof ridge tiles
13:54:44 | INFO: Blender create Mesh node Jamaican High Commission | segmental arch infill
13:54:44 | INFO: Blender create Mesh node Jamaican High Commission | small pane glazing bars
13:54:44 | INFO: Blender create Mesh node Jamaican High Commission | split brick pediments
13:54:44 | INFO: Blender create Mesh node Jamaican High Commission | tall chimney stacks
13:54:44 | INFO: Blender create Mesh node Jamaican High Commission | timber sash frames
13:54:44 | INFO: Blender create Mesh node Jamaican High Commission | twin portico brick arches
13:54:44 | INFO: Blender create Mesh node Jay Mews 117010283 | concave roof membrane
13:54:44 | INFO: Blender create Mesh node Jay Mews 117010283 | door glass fanlight
13:54:44 | INFO: Blender create Mesh node Jay Mews 117010283 | door handle
13:54:44 | INFO: Blender create Mesh node Jay Mews 117010283 | door transom
13:54:44 | INFO: Blender create Mesh node Jay Mews 117010283 | fine sash bars
13:54:44 | INFO: Blender create Mesh node Jay Mews 117010283 | lintels
13:54:44 | INFO: Blender create Mesh node Jay Mews 117010283 | low parapet
13:54:44 | INFO: Blender create Mesh node Jay Mews 117010283 | mitred coping
13:54:44 | INFO: Blender create Mesh node Jay Mews 117010283 | painted joinery
13:54:44 | INFO: Blender create Mesh node Jay Mews 117010283 | pierced masonry
13:54:44 | INFO: Blender create Mesh node Jay Mews 117010283 | pipe brackets
13:54:44 | INFO: Blender create Mesh node Jay Mews 117010283 | projecting sills
13:54:44 | INFO: Blender create Mesh node Jay Mews 117010283 | projecting storey ledge
13:54:44 | INFO: Blender create Mesh node Jay Mews 117010283 | rainwater downpipes
13:54:44 | INFO: Blender create Mesh node Jay Mews 117010283 | recessed door
13:54:44 | INFO: Blender create Mesh node Jay Mews 117010283 | recessed glazing
13:54:44 | INFO: Blender create Mesh node Jay Mews 117010283 | simple eaves
13:54:44 | INFO: Blender create Mesh node Jay Mews 117010283 | threshold
13:54:44 | INFO: Blender create Mesh node Jay Mews 117010283 | window mullions
13:54:44 | INFO: Blender create Mesh node Jay Mews 117010283 | window transoms
13:54:44 | INFO: glTF import finished in 0.17s
13:54:44 | INFO: Data are loaded, start creating Blender stuff
13:54:44 | INFO: Blender create Mesh node Albert Close 642055723 | complete concave roof membrane
13:54:44 | INFO: Blender create Mesh node Albert Close 642055723 | door glass fanlight
13:54:44 | INFO: Blender create Mesh node Albert Close 642055723 | door handle
13:54:44 | INFO: Blender create Mesh node Albert Close 642055723 | door transom
13:54:44 | INFO: Blender create Mesh node Albert Close 642055723 | estimated hip roof curb
13:54:44 | INFO: Blender create Mesh node Albert Close 642055723 | estimated shallow hip roof
13:54:44 | INFO: Blender create Mesh node Albert Close 642055723 | flush floor course
13:54:44 | INFO: Blender create Mesh node Albert Close 642055723 | inward eaves
13:54:44 | INFO: Blender create Mesh node Albert Close 642055723 | lintels
13:54:44 | INFO: Blender create Mesh node Albert Close 642055723 | low parapet
13:54:44 | INFO: Blender create Mesh node Albert Close 642055723 | mitred coping
13:54:44 | INFO: Blender create Mesh node Albert Close 642055723 | painted joinery
13:54:44 | INFO: Blender create Mesh node Albert Close 642055723 | pierced masonry
13:54:44 | INFO: Blender create Mesh node Albert Close 642055723 | pipe brackets
13:54:44 | INFO: Blender create Mesh node Albert Close 642055723 | projecting sills
13:54:44 | INFO: Blender create Mesh node Albert Close 642055723 | rainwater downpipes
13:54:44 | INFO: Blender create Mesh node Albert Close 642055723 | recessed door
13:54:44 | INFO: Blender create Mesh node Albert Close 642055723 | recessed glazing
13:54:44 | INFO: Blender create Mesh node Albert Close 642055723 | threshold
13:54:44 | INFO: Blender create Mesh node Albert Close 642055723 | upper sash meeting rail
13:54:44 | INFO: Blender create Mesh node Albert Close 642055723 | window mullions
13:54:44 | INFO: Blender create Mesh node Albert Close 642055723 | window transoms
13:54:44 | INFO: Blender create Mesh node Jay Mews 117010293 | concave roof membrane
13:54:44 | INFO: Blender create Mesh node Jay Mews 117010293 | door glass fanlight
13:54:44 | INFO: Blender create Mesh node Jay Mews 117010293 | door handle
13:54:44 | INFO: Blender create Mesh node Jay Mews 117010293 | door transom
13:54:44 | INFO: Blender create Mesh node Jay Mews 117010293 | flush floor course
13:54:44 | INFO: Blender create Mesh node Jay Mews 117010293 | inward eaves
13:54:44 | INFO: Blender create Mesh node Jay Mews 117010293 | lintels
13:54:44 | INFO: Blender create Mesh node Jay Mews 117010293 | low parapet
13:54:44 | INFO: Blender create Mesh node Jay Mews 117010293 | mitred coping
13:54:44 | INFO: Blender create Mesh node Jay Mews 117010293 | painted joinery
13:54:44 | INFO: Blender create Mesh node Jay Mews 117010293 | pierced masonry
13:54:44 | INFO: Blender create Mesh node Jay Mews 117010293 | pierced masonry.001
13:54:44 | INFO: Blender create Mesh node Jay Mews 117010293 | pipe brackets
13:54:44 | INFO: Blender create Mesh node Jay Mews 117010293 | projecting sills
13:54:44 | INFO: Blender create Mesh node Jay Mews 117010293 | rainwater downpipes
13:54:44 | INFO: Blender create Mesh node Jay Mews 117010293 | recessed door
13:54:44 | INFO: Blender create Mesh node Jay Mews 117010293 | recessed glazing
13:54:44 | INFO: Blender create Mesh node Jay Mews 117010293 | threshold
13:54:44 | INFO: Blender create Mesh node Jay Mews 117010293 | upper sash meeting rail
13:54:44 | INFO: Blender create Mesh node Jay Mews 117010293 | window mullions
13:54:44 | INFO: Blender create Mesh node Jay Mews 117010293 | window transoms
13:54:44 | INFO: Blender create Mesh node Princes Gate Court | complete concave roof deck
13:54:44 | INFO: Blender create Mesh node Princes Gate Court | courtyard stone vertical bays
13:54:44 | INFO: Blender create Mesh node Princes Gate Court | door central stile
13:54:44 | INFO: Blender create Mesh node Princes Gate Court | door hardware
13:54:44 | INFO: Blender create Mesh node Princes Gate Court | dormer cap
13:54:44 | INFO: Blender create Mesh node Princes Gate Court | dormer front sill
13:54:44 | INFO: Blender create Mesh node Princes Gate Court | dormer rear closure
13:54:44 | INFO: Blender create Mesh node Princes Gate Court | entrance leaves
13:54:44 | INFO: Blender create Mesh node Princes Gate Court | entry transom
13:54:44 | INFO: Blender create Mesh node Princes Gate Court | flush threshold
13:54:44 | INFO: Blender create Mesh node Princes Gate Court | inset sloping roof ranges
13:54:44 | INFO: Blender create Mesh node Princes Gate Court | pale stone plinth
13:54:44 | INFO: Blender create Mesh node Princes Gate Court | pierced red brick facades
13:54:44 | INFO: Blender create Mesh node Princes Gate Court | recessed courtyard sashes
13:54:44 | INFO: Blender create Mesh node Princes Gate Court | recessed dormer glass
13:54:44 | INFO: Blender create Mesh node Princes Gate Court | red brick roof parapet
13:54:44 | INFO: Blender create Mesh node Princes Gate Court | small pane glazing bars
13:54:44 | INFO: Blender create Mesh node Princes Gate Court | stone entrance entablature
13:54:44 | INFO: Blender create Mesh node Princes Gate Court | stone entrance jambs
13:54:44 | INFO: Blender create Mesh node Princes Gate Court | stone parapet coping
13:54:44 | INFO: Blender create Mesh node Princes Gate Court | stone window sills
13:54:44 | INFO: Blender create Mesh node Princes Gate Court | subtle brick headers
13:54:44 | INFO: Blender create Mesh node Princes Gate Court | upper stone string courses
13:54:44 | INFO: Blender create Mesh node Princes Gate Court | white dormer cheek walls
13:54:44 | INFO: Blender create Mesh node Princes Gate Court | white dormer joinery
13:54:44 | INFO: Blender create Mesh node Princes Gate Court | white sash frames
13:54:44 | INFO: glTF import finished in 0.25s
13:54:44 | INFO: Data are loaded, start creating Blender stuff
13:54:44 | INFO: Blender create Mesh node Albert Close 642055721 | complete concave roof deck
13:54:44 | INFO: Blender create Mesh node Albert Close 642055721 | door central stile
13:54:44 | INFO: Blender create Mesh node Albert Close 642055721 | door hardware
13:54:44 | INFO: Blender create Mesh node Albert Close 642055721 | entrance leaves
13:54:44 | INFO: Blender create Mesh node Albert Close 642055721 | entry transom
13:54:44 | INFO: Blender create Mesh node Albert Close 642055721 | flush threshold
13:54:44 | INFO: Blender create Mesh node Albert Close 642055721 | painted sash frames
13:54:44 | INFO: Blender create Mesh node Albert Close 642055721 | pierced red brick facades
13:54:44 | INFO: Blender create Mesh node Albert Close 642055721 | plain brick plinth
13:54:44 | INFO: Blender create Mesh node Albert Close 642055721 | plain eaves and floor course
13:54:44 | INFO: Blender create Mesh node Albert Close 642055721 | plain sash mullions
13:54:44 | INFO: Blender create Mesh node Albert Close 642055721 | plain sash transoms
13:54:44 | INFO: Blender create Mesh node Albert Close 642055721 | recessed rear wing windows
13:54:44 | INFO: Blender create Mesh node Albert Close 642055721 | red brick roof parapet
13:54:44 | INFO: Blender create Mesh node Albert Close 642055721 | stone entrance entablature
13:54:44 | INFO: Blender create Mesh node Albert Close 642055721 | stone entrance jambs
13:54:44 | INFO: Blender create Mesh node Albert Close 642055721 | stone parapet coping
13:54:44 | INFO: Blender create Mesh node Albert Close 642055721 | stone window sills
13:54:44 | INFO: Blender create Mesh node Albert Close 642055721 | subtle brick headers
13:54:44 | INFO: Blender create Mesh node Albert Close 642055722 | brick header lintels
13:54:44 | INFO: Blender create Mesh node Albert Close 642055722 | complete mapped roof membrane
13:54:44 | INFO: Blender create Mesh node Albert Close 642055722 | door glass fanlight
13:54:44 | INFO: Blender create Mesh node Albert Close 642055722 | door handle
13:54:44 | INFO: Blender create Mesh node Albert Close 642055722 | door transom
13:54:44 | INFO: Blender create Mesh node Albert Close 642055722 | estimated internal shed roof curb
13:54:44 | INFO: Blender create Mesh node Albert Close 642055722 | estimated shallow shed roof
13:54:44 | INFO: Blender create Mesh node Albert Close 642055722 | flush floor course
13:54:44 | INFO: Blender create Mesh node Albert Close 642055722 | inward eaves
13:54:44 | INFO: Blender create Mesh node Albert Close 642055722 | low parapet
13:54:44 | INFO: Blender create Mesh node Albert Close 642055722 | mitred coping
13:54:44 | INFO: Blender create Mesh node Albert Close 642055722 | painted joinery
13:54:44 | INFO: Blender create Mesh node Albert Close 642055722 | pierced masonry
13:54:44 | INFO: Blender create Mesh node Albert Close 642055722 | pipe brackets
13:54:44 | INFO: Blender create Mesh node Albert Close 642055722 | projecting sills
13:54:44 | INFO: Blender create Mesh node Albert Close 642055722 | rainwater downpipes
13:54:44 | INFO: Blender create Mesh node Albert Close 642055722 | recessed door
13:54:44 | INFO: Blender create Mesh node Albert Close 642055722 | recessed glazing
13:54:44 | INFO: Blender create Mesh node Albert Close 642055722 | slim pale lintel accent
13:54:44 | INFO: Blender create Mesh node Albert Close 642055722 | threshold
13:54:44 | INFO: Blender create Mesh node Albert Close 642055722 | upper sash meeting rail
13:54:44 | INFO: Blender create Mesh node Albert Close 642055722 | window mullions
13:54:44 | INFO: Blender create Mesh node Albert Close 642055722 | window transoms
13:54:44 | INFO: Blender create Mesh node Mews outbuilding1154608369 | closed bottom slab
13:54:44 | INFO: Blender create Mesh node Mews outbuilding1154608369 | complete thin roof slab
13:54:44 | INFO: Blender create Mesh node Mews outbuilding1154608369 | continuous closed masonry perimeter
13:54:44 | INFO: Blender create Mesh node Mews outbuilding1154608369 | corner boundary strips
13:54:44 | INFO: Blender create Mesh node Mews outbuilding1154608369 | inset masonry base trim
13:54:44 | INFO: Blender create Mesh node Mews outbuilding1154608369 | low roof weather upstand
13:54:44 | INFO: Blender create Mesh node Mews outbuilding1154608369 | mitred coping
13:54:44 | INFO: Blender create Mesh node Mews outbuilding1154608369 | simple inward eaves fascia
13:54:44 | INFO: glTF import finished in 0.05s
13:54:44 | INFO: Data are loaded, start creating Blender stuff
13:54:44 | INFO: Blender create Mesh node Mews outbuilding1154608372 | closed bottom slab
13:54:44 | INFO: Blender create Mesh node Mews outbuilding1154608372 | complete thin roof slab
13:54:44 | INFO: Blender create Mesh node Mews outbuilding1154608372 | continuous closed masonry perimeter
13:54:44 | INFO: Blender create Mesh node Mews outbuilding1154608372 | corner boundary strips
13:54:44 | INFO: Blender create Mesh node Mews outbuilding1154608372 | inset masonry base trim
13:54:44 | INFO: Blender create Mesh node Mews outbuilding1154608372 | low mitred coping
13:54:44 | INFO: Blender create Mesh node Mews outbuilding1154608372 | low roof weather upstand
13:54:44 | INFO: Blender create Mesh node Mews outbuilding1154608372 | simple inward eaves fascia
13:54:44 | INFO: Blender create Mesh node Service building788306098 | closed bottom slab
13:54:44 | INFO: Blender create Mesh node Service building788306098 | closed roof seam strips
13:54:44 | INFO: Blender create Mesh node Service building788306098 | complete thin roof slab
13:54:44 | INFO: Blender create Mesh node Service building788306098 | continuous closed masonry perimeter
13:54:44 | INFO: Blender create Mesh node Service building788306098 | corner boundary strips
13:54:44 | INFO: Blender create Mesh node Service building788306098 | inset masonry base trim
13:54:44 | INFO: Blender create Mesh node Service building788306098 | low roof weather upstand
13:54:44 | INFO: Blender create Mesh node Service building788306098 | metal weather coping
13:54:44 | INFO: Blender create Mesh node Service building788306098 | simple inward eaves fascia
13:54:44 | INFO: Blender create Mesh node University wing 640976478 | casement toplight transoms
13:54:44 | INFO: Blender create Mesh node University wing 640976478 | complete concave roof deck
13:54:44 | INFO: Blender create Mesh node University wing 640976478 | door central stile
13:54:44 | INFO: Blender create Mesh node University wing 640976478 | door hardware
13:54:44 | INFO: Blender create Mesh node University wing 640976478 | entrance leaves
13:54:44 | INFO: Blender create Mesh node University wing 640976478 | entry transom
13:54:44 | INFO: Blender create Mesh node University wing 640976478 | flush threshold
13:54:44 | INFO: Blender create Mesh node University wing 640976478 | metal casement frames
13:54:44 | INFO: Blender create Mesh node University wing 640976478 | paired casement mullions
13:54:44 | INFO: Blender create Mesh node University wing 640976478 | pierced red brick facades
13:54:44 | INFO: Blender create Mesh node University wing 640976478 | plain brick plinth
13:54:44 | INFO: Blender create Mesh node University wing 640976478 | plain eaves and floor course
13:54:44 | INFO: Blender create Mesh node University wing 640976478 | recessed university casements
13:54:44 | INFO: Blender create Mesh node University wing 640976478 | red brick roof parapet
13:54:44 | INFO: Blender create Mesh node University wing 640976478 | shallow vertical facade piers
13:54:44 | INFO: Blender create Mesh node University wing 640976478 | stone entrance entablature
13:54:44 | INFO: Blender create Mesh node University wing 640976478 | stone entrance jambs
13:54:44 | INFO: Blender create Mesh node University wing 640976478 | stone parapet coping
13:54:44 | INFO: Blender create Mesh node University wing 640976478 | stone window sills
13:54:44 | INFO: Blender create Mesh node University wing 640976478 | subtle brick headers
13:54:44 | INFO: glTF import finished in 0.05s
13:54:44 | INFO: Data are loaded, start creating Blender stuff
13:54:44 | INFO: Blender create Mesh node Campus rear 1133279024 | casement toplight transoms
13:54:44 | INFO: Blender create Mesh node Campus rear 1133279024 | complete concave roof deck
13:54:44 | INFO: Blender create Mesh node Campus rear 1133279024 | door central stile
13:54:44 | INFO: Blender create Mesh node Campus rear 1133279024 | door hardware
13:54:44 | INFO: Blender create Mesh node Campus rear 1133279024 | entrance leaves
13:54:44 | INFO: Blender create Mesh node Campus rear 1133279024 | entry transom
13:54:44 | INFO: Blender create Mesh node Campus rear 1133279024 | flush threshold
13:54:44 | INFO: Blender create Mesh node Campus rear 1133279024 | metal casement frames
13:54:44 | INFO: Blender create Mesh node Campus rear 1133279024 | paired casement mullions
13:54:44 | INFO: Blender create Mesh node Campus rear 1133279024 | pierced service wing masonry
13:54:44 | INFO: Blender create Mesh node Campus rear 1133279024 | plain brick plinth
13:54:44 | INFO: Blender create Mesh node Campus rear 1133279024 | plain eaves and floor course
13:54:44 | INFO: Blender create Mesh node Campus rear 1133279024 | recessed service wing casements
13:54:44 | INFO: Blender create Mesh node Campus rear 1133279024 | service wing parapet
13:54:44 | INFO: Blender create Mesh node Campus rear 1133279024 | stone entrance entablature
13:54:44 | INFO: Blender create Mesh node Campus rear 1133279024 | stone entrance jambs
13:54:44 | INFO: Blender create Mesh node Campus rear 1133279024 | stone parapet coping
13:54:44 | INFO: Blender create Mesh node Campus rear 1133279024 | stone window sills
13:54:44 | INFO: Blender create Mesh node Campus rear 1133279024 | subtle brick headers
13:54:44 | INFO: Blender create Mesh node Queens Gate rear703836510 | concave roof membrane
13:54:44 | INFO: Blender create Mesh node Queens Gate rear703836510 | door glass fanlight
13:54:44 | INFO: Blender create Mesh node Queens Gate rear703836510 | door handle
13:54:44 | INFO: Blender create Mesh node Queens Gate rear703836510 | door transom
13:54:44 | INFO: Blender create Mesh node Queens Gate rear703836510 | flush floor course
13:54:44 | INFO: Blender create Mesh node Queens Gate rear703836510 | inward eaves
13:54:44 | INFO: Blender create Mesh node Queens Gate rear703836510 | lintels
13:54:44 | INFO: Blender create Mesh node Queens Gate rear703836510 | low parapet
13:54:44 | INFO: Blender create Mesh node Queens Gate rear703836510 | mitred coping
13:54:44 | INFO: Blender create Mesh node Queens Gate rear703836510 | painted joinery
13:54:44 | INFO: Blender create Mesh node Queens Gate rear703836510 | pierced masonry
13:54:44 | INFO: Blender create Mesh node Queens Gate rear703836510 | pipe brackets
13:54:45 | INFO: Blender create Mesh node Queens Gate rear703836510 | projecting sills
13:54:45 | INFO: Blender create Mesh node Queens Gate rear703836510 | rainwater downpipes
13:54:45 | INFO: Blender create Mesh node Queens Gate rear703836510 | recessed door
13:54:45 | INFO: Blender create Mesh node Queens Gate rear703836510 | recessed glazing
13:54:45 | INFO: Blender create Mesh node Queens Gate rear703836510 | threshold
13:54:45 | INFO: Blender create Mesh node Queens Gate rear703836510 | upper sash meeting rail
13:54:45 | INFO: Blender create Mesh node Queens Gate rear703836510 | window mullions
13:54:45 | INFO: Blender create Mesh node Queens Gate rear703836510 | window transoms
13:54:45 | INFO: glTF import finished in 0.05s
13:54:45 | INFO: Data are loaded, start creating Blender stuff
13:54:45 | INFO: Blender create Mesh node Museum Lane link850528336 | arched masonry
13:54:45 | INFO: Blender create Mesh node Museum Lane link850528336 | central triangular pediment
13:54:45 | INFO: Blender create Mesh node Museum Lane link850528336 | complete polygon roof
13:54:45 | INFO: Blender create Mesh node Museum Lane link850528336 | dark joinery
13:54:45 | INFO: Blender create Mesh node Museum Lane link850528336 | intentional_gate
13:54:45 | INFO: Blender create Mesh node Museum Lane link850528336 | passage side reveals
13:54:45 | INFO: Blender create Mesh node Museum Lane link850528336 | pierced stone
13:54:45 | INFO: Blender create Mesh node Museum Lane link850528336 | recessed door
13:54:45 | INFO: Blender create Mesh node Museum Lane link850528336 | recessed window
13:54:45 | INFO: Blender create Mesh node Museum Lane link850528336 | roof sealed edge
13:54:45 | INFO: Blender create Mesh node Museum Lane link850528336 | stone cornice
13:54:45 | INFO: Blender create Mesh node Museum Lane link850528336 | stone walls
13:54:45 | INFO: Blender create Mesh node Museum Lane link850528336 | upper pierced stone
13:54:45 | INFO: Blender create Mesh node Museum Lane link850528336 | upper stone window surround
13:54:45 | INFO: Blender create Mesh node Museum Lane link850528336 | vaulted passage intrados
13:54:45 | INFO: Blender create Mesh node Museum service infill 850528335 | casement toplight transoms
13:54:45 | INFO: Blender create Mesh node Museum service infill 850528335 | complete concave roof deck
13:54:45 | INFO: Blender create Mesh node Museum service infill 850528335 | door central stile
13:54:45 | INFO: Blender create Mesh node Museum service infill 850528335 | door hardware
13:54:45 | INFO: Blender create Mesh node Museum service infill 850528335 | entrance leaves
13:54:45 | INFO: Blender create Mesh node Museum service infill 850528335 | entry transom
13:54:45 | INFO: Blender create Mesh node Museum service infill 850528335 | flush threshold
13:54:45 | INFO: Blender create Mesh node Museum service infill 850528335 | metal casement frames
13:54:45 | INFO: Blender create Mesh node Museum service infill 850528335 | paired casement mullions
13:54:45 | INFO: Blender create Mesh node Museum service infill 850528335 | pierced service wing masonry
13:54:45 | INFO: Blender create Mesh node Museum service infill 850528335 | plain brick plinth
13:54:45 | INFO: Blender create Mesh node Museum service infill 850528335 | plain eaves and floor course
13:54:45 | INFO: Blender create Mesh node Museum service infill 850528335 | recessed service wing casements
13:54:45 | INFO: Blender create Mesh node Museum service infill 850528335 | service wing parapet
13:54:45 | INFO: Blender create Mesh node Museum service infill 850528335 | stone entrance entablature
13:54:45 | INFO: Blender create Mesh node Museum service infill 850528335 | stone entrance jambs
13:54:45 | INFO: Blender create Mesh node Museum service infill 850528335 | stone parapet coping
13:54:45 | INFO: Blender create Mesh node Museum service infill 850528335 | stone window sills
13:54:45 | INFO: Blender create Mesh node Museum service infill 850528335 | subtle brick headers
13:54:45 | INFO: Blender create Mesh node finite passage supporting slab
13:54:45 | INFO: glTF import finished in 0.03s
13:54:45 | INFO: Data are loaded, start creating Blender stuff
13:54:45 | INFO: Blender create Mesh node finite entry approach from audited ground.001
13:54:45 | INFO: Blender create Mesh node 1 Hyde Park Gate | complete concave roof deck
13:54:45 | INFO: Blender create Mesh node 1 Hyde Park Gate | complete inset mansard top
13:54:45 | INFO: Blender create Mesh node 1 Hyde Park Gate | door central stile
13:54:45 | INFO: Blender create Mesh node 1 Hyde Park Gate | door hardware
13:54:45 | INFO: Blender create Mesh node 1 Hyde Park Gate | entrance leaves
13:54:45 | INFO: Blender create Mesh node 1 Hyde Park Gate | entry transom
13:54:45 | INFO: Blender create Mesh node 1 Hyde Park Gate | flush threshold
13:54:45 | INFO: Blender create Mesh node 1 Hyde Park Gate | hood console blocks
13:54:45 | INFO: Blender create Mesh node 1 Hyde Park Gate | mansard curved head solid closure
13:54:45 | INFO: Blender create Mesh node 1 Hyde Park Gate | mansard dormer closed back
13:54:45 | INFO: Blender create Mesh node 1 Hyde Park Gate | mansard dormer closed cheeks
13:54:45 | INFO: Blender create Mesh node 1 Hyde Park Gate | mansard dormer closed top
13:54:45 | INFO: Blender create Mesh node 1 Hyde Park Gate | mansard dormer lower apron
13:54:45 | INFO: Blender create Mesh node 1 Hyde Park Gate | mansard dormer upright frames
13:54:45 | INFO: Blender create Mesh node 1 Hyde Park Gate | mansard recessed glazing
13:54:45 | INFO: Blender create Mesh node 1 Hyde Park Gate | mansard rounded arch frames
13:54:45 | INFO: Blender create Mesh node 1 Hyde Park Gate | mansard sash mullion
13:54:45 | INFO: Blender create Mesh node 1 Hyde Park Gate | mansard sash transom
13:54:45 | INFO: Blender create Mesh node 1 Hyde Park Gate | moulded window hood
13:54:45 | INFO: Blender create Mesh node 1 Hyde Park Gate | observed mansard sloping skin
13:54:45 | INFO: Blender create Mesh node 1 Hyde Park Gate | painted sash frames
13:54:45 | INFO: Blender create Mesh node 1 Hyde Park Gate | pierced stucco elevations
13:54:45 | INFO: Blender create Mesh node 1 Hyde Park Gate | plain brick plinth
13:54:45 | INFO: Blender create Mesh node 1 Hyde Park Gate | plain eaves and floor course
13:54:45 | INFO: Blender create Mesh node 1 Hyde Park Gate | recessed townhouse sash glazing
13:54:45 | INFO: Blender create Mesh node 1 Hyde Park Gate | sash glazing bars
13:54:45 | INFO: Blender create Mesh node 1 Hyde Park Gate | sash meeting rails
13:54:45 | INFO: Blender create Mesh node 1 Hyde Park Gate | single tower corner parapet pier
13:54:45 | INFO: Blender create Mesh node 1 Hyde Park Gate | stone entrance entablature
13:54:45 | INFO: Blender create Mesh node 1 Hyde Park Gate | stone entrance jambs
13:54:45 | INFO: Blender create Mesh node 1 Hyde Park Gate | stone parapet coping
13:54:45 | INFO: Blender create Mesh node 1 Hyde Park Gate | stone window sills
13:54:45 | INFO: Blender create Mesh node 1 Hyde Park Gate | stucco attic parapet
13:54:45 | INFO: Blender create Mesh node 1 Hyde Park Gate | tower arch spandrels
13:54:45 | INFO: Blender create Mesh node 1 Hyde Park Gate | tower closed flat roof
13:54:45 | INFO: Blender create Mesh node 1 Hyde Park Gate | tower corner pilasters
13:54:45 | INFO: Blender create Mesh node 1 Hyde Park Gate | tower layered cornice
13:54:45 | INFO: Blender create Mesh node 1 Hyde Park Gate | tower parapet balusters
13:54:45 | INFO: Blender create Mesh node 1 Hyde Park Gate | tower parapet handrail
13:54:45 | INFO: Blender create Mesh node 1 Hyde Park Gate | tower parapet solid plinth
13:54:45 | INFO: Blender create Mesh node 1 Hyde Park Gate | tower pierced upper walls
13:54:45 | INFO: Blender create Mesh node 1 Hyde Park Gate | tower recessed arched glazing
13:54:45 | INFO: Blender create Mesh node 1 Hyde Park Gate | tower rounded window heads
13:54:45 | INFO: Blender create Mesh node 1 Hyde Park Gate | tower window jamb trim
13:54:45 | INFO: Blender create Mesh node 1 Hyde Park Gate | tower window sill
13:54:45 | INFO: Blender create Mesh node 1 Hyde Park Gate | window architrave sides
13:54:45 | INFO: Blender create Mesh node finite porch support.001
13:54:45 | INFO: Blender create Mesh node finite entry approach from audited ground.002
13:54:45 | INFO: Blender create Mesh node 1–2 Queens Gate | arched window solid spandrels
13:54:45 | INFO: Blender create Mesh node 1–2 Queens Gate | balcony turned balusters
13:54:45 | INFO: Blender create Mesh node 1–2 Queens Gate | balustrade handrail
13:54:45 | INFO: Blender create Mesh node 1–2 Queens Gate | complete concave roof deck
13:54:45 | INFO: Blender create Mesh node 1–2 Queens Gate | door central stile
13:54:45 | INFO: Blender create Mesh node 1–2 Queens Gate | door hardware
13:54:45 | INFO: Blender create Mesh node 1–2 Queens Gate | Doric portico plinth
13:54:45 | INFO: Blender create Mesh node 1–2 Queens Gate | Doric square abacus
13:54:45 | INFO: Blender create Mesh node 1–2 Queens Gate | entrance leaves
13:54:45 | INFO: Blender create Mesh node 1–2 Queens Gate | entry transom
13:54:45 | INFO: Blender create Mesh node 1–2 Queens Gate | flush threshold
13:54:45 | INFO: Blender create Mesh node 1–2 Queens Gate | hood console blocks
13:54:45 | INFO: Blender create Mesh node 1–2 Queens Gate | moulded window hood
13:54:45 | INFO: Blender create Mesh node 1–2 Queens Gate | painted sash frames
13:54:45 | INFO: Blender create Mesh node 1–2 Queens Gate | paired Doric entrance columns
13:54:45 | INFO: Blender create Mesh node 1–2 Queens Gate | pierced stucco elevations
13:54:45 | INFO: Blender create Mesh node 1–2 Queens Gate | plain brick plinth
13:54:45 | INFO: Blender create Mesh node 1–2 Queens Gate | plain eaves and floor course
13:54:45 | INFO: Blender create Mesh node 1–2 Queens Gate | portico entablature closed canopy
13:54:45 | INFO: Blender create Mesh node 1–2 Queens Gate | portico upper moulding
13:54:45 | INFO: Blender create Mesh node 1–2 Queens Gate | recessed townhouse sash glazing
13:54:45 | INFO: Blender create Mesh node 1–2 Queens Gate | sash glazing bars
13:54:45 | INFO: Blender create Mesh node 1–2 Queens Gate | sash meeting rails
13:54:45 | INFO: Blender create Mesh node 1–2 Queens Gate | stone entrance entablature
13:54:45 | INFO: Blender create Mesh node 1–2 Queens Gate | stone entrance jambs
13:54:45 | INFO: Blender create Mesh node 1–2 Queens Gate | stone parapet coping
13:54:45 | INFO: Blender create Mesh node 1–2 Queens Gate | stone window sills
13:54:45 | INFO: Blender create Mesh node 1–2 Queens Gate | stucco attic parapet
13:54:45 | INFO: Blender create Mesh node 1–2 Queens Gate | third floor curved arch surrounds
13:54:45 | INFO: Blender create Mesh node 1–2 Queens Gate | window architrave sides
13:54:45 | INFO: Blender create Mesh node finite porch support
13:54:45 | INFO: Blender create Mesh node finite entry approach from audited ground
13:54:45 | INFO: Blender create Mesh node Cheval Hyde Park Gate | aperture stone surround
13:54:45 | INFO: Blender create Mesh node Cheval Hyde Park Gate | balcony cap rail
13:54:45 | INFO: Blender create Mesh node Cheval Hyde Park Gate | balcony turned balusters
13:54:45 | INFO: Blender create Mesh node Cheval Hyde Park Gate | continuous mitred cornices
13:54:45 | INFO: Blender create Mesh node Cheval Hyde Park Gate | curved window head masonry
13:54:45 | INFO: Blender create Mesh node Cheval Hyde Park Gate | door jamb
13:54:45 | INFO: Blender create Mesh node Cheval Hyde Park Gate | door leaf raised panels
13:54:45 | INFO: Blender create Mesh node Cheval Hyde Park Gate | door lintel frame
13:54:45 | INFO: Blender create Mesh node Cheval Hyde Park Gate | Doric entrance porch columns
13:54:45 | INFO: Blender create Mesh node Cheval Hyde Park Gate | Doric porch entablature
13:54:45 | INFO: Blender create Mesh node Cheval Hyde Park Gate | dormer central sash
13:54:45 | INFO: Blender create Mesh node Cheval Hyde Park Gate | dormer jambs
13:54:45 | INFO: Blender create Mesh node Cheval Hyde Park Gate | dormer recessed glass
13:54:45 | INFO: Blender create Mesh node Cheval Hyde Park Gate | dormer side cheeks
13:54:45 | INFO: Blender create Mesh node Cheval Hyde Park Gate | dormer sill
13:54:45 | INFO: Blender create Mesh node Cheval Hyde Park Gate | dormer top flashing
13:54:45 | INFO: Blender create Mesh node Cheval Hyde Park Gate | entrance leaf
13:54:45 | INFO: Blender create Mesh node Cheval Hyde Park Gate | estimated recessed attic mansard
13:54:45 | INFO: Blender create Mesh node Cheval Hyde Park Gate | first floor balcony deck
13:54:45 | INFO: Blender create Mesh node Cheval Hyde Park Gate | first floor Ionic shafts
13:54:45 | INFO: Blender create Mesh node Cheval Hyde Park Gate | full concave footprint roof
13:54:45 | INFO: Blender create Mesh node Cheval Hyde Park Gate | full depth wall piers
13:54:45 | INFO: Blender create Mesh node Cheval Hyde Park Gate | Ionic capital volute blocks
13:54:45 | INFO: Blender create Mesh node Cheval Hyde Park Gate | mansard front end slopes
13:54:45 | INFO: Blender create Mesh node Cheval Hyde Park Gate | mansard front pierced roof
13:54:45 | INFO: Blender create Mesh node Cheval Hyde Park Gate | parapet continuous upstand
13:54:45 | INFO: Blender create Mesh node Cheval Hyde Park Gate | parapet finial plinths
13:54:45 | INFO: Blender create Mesh node Cheval Hyde Park Gate | porch triglyph blocks
13:54:45 | INFO: Blender create Mesh node Cheval Hyde Park Gate | projecting window sill
13:54:45 | INFO: Blender create Mesh node Cheval Hyde Park Gate | recessed glazing
13:54:45 | INFO: Blender create Mesh node Cheval Hyde Park Gate | rounded dormer heads
13:54:45 | INFO: Blender create Mesh node Cheval Hyde Park Gate | rusticated stucco course edges
13:54:45 | INFO: Blender create Mesh node Cheval Hyde Park Gate | sash central mullion
13:54:45 | INFO: Blender create Mesh node Cheval Hyde Park Gate | sash jamb
13:54:45 | INFO: Blender create Mesh node Cheval Hyde Park Gate | second floor curved pediments
13:54:45 | INFO: Blender create Mesh node Cheval Hyde Park Gate | segmental ground archivolts
13:54:45 | INFO: Blender create Mesh node Cheval Hyde Park Gate | stylised bearded mask blocks estimated
13:54:45 | INFO: Blender create Mesh node Cheval Hyde Park Gate | stylised spiked globes
13:54:45 | INFO: Blender create Mesh node Cheval Hyde Park Gate | top floor giant consoles
13:54:45 | INFO: Blender create Mesh node Cheval Hyde Park Gate | triangular first floor pediments
13:54:45 | INFO: Blender create Mesh node Cheval Hyde Park Gate | wall below apertures
13:54:45 | INFO: Blender create Mesh node Cheval Hyde Park Gate | wall lintels
13:54:45 | INFO: Blender create Mesh node Cheval Hyde Park Gate | window sash rails
13:54:45 | INFO: glTF import finished in 0.26s
13:54:45 | INFO: Data are loaded, start creating Blender stuff
13:54:45 | INFO: Blender create Mesh node finite entry approach from audited ground
13:54:45 | INFO: Blender create Mesh node 3 Queens Gate | arched window solid spandrels
13:54:45 | INFO: Blender create Mesh node 3 Queens Gate | complete concave roof deck
13:54:45 | INFO: Blender create Mesh node 3 Queens Gate | door central stile
13:54:45 | INFO: Blender create Mesh node 3 Queens Gate | door hardware
13:54:45 | INFO: Blender create Mesh node 3 Queens Gate | entrance leaves
13:54:45 | INFO: Blender create Mesh node 3 Queens Gate | entry transom
13:54:45 | INFO: Blender create Mesh node 3 Queens Gate | flush threshold
13:54:45 | INFO: Blender create Mesh node 3 Queens Gate | hood console blocks
13:54:45 | INFO: Blender create Mesh node 3 Queens Gate | moulded window hood
13:54:45 | INFO: Blender create Mesh node 3 Queens Gate | painted sash frames
13:54:45 | INFO: Blender create Mesh node 3 Queens Gate | pierced stucco elevations
13:54:45 | INFO: Blender create Mesh node 3 Queens Gate | plain brick plinth
13:54:45 | INFO: Blender create Mesh node 3 Queens Gate | plain eaves and floor course
13:54:45 | INFO: Blender create Mesh node 3 Queens Gate | recessed townhouse sash glazing
13:54:45 | INFO: Blender create Mesh node 3 Queens Gate | sash glazing bars
13:54:45 | INFO: Blender create Mesh node 3 Queens Gate | sash meeting rails
13:54:45 | INFO: Blender create Mesh node 3 Queens Gate | stone entrance entablature
13:54:45 | INFO: Blender create Mesh node 3 Queens Gate | stone entrance jambs
13:54:45 | INFO: Blender create Mesh node 3 Queens Gate | stone parapet coping
13:54:45 | INFO: Blender create Mesh node 3 Queens Gate | stone window sills
13:54:45 | INFO: Blender create Mesh node 3 Queens Gate | street balcony balusters
13:54:45 | INFO: Blender create Mesh node 3 Queens Gate | street balcony rails
13:54:45 | INFO: Blender create Mesh node 3 Queens Gate | street first floor balcony slab
13:54:45 | INFO: Blender create Mesh node 3 Queens Gate | street order base mouldings
13:54:45 | INFO: Blender create Mesh node 3 Queens Gate | street order capital abaci
13:54:45 | INFO: Blender create Mesh node 3 Queens Gate | street order pilaster shafts
13:54:45 | INFO: Blender create Mesh node 3 Queens Gate | stucco attic parapet
13:54:45 | INFO: Blender create Mesh node 3 Queens Gate | third floor curved arch surrounds
13:54:45 | INFO: Blender create Mesh node 3 Queens Gate | window architrave sides
13:54:45 | INFO: Blender create Mesh node finite entry approach from audited ground.001
13:54:45 | INFO: Blender create Mesh node 4 Queens Gate | arched frame
13:54:45 | INFO: Blender create Mesh node 4 Queens Gate | arched window spandrel
13:54:45 | INFO: Blender create Mesh node 4 Queens Gate | balcony balusters
13:54:45 | INFO: Blender create Mesh node 4 Queens Gate | balcony upper rail
13:54:45 | INFO: Blender create Mesh node 4 Queens Gate | concave roof membrane
13:54:45 | INFO: Blender create Mesh node 4 Queens Gate | door glass fanlight
13:54:45 | INFO: Blender create Mesh node 4 Queens Gate | door handle
13:54:45 | INFO: Blender create Mesh node 4 Queens Gate | door transom
13:54:45 | INFO: Blender create Mesh node 4 Queens Gate | first floor balcony deck
13:54:45 | INFO: Blender create Mesh node 4 Queens Gate | flush floor course
13:54:45 | INFO: Blender create Mesh node 4 Queens Gate | inward eaves
13:54:45 | INFO: Blender create Mesh node 4 Queens Gate | lintels
13:54:45 | INFO: Blender create Mesh node 4 Queens Gate | low parapet
13:54:45 | INFO: Blender create Mesh node 4 Queens Gate | middle storey pilasters
13:54:45 | INFO: Blender create Mesh node 4 Queens Gate | mitred coping
13:54:45 | INFO: Blender create Mesh node 4 Queens Gate | painted joinery
13:54:45 | INFO: Blender create Mesh node 4 Queens Gate | pierced masonry
13:54:45 | INFO: Blender create Mesh node 4 Queens Gate | projecting sills
13:54:45 | INFO: Blender create Mesh node 4 Queens Gate | recessed arched glazing
13:54:45 | INFO: Blender create Mesh node 4 Queens Gate | recessed door
13:54:45 | INFO: Blender create Mesh node 4 Queens Gate | recessed glazing
13:54:45 | INFO: Blender create Mesh node 4 Queens Gate | simplified capitals
13:54:45 | INFO: Blender create Mesh node 4 Queens Gate | street cornice
13:54:45 | INFO: Blender create Mesh node 4 Queens Gate | threshold
13:54:45 | INFO: Blender create Mesh node 4 Queens Gate | upper sash meeting rail
13:54:45 | INFO: Blender create Mesh node 4 Queens Gate | window mullions
13:54:45 | INFO: Blender create Mesh node 4 Queens Gate | window transoms
13:54:45 | INFO: Blender create Mesh node finite entry approach from audited ground.002
13:54:45 | INFO: Blender create Mesh node 24a Queens Gate Mews | continuous mitred intermediate sill course
13:54:45 | INFO: Blender create Mesh node 24a Queens Gate Mews | continuous mitred modest eaves
13:54:45 | INFO: Blender create Mesh node 24a Queens Gate Mews | deep inset glazing
13:54:45 | INFO: Blender create Mesh node 24a Queens Gate Mews | deep projecting stone sill
13:54:45 | INFO: Blender create Mesh node 24a Queens Gate Mews | door head frame
13:54:45 | INFO: Blender create Mesh node 24a Queens Gate Mews | door jamb
13:54:45 | INFO: Blender create Mesh node 24a Queens Gate Mews | door transom frame
13:54:45 | INFO: Blender create Mesh node 24a Queens Gate Mews | door transom glazing
13:54:45 | INFO: Blender create Mesh node 24a Queens Gate Mews | entrance stone jamb surround
13:54:45 | INFO: Blender create Mesh node 24a Queens Gate Mews | estimated rear rainwater pipe
13:54:45 | INFO: Blender create Mesh node 24a Queens Gate Mews | full concave roof surface
13:54:45 | INFO: Blender create Mesh node 24a Queens Gate Mews | full thickness masonry piers
13:54:45 | INFO: Blender create Mesh node 24a Queens Gate Mews | ground transom rail
13:54:45 | INFO: Blender create Mesh node 24a Queens Gate Mews | inset door panels
13:54:45 | INFO: Blender create Mesh node 24a Queens Gate Mews | painted entrance leaf
13:54:45 | INFO: Blender create Mesh node 24a Queens Gate Mews | pipe fixing collars
13:54:45 | INFO: Blender create Mesh node 24a Queens Gate Mews | recessed window bottom sash
13:54:45 | INFO: Blender create Mesh node 24a Queens Gate Mews | recessed window outer sash
13:54:45 | INFO: Blender create Mesh node 24a Queens Gate Mews | roof upstand excluding attached edge4
13:54:45 | INFO: Blender create Mesh node 24a Queens Gate Mews | segmented low plinth
13:54:45 | INFO: Blender create Mesh node 24a Queens Gate Mews | simple entrance lintel
13:54:45 | INFO: Blender create Mesh node 24a Queens Gate Mews | simple stone window lintel
13:54:45 | INFO: Blender create Mesh node 24a Queens Gate Mews | soldier-course header blocks
13:54:45 | INFO: Blender create Mesh node 24a Queens Gate Mews | solid wall lintels
13:54:45 | INFO: Blender create Mesh node 24a Queens Gate Mews | stone coping excluding attached edge4
13:54:45 | INFO: Blender create Mesh node 24a Queens Gate Mews | tripartite mews casement mullions
13:54:45 | INFO: Blender create Mesh node 24a Queens Gate Mews | upper sash glazing bars
13:54:45 | INFO: Blender create Mesh node 24a Queens Gate Mews | upper sash meeting rail
13:54:45 | INFO: Blender create Mesh node 24a Queens Gate Mews | wall below recessed apertures
13:54:45 | INFO: glTF import finished in 0.13s
13:54:45 | INFO: Data are loaded, start creating Blender stuff
13:54:45 | INFO: Blender create Mesh node finite entry approach from audited ground.002
13:54:45 | INFO: Blender create Mesh node 1 Princes Gate Mews | complete concave roof deck
13:54:45 | INFO: Blender create Mesh node 1 Princes Gate Mews | door hardware
13:54:45 | INFO: Blender create Mesh node 1 Princes Gate Mews | door recessed lower panel
13:54:45 | INFO: Blender create Mesh node 1 Princes Gate Mews | door recessed upper panel
13:54:45 | INFO: Blender create Mesh node 1 Princes Gate Mews | entrance leaves
13:54:45 | INFO: Blender create Mesh node 1 Princes Gate Mews | entry transom
13:54:45 | INFO: Blender create Mesh node 1 Princes Gate Mews | flush threshold
13:54:45 | INFO: Blender create Mesh node 1 Princes Gate Mews | low mews roof parapet
13:54:45 | INFO: Blender create Mesh node 1 Princes Gate Mews | painted sash frames
13:54:45 | INFO: Blender create Mesh node 1 Princes Gate Mews | pierced muted masonry facades
13:54:45 | INFO: Blender create Mesh node 1 Princes Gate Mews | plain brick plinth
13:54:45 | INFO: Blender create Mesh node 1 Princes Gate Mews | plain eaves and floor course
13:54:45 | INFO: Blender create Mesh node 1 Princes Gate Mews | plain entrance jambs
13:54:45 | INFO: Blender create Mesh node 1 Princes Gate Mews | plain entrance lintel
13:54:45 | INFO: Blender create Mesh node 1 Princes Gate Mews | plain sash mullions
13:54:45 | INFO: Blender create Mesh node 1 Princes Gate Mews | plain sash transoms
13:54:45 | INFO: Blender create Mesh node 1 Princes Gate Mews | recessed mews sash glazing
13:54:45 | INFO: Blender create Mesh node 1 Princes Gate Mews | shallow parapet coping
13:54:45 | INFO: Blender create Mesh node 1 Princes Gate Mews | stone window sills
13:54:45 | INFO: Blender create Mesh node 1 Princes Gate Mews | subtle brick headers
13:54:45 | INFO: Blender create Mesh node finite entry approach from audited ground
13:54:45 | INFO: Blender create Mesh node 69–70 Princes Gate | capital volutes
13:54:45 | INFO: Blender create Mesh node 69–70 Princes Gate | central window pediments
13:54:45 | INFO: Blender create Mesh node 69–70 Princes Gate | door glass fanlight
13:54:45 | INFO: Blender create Mesh node 69–70 Princes Gate | door handle
13:54:45 | INFO: Blender create Mesh node 69–70 Princes Gate | door transom
13:54:45 | INFO: Blender create Mesh node 69–70 Princes Gate | eaves brackets
13:54:45 | INFO: Blender create Mesh node 69–70 Princes Gate | first balcony deck
13:54:45 | INFO: Blender create Mesh node 69–70 Princes Gate | first balcony rail
13:54:45 | INFO: Blender create Mesh node 69–70 Princes Gate | front cornice
13:54:45 | INFO: Blender create Mesh node 69–70 Princes Gate | full polygon roof basecap
13:54:45 | INFO: Blender create Mesh node 69–70 Princes Gate | inward eaves
13:54:45 | INFO: Blender create Mesh node 69–70 Princes Gate | lintels
13:54:45 | INFO: Blender create Mesh node 69–70 Princes Gate | low parapet
13:54:45 | INFO: Blender create Mesh node 69–70 Princes Gate | mansard slopes
13:54:45 | INFO: Blender create Mesh node 69–70 Princes Gate | mansard top deck
13:54:45 | INFO: Blender create Mesh node 69–70 Princes Gate | mitred coping
13:54:45 | INFO: Blender create Mesh node 69–70 Princes Gate | painted joinery
13:54:45 | INFO: Blender create Mesh node 69–70 Princes Gate | paired house pilasters
13:54:45 | INFO: Blender create Mesh node 69–70 Princes Gate | pierced masonry
13:54:45 | INFO: Blender create Mesh node 69–70 Princes Gate | projecting sills
13:54:45 | INFO: Blender create Mesh node 69–70 Princes Gate | recessed door
13:54:45 | INFO: Blender create Mesh node 69–70 Princes Gate | recessed glazing
13:54:45 | INFO: Blender create Mesh node 69–70 Princes Gate | rustication courses
13:54:45 | INFO: Blender create Mesh node 69–70 Princes Gate | second balcony balusters
13:54:45 | INFO: Blender create Mesh node 69–70 Princes Gate | second balcony deck
13:54:45 | INFO: Blender create Mesh node 69–70 Princes Gate | second balcony rail
13:54:45 | INFO: Blender create Mesh node 69–70 Princes Gate | simplified Corinthian capital
13:54:45 | INFO: Blender create Mesh node 69–70 Princes Gate | threshold
13:54:45 | INFO: Blender create Mesh node 69–70 Princes Gate | turned balcony balusters
13:54:45 | INFO: Blender create Mesh node 69–70 Princes Gate | upper sash meeting rail
13:54:45 | INFO: Blender create Mesh node 69–70 Princes Gate | window mullions
13:54:45 | INFO: Blender create Mesh node 69–70 Princes Gate | window transoms
13:54:45 | INFO: Blender create Mesh node 71-72 Princes Gate | architrave head
13:54:45 | INFO: Blender create Mesh node 71-72 Princes Gate | architrave upright
13:54:45 | INFO: Blender create Mesh node 71-72 Princes Gate | central second floor pediment
13:54:45 | INFO: Blender create Mesh node 71-72 Princes Gate | complete concave mapped roof deck
13:54:45 | INFO: Blender create Mesh node 71-72 Princes Gate | continuous first floor balcony deck
13:54:45 | INFO: Blender create Mesh node 71-72 Princes Gate | continuous first floor balustrade rail
13:54:45 | INFO: Blender create Mesh node 71-72 Princes Gate | continuous mitred contained stringcourse
13:54:45 | INFO: Blender create Mesh node 71-72 Princes Gate | cornice modillions
13:54:45 | INFO: Blender create Mesh node 71-72 Princes Gate | cornice window hoods
13:54:45 | INFO: Blender create Mesh node 71-72 Princes Gate | door leaf panel mouldings
13:54:45 | INFO: Blender create Mesh node 71-72 Princes Gate | door leaf transom rail
13:54:45 | INFO: Blender create Mesh node 71-72 Princes Gate | Doric porch columns
13:54:45 | INFO: Blender create Mesh node 71-72 Princes Gate | Doric porch entablature
13:54:45 | INFO: Blender create Mesh node 71-72 Princes Gate | Doric triglyphs
13:54:45 | INFO: Blender create Mesh node 71-72 Princes Gate | entrance glazed transom
13:54:45 | INFO: Blender create Mesh node 71-72 Princes Gate | entrance head frame
13:54:45 | INFO: Blender create Mesh node 71-72 Princes Gate | entrance jamb
13:54:45 | INFO: Blender create Mesh node 71-72 Princes Gate | entrance lantern casing
13:54:45 | INFO: Blender create Mesh node 71-72 Princes Gate | entrance lantern glazing
13:54:45 | INFO: Blender create Mesh node 71-72 Princes Gate | entrance stone head
13:54:45 | INFO: Blender create Mesh node 71-72 Princes Gate | entrance stone surrounds
13:54:45 | INFO: Blender create Mesh node 71-72 Princes Gate | estimated concave mansard slopes
13:54:45 | INFO: Blender create Mesh node 71-72 Princes Gate | estimated concave mansard upper deck
13:54:45 | INFO: Blender create Mesh node 71-72 Princes Gate | first floor bottle balusters
13:54:45 | INFO: Blender create Mesh node 71-72 Princes Gate | first floor Corinthian shafts
13:54:45 | INFO: Blender create Mesh node 71-72 Princes Gate | first floor French casement mullion
13:54:45 | INFO: Blender create Mesh node 71-72 Princes Gate | front bracketed frieze
13:54:45 | INFO: Blender create Mesh node 71-72 Princes Gate | front projecting cornice
13:54:45 | INFO: Blender create Mesh node 71-72 Princes Gate | ground stucco channel courses
13:54:45 | INFO: Blender create Mesh node 71-72 Princes Gate | pierced wall lintel infill
13:54:45 | INFO: Blender create Mesh node 71-72 Princes Gate | pierced wall piers
13:54:45 | INFO: Blender create Mesh node 71-72 Princes Gate | pierced wall sill infill
13:54:45 | INFO: Blender create Mesh node 71-72 Princes Gate | projecting stone sill
13:54:45 | INFO: Blender create Mesh node 71-72 Princes Gate | recessed sash glazing
13:54:45 | INFO: Blender create Mesh node 71-72 Princes Gate | sash meeting and bottom rails
13:54:45 | INFO: Blender create Mesh node 71-72 Princes Gate | second floor balcony rail
13:54:45 | INFO: Blender create Mesh node 71-72 Princes Gate | second floor balcony sill
13:54:45 | INFO: Blender create Mesh node 71-72 Princes Gate | second floor bottle balusters
13:54:45 | INFO: Blender create Mesh node 71-72 Princes Gate | simplified Corinthian leaf blocks
13:54:45 | INFO: Blender create Mesh node 71-72 Princes Gate | timber sash side frames
13:54:45 | INFO: Blender create Mesh node 71-72 Princes Gate | timber sash upper rail
13:54:45 | INFO: Blender create Mesh node 71-72 Princes Gate | window hood corbels
13:54:45 | INFO: Blender create Mesh node 71-72 Princes Gate | wood entrance leaf
13:54:45 | INFO: Blender create Mesh node finite porch support
13:54:45 | INFO: Blender create Mesh node finite entry approach from audited ground.001
13:54:45 | INFO: glTF import finished in 0.18s
13:54:45 | INFO: Data are loaded, start creating Blender stuff
13:54:45 | INFO: Blender create Mesh node 14 Queens Gate Place Mews | blank showroom fascia
13:54:45 | INFO: Blender create Mesh node 14 Queens Gate Place Mews | door glass fanlight
13:54:45 | INFO: Blender create Mesh node 14 Queens Gate Place Mews | door handle
13:54:45 | INFO: Blender create Mesh node 14 Queens Gate Place Mews | door transom
13:54:45 | INFO: Blender create Mesh node 14 Queens Gate Place Mews | estimated hipped roof
13:54:45 | INFO: Blender create Mesh node 14 Queens Gate Place Mews | front rear eaves
13:54:45 | INFO: Blender create Mesh node 14 Queens Gate Place Mews | full polygon roof basecap
13:54:45 | INFO: Blender create Mesh node 14 Queens Gate Place Mews | inward eaves
13:54:45 | INFO: Blender create Mesh node 14 Queens Gate Place Mews | lintels
13:54:45 | INFO: Blender create Mesh node 14 Queens Gate Place Mews | painted joinery
13:54:45 | INFO: Blender create Mesh node 14 Queens Gate Place Mews | pierced masonry
13:54:45 | INFO: Blender create Mesh node 14 Queens Gate Place Mews | projecting sills
13:54:45 | INFO: Blender create Mesh node 14 Queens Gate Place Mews | recessed door
13:54:45 | INFO: Blender create Mesh node 14 Queens Gate Place Mews | recessed glazing
13:54:45 | INFO: Blender create Mesh node 14 Queens Gate Place Mews | shallow shop cornice
13:54:45 | INFO: Blender create Mesh node 14 Queens Gate Place Mews | showroom end piers
13:54:45 | INFO: Blender create Mesh node finite entry approach from audited ground.002
13:54:45 | INFO: Blender create Mesh node 14 Queens Gate Place Mews | threshold
13:54:45 | INFO: Blender create Mesh node 14 Queens Gate Place Mews | upper sash meeting rail
13:54:45 | INFO: Blender create Mesh node 14 Queens Gate Place Mews | window mullions
13:54:45 | INFO: Blender create Mesh node 14 Queens Gate Place Mews | window transoms
13:54:45 | INFO: Blender create Mesh node 47 Princes Gardens | architrave head
13:54:45 | INFO: Blender create Mesh node 47 Princes Gardens | architrave upright
13:54:45 | INFO: Blender create Mesh node 47 Princes Gardens | central second floor pediment
13:54:45 | INFO: Blender create Mesh node 47 Princes Gardens | complete concave mapped roof deck
13:54:45 | INFO: Blender create Mesh node 47 Princes Gardens | continuous first floor balcony deck
13:54:45 | INFO: Blender create Mesh node 47 Princes Gardens | continuous first floor balustrade rail
13:54:45 | INFO: Blender create Mesh node 47 Princes Gardens | continuous mitred contained stringcourse
13:54:45 | INFO: Blender create Mesh node 47 Princes Gardens | cornice modillions
13:54:45 | INFO: Blender create Mesh node 47 Princes Gardens | cornice window hoods
13:54:45 | INFO: Blender create Mesh node 47 Princes Gardens | door leaf panel mouldings
13:54:45 | INFO: Blender create Mesh node 47 Princes Gardens | door leaf transom rail
13:54:45 | INFO: Blender create Mesh node 47 Princes Gardens | Doric porch columns
13:54:45 | INFO: Blender create Mesh node 47 Princes Gardens | Doric porch entablature
13:54:45 | INFO: Blender create Mesh node 47 Princes Gardens | Doric triglyphs
13:54:45 | INFO: Blender create Mesh node 47 Princes Gardens | entrance glazed transom
13:54:45 | INFO: Blender create Mesh node 47 Princes Gardens | entrance head frame
13:54:45 | INFO: Blender create Mesh node 47 Princes Gardens | entrance jamb
13:54:45 | INFO: Blender create Mesh node 47 Princes Gardens | entrance stone head
13:54:45 | INFO: Blender create Mesh node 47 Princes Gardens | entrance stone surrounds
13:54:45 | INFO: Blender create Mesh node 47 Princes Gardens | estimated front rear roof parapet
13:54:45 | INFO: Blender create Mesh node 47 Princes Gardens | first floor bottle balusters
13:54:45 | INFO: Blender create Mesh node 47 Princes Gardens | first floor Corinthian shafts
13:54:45 | INFO: Blender create Mesh node 47 Princes Gardens | first floor French casement mullion
13:54:45 | INFO: Blender create Mesh node 47 Princes Gardens | front bracketed frieze
13:54:45 | INFO: Blender create Mesh node 47 Princes Gardens | front projecting cornice
13:54:45 | INFO: Blender create Mesh node 47 Princes Gardens | front rear coping
13:54:45 | INFO: Blender create Mesh node 47 Princes Gardens | ground stucco channel courses
13:54:45 | INFO: Blender create Mesh node 47 Princes Gardens | pierced wall lintel infill
13:54:45 | INFO: Blender create Mesh node 47 Princes Gardens | pierced wall piers
13:54:45 | INFO: Blender create Mesh node 47 Princes Gardens | pierced wall sill infill
13:54:45 | INFO: Blender create Mesh node finite porch support
13:54:45 | INFO: Blender create Mesh node 47 Princes Gardens | projecting stone sill
13:54:45 | INFO: Blender create Mesh node 47 Princes Gardens | recessed sash glazing
13:54:45 | INFO: Blender create Mesh node 47 Princes Gardens | sash meeting and bottom rails
13:54:45 | INFO: Blender create Mesh node 47 Princes Gardens | second floor balcony rail
13:54:45 | INFO: Blender create Mesh node 47 Princes Gardens | second floor balcony sill
13:54:45 | INFO: Blender create Mesh node 47 Princes Gardens | second floor bottle balusters
13:54:45 | INFO: Blender create Mesh node 47 Princes Gardens | simplified Corinthian leaf blocks
13:54:45 | INFO: Blender create Mesh node finite entry approach from audited ground
13:54:45 | INFO: Blender create Mesh node 47 Princes Gardens | timber sash side frames
13:54:45 | INFO: Blender create Mesh node 47 Princes Gardens | timber sash upper rail
13:54:45 | INFO: Blender create Mesh node 47 Princes Gardens | window hood corbels
13:54:45 | INFO: Blender create Mesh node 47 Princes Gardens | wood entrance leaf
13:54:45 | INFO: glTF import finished in 0.09s
13:54:45 | INFO: Data are loaded, start creating Blender stuff
13:54:45 | INFO: Blender create Mesh node 5 Queens Gate | arched frame
13:54:45 | INFO: Blender create Mesh node 5 Queens Gate | arched window spandrel
13:54:45 | INFO: Blender create Mesh node 5 Queens Gate | balcony balusters
13:54:45 | INFO: Blender create Mesh node 5 Queens Gate | balcony upper rail
13:54:45 | INFO: Blender create Mesh node 5 Queens Gate | complete mapped roof basecap
13:54:45 | INFO: Blender create Mesh node 5 Queens Gate | concave roof membrane
13:54:45 | INFO: Blender create Mesh node 5 Queens Gate | door glass fanlight
13:54:45 | INFO: Blender create Mesh node 5 Queens Gate | door handle
13:54:45 | INFO: Blender create Mesh node 5 Queens Gate | door transom
13:54:45 | INFO: Blender create Mesh node 5 Queens Gate | first floor balcony deck
13:54:45 | INFO: Blender create Mesh node 5 Queens Gate | flush floor course
13:54:45 | INFO: Blender create Mesh node 5 Queens Gate | individual window consoles
13:54:45 | INFO: Blender create Mesh node 5 Queens Gate | inward eaves
13:54:45 | INFO: Blender create Mesh node 5 Queens Gate | lintels
13:54:45 | INFO: Blender create Mesh node 5 Queens Gate | low parapet
13:54:45 | INFO: Blender create Mesh node 5 Queens Gate | middle storey pilasters
13:54:45 | INFO: Blender create Mesh node 5 Queens Gate | mitred coping
13:54:45 | INFO: Blender create Mesh node 5 Queens Gate | painted joinery
13:54:45 | INFO: Blender create Mesh node 5 Queens Gate | pierced masonry
13:54:45 | INFO: Blender create Mesh node 5 Queens Gate | projecting sills
13:54:45 | INFO: Blender create Mesh node 5 Queens Gate | recessed arched glazing
13:54:45 | INFO: Blender create Mesh node 5 Queens Gate | recessed door
13:54:45 | INFO: Blender create Mesh node 5 Queens Gate | recessed glazing
13:54:45 | INFO: Blender create Mesh node 5 Queens Gate | simplified capitals
13:54:45 | INFO: Blender create Mesh node 5 Queens Gate | street cornice
13:54:45 | INFO: Blender create Mesh node finite entry approach from audited ground.002
13:54:45 | INFO: Blender create Mesh node 5 Queens Gate | threshold
13:54:45 | INFO: Blender create Mesh node 5 Queens Gate | upper sash meeting rail
13:54:45 | INFO: Blender create Mesh node 5 Queens Gate | window mullions
13:54:45 | INFO: Blender create Mesh node 5 Queens Gate | window transoms
13:54:45 | INFO: Blender create Mesh node 26 Princes Gate | attic continuous mitred top rim
13:54:45 | INFO: Blender create Mesh node 26 Princes Gate | attic frame jambs
13:54:45 | INFO: Blender create Mesh node 26 Princes Gate | attic frame rails
13:54:45 | INFO: Blender create Mesh node 26 Princes Gate | attic round head curved trim
13:54:45 | INFO: Blender create Mesh node 26 Princes Gate | attic round head solid spandrels
13:54:45 | INFO: Blender create Mesh node 26 Princes Gate | central first floor pediment
13:54:45 | INFO: Blender create Mesh node 26 Princes Gate | complete attic flat roof
13:54:45 | INFO: Blender create Mesh node 26 Princes Gate | curved window curved trim
13:54:45 | INFO: Blender create Mesh node 26 Princes Gate | curved window solid spandrels
13:54:45 | INFO: Blender create Mesh node 26 Princes Gate | door glass fanlight
13:54:45 | INFO: Blender create Mesh node 26 Princes Gate | door handle
13:54:45 | INFO: Blender create Mesh node 26 Princes Gate | door transom
13:54:45 | INFO: Blender create Mesh node 26 Princes Gate | Doric porch abacus
13:54:45 | INFO: Blender create Mesh node 26 Princes Gate | Doric porch entablature
13:54:45 | INFO: Blender create Mesh node 26 Princes Gate | Doric porch shafts
13:54:45 | INFO: Blender create Mesh node 26 Princes Gate | Doric porch square foot
13:54:45 | INFO: Blender create Mesh node 26 Princes Gate | first floor pilaster shafts
13:54:45 | INFO: Blender create Mesh node 26 Princes Gate | flush attic solid walls
13:54:45 | INFO: Blender create Mesh node 26 Princes Gate | front cornice
13:54:45 | INFO: Blender create Mesh node 26 Princes Gate | front cornice dentils
13:54:45 | INFO: Blender create Mesh node 26 Princes Gate | full mapped roof base cap
13:54:45 | INFO: Blender create Mesh node 26 Princes Gate | inward eaves
13:54:45 | INFO: Blender create Mesh node 26 Princes Gate | Juliet sill decks
13:54:45 | INFO: Blender create Mesh node 26 Princes Gate | Juliet top rails
13:54:45 | INFO: Blender create Mesh node 26 Princes Gate | Juliet vertical bars
13:54:45 | INFO: Blender create Mesh node 26 Princes Gate | lintels
13:54:45 | INFO: Blender create Mesh node 26 Princes Gate | outer shallow pilasters
13:54:45 | INFO: Blender create Mesh node 26 Princes Gate | painted joinery
13:54:45 | INFO: Blender create Mesh node 26 Princes Gate | pierced masonry
13:54:45 | INFO: Blender create Mesh node finite porch support
13:54:45 | INFO: Blender create Mesh node 26 Princes Gate | projecting sills
13:54:45 | INFO: Blender create Mesh node 26 Princes Gate | recessed attic glazing
13:54:45 | INFO: Blender create Mesh node 26 Princes Gate | recessed door
13:54:45 | INFO: Blender create Mesh node 26 Princes Gate | recessed glazing
13:54:45 | INFO: Blender create Mesh node 26 Princes Gate | simplified first floor capitals
13:54:45 | INFO: Blender create Mesh node finite entry approach from audited ground.001
13:54:45 | INFO: Blender create Mesh node 26 Princes Gate | threshold
13:54:45 | INFO: Blender create Mesh node 26 Princes Gate | upper sash meeting rail
13:54:45 | INFO: Blender create Mesh node 26 Princes Gate | window mullions
13:54:45 | INFO: Blender create Mesh node 26 Princes Gate | window transoms
13:54:45 | INFO: Blender create Mesh node 46 Princes Gardens | architrave head
13:54:45 | INFO: Blender create Mesh node 46 Princes Gardens | architrave upright
13:54:45 | INFO: Blender create Mesh node 46 Princes Gardens | central second floor pediment
13:54:45 | INFO: Blender create Mesh node 46 Princes Gardens | complete concave mapped roof deck
13:54:45 | INFO: Blender create Mesh node 46 Princes Gardens | continuous first floor balcony deck
13:54:45 | INFO: Blender create Mesh node 46 Princes Gardens | continuous first floor balustrade rail
13:54:45 | INFO: Blender create Mesh node 46 Princes Gardens | continuous mitred contained stringcourse
13:54:45 | INFO: Blender create Mesh node 46 Princes Gardens | cornice modillions
13:54:45 | INFO: Blender create Mesh node 46 Princes Gardens | cornice window hoods
13:54:45 | INFO: Blender create Mesh node 46 Princes Gardens | door leaf panel mouldings
13:54:45 | INFO: Blender create Mesh node 46 Princes Gardens | door leaf transom rail
13:54:45 | INFO: Blender create Mesh node 46 Princes Gardens | entrance glazed transom
13:54:45 | INFO: Blender create Mesh node 46 Princes Gardens | entrance head frame
13:54:45 | INFO: Blender create Mesh node 46 Princes Gardens | entrance jamb
13:54:45 | INFO: Blender create Mesh node 46 Princes Gardens | entrance stone head
13:54:45 | INFO: Blender create Mesh node 46 Princes Gardens | entrance stone surrounds
13:54:45 | INFO: Blender create Mesh node 46 Princes Gardens | estimated front rear roof parapet
13:54:45 | INFO: Blender create Mesh node 46 Princes Gardens | first floor bottle balusters
13:54:45 | INFO: Blender create Mesh node 46 Princes Gardens | first floor Corinthian shafts
13:54:45 | INFO: Blender create Mesh node 46 Princes Gardens | first floor French casement mullion
13:54:45 | INFO: Blender create Mesh node 46 Princes Gardens | front bracketed frieze
13:54:45 | INFO: Blender create Mesh node 46 Princes Gardens | front projecting cornice
13:54:45 | INFO: Blender create Mesh node 46 Princes Gardens | front rear coping
13:54:45 | INFO: Blender create Mesh node 46 Princes Gardens | ground stucco channel courses
13:54:45 | INFO: Blender create Mesh node 46 Princes Gardens | pierced wall lintel infill
13:54:45 | INFO: Blender create Mesh node 46 Princes Gardens | pierced wall piers
13:54:45 | INFO: Blender create Mesh node 46 Princes Gardens | pierced wall sill infill
13:54:45 | INFO: Blender create Mesh node 46 Princes Gardens | projecting stone sill
13:54:45 | INFO: Blender create Mesh node 46 Princes Gardens | recessed sash glazing
13:54:45 | INFO: Blender create Mesh node 46 Princes Gardens | sash meeting and bottom rails
13:54:45 | INFO: Blender create Mesh node 46 Princes Gardens | second floor balcony rail
13:54:45 | INFO: Blender create Mesh node 46 Princes Gardens | second floor balcony sill
13:54:45 | INFO: Blender create Mesh node 46 Princes Gardens | second floor bottle balusters
13:54:45 | INFO: Blender create Mesh node 46 Princes Gardens | simplified Corinthian leaf blocks
13:54:45 | INFO: Blender create Mesh node finite entry approach from audited ground
13:54:45 | INFO: Blender create Mesh node 46 Princes Gardens | timber sash side frames
13:54:45 | INFO: Blender create Mesh node 46 Princes Gardens | timber sash upper rail
13:54:45 | INFO: Blender create Mesh node 46 Princes Gardens | window hood corbels
13:54:45 | INFO: Blender create Mesh node 46 Princes Gardens | wood entrance leaf
13:54:45 | INFO: glTF import finished in 0.16s
13:54:45 | INFO: Data are loaded, start creating Blender stuff
13:54:45 | INFO: Blender create Mesh node 27 Princes Gate | attic continuous mitred rim
13:54:45 | INFO: Blender create Mesh node 27 Princes Gate | central first floor pediment
13:54:45 | INFO: Blender create Mesh node 27 Princes Gate | complete attic roof deck
13:54:45 | INFO: Blender create Mesh node 27 Princes Gate | curved frame heads
13:54:45 | INFO: Blender create Mesh node 27 Princes Gate | curved masonry heads
13:54:45 | INFO: Blender create Mesh node 27 Princes Gate | curved recessed glazing
13:54:45 | INFO: Blender create Mesh node 27 Princes Gate | door glass fanlight
13:54:45 | INFO: Blender create Mesh node 27 Princes Gate | door handle
13:54:45 | INFO: Blender create Mesh node 27 Princes Gate | door transom
13:54:45 | INFO: Blender create Mesh node 27 Princes Gate | first floor pilaster shafts
13:54:45 | INFO: Blender create Mesh node 27 Princes Gate | front cornice
13:54:45 | INFO: Blender create Mesh node 27 Princes Gate | front cornice dentils
13:54:45 | INFO: Blender create Mesh node 27 Princes Gate | full mapped roof base cap
13:54:45 | INFO: Blender create Mesh node 27 Princes Gate | Juliet sill decks
13:54:45 | INFO: Blender create Mesh node 27 Princes Gate | Juliet top rails
13:54:45 | INFO: Blender create Mesh node 27 Princes Gate | Juliet vertical bars
13:54:45 | INFO: Blender create Mesh node 27 Princes Gate | lintels
13:54:45 | INFO: Blender create Mesh node 27 Princes Gate | outer shallow pilasters
13:54:45 | INFO: Blender create Mesh node 27 Princes Gate | painted joinery
13:54:45 | INFO: Blender create Mesh node 27 Princes Gate | pierced masonry
13:54:45 | INFO: Blender create Mesh node 27 Princes Gate | projecting sills
13:54:45 | INFO: Blender create Mesh node 27 Princes Gate | recessed door
13:54:45 | INFO: Blender create Mesh node 27 Princes Gate | recessed glazing
13:54:45 | INFO: Blender create Mesh node 27 Princes Gate | simplified first floor capitals
13:54:45 | INFO: Blender create Mesh node finite entry approach from audited ground
13:54:45 | INFO: Blender create Mesh node 27 Princes Gate | threshold
13:54:45 | INFO: Blender create Mesh node 27 Princes Gate | upper sash meeting rail
13:54:45 | INFO: Blender create Mesh node 27 Princes Gate | window mullions
13:54:45 | INFO: Blender create Mesh node 27 Princes Gate | window transoms
13:54:46 | INFO: glTF import finished in 0.06s
/Users/yl222/Desktop/UrbanWorldModelVisualizer/geometry_expansion/scripts/build_expansion_batch.py:172: DeprecationWarning: 'World.use_nodes' is expected to be removed in Blender 6.0
  scene.world.use_nodes=True;scene.world.node_tree.nodes['Background'].inputs[0].default_value=(.65,.72,.8,1)
/Users/yl222/Desktop/UrbanWorldModelVisualizer/geometry_expansion/scripts/build_expansion_batch.py:28: DeprecationWarning: 'Material.use_nodes' is expected to be removed in Blender 6.0
  m=bpy.data.materials.new(spec['name']);m.use_nodes=True
Info: Saved as "master.blend"
13:54:46 | INFO: Data are loaded, start creating Blender stuff
13:54:46 | INFO: Blender create Mesh node 2 Princes Gate Mews | complete five point roof cap
13:54:46 | INFO: Blender create Mesh node 2 Princes Gate Mews | contained continuous mitred eaves
13:54:46 | INFO: Blender create Mesh node 2 Princes Gate Mews | deep inset glazing
13:54:46 | INFO: Blender create Mesh node 2 Princes Gate Mews | deep projecting stone sill
13:54:46 | INFO: Blender create Mesh node 2 Princes Gate Mews | door head frame
13:54:46 | INFO: Blender create Mesh node 2 Princes Gate Mews | door jamb
13:54:46 | INFO: Blender create Mesh node 2 Princes Gate Mews | door transom frame
13:54:46 | INFO: Blender create Mesh node 2 Princes Gate Mews | door transom glazing
13:54:46 | INFO: Blender create Mesh node 2 Princes Gate Mews | entrance stone jamb surround
13:54:46 | INFO: Blender create Mesh node 2 Princes Gate Mews | estimated rear rainwater pipe
13:54:46 | INFO: Blender create Mesh node 2 Princes Gate Mews | front and rear contained coping
13:54:46 | INFO: Blender create Mesh node 2 Princes Gate Mews | front and rear intermediate course
13:54:46 | INFO: Blender create Mesh node 2 Princes Gate Mews | front and rear low parapet
13:54:46 | INFO: Blender create Mesh node 2 Princes Gate Mews | ground transom rail
13:54:46 | INFO: Blender create Mesh node 2 Princes Gate Mews | inset door panels
13:54:46 | INFO: Blender create Mesh node 2 Princes Gate Mews | painted entrance leaf
13:54:46 | INFO: Blender create Mesh node 2 Princes Gate Mews | pierced wall piers
13:54:46 | INFO: Blender create Mesh node 2 Princes Gate Mews | pipe fixing collars
13:54:46 | INFO: Blender create Mesh node 2 Princes Gate Mews | recessed window bottom sash
13:54:46 | INFO: Blender create Mesh node 2 Princes Gate Mews | recessed window outer sash
13:54:46 | INFO: Blender create Mesh node 2 Princes Gate Mews | segmented low plinth
13:54:46 | INFO: Blender create Mesh node 2 Princes Gate Mews | simple entrance lintel
13:54:46 | INFO: Blender create Mesh node 2 Princes Gate Mews | simple stone window lintel
13:54:46 | INFO: Blender create Mesh node 2 Princes Gate Mews | soldier-course header blocks
13:54:46 | INFO: Blender create Mesh node 2 Princes Gate Mews | solid wall lintels
13:54:46 | INFO: Blender create Mesh node finite entry approach from audited ground
13:54:46 | INFO: Blender create Mesh node 2 Princes Gate Mews | tripartite mews casement mullions
13:54:46 | INFO: Blender create Mesh node 2 Princes Gate Mews | upper sash glazing bars
13:54:46 | INFO: Blender create Mesh node 2 Princes Gate Mews | upper sash meeting rail
13:54:46 | INFO: Blender create Mesh node 2 Princes Gate Mews | wall below recessed apertures
13:54:46 | INFO: Blender create Mesh node 12 Queens Gate Place Mews | corner brick piers
13:54:46 | INFO: Blender create Mesh node 12 Queens Gate Place Mews | door glass fanlight
13:54:46 | INFO: Blender create Mesh node 12 Queens Gate Place Mews | door handle
13:54:46 | INFO: Blender create Mesh node 12 Queens Gate Place Mews | door transom
13:54:46 | INFO: Blender create Mesh node 12 Queens Gate Place Mews | estimated hipped roof
13:54:46 | INFO: Blender create Mesh node 12 Queens Gate Place Mews | front rear eaves
13:54:46 | INFO: Blender create Mesh node 12 Queens Gate Place Mews | full polygon roof basecap
13:54:46 | INFO: Blender create Mesh node 12 Queens Gate Place Mews | inward eaves
13:54:46 | INFO: Blender create Mesh node 12 Queens Gate Place Mews | lintels
13:54:46 | INFO: Blender create Mesh node 12 Queens Gate Place Mews | painted joinery
13:54:46 | INFO: Blender create Mesh node 12 Queens Gate Place Mews | pierced masonry
13:54:46 | INFO: Blender create Mesh node 12 Queens Gate Place Mews | plain first floor stringcourse
13:54:46 | INFO: Blender create Mesh node 12 Queens Gate Place Mews | projecting sills
13:54:46 | INFO: Blender create Mesh node 12 Queens Gate Place Mews | recessed door
13:54:46 | INFO: Blender create Mesh node 12 Queens Gate Place Mews | recessed glazing
13:54:46 | INFO: Blender create Mesh node 12 Queens Gate Place Mews | small brick eaves dentils
13:54:46 | INFO: Blender create Mesh node finite entry approach from audited ground.001
13:54:46 | INFO: Blender create Mesh node 12 Queens Gate Place Mews | threshold
13:54:46 | INFO: Blender create Mesh node 12 Queens Gate Place Mews | upper sash meeting rail
13:54:46 | INFO: Blender create Mesh node 12 Queens Gate Place Mews | window mullions
13:54:46 | INFO: Blender create Mesh node 12 Queens Gate Place Mews | window transoms
13:54:46 | INFO: Blender create Mesh node finite entry approach from audited ground.002
13:54:46 | INFO: Blender create Mesh node 16 Queen’s Gate Place Mews | complete five-point roof deck
13:54:46 | INFO: Blender create Mesh node 16 Queen’s Gate Place Mews | door hardware
13:54:46 | INFO: Blender create Mesh node 16 Queen’s Gate Place Mews | door recessed lower panel
13:54:46 | INFO: Blender create Mesh node 16 Queen’s Gate Place Mews | door recessed upper panel
13:54:46 | INFO: Blender create Mesh node 16 Queen’s Gate Place Mews | entrance leaves
13:54:46 | INFO: Blender create Mesh node 16 Queen’s Gate Place Mews | entry transom
13:54:46 | INFO: Blender create Mesh node 16 Queen’s Gate Place Mews | flush threshold
13:54:46 | INFO: Blender create Mesh node 16 Queen’s Gate Place Mews | low mews roof parapet
13:54:46 | INFO: Blender create Mesh node 16 Queen’s Gate Place Mews | painted sash frames
13:54:46 | INFO: Blender create Mesh node 16 Queen’s Gate Place Mews | pierced muted masonry facades
13:54:46 | INFO: Blender create Mesh node 16 Queen’s Gate Place Mews | plain brick plinth
13:54:46 | INFO: Blender create Mesh node 16 Queen’s Gate Place Mews | plain eaves and floor course
13:54:46 | INFO: Blender create Mesh node 16 Queen’s Gate Place Mews | plain entrance jambs
13:54:46 | INFO: Blender create Mesh node 16 Queen’s Gate Place Mews | plain entrance lintel
13:54:46 | INFO: Blender create Mesh node 16 Queen’s Gate Place Mews | plain sash mullions
13:54:46 | INFO: Blender create Mesh node 16 Queen’s Gate Place Mews | plain sash transoms
13:54:46 | INFO: Blender create Mesh node 16 Queen’s Gate Place Mews | recessed mews sash glazing
13:54:46 | INFO: Blender create Mesh node 16 Queen’s Gate Place Mews | shallow parapet coping
13:54:46 | INFO: Blender create Mesh node 16 Queen’s Gate Place Mews | stone window sills
13:54:46 | INFO: Blender create Mesh node 16 Queen’s Gate Place Mews | subtle brick headers
13:54:46 | INFO: glTF import finished in 0.04s
00:03.858  blend            | Read blend: "/Users/yl222/Desktop/UrbanWorldModelVisualizer/geometry_expansion/output/batch14_v1/master.blend"
00:07.607  render           | Saved: '/Users/yl222/Desktop/UrbanWorldModelVisualizer/geometry_expansion/output/batch14_v1/princes_gate_mews_2_front.png'
00:12.115  render           | Saved: '/Users/yl222/Desktop/UrbanWorldModelVisualizer/geometry_expansion/output/batch14_v1/princes_gate_mews_2_entrance.png'
00:15.387  render           | Saved: '/Users/yl222/Desktop/UrbanWorldModelVisualizer/geometry_expansion/output/batch14_v1/princes_gate_mews_2_roof.png'
00:18.653  render           | Saved: '/Users/yl222/Desktop/UrbanWorldModelVisualizer/geometry_expansion/output/batch14_v1/princes_gate_mews_2_rear.png'
00:22.060  render           | Saved: '/Users/yl222/Desktop/UrbanWorldModelVisualizer/geometry_expansion/output/batch14_v1/princes_gate_mews_2_context.png'
00:25.240  render           | Saved: '/Users/yl222/Desktop/UrbanWorldModelVisualizer/geometry_expansion/output/batch14_v1/queens_gate_place_mews_12_front.png'
00:29.423  render           | Saved: '/Users/yl222/Desktop/UrbanWorldModelVisualizer/geometry_expansion/output/batch14_v1/queens_gate_place_mews_12_entrance.png'
00:32.864  render           | Saved: '/Users/yl222/Desktop/UrbanWorldModelVisualizer/geometry_expansion/output/batch14_v1/queens_gate_place_mews_12_roof.png'
00:36.136  render           | Saved: '/Users/yl222/Desktop/UrbanWorldModelVisualizer/geometry_expansion/output/batch14_v1/queens_gate_place_mews_12_rear.png'
00:40.197  render           | Saved: '/Users/yl222/Desktop/UrbanWorldModelVisualizer/geometry_expansion/output/batch14_v1/queens_gate_place_mews_12_context.png'
00:43.733  render           | Saved: '/Users/yl222/Desktop/UrbanWorldModelVisualizer/geometry_expansion/output/batch14_v1/queens_gate_place_mews_16_front.png'
00:48.121  render           | Saved: '/Users/yl222/Desktop/UrbanWorldModelVisualizer/geometry_expansion/output/batch14_v1/queens_gate_place_mews_16_entrance.png'
00:51.658  render           | Saved: '/Users/yl222/Desktop/UrbanWorldModelVisualizer/geometry_expansion/output/batch14_v1/queens_gate_place_mews_16_roof.png'
00:54.970  render           | Saved: '/Users/yl222/Desktop/UrbanWorldModelVisualizer/geometry_expansion/output/batch14_v1/queens_gate_place_mews_16_rear.png'
00:58.718  render           | Saved: '/Users/yl222/Desktop/UrbanWorldModelVisualizer/geometry_expansion/output/batch14_v1/queens_gate_place_mews_16_context.png'
01:01.947  render           | Saved: '/Users/yl222/Desktop/UrbanWorldModelVisualizer/geometry_expansion/output/batch14_v1/overview.png'
{"objects": 72, "triangles": 6102, "roundtrip_bounds_max_error_m": 0, "numerical_pass": true}
Blender 5.2.0 LTS (hash fbe6228777e7 built 2026-07-14 01:31:22)

Blender quit
