00:02.474  blend            | Read blend: "/Users/yl222/Desktop/UrbanWorldModelVisualizer/geometry_expansion/output/batch14_v1/master.blend"
13:57:33 | INFO: Data are loaded, start creating Blender stuff
13:57:33 | INFO: Blender create Mesh node 2 Princes Gate Mews | complete five point roof cap
13:57:33 | INFO: Blender create Mesh node 2 Princes Gate Mews | contained continuous mitred eaves
13:57:33 | INFO: Blender create Mesh node 2 Princes Gate Mews | deep inset glazing
13:57:33 | INFO: Blender create Mesh node 2 Princes Gate Mews | deep projecting stone sill
13:57:33 | INFO: Blender create Mesh node 2 Princes Gate Mews | door head frame
13:57:33 | INFO: Blender create Mesh node 2 Princes Gate Mews | door jamb
13:57:33 | INFO: Blender create Mesh node 2 Princes Gate Mews | door transom frame
13:57:33 | INFO: Blender create Mesh node 2 Princes Gate Mews | door transom glazing
13:57:33 | INFO: Blender create Mesh node 2 Princes Gate Mews | entrance stone jamb surround
13:57:33 | INFO: Blender create Mesh node 2 Princes Gate Mews | estimated rear rainwater pipe
13:57:33 | INFO: Blender create Mesh node 2 Princes Gate Mews | front and rear contained coping
13:57:33 | INFO: Blender create Mesh node 2 Princes Gate Mews | front and rear intermediate course
13:57:33 | INFO: Blender create Mesh node 2 Princes Gate Mews | front and rear low parapet
13:57:33 | INFO: Blender create Mesh node 2 Princes Gate Mews | ground transom rail
13:57:33 | INFO: Blender create Mesh node 2 Princes Gate Mews | inset door panels
13:57:33 | INFO: Blender create Mesh node 2 Princes Gate Mews | painted entrance leaf
13:57:33 | INFO: Blender create Mesh node 2 Princes Gate Mews | pierced wall piers
13:57:33 | INFO: Blender create Mesh node 2 Princes Gate Mews | pipe fixing collars
13:57:33 | INFO: Blender create Mesh node 2 Princes Gate Mews | recessed window bottom sash
13:57:33 | INFO: Blender create Mesh node 2 Princes Gate Mews | recessed window outer sash
13:57:33 | INFO: Blender create Mesh node 2 Princes Gate Mews | segmented low plinth
13:57:33 | INFO: Blender create Mesh node 2 Princes Gate Mews | simple entrance lintel
13:57:33 | INFO: Blender create Mesh node 2 Princes Gate Mews | simple stone window lintel
13:57:33 | INFO: Blender create Mesh node 2 Princes Gate Mews | soldier-course header blocks
13:57:33 | INFO: Blender create Mesh node 2 Princes Gate Mews | solid wall lintels
13:57:33 | INFO: Blender create Mesh node finite entry approach from audited ground
13:57:33 | INFO: Blender create Mesh node 2 Princes Gate Mews | tripartite mews casement mullions
13:57:33 | INFO: Blender create Mesh node 2 Princes Gate Mews | upper sash glazing bars
13:57:33 | INFO: Blender create Mesh node 2 Princes Gate Mews | upper sash meeting rail
13:57:33 | INFO: Blender create Mesh node 2 Princes Gate Mews | wall below recessed apertures
13:57:33 | INFO: Blender create Mesh node 12 Queens Gate Place Mews | corner brick piers
13:57:33 | INFO: Blender create Mesh node 12 Queens Gate Place Mews | door glass fanlight
13:57:33 | INFO: Blender create Mesh node 12 Queens Gate Place Mews | door handle
13:57:33 | INFO: Blender create Mesh node 12 Queens Gate Place Mews | door transom
13:57:33 | INFO: Blender create Mesh node 12 Queens Gate Place Mews | estimated hipped roof
13:57:33 | INFO: Blender create Mesh node 12 Queens Gate Place Mews | front rear eaves
13:57:33 | INFO: Blender create Mesh node 12 Queens Gate Place Mews | full polygon roof basecap
13:57:33 | INFO: Blender create Mesh node 12 Queens Gate Place Mews | inward eaves
13:57:33 | INFO: Blender create Mesh node 12 Queens Gate Place Mews | lintels
13:57:33 | INFO: Blender create Mesh node 12 Queens Gate Place Mews | painted joinery
13:57:33 | INFO: Blender create Mesh node 12 Queens Gate Place Mews | pierced masonry
13:57:33 | INFO: Blender create Mesh node 12 Queens Gate Place Mews | plain first floor stringcourse
13:57:33 | INFO: Blender create Mesh node 12 Queens Gate Place Mews | projecting sills
13:57:33 | INFO: Blender create Mesh node 12 Queens Gate Place Mews | recessed door
13:57:33 | INFO: Blender create Mesh node 12 Queens Gate Place Mews | recessed glazing
13:57:33 | INFO: Blender create Mesh node 12 Queens Gate Place Mews | small brick eaves dentils
13:57:33 | INFO: Blender create Mesh node finite entry approach from audited ground.001
13:57:33 | INFO: Blender create Mesh node 12 Queens Gate Place Mews | threshold
13:57:33 | INFO: Blender create Mesh node 12 Queens Gate Place Mews | upper sash meeting rail
13:57:33 | INFO: Blender create Mesh node 12 Queens Gate Place Mews | window mullions
13:57:33 | INFO: Blender create Mesh node 12 Queens Gate Place Mews | window transoms
13:57:33 | INFO: Blender create Mesh node finite entry approach from audited ground.002
13:57:33 | INFO: Blender create Mesh node 16 Queen’s Gate Place Mews | complete five-point roof deck
13:57:33 | INFO: Blender create Mesh node 16 Queen’s Gate Place Mews | door hardware
13:57:33 | INFO: Blender create Mesh node 16 Queen’s Gate Place Mews | door recessed lower panel
13:57:33 | INFO: Blender create Mesh node 16 Queen’s Gate Place Mews | door recessed upper panel
13:57:33 | INFO: Blender create Mesh node 16 Queen’s Gate Place Mews | entrance leaves
13:57:33 | INFO: Blender create Mesh node 16 Queen’s Gate Place Mews | entry transom
13:57:33 | INFO: Blender create Mesh node 16 Queen’s Gate Place Mews | flush threshold
13:57:33 | INFO: Blender create Mesh node 16 Queen’s Gate Place Mews | low mews roof parapet
13:57:33 | INFO: Blender create Mesh node 16 Queen’s Gate Place Mews | painted sash frames
13:57:33 | INFO: Blender create Mesh node 16 Queen’s Gate Place Mews | pierced muted masonry facades
13:57:33 | INFO: Blender create Mesh node 16 Queen’s Gate Place Mews | plain brick plinth
13:57:33 | INFO: Blender create Mesh node 16 Queen’s Gate Place Mews | plain eaves and floor course
13:57:34 | INFO: Blender create Mesh node 16 Queen’s Gate Place Mews | plain entrance jambs
13:57:34 | INFO: Blender create Mesh node 16 Queen’s Gate Place Mews | plain entrance lintel
13:57:34 | INFO: Blender create Mesh node 16 Queen’s Gate Place Mews | plain sash mullions
13:57:34 | INFO: Blender create Mesh node 16 Queen’s Gate Place Mews | plain sash transoms
13:57:34 | INFO: Blender create Mesh node 16 Queen’s Gate Place Mews | recessed mews sash glazing
13:57:34 | INFO: Blender create Mesh node 16 Queen’s Gate Place Mews | shallow parapet coping
13:57:34 | INFO: Blender create Mesh node 16 Queen’s Gate Place Mews | stone window sills
13:57:34 | INFO: Blender create Mesh node 16 Queen’s Gate Place Mews | subtle brick headers
13:57:34 | INFO: glTF import finished in 0.05s
{"passed": true, "buildings": [{"building_id": "way-851362836", "entrances": [{"threshold_xyz": [968.6903686523438, -254.56394958496094, 0.00011723116040229797], "rays": 25, "checked_width_m": 0.9897784124362397}], "entrance_check_status": "checked", "porch_support_samples": 0, "approach_profile_samples": 0, "passages": [], "shared_wall_samples": 60, "roof_coverage_samples": 43, "footprint_area_m2": 83.23988821032577}, {"building_id": "way-810633524", "entrances": [{"threshold_xyz": [461.57623291015625, -457.75286865234375, -0.00038775758002884686], "rays": 25, "checked_width_m": 0.9890491882109156}], "entrance_check_status": "checked", "porch_support_samples": 0, "approach_profile_samples": 0, "passages": [], "shared_wall_samples": 40, "roof_coverage_samples": 62, "footprint_area_m2": 116.59121342975365}, {"building_id": "way-810633526", "entrances": [{"threshold_xyz": [481.8067321777344, -467.1731262207031, -4.403738785185851e-05], "rays": 25, "checked_width_m": 0.9891817316303697}], "entrance_check_status": "checked", "porch_support_samples": 0, "approach_profile_samples": 0, "passages": [], "shared_wall_samples": 60, "roof_coverage_samples": 59, "footprint_area_m2": 116.4400769519603}], "material_values_roundtrip_passed": true, "master_sha256": "6ee53a03c9ca7596ebc0626aa22e042412cdc634810585c839391aaabb86532d", "replacement_sha256": "4c05f756166131e6b6582e9fe9cc35e4d2c5e7e3a3c232d46389f80560658a0f", "scope": "Exterior entry clearance before intentionally closed door assemblies, sampled mapped roof coverage and PBR round-trip. Not a survey or accessibility certification."}
Blender 5.2.0 LTS (hash fbe6228777e7 built 2026-07-14 01:31:22)

Blender quit
