00:00.649  blend            | Read blend: "/Users/yl222/Desktop/UrbanWorldModelVisualizer/geometry_expansion/output/batch14_v1/master.blend"
13:48:59 | INFO: Data are loaded, start creating Blender stuff
13:48:59 | INFO: Blender create Mesh node 2 Princes Gate Mews | complete five point roof cap
13:48:59 | INFO: Blender create Mesh node 2 Princes Gate Mews | contained continuous mitred eaves
13:48:59 | INFO: Blender create Mesh node 2 Princes Gate Mews | deep inset glazing
13:48:59 | INFO: Blender create Mesh node 2 Princes Gate Mews | deep projecting stone sill
13:48:59 | INFO: Blender create Mesh node 2 Princes Gate Mews | door head frame
13:48:59 | INFO: Blender create Mesh node 2 Princes Gate Mews | door jamb
13:48:59 | INFO: Blender create Mesh node 2 Princes Gate Mews | door transom frame
13:48:59 | INFO: Blender create Mesh node 2 Princes Gate Mews | door transom glazing
13:48:59 | INFO: Blender create Mesh node 2 Princes Gate Mews | entrance stone jamb surround
13:48:59 | INFO: Blender create Mesh node 2 Princes Gate Mews | estimated rear rainwater pipe
13:48:59 | INFO: Blender create Mesh node 2 Princes Gate Mews | front and rear contained coping
13:48:59 | INFO: Blender create Mesh node 2 Princes Gate Mews | front and rear intermediate course
13:48:59 | INFO: Blender create Mesh node 2 Princes Gate Mews | front and rear low parapet
13:48:59 | INFO: Blender create Mesh node 2 Princes Gate Mews | ground transom rail
13:48:59 | INFO: Blender create Mesh node 2 Princes Gate Mews | inset door panels
13:48:59 | INFO: Blender create Mesh node 2 Princes Gate Mews | painted entrance leaf
13:48:59 | INFO: Blender create Mesh node 2 Princes Gate Mews | pierced wall piers
13:48:59 | INFO: Blender create Mesh node 2 Princes Gate Mews | pipe fixing collars
13:48:59 | INFO: Blender create Mesh node 2 Princes Gate Mews | recessed window bottom sash
13:48:59 | INFO: Blender create Mesh node 2 Princes Gate Mews | recessed window outer sash
13:48:59 | INFO: Blender create Mesh node 2 Princes Gate Mews | segmented low plinth
13:48:59 | INFO: Blender create Mesh node 2 Princes Gate Mews | simple entrance lintel
13:48:59 | INFO: Blender create Mesh node 2 Princes Gate Mews | simple stone window lintel
13:48:59 | INFO: Blender create Mesh node 2 Princes Gate Mews | soldier-course header blocks
13:48:59 | INFO: Blender create Mesh node 2 Princes Gate Mews | solid wall lintels
13:48:59 | INFO: Blender create Mesh node finite entry approach from audited ground
13:48:59 | INFO: Blender create Mesh node 2 Princes Gate Mews | tripartite mews casement mullions
13:48:59 | INFO: Blender create Mesh node 2 Princes Gate Mews | upper sash glazing bars
13:48:59 | INFO: Blender create Mesh node 2 Princes Gate Mews | upper sash meeting rail
13:48:59 | INFO: Blender create Mesh node 2 Princes Gate Mews | wall below recessed apertures
13:48:59 | INFO: Blender create Mesh node 12 Queens Gate Place Mews | corner brick piers
13:48:59 | INFO: Blender create Mesh node 12 Queens Gate Place Mews | door glass fanlight
13:48:59 | INFO: Blender create Mesh node 12 Queens Gate Place Mews | door handle
13:48:59 | INFO: Blender create Mesh node 12 Queens Gate Place Mews | door transom
13:48:59 | INFO: Blender create Mesh node 12 Queens Gate Place Mews | estimated hipped roof
13:48:59 | INFO: Blender create Mesh node 12 Queens Gate Place Mews | front rear eaves
13:48:59 | INFO: Blender create Mesh node 12 Queens Gate Place Mews | full polygon roof basecap
13:48:59 | INFO: Blender create Mesh node 12 Queens Gate Place Mews | inward eaves
13:48:59 | INFO: Blender create Mesh node 12 Queens Gate Place Mews | lintels
13:48:59 | INFO: Blender create Mesh node 12 Queens Gate Place Mews | painted joinery
13:48:59 | INFO: Blender create Mesh node 12 Queens Gate Place Mews | pierced masonry
13:48:59 | INFO: Blender create Mesh node 12 Queens Gate Place Mews | plain first floor stringcourse
13:48:59 | INFO: Blender create Mesh node 12 Queens Gate Place Mews | projecting sills
13:48:59 | INFO: Blender create Mesh node 12 Queens Gate Place Mews | recessed door
13:48:59 | INFO: Blender create Mesh node 12 Queens Gate Place Mews | recessed glazing
13:48:59 | INFO: Blender create Mesh node 12 Queens Gate Place Mews | small brick eaves dentils
13:48:59 | INFO: Blender create Mesh node finite entry approach from audited ground.001
13:48:59 | INFO: Blender create Mesh node 12 Queens Gate Place Mews | threshold
13:48:59 | INFO: Blender create Mesh node 12 Queens Gate Place Mews | upper sash meeting rail
13:48:59 | INFO: Blender create Mesh node 12 Queens Gate Place Mews | window mullions
13:48:59 | INFO: Blender create Mesh node 12 Queens Gate Place Mews | window transoms
13:48:59 | INFO: Blender create Mesh node finite entry approach from audited ground.002
13:48:59 | INFO: Blender create Mesh node 16 Queen’s Gate Place Mews | complete five-point roof deck
13:48:59 | INFO: Blender create Mesh node 16 Queen’s Gate Place Mews | door hardware
13:48:59 | INFO: Blender create Mesh node 16 Queen’s Gate Place Mews | door recessed lower panel
13:48:59 | INFO: Blender create Mesh node 16 Queen’s Gate Place Mews | door recessed upper panel
13:48:59 | INFO: Blender create Mesh node 16 Queen’s Gate Place Mews | entrance leaves
13:48:59 | INFO: Blender create Mesh node 16 Queen’s Gate Place Mews | entry transom
13:48:59 | INFO: Blender create Mesh node 16 Queen’s Gate Place Mews | flush threshold
13:48:59 | INFO: Blender create Mesh node 16 Queen’s Gate Place Mews | low mews roof parapet
13:48:59 | INFO: Blender create Mesh node 16 Queen’s Gate Place Mews | painted sash frames
13:48:59 | INFO: Blender create Mesh node 16 Queen’s Gate Place Mews | pierced muted masonry facades
13:48:59 | INFO: Blender create Mesh node 16 Queen’s Gate Place Mews | plain brick plinth
13:48:59 | INFO: Blender create Mesh node 16 Queen’s Gate Place Mews | plain eaves and floor course
13:48:59 | INFO: Blender create Mesh node 16 Queen’s Gate Place Mews | plain entrance jambs
13:48:59 | INFO: Blender create Mesh node 16 Queen’s Gate Place Mews | plain entrance lintel
13:48:59 | INFO: Blender create Mesh node 16 Queen’s Gate Place Mews | plain sash mullions
13:48:59 | INFO: Blender create Mesh node 16 Queen’s Gate Place Mews | plain sash transoms
13:48:59 | INFO: Blender create Mesh node 16 Queen’s Gate Place Mews | recessed mews sash glazing
13:48:59 | INFO: Blender create Mesh node 16 Queen’s Gate Place Mews | shallow parapet coping
13:48:59 | INFO: Blender create Mesh node 16 Queen’s Gate Place Mews | stone window sills
13:48:59 | INFO: Blender create Mesh node 16 Queen’s Gate Place Mews | subtle brick headers
13:48:59 | INFO: glTF import finished in 0.04s
MISMATCH way-851362836::batch14::2 Princes Gate Mews | front and rear contained coping 0.592803955078125 {'bounds': [963.7166748046875, -263.4510192871094, 7.069801330566406, 975.1687622070312, -253.744873046875, 7.149801254272461], 'unused': 4} {'bounds': [963.7166748046875, -262.85821533203125, 7.069801330566406, 975.1687622070312, -253.744873046875, 7.149801254272461], 'unused': 0}
MISMATCH way-851362836::batch14::2 Princes Gate Mews | front and rear intermediate course 0.592315673828125 {'bounds': [963.7201538085938, -263.44757080078125, 3.3249592781066895, 975.1652221679688, -253.74832153320312, 3.4399592876434326], 'unused': 4} {'bounds': [963.7201538085938, -262.8552551269531, 3.3249592781066895, 975.1652221679688, -253.74832153320312, 3.4399592876434326], 'unused': 0}
MISMATCH way-851362836::batch14::2 Princes Gate Mews | front and rear low parapet 0.592315673828125 {'bounds': [963.7201538085938, -263.44757080078125, 6.83980131149292, 975.1652221679688, -253.74832153320312, 7.069801330566406], 'unused': 4} {'bounds': [963.7201538085938, -262.8552551269531, 6.83980131149292, 975.1652221679688, -253.74832153320312, 7.069801330566406], 'unused': 0}
Blender 5.2.0 LTS (hash fbe6228777e7 built 2026-07-14 01:31:22)

Blender quit
