00:00.414  blend            | Read blend: "/Users/yl222/Desktop/UrbanWorldModelVisualizer/geometry_expansion/output/batch07_v1/master.blend"
11:16:47 | INFO: Data are loaded, start creating Blender stuff
11:16:47 | INFO: Blender create Mesh node Campus rear 1133279024 | casement toplight transoms
11:16:47 | INFO: Blender create Mesh node Campus rear 1133279024 | complete concave roof deck
11:16:47 | INFO: Blender create Mesh node Campus rear 1133279024 | door central stile
11:16:47 | INFO: Blender create Mesh node Campus rear 1133279024 | door hardware
11:16:47 | INFO: Blender create Mesh node Campus rear 1133279024 | entrance leaves
11:16:47 | INFO: Blender create Mesh node Campus rear 1133279024 | entry transom
11:16:47 | INFO: Blender create Mesh node Campus rear 1133279024 | flush threshold
11:16:47 | INFO: Blender create Mesh node Campus rear 1133279024 | metal casement frames
11:16:47 | INFO: Blender create Mesh node Campus rear 1133279024 | paired casement mullions
11:16:47 | INFO: Blender create Mesh node Campus rear 1133279024 | pierced service wing masonry
11:16:47 | INFO: Blender create Mesh node Campus rear 1133279024 | plain brick plinth
11:16:47 | INFO: Blender create Mesh node Campus rear 1133279024 | plain eaves and floor course
11:16:47 | INFO: Blender create Mesh node Campus rear 1133279024 | recessed service wing casements
11:16:47 | INFO: Blender create Mesh node Campus rear 1133279024 | service wing parapet
11:16:47 | INFO: Blender create Mesh node Campus rear 1133279024 | stone entrance entablature
11:16:47 | INFO: Blender create Mesh node Campus rear 1133279024 | stone entrance jambs
11:16:47 | INFO: Blender create Mesh node Campus rear 1133279024 | stone parapet coping
11:16:47 | INFO: Blender create Mesh node Campus rear 1133279024 | stone window sills
11:16:47 | INFO: Blender create Mesh node Campus rear 1133279024 | subtle brick headers
11:16:47 | INFO: Blender create Mesh node Queens Gate rear703836510 | concave roof membrane
11:16:47 | INFO: Blender create Mesh node Queens Gate rear703836510 | door glass fanlight
11:16:47 | INFO: Blender create Mesh node Queens Gate rear703836510 | door handle
11:16:47 | INFO: Blender create Mesh node Queens Gate rear703836510 | door transom
11:16:47 | INFO: Blender create Mesh node Queens Gate rear703836510 | flush floor course
11:16:47 | INFO: Blender create Mesh node Queens Gate rear703836510 | inward eaves
11:16:47 | INFO: Blender create Mesh node Queens Gate rear703836510 | lintels
11:16:47 | INFO: Blender create Mesh node Queens Gate rear703836510 | low parapet
11:16:47 | INFO: Blender create Mesh node Queens Gate rear703836510 | mitred coping
11:16:47 | INFO: Blender create Mesh node Queens Gate rear703836510 | painted joinery
11:16:47 | INFO: Blender create Mesh node Queens Gate rear703836510 | pierced masonry
11:16:47 | INFO: Blender create Mesh node Queens Gate rear703836510 | pipe brackets
11:16:47 | INFO: Blender create Mesh node Queens Gate rear703836510 | projecting sills
11:16:47 | INFO: Blender create Mesh node Queens Gate rear703836510 | rainwater downpipes
11:16:47 | INFO: Blender create Mesh node Queens Gate rear703836510 | recessed door
11:16:47 | INFO: Blender create Mesh node Queens Gate rear703836510 | recessed glazing
11:16:47 | INFO: Blender create Mesh node Queens Gate rear703836510 | threshold
11:16:47 | INFO: Blender create Mesh node Queens Gate rear703836510 | upper sash meeting rail
11:16:47 | INFO: Blender create Mesh node Queens Gate rear703836510 | window mullions
11:16:47 | INFO: Blender create Mesh node Queens Gate rear703836510 | window transoms
11:16:47 | INFO: glTF import finished in 0.04s
{"passed": true, "buildings": [{"building_id": "way-1133279024", "entrances": [{"threshold_xyz": [645.9049072265625, -165.8110809326172, 0.049682896584272385], "rays": 25, "checked_width_m": 0.989782398783009}], "entrance_check_status": "checked", "shared_wall_samples": 100, "roof_coverage_samples": 107, "footprint_area_m2": 194.27874099265028}, {"building_id": "way-703836510", "entrances": [{"threshold_xyz": [573.17529296875, -196.8792724609375, 0.04963407292962074], "rays": 25, "checked_width_m": 0.9892830823726537}], "entrance_check_status": "checked", "shared_wall_samples": 0, "roof_coverage_samples": 82, "footprint_area_m2": 149.28795994893088}], "material_values_roundtrip_passed": true, "master_sha256": "469d94910351a5585166d4b9d12ce2b5c4c1047d41bdd84423c2994e19b6fa25", "replacement_sha256": "89ff5b0304288452dbb5d516c81c6b5534987df768029e397b90151784a0ffff", "scope": "Exterior entry clearance before intentionally closed door assemblies, sampled mapped roof coverage and PBR round-trip. Not a survey or accessibility certification."}
Blender 5.2.0 LTS (hash fbe6228777e7 built 2026-07-14 01:31:22)

Blender quit
