00:00.653  blend            | Read blend: "/Users/yl222/Desktop/UrbanWorldModelVisualizer/geometry_expansion/output/batch16_v1/master.blend"
15:02:29 | INFO: Data are loaded, start creating Blender stuff
15:02:29 | INFO: Blender create Mesh node 3 Princes Gate Mews | complete closed estimated mansard
15:02:29 | INFO: Blender create Mesh node 3 Princes Gate Mews | contained continuous mitred eaves
15:02:29 | INFO: Blender create Mesh node 3 Princes Gate Mews | deep inset glazing
15:02:29 | INFO: Blender create Mesh node 3 Princes Gate Mews | deep projecting stone sill
15:02:29 | INFO: Blender create Mesh node 3 Princes Gate Mews | door head frame
15:02:29 | INFO: Blender create Mesh node 3 Princes Gate Mews | door jamb
15:02:29 | INFO: Blender create Mesh node 3 Princes Gate Mews | door transom frame
15:02:29 | INFO: Blender create Mesh node 3 Princes Gate Mews | door transom glazing
15:02:29 | INFO: Blender create Mesh node 3 Princes Gate Mews | entrance stone jamb surround
15:02:29 | INFO: Blender create Mesh node 3 Princes Gate Mews | estimated rear rainwater pipe
15:02:29 | INFO: Blender create Mesh node 3 Princes Gate Mews | front and rear intermediate course
15:02:29 | INFO: Blender create Mesh node 3 Princes Gate Mews | ground transom rail
15:02:29 | INFO: Blender create Mesh node 3 Princes Gate Mews | inset door panels
15:02:29 | INFO: Blender create Mesh node 3 Princes Gate Mews | painted entrance leaf
15:02:29 | INFO: Blender create Mesh node 3 Princes Gate Mews | pierced wall piers
15:02:29 | INFO: Blender create Mesh node 3 Princes Gate Mews | pipe fixing collars
15:02:29 | INFO: Blender create Mesh node 3 Princes Gate Mews | recessed window bottom sash
15:02:29 | INFO: Blender create Mesh node 3 Princes Gate Mews | recessed window outer sash
15:02:29 | INFO: Blender create Mesh node 3 Princes Gate Mews | segmented low plinth
15:02:29 | INFO: Blender create Mesh node 3 Princes Gate Mews | simple entrance lintel
15:02:29 | INFO: Blender create Mesh node 3 Princes Gate Mews | simple stone window lintel
15:02:29 | INFO: Blender create Mesh node 3 Princes Gate Mews | soldier-course header blocks
15:02:29 | INFO: Blender create Mesh node 3 Princes Gate Mews | solid wall lintels
15:02:29 | INFO: Blender create Mesh node finite entry approach from audited ground
15:02:29 | INFO: Blender create Mesh node 3 Princes Gate Mews | tripartite mews casement mullions
15:02:29 | INFO: Blender create Mesh node 3 Princes Gate Mews | upper sash glazing bars
15:02:29 | INFO: Blender create Mesh node 3 Princes Gate Mews | upper sash meeting rail
15:02:29 | INFO: Blender create Mesh node 3 Princes Gate Mews | wall below recessed apertures
15:02:29 | INFO: Blender create Mesh node 10 Queens Gate Place Mews | casement meeting rail
15:02:29 | INFO: Blender create Mesh node 10 Queens Gate Place Mews | casement mullions
15:02:29 | INFO: Blender create Mesh node 10 Queens Gate Place Mews | corner brick piers
15:02:29 | INFO: Blender create Mesh node 10 Queens Gate Place Mews | door glass fanlight
15:02:29 | INFO: Blender create Mesh node 10 Queens Gate Place Mews | door handle
15:02:29 | INFO: Blender create Mesh node 10 Queens Gate Place Mews | door transom
15:02:29 | INFO: Blender create Mesh node 10 Queens Gate Place Mews | estimated hipped roof
15:02:29 | INFO: Blender create Mesh node 10 Queens Gate Place Mews | frame head
15:02:29 | INFO: Blender create Mesh node 10 Queens Gate Place Mews | frame jambs
15:02:29 | INFO: Blender create Mesh node 10 Queens Gate Place Mews | frame sill rail
15:02:29 | INFO: Blender create Mesh node 10 Queens Gate Place Mews | front rear eaves
15:02:29 | INFO: Blender create Mesh node 10 Queens Gate Place Mews | full polygon roof basecap
15:02:29 | INFO: Blender create Mesh node 10 Queens Gate Place Mews | inward eaves
15:02:29 | INFO: Blender create Mesh node 10 Queens Gate Place Mews | lintels
15:02:29 | INFO: Blender create Mesh node 10 Queens Gate Place Mews | pierced masonry
15:02:29 | INFO: Blender create Mesh node 10 Queens Gate Place Mews | plain first floor stringcourse
15:02:29 | INFO: Blender create Mesh node 10 Queens Gate Place Mews | projecting sills
15:02:29 | INFO: Blender create Mesh node 10 Queens Gate Place Mews | recessed door
15:02:29 | INFO: Blender create Mesh node 10 Queens Gate Place Mews | recessed glazing
15:02:29 | INFO: Blender create Mesh node 10 Queens Gate Place Mews | small brick eaves dentils
15:02:29 | INFO: Blender create Mesh node finite entry approach from audited ground.001
15:02:29 | INFO: Blender create Mesh node 10 Queens Gate Place Mews | threshold
15:02:29 | INFO: Blender create Mesh node finite entry approach from audited ground.002
15:02:29 | INFO: Blender create Mesh node 18 Queen’s Gate Place Mews | complete five-point roof deck
15:02:29 | INFO: Blender create Mesh node 18 Queen’s Gate Place Mews | door hardware
15:02:29 | INFO: Blender create Mesh node 18 Queen’s Gate Place Mews | door recessed lower panel
15:02:29 | INFO: Blender create Mesh node 18 Queen’s Gate Place Mews | door recessed upper panel
15:02:29 | INFO: Blender create Mesh node 18 Queen’s Gate Place Mews | entrance leaves
15:02:29 | INFO: Blender create Mesh node 18 Queen’s Gate Place Mews | entry transom
15:02:29 | INFO: Blender create Mesh node 18 Queen’s Gate Place Mews | flush threshold
15:02:29 | INFO: Blender create Mesh node 18 Queen’s Gate Place Mews | low mews roof parapet
15:02:29 | INFO: Blender create Mesh node 18 Queen’s Gate Place Mews | painted sash frames
15:02:29 | INFO: Blender create Mesh node 18 Queen’s Gate Place Mews | paired window center mullions
15:02:29 | INFO: Blender create Mesh node 18 Queen’s Gate Place Mews | pierced muted masonry facades
15:02:29 | INFO: Blender create Mesh node 18 Queen’s Gate Place Mews | plain brick plinth
15:02:29 | INFO: Blender create Mesh node 18 Queen’s Gate Place Mews | plain eaves and floor course
15:02:29 | INFO: Blender create Mesh node 18 Queen’s Gate Place Mews | plain entrance jambs
15:02:29 | INFO: Blender create Mesh node 18 Queen’s Gate Place Mews | plain entrance lintel
15:02:29 | INFO: Blender create Mesh node 18 Queen’s Gate Place Mews | plain sash transoms
15:02:29 | INFO: Blender create Mesh node 18 Queen’s Gate Place Mews | recessed paired mews glazing
15:02:29 | INFO: Blender create Mesh node 18 Queen’s Gate Place Mews | shallow parapet coping
15:02:29 | INFO: Blender create Mesh node 18 Queen’s Gate Place Mews | stone window sills
15:02:29 | INFO: Blender create Mesh node 18 Queen’s Gate Place Mews | subtle brick headers
15:02:29 | INFO: glTF import finished in 0.04s
{"passed": true, "buildings": [{"building_id": "way-851362837", "entrances": [{"threshold_xyz": [978.8423461914062, -252.896728515625, 6.667929119430482e-05], "rays": 25, "checked_width_m": 0.9898489682772742}], "entrance_check_status": "checked", "porch_support_samples": 0, "approach_profile_samples": 0, "passages": [], "shared_wall_samples": 60, "roof_coverage_samples": 43, "footprint_area_m2": 84.96151631816701}, {"building_id": "way-810633523", "entrances": [{"threshold_xyz": [478.1920166015625, -446.28460693359375, 0.0003845824394375086], "rays": 25, "checked_width_m": 0.9902174898861087}], "entrance_check_status": "checked", "porch_support_samples": 0, "approach_profile_samples": 0, "passages": [], "shared_wall_samples": 40, "roof_coverage_samples": 69, "footprint_area_m2": 130.9003537003814}, {"building_id": "way-810633527", "entrances": [{"threshold_xyz": [482.85308837890625, -473.2232666015625, -0.00016776457778178155], "rays": 25, "checked_width_m": 0.9905838602334736}], "entrance_check_status": "checked", "porch_support_samples": 0, "approach_profile_samples": 0, "passages": [], "shared_wall_samples": 60, "roof_coverage_samples": 56, "footprint_area_m2": 109.95221323788437}], "material_values_roundtrip_passed": true, "master_sha256": "63d48bd64d3ac344083013e5551b5daa0c74f60cf76aa582489b524d4d471f6a", "replacement_sha256": "a4ad546493ca400879b4ebbe587e1ae502ad85579a2ee49be65b8e393b92df45", "scope": "Exterior entry clearance before intentionally closed door assemblies, sampled mapped roof coverage and PBR round-trip. Not a survey or accessibility certification."}
Blender 5.2.0 LTS (hash fbe6228777e7 built 2026-07-14 01:31:22)

Blender quit
