00:00.686  blend            | Read blend: "/Users/yl222/Desktop/UrbanWorldModelVisualizer/geometry_expansion/output/batch21_v1/master.blend"
18:51:49 | INFO: Data are loaded, start creating Blender stuff
18:51:49 | INFO: Blender create Mesh node 2 Montrose Court | complete original four point roof deck
18:51:49 | INFO: Blender create Mesh node 2 Montrose Court | contained continuous mitred eaves
18:51:49 | INFO: Blender create Mesh node 2 Montrose Court | contained simple sill
18:51:49 | INFO: Blender create Mesh node 2 Montrose Court | deep inset glazing
18:51:49 | INFO: Blender create Mesh node 2 Montrose Court | door head frame
18:51:49 | INFO: Blender create Mesh node 2 Montrose Court | door jamb
18:51:49 | INFO: Blender create Mesh node 2 Montrose Court | entrance jamb surround
18:51:49 | INFO: Blender create Mesh node 2 Montrose Court | entry pull handle
18:51:49 | INFO: Blender create Mesh node 2 Montrose Court | estimated rear rainwater pipe
18:51:49 | INFO: Blender create Mesh node 2 Montrose Court | free edge contained low roof rim
18:51:49 | INFO: Blender create Mesh node 2 Montrose Court | free edge contained roof coping
18:51:49 | INFO: Blender create Mesh node 2 Montrose Court | front and rear intermediate course
18:51:49 | INFO: Blender create Mesh node 2 Montrose Court | modern asymmetrical casement stile
18:51:49 | INFO: Blender create Mesh node 2 Montrose Court | painted entrance leaf
18:51:49 | INFO: Blender create Mesh node 2 Montrose Court | pierced wall piers
18:51:49 | INFO: Blender create Mesh node 2 Montrose Court | pipe fixing collars
18:51:49 | INFO: Blender create Mesh node 2 Montrose Court | plain entrance vertical infill
18:51:49 | INFO: Blender create Mesh node 2 Montrose Court | recessed window bottom sash
18:51:49 | INFO: Blender create Mesh node 2 Montrose Court | recessed window outer sash
18:51:49 | INFO: Blender create Mesh node 2 Montrose Court | segmented low plinth
18:51:49 | INFO: Blender create Mesh node 2 Montrose Court | simple entrance head surround
18:51:49 | INFO: Blender create Mesh node 2 Montrose Court | solid wall lintels
18:51:49 | INFO: Blender create Mesh node finite entry approach from audited ground
18:51:49 | INFO: Blender create Mesh node 2 Montrose Court | wall below recessed apertures
18:51:49 | INFO: Blender create Mesh node finite additional entry support.001
18:51:49 | INFO: Blender create Mesh node 9 Queens Gate | arched frame
18:51:49 | INFO: Blender create Mesh node 9 Queens Gate | arched window spandrel
18:51:49 | INFO: Blender create Mesh node 9 Queens Gate | balcony balusters
18:51:49 | INFO: Blender create Mesh node 9 Queens Gate | balcony upper rail
18:51:49 | INFO: Blender create Mesh node 9 Queens Gate | complete mapped roof basecap
18:51:49 | INFO: Blender create Mesh node 9 Queens Gate | concave roof membrane
18:51:49 | INFO: Blender create Mesh node 9 Queens Gate | door glass fanlight
18:51:49 | INFO: Blender create Mesh node 9 Queens Gate | door handle
18:51:49 | INFO: Blender create Mesh node 9 Queens Gate | door transom
18:51:49 | INFO: Blender create Mesh node 9 Queens Gate | Doric column abaci
18:51:49 | INFO: Blender create Mesh node 9 Queens Gate | Doric column square plinths
18:51:49 | INFO: Blender create Mesh node 9 Queens Gate | first floor balcony deck
18:51:49 | INFO: Blender create Mesh node 9 Queens Gate | flush floor course
18:51:49 | INFO: Blender create Mesh node 9 Queens Gate | individual window consoles
18:51:49 | INFO: Blender create Mesh node 9 Queens Gate | inward eaves
18:51:49 | INFO: Blender create Mesh node 9 Queens Gate | lintels
18:51:49 | INFO: Blender create Mesh node 9 Queens Gate | low parapet
18:51:49 | INFO: Blender create Mesh node 9 Queens Gate | middle storey pilasters
18:51:49 | INFO: Blender create Mesh node 9 Queens Gate | mitred coping
18:51:49 | INFO: Blender create Mesh node 9 Queens Gate | painted joinery
18:51:49 | INFO: Blender create Mesh node 9 Queens Gate | pierced masonry
18:51:49 | INFO: Blender create Mesh node finite porch support.001
18:51:49 | INFO: Blender create Mesh node 9 Queens Gate | projecting portico architrave
18:51:49 | INFO: Blender create Mesh node 9 Queens Gate | projecting portico cornice
18:51:49 | INFO: Blender create Mesh node 9 Queens Gate | projecting sills
18:51:49 | INFO: Blender create Mesh node 9 Queens Gate | recessed arched glazing
18:51:49 | INFO: Blender create Mesh node 9 Queens Gate | recessed door
18:51:49 | INFO: Blender create Mesh node 9 Queens Gate | recessed glazing
18:51:49 | INFO: Blender create Mesh node 9 Queens Gate | simplified capitals
18:51:49 | INFO: Blender create Mesh node 9 Queens Gate | street cornice
18:51:49 | INFO: Blender create Mesh node finite entry approach from audited ground.002
18:51:49 | INFO: Blender create Mesh node 9 Queens Gate | tapered Doric shafts and echinus
18:51:49 | INFO: Blender create Mesh node 9 Queens Gate | threshold
18:51:49 | INFO: Blender create Mesh node 9 Queens Gate | upper cornice consoles
18:51:49 | INFO: Blender create Mesh node 9 Queens Gate | upper sash meeting rail
18:51:49 | INFO: Blender create Mesh node 9 Queens Gate | window mullions
18:51:49 | INFO: Blender create Mesh node 9 Queens Gate | window transoms
18:51:49 | INFO: Blender create Mesh node finite additional entry support
18:51:49 | INFO: Blender create Mesh node 22 Princes Gate | capital leaf blocks
18:51:49 | INFO: Blender create Mesh node 22 Princes Gate | central triangular pediment
18:51:49 | INFO: Blender create Mesh node 22 Princes Gate | complete four-point roof deck
18:51:49 | INFO: Blender create Mesh node 22 Princes Gate | continuous stone balcony deck
18:51:49 | INFO: Blender create Mesh node 22 Princes Gate | continuous stone balcony handrail
18:51:49 | INFO: Blender create Mesh node 22 Princes Gate | Corinthian pilaster shafts
18:51:49 | INFO: Blender create Mesh node 22 Princes Gate | Corinthian simplified capitals
18:51:49 | INFO: Blender create Mesh node 22 Princes Gate | Corinthian simplified pilaster bases
18:51:49 | INFO: Blender create Mesh node 22 Princes Gate | door hardware
18:51:49 | INFO: Blender create Mesh node 22 Princes Gate | door recessed lower panel
18:51:49 | INFO: Blender create Mesh node 22 Princes Gate | door recessed upper panel
18:51:49 | INFO: Blender create Mesh node 22 Princes Gate | entrance leaves
18:51:49 | INFO: Blender create Mesh node 22 Princes Gate | entry transom
18:51:49 | INFO: Blender create Mesh node 22 Princes Gate | fifth tier recessed relief backing
18:51:49 | INFO: Blender create Mesh node 22 Princes Gate | fifth tier relief leaf accents
18:51:49 | INFO: Blender create Mesh node 22 Princes Gate | fifth tier relief lower stringcourse
18:51:49 | INFO: Blender create Mesh node 22 Princes Gate | fifth tier relief panel frames
18:51:49 | INFO: Blender create Mesh node 22 Princes Gate | fifth tier simplified relief rosettes
18:51:49 | INFO: Blender create Mesh node 22 Princes Gate | first order window entablature
18:51:49 | INFO: Blender create Mesh node 22 Princes Gate | flush threshold
18:51:49 | INFO: Blender create Mesh node 22 Princes Gate | ground rustication arrises
18:51:49 | INFO: Blender create Mesh node 22 Princes Gate | Ionic capital volutes
18:51:49 | INFO: Blender create Mesh node 22 Princes Gate | Ionic porch abacus
18:51:49 | INFO: Blender create Mesh node 22 Princes Gate | Ionic porch entablature
18:51:49 | INFO: Blender create Mesh node 22 Princes Gate | Ionic porch plinth
18:51:49 | INFO: Blender create Mesh node 22 Princes Gate | Ionic porch shafts
18:51:49 | INFO: Blender create Mesh node 22 Princes Gate | low hidden roof parapet
18:51:49 | INFO: Blender create Mesh node 22 Princes Gate | painted sash frames
18:51:49 | INFO: Blender create Mesh node 22 Princes Gate | pierced muted masonry facades
18:51:49 | INFO: Blender create Mesh node 22 Princes Gate | plain brick plinth
18:51:49 | INFO: Blender create Mesh node 22 Princes Gate | plain eaves and floor course
18:51:49 | INFO: Blender create Mesh node 22 Princes Gate | plain entrance jambs
18:51:49 | INFO: Blender create Mesh node 22 Princes Gate | plain entrance lintel
18:51:49 | INFO: Blender create Mesh node 22 Princes Gate | plain fifth-storey front cornice
18:51:49 | INFO: Blender create Mesh node 22 Princes Gate | plain sash mullions
18:51:49 | INFO: Blender create Mesh node 22 Princes Gate | plain sash transoms
18:51:49 | INFO: Blender create Mesh node finite porch support
18:51:49 | INFO: Blender create Mesh node 22 Princes Gate | recessed townhouse sash glazing
18:51:49 | INFO: Blender create Mesh node 22 Princes Gate | second-floor window hood
18:51:49 | INFO: Blender create Mesh node 22 Princes Gate | shallow parapet coping
18:51:49 | INFO: Blender create Mesh node 22 Princes Gate | stone balcony end piers
18:51:49 | INFO: Blender create Mesh node 22 Princes Gate | stone turned balcony balusters
18:51:50 | INFO: Blender create Mesh node 22 Princes Gate | stone window sills
18:51:50 | INFO: Blender create Mesh node 22 Princes Gate | subtle brick headers
18:51:50 | INFO: Blender create Mesh node finite entry approach from audited ground.001
18:51:50 | INFO: Blender create Mesh node 22 Princes Gate | upper Juliet top rail
18:51:50 | INFO: Blender create Mesh node 22 Princes Gate | upper Juliet vertical bars
18:51:50 | INFO: Blender create Mesh node 22 Princes Gate | window entablature dentils
18:51:50 | INFO: glTF import finished in 0.11s
{"passed": true, "buildings": [{"building_id": "way-640457473", "entrances": [{"threshold_xyz": [914.5241088867188, 99.9325180053711, -6.029417818353977e-06], "rays": 25, "checked_width_m": 0.9898655430338601}], "entrance_check_status": "checked", "porch_support_samples": 0, "approach_profile_samples": 0, "passages": [], "shared_wall_samples": 40, "roof_coverage_samples": 62, "footprint_area_m2": 116.16240282710474}, {"building_id": "way-640097057", "entrances": [{"threshold_xyz": [965.529052734375, 124.64354705810547, 0.0003048415237572044], "rays": 25, "checked_width_m": 0.9911711307080988}, {"threshold_xyz": [956.3268432617188, 155.20492553710938, 0.0003048415237572044], "rays": 25, "checked_width_m": 1.0}], "entrance_check_status": "checked", "porch_support_samples": 4, "approach_profile_samples": 0, "passages": [], "shared_wall_samples": 40, "roof_coverage_samples": 133, "footprint_area_m2": 242.5309185976718}, {"building_id": "way-809238789", "entrances": [{"threshold_xyz": [449.8978271484375, -16.646282196044922, -0.0006746792350895703], "rays": 25, "checked_width_m": 0.9889796083471676}, {"threshold_xyz": [465.4288635253906, -8.773863792419434, -0.0006746792350895703], "rays": 25, "checked_width_m": 1.0}], "entrance_check_status": "checked", "porch_support_samples": 4, "approach_profile_samples": 0, "passages": [], "shared_wall_samples": 60, "roof_coverage_samples": 91, "footprint_area_m2": 168.5127528687221}], "material_values_roundtrip_passed": true, "master_sha256": "76f0ce3d0786bdbddacf3aa6cfc813a804dcba9455b982e00be994ffa0caf786", "replacement_sha256": "ad747da31b73bf9df20f13a61e6da1cc3ed057cea1c103ff1cd6b3b37753508a", "scope": "Exterior entry clearance before intentionally closed door assemblies, sampled mapped roof coverage and PBR round-trip. Not a survey or accessibility certification."}
Blender 5.2.0 LTS (hash fbe6228777e7 built 2026-07-14 01:31:22)

Blender quit
