(node:96511) ExperimentalWarning: `--experimental-loader` may be removed in the future; instead use `register()`:
--import 'data:text/javascript,import { register } from "node:module"; import { pathToFileURL } from "node:url"; register("./building_completion/scripts/three-loader.mjs", pathToFileURL("./"));'
(Use `node --trace-warnings ...` to show where the warning was created)
[
  {
    ids: [ 'way-117417431' ],
    sha256: '5907d8314d57dffd58d4822e9ac0a3508e17127a666a2552b1d6113fb437ed01',
    triangles: 14887,
    originals_hidden_before_batch: true,
    entry_supports_retained: 1,
    comparison_passed: true
  },
  {
    ids: [ 'way-117417421', 'way-117010286' ],
    sha256: '74dba832b28ca601575247515ddd9e556f96bfbeb6d484bb5ef772d0482473a3',
    triangles: 43794,
    originals_hidden_before_batch: true,
    entry_supports_retained: 2,
    comparison_passed: true
  },
  {
    ids: [
      'way-641757059',
      'way-641603104',
      'way-117010283',
      'way-492431542'
    ],
    sha256: '4498dbd5a5d58a7769455c0bcd2fafff67545fb164675510aa0a9f93d13d4e45',
    triangles: 56849,
    originals_hidden_before_batch: true,
    entry_supports_retained: 4,
    comparison_passed: true
  },
  {
    ids: [ 'way-117010293', 'way-27917475', 'way-642055723' ],
    sha256: 'e03387bf2a98b5c7280bb8f1dcc74abd94879adec439bcb64d44f3727202d40d',
    triangles: 113673,
    originals_hidden_before_batch: true,
    entry_supports_retained: 3,
    comparison_passed: true
  },
  {
    ids: [ 'way-1154608369', 'way-642055721', 'way-642055722' ],
    sha256: '1a5159ee629757b47a768eccaae6d6967a0b9f33ea1403a6983724d6c587f2e9',
    triangles: 12377,
    originals_hidden_before_batch: true,
    entry_supports_retained: 2,
    comparison_passed: true
  },
  {
    ids: [ 'way-1154608372', 'way-788306098', 'way-640976478' ],
    sha256: '0a4b19e6042e3ac4c6fac3b717212ecf54d300468dc2f2c0ea2b0245d09265e3',
    triangles: 15522,
    originals_hidden_before_batch: true,
    entry_supports_retained: 1,
    comparison_passed: true
  },
  {
    ids: [ 'way-703836510', 'way-1133279024' ],
    sha256: '89ff5b0304288452dbb5d516c81c6b5534987df768029e397b90151784a0ffff',
    triangles: 11421,
    originals_hidden_before_batch: true,
    entry_supports_retained: 2,
    comparison_passed: true
  },
  {
    ids: [ 'way-850528335', 'way-850528336' ],
    sha256: '28beab20615aff8bb4c29cad13117d05f159dfffefd2f6bd74e5264fedf59e23',
    triangles: 4503,
    originals_hidden_before_batch: true,
    entry_supports_retained: 2,
    comparison_passed: true
  },
  {
    ids: [ 'way-809238777', 'way-809238778', 'way-809238779' ],
    sha256: 'c03c3bedd0448ea75575427c302de9ad06b2482e14523b8651e118c527bddfd4',
    triangles: 100087,
    originals_hidden_before_batch: true,
    entry_supports_retained: 0,
    comparison_passed: true
  },
  {
    ids: [ 'way-809238783', 'way-809238784', 'way-809238780' ],
    sha256: 'b303bf2121c302d76045b99ba1331391963db0096290dac14e0119742fa413ea',
    triangles: 29947,
    originals_hidden_before_batch: true,
    entry_supports_retained: 0,
    comparison_passed: true
  },
  {
    ids: [ 'way-851362854', 'way-851362855', 'way-851362835' ],
    sha256: '4f56f4a7ef2c1095fa1a436ef0c46b74fa7b7918c6cefa1c8a068677d0aa4c2b',
    triangles: 53687,
    originals_hidden_before_batch: true,
    entry_supports_retained: 0,
    comparison_passed: true
  },
  {
    ids: [ 'way-640808103', 'way-810633525' ],
    sha256: '26e66c0e2e989d72631af467299aa724218e819a662ba8d590cbbfe74048b0a6',
    triangles: 17030,
    originals_hidden_before_batch: true,
    entry_supports_retained: 0,
    comparison_passed: true
  },
  {
    ids: [ 'way-640097053' ],
    sha256: '05703a7f481e3cfd78bbce8d6f1d0a1ea2160d58d77f39bbb94f592e135f1853',
    triangles: 10118,
    originals_hidden_before_batch: true,
    entry_supports_retained: 0,
    comparison_passed: true
  },
  {
    ids: [ 'way-809238785', 'way-640097054', 'way-640808101' ],
    sha256: 'c2f1654603d65c4c3276917f65f96450d3eacb5502b71daad926c574064f8edd',
    triangles: 37202,
    originals_hidden_before_batch: true,
    entry_supports_retained: 0,
    comparison_passed: true
  },
  {
    ids: [ 'way-810633524', 'way-810633526', 'way-851362836' ],
    sha256: '4c05f756166131e6b6582e9fe9cc35e4d2c5e7e3a3c232d46389f80560658a0f',
    triangles: 6102,
    originals_hidden_before_batch: true,
    entry_supports_retained: 0,
    comparison_passed: true
  },
  {
    ids: [ 'way-810633522', 'way-810633528', 'way-851362838' ],
    sha256: '0075c3f6819c66939731d6e5e35c1f8b7ed5568f2aed915cde3e04d2e7f714ce',
    triangles: 6169,
    originals_hidden_before_batch: true,
    entry_supports_retained: 0,
    comparison_passed: true
  },
  {
    ids: [ 'way-640097056', 'way-809238787', 'way-851362852' ],
    sha256: 'c1177aa3d25c4dc4cc67a58ac7176f104693891e3645043e3d917650ea1a7b34',
    triangles: 28588,
    originals_hidden_before_batch: true,
    entry_supports_retained: 0,
    comparison_passed: true
  },
  {
    ids: [ 'way-810633523', 'way-810633527', 'way-851362837' ],
    sha256: 'a4ad546493ca400879b4ebbe587e1ae502ad85579a2ee49be65b8e393b92df45',
    triangles: 5215,
    originals_hidden_before_batch: true,
    entry_supports_retained: 0,
    comparison_passed: true
  },
  {
    ids: [ 'way-640097055', 'way-640808105', 'way-809238786' ],
    sha256: 'b5b51ad4b240a910b6f69c46e6eb227df3491abb0f0dc75bc2407ad4f072a1f8',
    triangles: 40382,
    originals_hidden_before_batch: true,
    entry_supports_retained: 0,
    comparison_passed: true
  },
  {
    ids: [ 'way-392603602', 'way-809238788', 'way-640457472' ],
    sha256: 'bb59e7115568a9c853c1cc700910fd99776d7d78ef10b55f91b2eda92449ecf0',
    triangles: 24293,
    originals_hidden_before_batch: true,
    entry_supports_retained: 0,
    comparison_passed: true
  },
  {
    ids: [ 'way-809386116', 'way-810633521', 'way-851362839' ],
    sha256: '8d79cca4e455e4955b2c00646817caa953e71b34c3c459a6c944337045ff301e',
    triangles: 6202,
    originals_hidden_before_batch: true,
    entry_supports_retained: 0,
    comparison_passed: true
  },
  {
    ids: [ 'way-640097057', 'way-809238789', 'way-640457473' ],
    sha256: 'ad747da31b73bf9df20f13a61e6da1cc3ed057cea1c103ff1cd6b3b37753508a',
    triangles: 24348,
    originals_hidden_before_batch: true,
    entry_supports_retained: 0,
    comparison_passed: true
  }
]
