00:02.058  blend            | Read blend: "/Users/yl222/Desktop/UrbanWorldModelVisualizer/geometry_expansion/output/princes_gate_27_v2/master.blend"
13:25:09 | INFO: Data are loaded, start creating Blender stuff
13:25:09 | INFO: Blender create Mesh node 27 Princes Gate | attic continuous mitred rim
13:25:09 | INFO: Blender create Mesh node 27 Princes Gate | central first floor pediment
13:25:09 | INFO: Blender create Mesh node 27 Princes Gate | complete attic roof deck
13:25:09 | INFO: Blender create Mesh node 27 Princes Gate | curved frame heads
13:25:09 | INFO: Blender create Mesh node 27 Princes Gate | curved masonry heads
13:25:09 | INFO: Blender create Mesh node 27 Princes Gate | curved recessed glazing
13:25:09 | INFO: Blender create Mesh node 27 Princes Gate | door glass fanlight
13:25:09 | INFO: Blender create Mesh node 27 Princes Gate | door handle
13:25:09 | INFO: Blender create Mesh node 27 Princes Gate | door transom
13:25:09 | INFO: Blender create Mesh node 27 Princes Gate | first floor pilaster shafts
13:25:09 | INFO: Blender create Mesh node 27 Princes Gate | front cornice
13:25:09 | INFO: Blender create Mesh node 27 Princes Gate | front cornice dentils
13:25:09 | INFO: Blender create Mesh node 27 Princes Gate | full mapped roof base cap
13:25:09 | INFO: Blender create Mesh node 27 Princes Gate | Juliet sill decks
13:25:09 | INFO: Blender create Mesh node 27 Princes Gate | Juliet top rails
13:25:09 | INFO: Blender create Mesh node 27 Princes Gate | Juliet vertical bars
13:25:09 | INFO: Blender create Mesh node 27 Princes Gate | lintels
13:25:09 | INFO: Blender create Mesh node 27 Princes Gate | outer shallow pilasters
13:25:09 | INFO: Blender create Mesh node 27 Princes Gate | painted joinery
13:25:09 | INFO: Blender create Mesh node 27 Princes Gate | pierced masonry
13:25:09 | INFO: Blender create Mesh node 27 Princes Gate | projecting sills
13:25:09 | INFO: Blender create Mesh node 27 Princes Gate | recessed door
13:25:09 | INFO: Blender create Mesh node 27 Princes Gate | recessed glazing
13:25:09 | INFO: Blender create Mesh node 27 Princes Gate | simplified first floor capitals
13:25:09 | INFO: Blender create Mesh node finite entry approach from audited ground
13:25:10 | INFO: Blender create Mesh node 27 Princes Gate | threshold
13:25:10 | INFO: Blender create Mesh node 27 Princes Gate | upper sash meeting rail
13:25:10 | INFO: Blender create Mesh node 27 Princes Gate | window mullions
13:25:10 | INFO: Blender create Mesh node 27 Princes Gate | window transoms
13:25:10 | INFO: glTF import finished in 0.04s
{"passed": true, "buildings": [{"building_id": "way-640097053", "entrances": [{"threshold_xyz": [904.8881225585938, 149.1884002685547, -0.0006975403521209955], "rays": 25, "checked_width_m": 0.9889432072423598}], "entrance_check_status": "checked", "porch_support_samples": 0, "approach_profile_samples": 0, "passages": [], "shared_wall_samples": 60, "roof_coverage_samples": 148, "footprint_area_m2": 267.94011767260656}], "material_values_roundtrip_passed": true, "master_sha256": "d21641e660868fdab2a41b311aaf1d765cf5f20eb0c953df7917bc18b459d541", "replacement_sha256": "05703a7f481e3cfd78bbce8d6f1d0a1ea2160d58d77f39bbb94f592e135f1853", "scope": "Exterior entry clearance before intentionally closed door assemblies, sampled mapped roof coverage and PBR round-trip. Not a survey or accessibility certification."}
Blender 5.2.0 LTS (hash fbe6228777e7 built 2026-07-14 01:31:22)

Blender quit
