(node:58343) ExperimentalWarning: `--experimental-loader` may be removed in the future; instead use `register()`:
--import 'data:text/javascript,import { register } from "node:module"; import { pathToFileURL } from "node:url"; register("./building_completion/scripts/three-loader.mjs", pathToFileURL("./"));'
(Use `node --trace-warnings ...` to show where the warning was created)
[
  {
    "name": "Site_|_ground",
    "hits": [
      {
        "id": "way-851362854::lateral=-0.6",
        "sample_outward_m": -0.25,
        "z": -0.05000000074505805
      },
      {
        "id": "way-851362854::lateral=-0.6",
        "sample_outward_m": -0.12,
        "z": -0.05000000074505806
      },
      {
        "id": "way-851362854::lateral=-0.6",
        "sample_outward_m": 0,
        "z": -0.05000000074505805
      },
      {
        "id": "way-851362854::lateral=-0.6",
        "sample_outward_m": 0.12,
        "z": -0.05000000074505806
      },
      {
        "id": "way-851362854::lateral=-0.6",
        "sample_outward_m": 0.2,
        "z": -0.05000000074505807
      },
      {
        "id": "way-851362854::lateral=-0.6",
        "sample_outward_m": 0.3,
        "z": -0.05000000074505806
      },
      {
        "id": "way-851362854::lateral=-0.6",
        "sample_outward_m": 0.4,
        "z": -0.05000000074505806
      },
      {
        "id": "way-851362854::lateral=-0.6",
        "sample_outward_m": 0.5,
        "z": -0.05000000074505806
      },
      {
        "id": "way-851362854::lateral=-0.6",
        "sample_outward_m": 0.6,
        "z": -0.05000000074505806
      },
      {
        "id": "way-851362854::lateral=-0.6",
        "sample_outward_m": 0.7,
        "z": -0.05000000074505806
      },
      {
        "id": "way-851362854::lateral=-0.6",
        "sample_outward_m": 0.8,
        "z": -0.05000000074505807
      },
      {
        "id": "way-851362854::lateral=-0.6",
        "sample_outward_m": 0.9,
        "z": -0.05000000074505806
      },
      {
        "id": "way-851362854::lateral=-0.6",
        "sample_outward_m": 1,
        "z": -0.05000000074505806
      },
      {
        "id": "way-851362854::lateral=-0.6",
        "sample_outward_m": 1.2,
        "z": -0.05000000074505806
      },
      {
        "id": "way-851362854::lateral=0",
        "sample_outward_m": -0.25,
        "z": -0.05000000074505806
      },
      {
        "id": "way-851362854::lateral=0",
        "sample_outward_m": -0.12,
        "z": -0.05000000074505806
      },
      {
        "id": "way-851362854::lateral=0",
        "sample_outward_m": 0,
        "z": -0.05000000074505806
      },
      {
        "id": "way-851362854::lateral=0",
        "sample_outward_m": 0.12,
        "z": -0.05000000074505806
      },
      {
        "id": "way-851362854::lateral=0",
        "sample_outward_m": 0.2,
        "z": -0.05000000074505807
      },
      {
        "id": "way-851362854::lateral=0",
        "sample_outward_m": 0.3,
        "z": -0.05000000074505806
      },
      {
        "id": "way-851362854::lateral=0",
        "sample_outward_m": 0.4,
        "z": -0.05000000074505807
      },
      {
        "id": "way-851362854::lateral=0",
        "sample_outward_m": 0.5,
        "z": -0.05000000074505806
      },
      {
        "id": "way-851362854::lateral=0",
        "sample_outward_m": 0.6,
        "z": -0.05000000074505806
      },
      {
        "id": "way-851362854::lateral=0",
        "sample_outward_m": 0.7,
        "z": -0.05000000074505806
      },
      {
        "id": "way-851362854::lateral=0",
        "sample_outward_m": 0.8,
        "z": -0.05000000074505806
      },
      {
        "id": "way-851362854::lateral=0",
        "sample_outward_m": 0.9,
        "z": -0.05000000074505806
      },
      {
        "id": "way-851362854::lateral=0",
        "sample_outward_m": 1,
        "z": -0.05000000074505806
      },
      {
        "id": "way-851362854::lateral=0",
        "sample_outward_m": 1.2,
        "z": -0.05000000074505806
      },
      {
        "id": "way-851362854::lateral=0.6",
        "sample_outward_m": -0.25,
        "z": -0.05000000074505806
      },
      {
        "id": "way-851362854::lateral=0.6",
        "sample_outward_m": -0.12,
        "z": -0.05000000074505806
      },
      {
        "id": "way-851362854::lateral=0.6",
        "sample_outward_m": 0,
        "z": -0.05000000074505806
      },
      {
        "id": "way-851362854::lateral=0.6",
        "sample_outward_m": 0.12,
        "z": -0.05000000074505807
      },
      {
        "id": "way-851362854::lateral=0.6",
        "sample_outward_m": 0.2,
        "z": -0.05000000074505806
      },
      {
        "id": "way-851362854::lateral=0.6",
        "sample_outward_m": 0.3,
        "z": -0.05000000074505806
      },
      {
        "id": "way-851362854::lateral=0.6",
        "sample_outward_m": 0.4,
        "z": -0.05000000074505806
      },
      {
        "id": "way-851362854::lateral=0.6",
        "sample_outward_m": 0.5,
        "z": -0.05000000074505805
      },
      {
        "id": "way-851362854::lateral=0.6",
        "sample_outward_m": 0.6,
        "z": -0.05000000074505806
      },
      {
        "id": "way-851362854::lateral=0.6",
        "sample_outward_m": 0.7,
        "z": -0.05000000074505807
      },
      {
        "id": "way-851362854::lateral=0.6",
        "sample_outward_m": 0.8,
        "z": -0.05000000074505806
      },
      {
        "id": "way-851362854::lateral=0.6",
        "sample_outward_m": 0.9,
        "z": -0.05000000074505806
      },
      {
        "id": "way-851362854::lateral=0.6",
        "sample_outward_m": 1,
        "z": -0.05000000074505806
      },
      {
        "id": "way-851362854::lateral=0.6",
        "sample_outward_m": 1.2,
        "z": -0.05000000074505806
      },
      {
        "id": "way-851362855::lateral=-0.6",
        "sample_outward_m": -0.25,
        "z": -0.05000000074505807
      },
      {
        "id": "way-851362855::lateral=-0.6",
        "sample_outward_m": -0.12,
        "z": -0.05000000074505807
      },
      {
        "id": "way-851362855::lateral=-0.6",
        "sample_outward_m": 0,
        "z": -0.05000000074505806
      },
      {
        "id": "way-851362855::lateral=-0.6",
        "sample_outward_m": 0.12,
        "z": -0.05000000074505806
      },
      {
        "id": "way-851362855::lateral=-0.6",
        "sample_outward_m": 0.2,
        "z": -0.05000000074505807
      },
      {
        "id": "way-851362855::lateral=-0.6",
        "sample_outward_m": 0.3,
        "z": -0.05000000074505805
      },
      {
        "id": "way-851362855::lateral=-0.6",
        "sample_outward_m": 0.4,
        "z": -0.05000000074505806
      },
      {
        "id": "way-851362855::lateral=-0.6",
        "sample_outward_m": 0.5,
        "z": -0.05000000074505806
      },
      {
        "id": "way-851362855::lateral=-0.6",
        "sample_outward_m": 0.6,
        "z": -0.05000000074505805
      },
      {
        "id": "way-851362855::lateral=-0.6",
        "sample_outward_m": 0.7,
        "z": -0.05000000074505806
      },
      {
        "id": "way-851362855::lateral=-0.6",
        "sample_outward_m": 0.8,
        "z": -0.05000000074505806
      },
      {
        "id": "way-851362855::lateral=-0.6",
        "sample_outward_m": 0.9,
        "z": -0.05000000074505805
      },
      {
        "id": "way-851362855::lateral=-0.6",
        "sample_outward_m": 1,
        "z": -0.05000000074505806
      },
      {
        "id": "way-851362855::lateral=-0.6",
        "sample_outward_m": 1.2,
        "z": -0.05000000074505806
      },
      {
        "id": "way-851362855::lateral=0",
        "sample_outward_m": -0.25,
        "z": -0.05000000074505806
      },
      {
        "id": "way-851362855::lateral=0",
        "sample_outward_m": -0.12,
        "z": -0.05000000074505806
      },
      {
        "id": "way-851362855::lateral=0",
        "sample_outward_m": 0,
        "z": -0.05000000074505806
      },
      {
        "id": "way-851362855::lateral=0",
        "sample_outward_m": 0.12,
        "z": -0.05000000074505806
      },
      {
        "id": "way-851362855::lateral=0",
        "sample_outward_m": 0.2,
        "z": -0.05000000074505806
      },
      {
        "id": "way-851362855::lateral=0",
        "sample_outward_m": 0.3,
        "z": -0.05000000074505806
      },
      {
        "id": "way-851362855::lateral=0",
        "sample_outward_m": 0.4,
        "z": -0.05000000074505806
      },
      {
        "id": "way-851362855::lateral=0",
        "sample_outward_m": 0.5,
        "z": -0.05000000074505806
      },
      {
        "id": "way-851362855::lateral=0",
        "sample_outward_m": 0.6,
        "z": -0.05000000074505806
      },
      {
        "id": "way-851362855::lateral=0",
        "sample_outward_m": 0.7,
        "z": -0.05000000074505806
      },
      {
        "id": "way-851362855::lateral=0",
        "sample_outward_m": 0.8,
        "z": -0.05000000074505806
      },
      {
        "id": "way-851362855::lateral=0",
        "sample_outward_m": 0.9,
        "z": -0.05000000074505807
      },
      {
        "id": "way-851362855::lateral=0",
        "sample_outward_m": 1,
        "z": -0.05000000074505806
      },
      {
        "id": "way-851362855::lateral=0",
        "sample_outward_m": 1.2,
        "z": -0.05000000074505806
      },
      {
        "id": "way-851362855::lateral=0.6",
        "sample_outward_m": -0.25,
        "z": -0.05000000074505805
      },
      {
        "id": "way-851362855::lateral=0.6",
        "sample_outward_m": -0.12,
        "z": -0.05000000074505806
      },
      {
        "id": "way-851362855::lateral=0.6",
        "sample_outward_m": 0,
        "z": -0.05000000074505806
      },
      {
        "id": "way-851362855::lateral=0.6",
        "sample_outward_m": 0.12,
        "z": -0.05000000074505805
      },
      {
        "id": "way-851362855::lateral=0.6",
        "sample_outward_m": 0.2,
        "z": -0.05000000074505807
      },
      {
        "id": "way-851362855::lateral=0.6",
        "sample_outward_m": 0.3,
        "z": -0.05000000074505806
      },
      {
        "id": "way-851362855::lateral=0.6",
        "sample_outward_m": 0.4,
        "z": -0.05000000074505806
      },
      {
        "id": "way-851362855::lateral=0.6",
        "sample_outward_m": 0.5,
        "z": -0.05000000074505807
      },
      {
        "id": "way-851362855::lateral=0.6",
        "sample_outward_m": 0.6,
        "z": -0.05000000074505805
      },
      {
        "id": "way-851362855::lateral=0.6",
        "sample_outward_m": 0.7,
        "z": -0.05000000074505806
      },
      {
        "id": "way-851362855::lateral=0.6",
        "sample_outward_m": 0.8,
        "z": -0.05000000074505806
      },
      {
        "id": "way-851362855::lateral=0.6",
        "sample_outward_m": 0.9,
        "z": -0.05000000074505806
      },
      {
        "id": "way-851362855::lateral=0.6",
        "sample_outward_m": 1,
        "z": -0.05000000074505806
      },
      {
        "id": "way-851362855::lateral=0.6",
        "sample_outward_m": 1.2,
        "z": -0.05000000074505806
      },
      {
        "id": "way-851362835::lateral=-0.6",
        "sample_outward_m": -0.25,
        "z": -0.05000000074505806
      },
      {
        "id": "way-851362835::lateral=-0.6",
        "sample_outward_m": -0.12,
        "z": -0.05000000074505805
      },
      {
        "id": "way-851362835::lateral=-0.6",
        "sample_outward_m": 0,
        "z": -0.05000000074505805
      },
      {
        "id": "way-851362835::lateral=-0.6",
        "sample_outward_m": 0.12,
        "z": -0.05000000074505806
      },
      {
        "id": "way-851362835::lateral=-0.6",
        "sample_outward_m": 0.2,
        "z": -0.05000000074505806
      },
      {
        "id": "way-851362835::lateral=-0.6",
        "sample_outward_m": 0.3,
        "z": -0.05000000074505807
      },
      {
        "id": "way-851362835::lateral=-0.6",
        "sample_outward_m": 0.4,
        "z": -0.05000000074505806
      },
      {
        "id": "way-851362835::lateral=-0.6",
        "sample_outward_m": 0.5,
        "z": -0.05000000074505806
      },
      {
        "id": "way-851362835::lateral=-0.6",
        "sample_outward_m": 0.6,
        "z": -0.05000000074505806
      },
      {
        "id": "way-851362835::lateral=-0.6",
        "sample_outward_m": 0.7,
        "z": -0.05000000074505806
      },
      {
        "id": "way-851362835::lateral=-0.6",
        "sample_outward_m": 0.8,
        "z": -0.05000000074505806
      },
      {
        "id": "way-851362835::lateral=-0.6",
        "sample_outward_m": 0.9,
        "z": -0.05000000074505805
      },
      {
        "id": "way-851362835::lateral=-0.6",
        "sample_outward_m": 1,
        "z": -0.05000000074505806
      },
      {
        "id": "way-851362835::lateral=-0.6",
        "sample_outward_m": 1.2,
        "z": -0.05000000074505806
      },
      {
        "id": "way-851362835::lateral=0",
        "sample_outward_m": -0.25,
        "z": -0.05000000074505806
      },
      {
        "id": "way-851362835::lateral=0",
        "sample_outward_m": -0.12,
        "z": -0.05000000074505806
      },
      {
        "id": "way-851362835::lateral=0",
        "sample_outward_m": 0,
        "z": -0.05000000074505805
      },
      {
        "id": "way-851362835::lateral=0",
        "sample_outward_m": 0.12,
        "z": -0.05000000074505806
      },
      {
        "id": "way-851362835::lateral=0",
        "sample_outward_m": 0.2,
        "z": -0.05000000074505805
      },
      {
        "id": "way-851362835::lateral=0",
        "sample_outward_m": 0.3,
        "z": -0.05000000074505806
      },
      {
        "id": "way-851362835::lateral=0",
        "sample_outward_m": 0.4,
        "z": -0.05000000074505806
      },
      {
        "id": "way-851362835::lateral=0",
        "sample_outward_m": 0.5,
        "z": -0.05000000074505806
      },
      {
        "id": "way-851362835::lateral=0",
        "sample_outward_m": 0.6,
        "z": -0.05000000074505806
      },
      {
        "id": "way-851362835::lateral=0",
        "sample_outward_m": 0.7,
        "z": -0.05000000074505806
      },
      {
        "id": "way-851362835::lateral=0",
        "sample_outward_m": 0.8,
        "z": -0.05000000074505806
      },
      {
        "id": "way-851362835::lateral=0",
        "sample_outward_m": 0.9,
        "z": -0.05000000074505806
      },
      {
        "id": "way-851362835::lateral=0",
        "sample_outward_m": 1,
        "z": -0.05000000074505806
      },
      {
        "id": "way-851362835::lateral=0",
        "sample_outward_m": 1.2,
        "z": -0.05000000074505807
      },
      {
        "id": "way-851362835::lateral=0.6",
        "sample_outward_m": -0.25,
        "z": -0.05000000074505806
      },
      {
        "id": "way-851362835::lateral=0.6",
        "sample_outward_m": -0.12,
        "z": -0.05000000074505806
      },
      {
        "id": "way-851362835::lateral=0.6",
        "sample_outward_m": 0,
        "z": -0.05000000074505806
      },
      {
        "id": "way-851362835::lateral=0.6",
        "sample_outward_m": 0.12,
        "z": -0.05000000074505806
      },
      {
        "id": "way-851362835::lateral=0.6",
        "sample_outward_m": 0.2,
        "z": -0.05000000074505806
      },
      {
        "id": "way-851362835::lateral=0.6",
        "sample_outward_m": 0.3,
        "z": -0.05000000074505806
      },
      {
        "id": "way-851362835::lateral=0.6",
        "sample_outward_m": 0.4,
        "z": -0.05000000074505806
      },
      {
        "id": "way-851362835::lateral=0.6",
        "sample_outward_m": 0.5,
        "z": -0.05000000074505806
      },
      {
        "id": "way-851362835::lateral=0.6",
        "sample_outward_m": 0.6,
        "z": -0.05000000074505805
      },
      {
        "id": "way-851362835::lateral=0.6",
        "sample_outward_m": 0.7,
        "z": -0.05000000074505805
      },
      {
        "id": "way-851362835::lateral=0.6",
        "sample_outward_m": 0.8,
        "z": -0.05000000074505806
      },
      {
        "id": "way-851362835::lateral=0.6",
        "sample_outward_m": 0.9,
        "z": -0.05000000074505805
      },
      {
        "id": "way-851362835::lateral=0.6",
        "sample_outward_m": 1,
        "z": -0.05000000074505806
      },
      {
        "id": "way-851362835::lateral=0.6",
        "sample_outward_m": 1.2,
        "z": -0.05000000074505806
      }
    ]
  },
  {
    "name": "Site_|_road-network",
    "hits": [
      {
        "id": "way-851362854::lateral=-0.6",
        "sample_outward_m": 0.4,
        "z": 0
      },
      {
        "id": "way-851362854::lateral=-0.6",
        "sample_outward_m": 0.5,
        "z": 0
      },
      {
        "id": "way-851362854::lateral=-0.6",
        "sample_outward_m": 0.6,
        "z": 0
      },
      {
        "id": "way-851362854::lateral=-0.6",
        "sample_outward_m": 0.7,
        "z": 0
      },
      {
        "id": "way-851362854::lateral=-0.6",
        "sample_outward_m": 0.8,
        "z": 0
      },
      {
        "id": "way-851362854::lateral=-0.6",
        "sample_outward_m": 0.9,
        "z": 0
      },
      {
        "id": "way-851362854::lateral=-0.6",
        "sample_outward_m": 1,
        "z": 0
      },
      {
        "id": "way-851362854::lateral=-0.6",
        "sample_outward_m": 1.2,
        "z": 0
      },
      {
        "id": "way-851362854::lateral=0",
        "sample_outward_m": 0.4,
        "z": 0
      },
      {
        "id": "way-851362854::lateral=0",
        "sample_outward_m": 0.5,
        "z": 0
      },
      {
        "id": "way-851362854::lateral=0",
        "sample_outward_m": 0.6,
        "z": 0
      },
      {
        "id": "way-851362854::lateral=0",
        "sample_outward_m": 0.7,
        "z": 0
      },
      {
        "id": "way-851362854::lateral=0",
        "sample_outward_m": 0.8,
        "z": 0
      },
      {
        "id": "way-851362854::lateral=0",
        "sample_outward_m": 0.9,
        "z": 0
      },
      {
        "id": "way-851362854::lateral=0",
        "sample_outward_m": 1,
        "z": 0
      },
      {
        "id": "way-851362854::lateral=0",
        "sample_outward_m": 1.2,
        "z": 0
      },
      {
        "id": "way-851362854::lateral=0.6",
        "sample_outward_m": 0.4,
        "z": 0
      },
      {
        "id": "way-851362854::lateral=0.6",
        "sample_outward_m": 0.5,
        "z": 0
      },
      {
        "id": "way-851362854::lateral=0.6",
        "sample_outward_m": 0.6,
        "z": 0
      },
      {
        "id": "way-851362854::lateral=0.6",
        "sample_outward_m": 0.7,
        "z": 0
      },
      {
        "id": "way-851362854::lateral=0.6",
        "sample_outward_m": 0.8,
        "z": 0
      },
      {
        "id": "way-851362854::lateral=0.6",
        "sample_outward_m": 0.9,
        "z": 0
      },
      {
        "id": "way-851362854::lateral=0.6",
        "sample_outward_m": 1,
        "z": 0
      },
      {
        "id": "way-851362854::lateral=0.6",
        "sample_outward_m": 1.2,
        "z": 0
      },
      {
        "id": "way-851362835::lateral=-0.6",
        "sample_outward_m": -0.25,
        "z": 0
      },
      {
        "id": "way-851362835::lateral=-0.6",
        "sample_outward_m": -0.12,
        "z": 0
      },
      {
        "id": "way-851362835::lateral=-0.6",
        "sample_outward_m": 0,
        "z": 0
      },
      {
        "id": "way-851362835::lateral=-0.6",
        "sample_outward_m": 0.12,
        "z": 0
      },
      {
        "id": "way-851362835::lateral=-0.6",
        "sample_outward_m": 0.2,
        "z": 0
      },
      {
        "id": "way-851362835::lateral=-0.6",
        "sample_outward_m": 0.3,
        "z": 0
      },
      {
        "id": "way-851362835::lateral=-0.6",
        "sample_outward_m": 0.4,
        "z": 0
      },
      {
        "id": "way-851362835::lateral=-0.6",
        "sample_outward_m": 0.5,
        "z": 0
      },
      {
        "id": "way-851362835::lateral=-0.6",
        "sample_outward_m": 0.6,
        "z": 0
      },
      {
        "id": "way-851362835::lateral=-0.6",
        "sample_outward_m": 0.7,
        "z": 0
      },
      {
        "id": "way-851362835::lateral=-0.6",
        "sample_outward_m": 0.8,
        "z": 0
      },
      {
        "id": "way-851362835::lateral=-0.6",
        "sample_outward_m": 0.9,
        "z": 0
      },
      {
        "id": "way-851362835::lateral=-0.6",
        "sample_outward_m": 1,
        "z": 0
      },
      {
        "id": "way-851362835::lateral=-0.6",
        "sample_outward_m": 1.2,
        "z": 0
      },
      {
        "id": "way-851362835::lateral=0",
        "sample_outward_m": -0.25,
        "z": 0
      },
      {
        "id": "way-851362835::lateral=0",
        "sample_outward_m": -0.12,
        "z": 0
      },
      {
        "id": "way-851362835::lateral=0",
        "sample_outward_m": 0,
        "z": 0
      },
      {
        "id": "way-851362835::lateral=0",
        "sample_outward_m": 0.12,
        "z": 0
      },
      {
        "id": "way-851362835::lateral=0",
        "sample_outward_m": 0.2,
        "z": 0
      },
      {
        "id": "way-851362835::lateral=0",
        "sample_outward_m": 0.3,
        "z": 0
      },
      {
        "id": "way-851362835::lateral=0",
        "sample_outward_m": 0.4,
        "z": 0
      },
      {
        "id": "way-851362835::lateral=0",
        "sample_outward_m": 0.5,
        "z": 0
      },
      {
        "id": "way-851362835::lateral=0",
        "sample_outward_m": 0.6,
        "z": 0
      },
      {
        "id": "way-851362835::lateral=0",
        "sample_outward_m": 0.7,
        "z": 0
      },
      {
        "id": "way-851362835::lateral=0",
        "sample_outward_m": 0.8,
        "z": 0
      },
      {
        "id": "way-851362835::lateral=0",
        "sample_outward_m": 0.9,
        "z": 0
      },
      {
        "id": "way-851362835::lateral=0",
        "sample_outward_m": 1,
        "z": 0
      },
      {
        "id": "way-851362835::lateral=0",
        "sample_outward_m": 1.2,
        "z": 0
      },
      {
        "id": "way-851362835::lateral=0.6",
        "sample_outward_m": -0.25,
        "z": 0
      },
      {
        "id": "way-851362835::lateral=0.6",
        "sample_outward_m": -0.12,
        "z": 0
      },
      {
        "id": "way-851362835::lateral=0.6",
        "sample_outward_m": 0,
        "z": 0
      },
      {
        "id": "way-851362835::lateral=0.6",
        "sample_outward_m": 0.12,
        "z": 0
      },
      {
        "id": "way-851362835::lateral=0.6",
        "sample_outward_m": 0.2,
        "z": 0
      },
      {
        "id": "way-851362835::lateral=0.6",
        "sample_outward_m": 0.3,
        "z": 0
      },
      {
        "id": "way-851362835::lateral=0.6",
        "sample_outward_m": 0.4,
        "z": 0
      },
      {
        "id": "way-851362835::lateral=0.6",
        "sample_outward_m": 0.5,
        "z": 0
      },
      {
        "id": "way-851362835::lateral=0.6",
        "sample_outward_m": 0.6,
        "z": 0
      },
      {
        "id": "way-851362835::lateral=0.6",
        "sample_outward_m": 0.7,
        "z": 0
      },
      {
        "id": "way-851362835::lateral=0.6",
        "sample_outward_m": 0.8,
        "z": 0
      },
      {
        "id": "way-851362835::lateral=0.6",
        "sample_outward_m": 0.9,
        "z": 0
      },
      {
        "id": "way-851362835::lateral=0.6",
        "sample_outward_m": 1,
        "z": 0
      },
      {
        "id": "way-851362835::lateral=0.6",
        "sample_outward_m": 1.2,
        "z": 0
      }
    ]
  },
  {
    "name": "East_road_correction_|_paving",
    "hits": [
      {
        "id": "way-851362855::lateral=-0.6",
        "sample_outward_m": -0.25,
        "z": 0.06800000369548798
      },
      {
        "id": "way-851362855::lateral=-0.6",
        "sample_outward_m": -0.12,
        "z": 0.06800000369548798
      },
      {
        "id": "way-851362855::lateral=-0.6",
        "sample_outward_m": 0,
        "z": 0.06800000369548798
      },
      {
        "id": "way-851362855::lateral=-0.6",
        "sample_outward_m": 0.12,
        "z": 0.06800000369548798
      },
      {
        "id": "way-851362855::lateral=-0.6",
        "sample_outward_m": 0.2,
        "z": 0.06800000369548798
      },
      {
        "id": "way-851362855::lateral=-0.6",
        "sample_outward_m": 0.3,
        "z": 0.06800000369548798
      },
      {
        "id": "way-851362855::lateral=-0.6",
        "sample_outward_m": 0.4,
        "z": 0.06800000369548798
      },
      {
        "id": "way-851362855::lateral=-0.6",
        "sample_outward_m": 0.5,
        "z": 0.06800000369548798
      },
      {
        "id": "way-851362855::lateral=-0.6",
        "sample_outward_m": 0.6,
        "z": 0.06800000369548798
      },
      {
        "id": "way-851362855::lateral=-0.6",
        "sample_outward_m": 0.7,
        "z": 0.06800000369548798
      },
      {
        "id": "way-851362855::lateral=-0.6",
        "sample_outward_m": 0.8,
        "z": 0.06800000369548798
      },
      {
        "id": "way-851362855::lateral=-0.6",
        "sample_outward_m": 0.9,
        "z": 0.06800000369548798
      },
      {
        "id": "way-851362855::lateral=-0.6",
        "sample_outward_m": 1,
        "z": 0.06800000369548798
      },
      {
        "id": "way-851362855::lateral=-0.6",
        "sample_outward_m": 1.2,
        "z": 0.06800000369548798
      },
      {
        "id": "way-851362855::lateral=0",
        "sample_outward_m": -0.25,
        "z": 0.06800000369548798
      },
      {
        "id": "way-851362855::lateral=0",
        "sample_outward_m": -0.12,
        "z": 0.06800000369548798
      },
      {
        "id": "way-851362855::lateral=0",
        "sample_outward_m": 0,
        "z": 0.06800000369548798
      },
      {
        "id": "way-851362855::lateral=0",
        "sample_outward_m": 0.12,
        "z": 0.06800000369548798
      },
      {
        "id": "way-851362855::lateral=0",
        "sample_outward_m": 0.2,
        "z": 0.06800000369548798
      },
      {
        "id": "way-851362855::lateral=0",
        "sample_outward_m": 0.3,
        "z": 0.06800000369548798
      },
      {
        "id": "way-851362855::lateral=0",
        "sample_outward_m": 0.4,
        "z": 0.06800000369548798
      },
      {
        "id": "way-851362855::lateral=0",
        "sample_outward_m": 0.5,
        "z": 0.06800000369548798
      },
      {
        "id": "way-851362855::lateral=0",
        "sample_outward_m": 0.6,
        "z": 0.06800000369548798
      },
      {
        "id": "way-851362855::lateral=0",
        "sample_outward_m": 0.7,
        "z": 0.06800000369548798
      },
      {
        "id": "way-851362855::lateral=0",
        "sample_outward_m": 0.8,
        "z": 0.06800000369548798
      },
      {
        "id": "way-851362855::lateral=0",
        "sample_outward_m": 0.9,
        "z": 0.06800000369548798
      },
      {
        "id": "way-851362855::lateral=0",
        "sample_outward_m": 1,
        "z": 0.06800000369548798
      },
      {
        "id": "way-851362855::lateral=0",
        "sample_outward_m": 1.2,
        "z": 0.06800000369548798
      },
      {
        "id": "way-851362855::lateral=0.6",
        "sample_outward_m": -0.25,
        "z": 0.06800000369548798
      },
      {
        "id": "way-851362855::lateral=0.6",
        "sample_outward_m": -0.12,
        "z": 0.06800000369548798
      },
      {
        "id": "way-851362855::lateral=0.6",
        "sample_outward_m": 0,
        "z": 0.06800000369548798
      },
      {
        "id": "way-851362855::lateral=0.6",
        "sample_outward_m": 0.12,
        "z": 0.06800000369548798
      },
      {
        "id": "way-851362855::lateral=0.6",
        "sample_outward_m": 0.2,
        "z": 0.06800000369548798
      },
      {
        "id": "way-851362855::lateral=0.6",
        "sample_outward_m": 0.3,
        "z": 0.06800000369548798
      },
      {
        "id": "way-851362855::lateral=0.6",
        "sample_outward_m": 0.4,
        "z": 0.06800000369548798
      },
      {
        "id": "way-851362855::lateral=0.6",
        "sample_outward_m": 0.5,
        "z": 0.06800000369548798
      },
      {
        "id": "way-851362855::lateral=0.6",
        "sample_outward_m": 0.6,
        "z": 0.06800000369548798
      },
      {
        "id": "way-851362855::lateral=0.6",
        "sample_outward_m": 0.7,
        "z": 0.06800000369548798
      },
      {
        "id": "way-851362855::lateral=0.6",
        "sample_outward_m": 0.8,
        "z": 0.06800000369548798
      },
      {
        "id": "way-851362855::lateral=0.6",
        "sample_outward_m": 0.9,
        "z": 0.06800000369548798
      },
      {
        "id": "way-851362855::lateral=0.6",
        "sample_outward_m": 1,
        "z": 0.06800000369548798
      },
      {
        "id": "way-851362855::lateral=0.6",
        "sample_outward_m": 1.2,
        "z": 0.06800000369548798
      }
    ]
  },
  {
    "name": "Traffic_road_|_unnamed_|_osm-851362851",
    "hits": [
      {
        "id": "way-851362835::lateral=-0.6",
        "sample_outward_m": 0.9,
        "z": 0.25
      },
      {
        "id": "way-851362835::lateral=-0.6",
        "sample_outward_m": 1,
        "z": 0.25
      },
      {
        "id": "way-851362835::lateral=-0.6",
        "sample_outward_m": 1.2,
        "z": 0.25
      },
      {
        "id": "way-851362835::lateral=0",
        "sample_outward_m": 0.9,
        "z": 0.25
      },
      {
        "id": "way-851362835::lateral=0",
        "sample_outward_m": 1,
        "z": 0.25
      },
      {
        "id": "way-851362835::lateral=0",
        "sample_outward_m": 1.2,
        "z": 0.25
      },
      {
        "id": "way-851362835::lateral=0.6",
        "sample_outward_m": 0.9,
        "z": 0.25
      },
      {
        "id": "way-851362835::lateral=0.6",
        "sample_outward_m": 1,
        "z": 0.25
      },
      {
        "id": "way-851362835::lateral=0.6",
        "sample_outward_m": 1.2,
        "z": 0.25
      }
    ]
  }
]
