00:00.476  blend            | Read blend: "/Users/yl222/Desktop/UrbanWorldModelVisualizer/geometry_expansion/output/batch11_v1/master.blend"
12:21:15 | INFO: Data are loaded, start creating Blender stuff
12:21:15 | INFO: Blender create Mesh node finite entry approach from audited ground.002
12:21:15 | INFO: Blender create Mesh node 1 Princes Gate Mews | complete concave roof deck
12:21:15 | INFO: Blender create Mesh node 1 Princes Gate Mews | door hardware
12:21:15 | INFO: Blender create Mesh node 1 Princes Gate Mews | door recessed lower panel
12:21:15 | INFO: Blender create Mesh node 1 Princes Gate Mews | door recessed upper panel
12:21:15 | INFO: Blender create Mesh node 1 Princes Gate Mews | entrance leaves
12:21:15 | INFO: Blender create Mesh node 1 Princes Gate Mews | entry transom
12:21:15 | INFO: Blender create Mesh node 1 Princes Gate Mews | flush threshold
12:21:15 | INFO: Blender create Mesh node 1 Princes Gate Mews | low mews roof parapet
12:21:15 | INFO: Blender create Mesh node 1 Princes Gate Mews | painted sash frames
12:21:15 | INFO: Blender create Mesh node 1 Princes Gate Mews | pierced muted masonry facades
12:21:15 | INFO: Blender create Mesh node 1 Princes Gate Mews | plain brick plinth
12:21:15 | INFO: Blender create Mesh node 1 Princes Gate Mews | plain eaves and floor course
12:21:15 | INFO: Blender create Mesh node 1 Princes Gate Mews | plain entrance jambs
12:21:15 | INFO: Blender create Mesh node 1 Princes Gate Mews | plain entrance lintel
12:21:15 | INFO: Blender create Mesh node 1 Princes Gate Mews | plain sash mullions
12:21:15 | INFO: Blender create Mesh node 1 Princes Gate Mews | plain sash transoms
12:21:15 | INFO: Blender create Mesh node 1 Princes Gate Mews | recessed mews sash glazing
12:21:15 | INFO: Blender create Mesh node 1 Princes Gate Mews | shallow parapet coping
12:21:15 | INFO: Blender create Mesh node 1 Princes Gate Mews | stone window sills
12:21:15 | INFO: Blender create Mesh node 1 Princes Gate Mews | subtle brick headers
12:21:15 | INFO: Blender create Mesh node finite entry approach from audited ground
12:21:15 | INFO: Blender create Mesh node 69–70 Princes Gate | capital volutes
12:21:15 | INFO: Blender create Mesh node 69–70 Princes Gate | central window pediments
12:21:15 | INFO: Blender create Mesh node 69–70 Princes Gate | door glass fanlight
12:21:15 | INFO: Blender create Mesh node 69–70 Princes Gate | door handle
12:21:15 | INFO: Blender create Mesh node 69–70 Princes Gate | door transom
12:21:15 | INFO: Blender create Mesh node 69–70 Princes Gate | eaves brackets
12:21:16 | INFO: Blender create Mesh node 69–70 Princes Gate | first balcony deck
12:21:16 | INFO: Blender create Mesh node 69–70 Princes Gate | first balcony rail
12:21:16 | INFO: Blender create Mesh node 69–70 Princes Gate | front cornice
12:21:16 | INFO: Blender create Mesh node 69–70 Princes Gate | full polygon roof basecap
12:21:16 | INFO: Blender create Mesh node 69–70 Princes Gate | inward eaves
12:21:16 | INFO: Blender create Mesh node 69–70 Princes Gate | lintels
12:21:16 | INFO: Blender create Mesh node 69–70 Princes Gate | low parapet
12:21:16 | INFO: Blender create Mesh node 69–70 Princes Gate | mansard slopes
12:21:16 | INFO: Blender create Mesh node 69–70 Princes Gate | mansard top deck
12:21:16 | INFO: Blender create Mesh node 69–70 Princes Gate | mitred coping
12:21:16 | INFO: Blender create Mesh node 69–70 Princes Gate | painted joinery
12:21:16 | INFO: Blender create Mesh node 69–70 Princes Gate | paired house pilasters
12:21:16 | INFO: Blender create Mesh node 69–70 Princes Gate | pierced masonry
12:21:16 | INFO: Blender create Mesh node 69–70 Princes Gate | projecting sills
12:21:16 | INFO: Blender create Mesh node 69–70 Princes Gate | recessed door
12:21:16 | INFO: Blender create Mesh node 69–70 Princes Gate | recessed glazing
12:21:16 | INFO: Blender create Mesh node 69–70 Princes Gate | rustication courses
12:21:16 | INFO: Blender create Mesh node 69–70 Princes Gate | second balcony balusters
12:21:16 | INFO: Blender create Mesh node 69–70 Princes Gate | second balcony deck
12:21:16 | INFO: Blender create Mesh node 69–70 Princes Gate | second balcony rail
12:21:16 | INFO: Blender create Mesh node 69–70 Princes Gate | simplified Corinthian capital
12:21:16 | INFO: Blender create Mesh node 69–70 Princes Gate | threshold
12:21:16 | INFO: Blender create Mesh node 69–70 Princes Gate | turned balcony balusters
12:21:16 | INFO: Blender create Mesh node 69–70 Princes Gate | upper sash meeting rail
12:21:16 | INFO: Blender create Mesh node 69–70 Princes Gate | window mullions
12:21:16 | INFO: Blender create Mesh node 69–70 Princes Gate | window transoms
12:21:16 | INFO: Blender create Mesh node 71-72 Princes Gate | architrave head
12:21:16 | INFO: Blender create Mesh node 71-72 Princes Gate | architrave upright
12:21:16 | INFO: Blender create Mesh node 71-72 Princes Gate | central second floor pediment
12:21:16 | INFO: Blender create Mesh node 71-72 Princes Gate | complete concave mapped roof deck
12:21:16 | INFO: Blender create Mesh node 71-72 Princes Gate | continuous first floor balcony deck
12:21:16 | INFO: Blender create Mesh node 71-72 Princes Gate | continuous first floor balustrade rail
12:21:16 | INFO: Blender create Mesh node 71-72 Princes Gate | continuous mitred contained stringcourse
12:21:16 | INFO: Blender create Mesh node 71-72 Princes Gate | cornice modillions
12:21:16 | INFO: Blender create Mesh node 71-72 Princes Gate | cornice window hoods
12:21:16 | INFO: Blender create Mesh node 71-72 Princes Gate | door leaf panel mouldings
12:21:16 | INFO: Blender create Mesh node 71-72 Princes Gate | door leaf transom rail
12:21:16 | INFO: Blender create Mesh node 71-72 Princes Gate | Doric porch columns
12:21:16 | INFO: Blender create Mesh node 71-72 Princes Gate | Doric porch entablature
12:21:16 | INFO: Blender create Mesh node 71-72 Princes Gate | Doric triglyphs
12:21:16 | INFO: Blender create Mesh node 71-72 Princes Gate | entrance glazed transom
12:21:16 | INFO: Blender create Mesh node 71-72 Princes Gate | entrance head frame
12:21:16 | INFO: Blender create Mesh node 71-72 Princes Gate | entrance jamb
12:21:16 | INFO: Blender create Mesh node 71-72 Princes Gate | entrance lantern casing
12:21:16 | INFO: Blender create Mesh node 71-72 Princes Gate | entrance lantern glazing
12:21:16 | INFO: Blender create Mesh node 71-72 Princes Gate | entrance stone head
12:21:16 | INFO: Blender create Mesh node 71-72 Princes Gate | entrance stone surrounds
12:21:16 | INFO: Blender create Mesh node 71-72 Princes Gate | estimated concave mansard slopes
12:21:16 | INFO: Blender create Mesh node 71-72 Princes Gate | estimated concave mansard upper deck
12:21:16 | INFO: Blender create Mesh node 71-72 Princes Gate | first floor bottle balusters
12:21:16 | INFO: Blender create Mesh node 71-72 Princes Gate | first floor Corinthian shafts
12:21:16 | INFO: Blender create Mesh node 71-72 Princes Gate | first floor French casement mullion
12:21:16 | INFO: Blender create Mesh node 71-72 Princes Gate | front bracketed frieze
12:21:16 | INFO: Blender create Mesh node 71-72 Princes Gate | front projecting cornice
12:21:16 | INFO: Blender create Mesh node 71-72 Princes Gate | ground stucco channel courses
12:21:16 | INFO: Blender create Mesh node 71-72 Princes Gate | pierced wall lintel infill
12:21:16 | INFO: Blender create Mesh node 71-72 Princes Gate | pierced wall piers
12:21:16 | INFO: Blender create Mesh node 71-72 Princes Gate | pierced wall sill infill
12:21:16 | INFO: Blender create Mesh node 71-72 Princes Gate | projecting stone sill
12:21:16 | INFO: Blender create Mesh node 71-72 Princes Gate | recessed sash glazing
12:21:16 | INFO: Blender create Mesh node 71-72 Princes Gate | sash meeting and bottom rails
12:21:16 | INFO: Blender create Mesh node 71-72 Princes Gate | second floor balcony rail
12:21:16 | INFO: Blender create Mesh node 71-72 Princes Gate | second floor balcony sill
12:21:16 | INFO: Blender create Mesh node 71-72 Princes Gate | second floor bottle balusters
12:21:16 | INFO: Blender create Mesh node 71-72 Princes Gate | simplified Corinthian leaf blocks
12:21:16 | INFO: Blender create Mesh node 71-72 Princes Gate | timber sash side frames
12:21:16 | INFO: Blender create Mesh node 71-72 Princes Gate | timber sash upper rail
12:21:16 | INFO: Blender create Mesh node 71-72 Princes Gate | window hood corbels
12:21:16 | INFO: Blender create Mesh node 71-72 Princes Gate | wood entrance leaf
12:21:16 | INFO: Blender create Mesh node finite porch support
12:21:16 | INFO: Blender create Mesh node finite entry approach from audited ground.001
12:21:16 | INFO: glTF import finished in 0.15s
{"passed": true, "buildings": [{"building_id": "way-851362854", "entrances": [{"threshold_xyz": [953.7531127929688, -263.97113037109375, 0.00800000037997961], "rays": 25, "checked_width_m": 0.9901607603197842}], "entrance_check_status": "checked", "porch_support_samples": 0, "approach_profile_samples": 9, "passages": [], "shared_wall_samples": 60, "roof_coverage_samples": 271, "footprint_area_m2": 467.8662102007931}, {"building_id": "way-851362855", "entrances": [{"threshold_xyz": [928.0633544921875, -286.71429443359375, 0.07400000095367432], "rays": 25, "checked_width_m": 0.9911480366498631}], "entrance_check_status": "checked", "porch_support_samples": 4, "approach_profile_samples": 0, "passages": [], "shared_wall_samples": 80, "roof_coverage_samples": 238, "footprint_area_m2": 416.89704332920115}, {"building_id": "way-851362835", "entrances": [{"threshold_xyz": [957.3598022460938, -262.6571044921875, 0.00800000037997961], "rays": 25, "checked_width_m": 0.9896965396735051}], "entrance_check_status": "checked", "porch_support_samples": 0, "approach_profile_samples": 18, "passages": [], "shared_wall_samples": 40, "roof_coverage_samples": 30, "footprint_area_m2": 60.66632132742713}], "material_values_roundtrip_passed": true, "master_sha256": "18cd0a7692e14910234b35138feb6c5b5c7a9b04746de5f3cc84f0bb6e23e3b5", "replacement_sha256": "4f56f4a7ef2c1095fa1a436ef0c46b74fa7b7918c6cefa1c8a068677d0aa4c2b", "scope": "Exterior entry clearance before intentionally closed door assemblies, sampled mapped roof coverage and PBR round-trip. Not a survey or accessibility certification."}
Blender 5.2.0 LTS (hash fbe6228777e7 built 2026-07-14 01:31:22)

Blender quit
