/Users/yl222/Desktop/UrbanWorldModelVisualizer/geometry_expansion/scripts/build_batch02.py:16: DeprecationWarning: 'Material.use_nodes' is expected to be removed in Blender 6.0
  m=bpy.data.materials.new(spec['name']);m.use_nodes=True
INFO Draco is available, use library at /Applications/Blender.app/Contents/Resources/5.2/scripts/addons_core/io_scene_gltf2/libbf_intern_draco_bridge.dylib
INFO MeshOptimizer is available, use library at /Applications/Blender.app/Contents/Resources/5.2/scripts/addons_core/io_scene_gltf2/libbf_intern_meshopt_bridge.dylib
05:09:34 | INFO: Starting glTF 2.0 export
05:09:34 | INFO: Extracting primitive: 25 Kensington Gore | attic interior ceiling
05:09:34 | INFO: Primitives created: 1
05:09:34 | INFO: Extracting primitive: 25 Kensington Gore | balcony handrail
05:09:34 | INFO: Primitives created: 1
05:09:34 | INFO: Extracting primitive: 25 Kensington Gore | balcony support slabs
05:09:34 | INFO: Primitives created: 1
05:09:34 | INFO: Extracting primitive: 25 Kensington Gore | black sash frames
05:09:34 | INFO: Primitives created: 1
05:09:34 | INFO: Extracting primitive: 25 Kensington Gore | chimney caps
05:09:34 | INFO: Primitives created: 1
05:09:34 | INFO: Extracting primitive: 25 Kensington Gore | continuous mitred cornices
05:09:34 | INFO: Primitives created: 1
05:09:34 | INFO: Extracting primitive: 25 Kensington Gore | corner quoins
05:09:34 | INFO: Primitives created: 1
05:09:34 | INFO: Extracting primitive: 25 Kensington Gore | cornice brackets
05:09:34 | INFO: Primitives created: 1
05:09:34 | INFO: Extracting primitive: 25 Kensington Gore | coupled Ionic-inspired porch columns
05:09:34 | INFO: Primitives created: 1
05:09:34 | INFO: Extracting primitive: 25 Kensington Gore | door head frame
05:09:34 | INFO: Primitives created: 1
05:09:34 | INFO: Extracting primitive: 25 Kensington Gore | dormer masonry jambs
05:09:34 | INFO: Primitives created: 1
05:09:34 | INFO: Extracting primitive: 25 Kensington Gore | dormer masonry lintel sill
05:09:34 | INFO: Primitives created: 1
05:09:34 | INFO: Extracting primitive: 25 Kensington Gore | dormer recessed glazing
05:09:34 | INFO: Primitives created: 1
05:09:34 | INFO: Extracting primitive: 25 Kensington Gore | dormer sash
05:09:34 | INFO: Primitives created: 1
05:09:34 | INFO: Extracting primitive: 25 Kensington Gore | dressed architraves
05:09:34 | INFO: Primitives created: 1
05:09:34 | INFO: Extracting primitive: 25 Kensington Gore | estimated chimney stacks
05:09:34 | INFO: Primitives created: 1
05:09:34 | INFO: Extracting primitive: 25 Kensington Gore | mansard perimeter
05:09:34 | INFO: Primitives created: 1
05:09:34 | INFO: Extracting primitive: 25 Kensington Gore | pedimented dormer roofs
05:09:34 | INFO: Primitives created: 1
05:09:34 | INFO: Extracting primitive: 25 Kensington Gore | pedimented window hoods
05:09:34 | INFO: Primitives created: 1
05:09:34 | INFO: Extracting primitive: 25 Kensington Gore | pierced stucco envelope
05:09:34 | INFO: Primitives created: 1
05:09:34 | INFO: Extracting primitive: 25 Kensington Gore | porch entablature
05:09:34 | INFO: Primitives created: 1
05:09:34 | INFO: Extracting primitive: 25 Kensington Gore | porch slab
05:09:34 | INFO: Primitives created: 1
05:09:34 | INFO: Extracting primitive: 25 Kensington Gore | portico threshold
05:09:34 | INFO: Primitives created: 1
05:09:34 | INFO: Extracting primitive: 25 Kensington Gore | projecting sills
05:09:34 | INFO: Primitives created: 1
05:09:34 | INFO: Extracting primitive: 25 Kensington Gore | recessed door leaves
05:09:34 | INFO: Primitives created: 1
05:09:34 | INFO: Extracting primitive: 25 Kensington Gore | recessed glazing
05:09:34 | INFO: Primitives created: 1
05:09:34 | INFO: Extracting primitive: 25 Kensington Gore | segmental window hoods
05:09:34 | INFO: Primitives created: 1
05:09:34 | INFO: Extracting primitive: 25 Kensington Gore | slate upper roof
05:09:34 | INFO: Primitives created: 1
05:09:34 | INFO: Extracting primitive: 25 Kensington Gore | turned balcony balusters
05:09:34 | INFO: Primitives created: 1
05:09:34 | INFO: Extracting primitive: finite additional entry support
05:09:34 | INFO: Primitives created: 1
05:09:34 | INFO: Extracting primitive: 29 Exhibition Road | attic frames
05:09:34 | INFO: Primitives created: 1
05:09:34 | INFO: Extracting primitive: 29 Exhibition Road | attic inset glass
05:09:34 | INFO: Primitives created: 1
05:09:34 | INFO: Extracting primitive: 29 Exhibition Road | brass door hardware
05:09:34 | INFO: Primitives created: 1
05:09:34 | INFO: Extracting primitive: 29 Exhibition Road | brick sills
05:09:34 | INFO: Primitives created: 1
05:09:34 | INFO: Extracting primitive: 29 Exhibition Road | chimney corbel caps
05:09:34 | INFO: Primitives created: 1
05:09:34 | INFO: Extracting primitive: 29 Exhibition Road | continuous cut brick cornices
05:09:34 | INFO: Primitives created: 1
05:09:34 | INFO: Extracting primitive: 29 Exhibition Road | continuous roof edge flashing
05:09:34 | INFO: Primitives created: 1
05:09:34 | INFO: Extracting primitive: 29 Exhibition Road | corner brick pilasters
05:09:34 | INFO: Primitives created: 1
05:09:34 | INFO: Extracting primitive: 29 Exhibition Road | cut brick heads
05:09:34 | INFO: Primitives created: 1
05:09:34 | INFO: Extracting primitive: 29 Exhibition Road | door center stile
05:09:34 | INFO: Primitives created: 1
05:09:34 | INFO: Extracting primitive: 29 Exhibition Road | door leaves
05:09:34 | INFO: Primitives created: 1
05:09:34 | INFO: Extracting primitive: 29 Exhibition Road | door transom
05:09:34 | INFO: Primitives created: 1
05:09:34 | INFO: Extracting primitive: 29 Exhibition Road | entrance balcony balusters
05:09:34 | INFO: Primitives created: 1
05:09:34 | INFO: Extracting primitive: 29 Exhibition Road | entrance balcony handrail
05:09:34 | INFO: Primitives created: 1
05:09:34 | INFO: Extracting primitive: 29 Exhibition Road | entrance balcony slab
05:09:34 | INFO: Primitives created: 1
05:09:34 | INFO: Extracting primitive: 29 Exhibition Road | entry threshold
05:09:34 | INFO: Primitives created: 1
05:09:34 | INFO: Extracting primitive: 29 Exhibition Road | exact concave roof deck
05:09:34 | INFO: Primitives created: 1
05:09:34 | INFO: Extracting primitive: 29 Exhibition Road | pierced brick attic gables
05:09:34 | INFO: Primitives created: 1
05:09:34 | INFO: Extracting primitive: 29 Exhibition Road | pierced brick walls
05:09:34 | INFO: Primitives created: 1
05:09:34 | INFO: Extracting primitive: 29 Exhibition Road | radiating brick arch
05:09:34 | INFO: Primitives created: 1
05:09:34 | INFO: Extracting primitive: 29 Exhibition Road | recessed sashes
05:09:34 | INFO: Primitives created: 1
05:09:34 | INFO: Extracting primitive: 29 Exhibition Road | roof ridge tiles
05:09:34 | INFO: Primitives created: 1
05:09:34 | INFO: Extracting primitive: 29 Exhibition Road | segmental arch infill
05:09:34 | INFO: Primitives created: 1
05:09:34 | INFO: Extracting primitive: 29 Exhibition Road | small pane glazing bars
05:09:34 | INFO: Primitives created: 1
05:09:34 | INFO: Extracting primitive: 29 Exhibition Road | split brick pediments
05:09:34 | INFO: Primitives created: 1
05:09:34 | INFO: Extracting primitive: 29 Exhibition Road | steep red tiled roof slopes
05:09:34 | INFO: Primitives created: 1
05:09:34 | INFO: Extracting primitive: 29 Exhibition Road | tall brick chimney shafts
05:09:34 | INFO: Primitives created: 1
05:09:34 | INFO: Extracting primitive: 29 Exhibition Road | terracotta chimney pots
05:09:34 | INFO: Primitives created: 1
05:09:34 | INFO: Extracting primitive: 29 Exhibition Road | timber sash frames
05:09:34 | INFO: Primitives created: 1
05:09:34 | INFO: Extracting primitive: 41–45 Jay Mews | concave roof membrane
05:09:34 | INFO: Primitives created: 1
05:09:34 | INFO: Extracting primitive: 41–45 Jay Mews | door glass fanlight
05:09:34 | INFO: Primitives created: 1
05:09:34 | INFO: Extracting primitive: 41–45 Jay Mews | door handle
05:09:34 | INFO: Primitives created: 1
05:09:34 | INFO: Extracting primitive: 41–45 Jay Mews | door transom
05:09:34 | INFO: Primitives created: 1
05:09:34 | INFO: Extracting primitive: 41–45 Jay Mews | lintels
05:09:34 | INFO: Primitives created: 1
05:09:34 | INFO: Extracting primitive: 41–45 Jay Mews | low parapet
05:09:34 | INFO: Primitives created: 1
05:09:34 | INFO: Extracting primitive: 41–45 Jay Mews | mitred coping
05:09:34 | INFO: Primitives created: 1
05:09:34 | INFO: Extracting primitive: 41–45 Jay Mews | painted joinery
05:09:34 | INFO: Primitives created: 1
05:09:34 | INFO: Extracting primitive: 41–45 Jay Mews | pierced masonry
05:09:34 | INFO: Primitives created: 1
05:09:34 | INFO: Extracting primitive: 41–45 Jay Mews | pipe brackets
05:09:34 | INFO: Primitives created: 1
05:09:34 | INFO: Extracting primitive: 41–45 Jay Mews | plain floor band
05:09:34 | INFO: Primitives created: 1
05:09:34 | INFO: Extracting primitive: 41–45 Jay Mews | projecting sills
05:09:34 | INFO: Primitives created: 1
05:09:34 | INFO: Extracting primitive: 41–45 Jay Mews | rainwater downpipes
05:09:34 | INFO: Primitives created: 1
05:09:34 | INFO: Extracting primitive: 41–45 Jay Mews | recessed door
05:09:34 | INFO: Primitives created: 1
05:09:34 | INFO: Extracting primitive: 41–45 Jay Mews | recessed glazing
05:09:34 | INFO: Primitives created: 1
05:09:34 | INFO: Extracting primitive: 41–45 Jay Mews | simple eaves
05:09:34 | INFO: Primitives created: 1
05:09:34 | INFO: Extracting primitive: 41–45 Jay Mews | threshold
05:09:34 | INFO: Primitives created: 1
05:09:34 | INFO: Extracting primitive: 41–45 Jay Mews | window mullions
05:09:34 | INFO: Primitives created: 1
05:09:34 | INFO: Extracting primitive: 41–45 Jay Mews | window transoms
05:09:34 | INFO: Primitives created: 1
05:09:34 | INFO: Finished glTF 2.0 export in 0.10090494155883789 s

05:09:35 | INFO: Data are loaded, start creating Blender stuff
05:09:35 | INFO: Blender create Mesh node 23 Kensington Gore | architraves
05:09:35 | INFO: Blender create Mesh node 23 Kensington Gore | door central stile
05:09:35 | INFO: Blender create Mesh node 23 Kensington Gore | door fanlight transom
05:09:35 | INFO: Blender create Mesh node 23 Kensington Gore | door hardware
05:09:35 | INFO: Blender create Mesh node 23 Kensington Gore | entry threshold
05:09:35 | INFO: Blender create Mesh node 23 Kensington Gore | estimated shallow hipped roof
05:09:35 | INFO: Blender create Mesh node 23 Kensington Gore | hood mouldings
05:09:35 | INFO: Blender create Mesh node 23 Kensington Gore | joinery
05:09:35 | INFO: Blender create Mesh node 23 Kensington Gore | mapped roof deck
05:09:35 | INFO: Blender create Mesh node 23 Kensington Gore | pierced wall
05:09:35 | INFO: Blender create Mesh node 23 Kensington Gore | recessed doors
05:09:35 | INFO: Blender create Mesh node 23 Kensington Gore | recessed glass
05:09:35 | INFO: Blender create Mesh node 23 Kensington Gore | roof coping
05:09:35 | INFO: Blender create Mesh node 23 Kensington Gore | roof lantern curb
05:09:35 | INFO: Blender create Mesh node 23 Kensington Gore | roof parapet
05:09:35 | INFO: Blender create Mesh node 23 Kensington Gore | sash mullions
05:09:35 | INFO: Blender create Mesh node 23 Kensington Gore | sills
05:09:35 | INFO: Blender create Mesh node 23 Kensington Gore | string courses and cornice
05:09:35 | INFO: Blender create Mesh node 23 Kensington Gore | window guards
05:09:35 | INFO: glTF import finished in 0.07s
/Users/yl222/Desktop/UrbanWorldModelVisualizer/geometry_expansion/scripts/build_batch02.py:108: DeprecationWarning: 'World.use_nodes' is expected to be removed in Blender 6.0
  scene.world.use_nodes=True;scene.world.node_tree.nodes['Background'].inputs[0].default_value=(.65,.72,.8,1)
/Users/yl222/Desktop/UrbanWorldModelVisualizer/geometry_expansion/scripts/build_batch02.py:16: DeprecationWarning: 'Material.use_nodes' is expected to be removed in Blender 6.0
  m=bpy.data.materials.new(spec['name']);m.use_nodes=True
Info: Saved as "master.blend"
05:09:37 | INFO: Data are loaded, start creating Blender stuff
05:09:37 | INFO: Blender create Mesh node 25 Kensington Gore | attic interior ceiling
05:09:37 | INFO: Blender create Mesh node 25 Kensington Gore | balcony handrail
05:09:37 | INFO: Blender create Mesh node 25 Kensington Gore | balcony support slabs
05:09:37 | INFO: Blender create Mesh node 25 Kensington Gore | black sash frames
05:09:37 | INFO: Blender create Mesh node 25 Kensington Gore | chimney caps
05:09:37 | INFO: Blender create Mesh node 25 Kensington Gore | continuous mitred cornices
05:09:37 | INFO: Blender create Mesh node 25 Kensington Gore | corner quoins
05:09:37 | INFO: Blender create Mesh node 25 Kensington Gore | cornice brackets
05:09:37 | INFO: Blender create Mesh node 25 Kensington Gore | coupled Ionic-inspired porch columns
05:09:37 | INFO: Blender create Mesh node 25 Kensington Gore | door head frame
05:09:37 | INFO: Blender create Mesh node 25 Kensington Gore | dormer masonry jambs
05:09:37 | INFO: Blender create Mesh node 25 Kensington Gore | dormer masonry lintel sill
05:09:37 | INFO: Blender create Mesh node 25 Kensington Gore | dormer recessed glazing
05:09:37 | INFO: Blender create Mesh node 25 Kensington Gore | dormer sash
05:09:37 | INFO: Blender create Mesh node 25 Kensington Gore | dressed architraves
05:09:37 | INFO: Blender create Mesh node 25 Kensington Gore | estimated chimney stacks
05:09:37 | INFO: Blender create Mesh node 25 Kensington Gore | mansard perimeter
05:09:37 | INFO: Blender create Mesh node 25 Kensington Gore | pedimented dormer roofs
05:09:37 | INFO: Blender create Mesh node 25 Kensington Gore | pedimented window hoods
05:09:37 | INFO: Blender create Mesh node 25 Kensington Gore | pierced stucco envelope
05:09:37 | INFO: Blender create Mesh node 25 Kensington Gore | porch entablature
05:09:37 | INFO: Blender create Mesh node 25 Kensington Gore | porch slab
05:09:37 | INFO: Blender create Mesh node 25 Kensington Gore | portico threshold
05:09:37 | INFO: Blender create Mesh node 25 Kensington Gore | projecting sills
05:09:37 | INFO: Blender create Mesh node 25 Kensington Gore | recessed door leaves
05:09:37 | INFO: Blender create Mesh node 25 Kensington Gore | recessed glazing
05:09:37 | INFO: Blender create Mesh node 25 Kensington Gore | segmental window hoods
05:09:37 | INFO: Blender create Mesh node 25 Kensington Gore | slate upper roof
05:09:37 | INFO: Blender create Mesh node 25 Kensington Gore | turned balcony balusters
05:09:37 | INFO: Blender create Mesh node finite additional entry support
05:09:37 | INFO: Blender create Mesh node 29 Exhibition Road | attic frames
05:09:37 | INFO: Blender create Mesh node 29 Exhibition Road | attic inset glass
05:09:37 | INFO: Blender create Mesh node 29 Exhibition Road | brass door hardware
05:09:37 | INFO: Blender create Mesh node 29 Exhibition Road | brick sills
05:09:37 | INFO: Blender create Mesh node 29 Exhibition Road | chimney corbel caps
05:09:37 | INFO: Blender create Mesh node 29 Exhibition Road | continuous cut brick cornices
05:09:37 | INFO: Blender create Mesh node 29 Exhibition Road | continuous roof edge flashing
05:09:37 | INFO: Blender create Mesh node 29 Exhibition Road | corner brick pilasters
05:09:37 | INFO: Blender create Mesh node 29 Exhibition Road | cut brick heads
05:09:37 | INFO: Blender create Mesh node 29 Exhibition Road | door center stile
05:09:37 | INFO: Blender create Mesh node 29 Exhibition Road | door leaves
05:09:37 | INFO: Blender create Mesh node 29 Exhibition Road | door transom
05:09:37 | INFO: Blender create Mesh node 29 Exhibition Road | entrance balcony balusters
05:09:37 | INFO: Blender create Mesh node 29 Exhibition Road | entrance balcony handrail
05:09:37 | INFO: Blender create Mesh node 29 Exhibition Road | entrance balcony slab
05:09:37 | INFO: Blender create Mesh node 29 Exhibition Road | entry threshold
05:09:37 | INFO: Blender create Mesh node 29 Exhibition Road | exact concave roof deck
05:09:37 | INFO: Blender create Mesh node 29 Exhibition Road | pierced brick attic gables
05:09:37 | INFO: Blender create Mesh node 29 Exhibition Road | pierced brick walls
05:09:37 | INFO: Blender create Mesh node 29 Exhibition Road | radiating brick arch
05:09:37 | INFO: Blender create Mesh node 29 Exhibition Road | recessed sashes
05:09:37 | INFO: Blender create Mesh node 29 Exhibition Road | roof ridge tiles
05:09:37 | INFO: Blender create Mesh node 29 Exhibition Road | segmental arch infill
05:09:37 | INFO: Blender create Mesh node 29 Exhibition Road | small pane glazing bars
05:09:37 | INFO: Blender create Mesh node 29 Exhibition Road | split brick pediments
05:09:37 | INFO: Blender create Mesh node 29 Exhibition Road | steep red tiled roof slopes
05:09:37 | INFO: Blender create Mesh node 29 Exhibition Road | tall brick chimney shafts
05:09:37 | INFO: Blender create Mesh node 29 Exhibition Road | terracotta chimney pots
05:09:37 | INFO: Blender create Mesh node 29 Exhibition Road | timber sash frames
05:09:37 | INFO: Blender create Mesh node 41–45 Jay Mews | concave roof membrane
05:09:37 | INFO: Blender create Mesh node 41–45 Jay Mews | door glass fanlight
05:09:37 | INFO: Blender create Mesh node 41–45 Jay Mews | door handle
05:09:37 | INFO: Blender create Mesh node 41–45 Jay Mews | door transom
05:09:37 | INFO: Blender create Mesh node 41–45 Jay Mews | lintels
05:09:37 | INFO: Blender create Mesh node 41–45 Jay Mews | low parapet
05:09:37 | INFO: Blender create Mesh node 41–45 Jay Mews | mitred coping
05:09:37 | INFO: Blender create Mesh node 41–45 Jay Mews | painted joinery
05:09:37 | INFO: Blender create Mesh node 41–45 Jay Mews | pierced masonry
05:09:37 | INFO: Blender create Mesh node 41–45 Jay Mews | pipe brackets
05:09:37 | INFO: Blender create Mesh node 41–45 Jay Mews | plain floor band
05:09:37 | INFO: Blender create Mesh node 41–45 Jay Mews | projecting sills
05:09:37 | INFO: Blender create Mesh node 41–45 Jay Mews | rainwater downpipes
05:09:37 | INFO: Blender create Mesh node 41–45 Jay Mews | recessed door
05:09:37 | INFO: Blender create Mesh node 41–45 Jay Mews | recessed glazing
05:09:37 | INFO: Blender create Mesh node 41–45 Jay Mews | simple eaves
05:09:37 | INFO: Blender create Mesh node 41–45 Jay Mews | threshold
05:09:37 | INFO: Blender create Mesh node 41–45 Jay Mews | window mullions
05:09:37 | INFO: Blender create Mesh node 41–45 Jay Mews | window transoms
05:09:37 | INFO: glTF import finished in 0.16s
00:05.014  blend            | Read blend: "/Users/yl222/Desktop/UrbanWorldModelVisualizer/geometry_expansion/output/batch02_v1/master.blend"
00:08.736  render           | Saved: '/Users/yl222/Desktop/UrbanWorldModelVisualizer/geometry_expansion/output/batch02_v1/exhibition_road_29_front.png'
00:12.380  render           | Saved: '/Users/yl222/Desktop/UrbanWorldModelVisualizer/geometry_expansion/output/batch02_v1/exhibition_road_29_entrance.png'
00:15.726  render           | Saved: '/Users/yl222/Desktop/UrbanWorldModelVisualizer/geometry_expansion/output/batch02_v1/exhibition_road_29_roof.png'
00:19.179  render           | Saved: '/Users/yl222/Desktop/UrbanWorldModelVisualizer/geometry_expansion/output/batch02_v1/exhibition_road_29_rear.png'
00:23.381  render           | Saved: '/Users/yl222/Desktop/UrbanWorldModelVisualizer/geometry_expansion/output/batch02_v1/exhibition_road_29_context.png'
00:26.303  render           | Saved: '/Users/yl222/Desktop/UrbanWorldModelVisualizer/geometry_expansion/output/batch02_v1/jay_mews_41_45_front.png'
00:30.186  render           | Saved: '/Users/yl222/Desktop/UrbanWorldModelVisualizer/geometry_expansion/output/batch02_v1/jay_mews_41_45_entrance.png'
00:33.195  render           | Saved: '/Users/yl222/Desktop/UrbanWorldModelVisualizer/geometry_expansion/output/batch02_v1/jay_mews_41_45_roof.png'
00:36.125  render           | Saved: '/Users/yl222/Desktop/UrbanWorldModelVisualizer/geometry_expansion/output/batch02_v1/jay_mews_41_45_rear.png'
00:41.100  render           | Saved: '/Users/yl222/Desktop/UrbanWorldModelVisualizer/geometry_expansion/output/batch02_v1/jay_mews_41_45_context.png'
00:44.746  render           | Saved: '/Users/yl222/Desktop/UrbanWorldModelVisualizer/geometry_expansion/output/batch02_v1/kensington_gore_25_front.png'
00:49.824  render           | Saved: '/Users/yl222/Desktop/UrbanWorldModelVisualizer/geometry_expansion/output/batch02_v1/kensington_gore_25_entrance.png'
00:53.382  render           | Saved: '/Users/yl222/Desktop/UrbanWorldModelVisualizer/geometry_expansion/output/batch02_v1/kensington_gore_25_roof.png'
00:56.886  render           | Saved: '/Users/yl222/Desktop/UrbanWorldModelVisualizer/geometry_expansion/output/batch02_v1/kensington_gore_25_rear.png'
01:01.092  render           | Saved: '/Users/yl222/Desktop/UrbanWorldModelVisualizer/geometry_expansion/output/batch02_v1/kensington_gore_25_context.png'
01:04.479  render           | Saved: '/Users/yl222/Desktop/UrbanWorldModelVisualizer/geometry_expansion/output/batch02_v1/overview.png'
{"objects": 78, "triangles": 69587, "roundtrip_bounds_max_error_m": 0, "numerical_pass": true}
Blender 5.2.0 LTS (hash fbe6228777e7 built 2026-07-14 01:31:22)

Blender quit
