/Users/yl222/Desktop/UrbanWorldModelVisualizer/geometry_expansion/scripts/build_expansion_batch.py:28: DeprecationWarning: 'Material.use_nodes' is expected to be removed in Blender 6.0
  m=bpy.data.materials.new(spec['name']);m.use_nodes=True
INFO Draco is available, use library at /Applications/Blender.app/Contents/Resources/5.2/scripts/addons_core/io_scene_gltf2/libbf_intern_draco_bridge.dylib
INFO MeshOptimizer is available, use library at /Applications/Blender.app/Contents/Resources/5.2/scripts/addons_core/io_scene_gltf2/libbf_intern_meshopt_bridge.dylib
10:58:55 | INFO: Starting glTF 2.0 export
10:58:55 | INFO: Extracting primitive: Albert Close 642055721 | complete concave roof deck
10:58:55 | INFO: Primitives created: 1
10:58:55 | INFO: Extracting primitive: Albert Close 642055721 | door central stile
10:58:55 | INFO: Primitives created: 1
10:58:55 | INFO: Extracting primitive: Albert Close 642055721 | door hardware
10:58:55 | INFO: Primitives created: 1
10:58:55 | INFO: Extracting primitive: Albert Close 642055721 | entrance leaves
10:58:55 | INFO: Primitives created: 1
10:58:55 | INFO: Extracting primitive: Albert Close 642055721 | entry transom
10:58:55 | INFO: Primitives created: 1
10:58:55 | INFO: Extracting primitive: Albert Close 642055721 | flush threshold
10:58:55 | INFO: Primitives created: 1
10:58:55 | INFO: Extracting primitive: Albert Close 642055721 | painted sash frames
10:58:55 | INFO: Primitives created: 1
10:58:55 | INFO: Extracting primitive: Albert Close 642055721 | pierced red brick facades
10:58:55 | INFO: Primitives created: 1
10:58:55 | INFO: Extracting primitive: Albert Close 642055721 | plain brick plinth
10:58:55 | INFO: Primitives created: 1
10:58:55 | INFO: Extracting primitive: Albert Close 642055721 | plain eaves and floor course
10:58:55 | INFO: Primitives created: 1
10:58:55 | INFO: Extracting primitive: Albert Close 642055721 | plain sash mullions
10:58:55 | INFO: Primitives created: 1
10:58:55 | INFO: Extracting primitive: Albert Close 642055721 | plain sash transoms
10:58:55 | INFO: Primitives created: 1
10:58:55 | INFO: Extracting primitive: Albert Close 642055721 | recessed rear wing windows
10:58:55 | INFO: Primitives created: 1
10:58:55 | INFO: Extracting primitive: Albert Close 642055721 | red brick roof parapet
10:58:55 | INFO: Primitives created: 1
10:58:55 | INFO: Extracting primitive: Albert Close 642055721 | stone entrance entablature
10:58:55 | INFO: Primitives created: 1
10:58:55 | INFO: Extracting primitive: Albert Close 642055721 | stone entrance jambs
10:58:55 | INFO: Primitives created: 1
10:58:55 | INFO: Extracting primitive: Albert Close 642055721 | stone parapet coping
10:58:55 | INFO: Primitives created: 1
10:58:55 | INFO: Extracting primitive: Albert Close 642055721 | stone window sills
10:58:55 | INFO: Primitives created: 1
10:58:55 | INFO: Extracting primitive: Albert Close 642055721 | subtle brick headers
10:58:55 | INFO: Primitives created: 1
10:58:55 | INFO: Extracting primitive: Albert Close 642055722 | brick header lintels
10:58:55 | INFO: Primitives created: 1
10:58:55 | INFO: Extracting primitive: Albert Close 642055722 | complete mapped roof membrane
10:58:55 | INFO: Primitives created: 1
10:58:55 | INFO: Extracting primitive: Albert Close 642055722 | door glass fanlight
10:58:55 | INFO: Primitives created: 1
10:58:55 | INFO: Extracting primitive: Albert Close 642055722 | door handle
10:58:55 | INFO: Primitives created: 1
10:58:55 | INFO: Extracting primitive: Albert Close 642055722 | door transom
10:58:55 | INFO: Primitives created: 1
10:58:55 | INFO: Extracting primitive: Albert Close 642055722 | estimated internal shed roof curb
10:58:55 | INFO: Primitives created: 1
10:58:55 | INFO: Extracting primitive: Albert Close 642055722 | estimated shallow shed roof
10:58:55 | INFO: Primitives created: 1
10:58:55 | INFO: Extracting primitive: Albert Close 642055722 | flush floor course
10:58:55 | INFO: Primitives created: 1
10:58:55 | INFO: Extracting primitive: Albert Close 642055722 | inward eaves
10:58:55 | INFO: Primitives created: 1
10:58:55 | INFO: Extracting primitive: Albert Close 642055722 | low parapet
10:58:55 | INFO: Primitives created: 1
10:58:55 | INFO: Extracting primitive: Albert Close 642055722 | mitred coping
10:58:55 | INFO: Primitives created: 1
10:58:55 | INFO: Extracting primitive: Albert Close 642055722 | painted joinery
10:58:55 | INFO: Primitives created: 1
10:58:55 | INFO: Extracting primitive: Albert Close 642055722 | pierced masonry
10:58:55 | INFO: Primitives created: 1
10:58:55 | INFO: Extracting primitive: Albert Close 642055722 | pipe brackets
10:58:55 | INFO: Primitives created: 1
10:58:55 | INFO: Extracting primitive: Albert Close 642055722 | projecting sills
10:58:55 | INFO: Primitives created: 1
10:58:55 | INFO: Extracting primitive: Albert Close 642055722 | rainwater downpipes
10:58:55 | INFO: Primitives created: 1
10:58:55 | INFO: Extracting primitive: Albert Close 642055722 | recessed door
10:58:55 | INFO: Primitives created: 1
10:58:55 | INFO: Extracting primitive: Albert Close 642055722 | recessed glazing
10:58:55 | INFO: Primitives created: 1
10:58:55 | INFO: Extracting primitive: Albert Close 642055722 | slim pale lintel accent
10:58:55 | INFO: Primitives created: 1
10:58:55 | INFO: Extracting primitive: Albert Close 642055722 | threshold
10:58:55 | INFO: Primitives created: 1
10:58:55 | INFO: Extracting primitive: Albert Close 642055722 | upper sash meeting rail
10:58:55 | INFO: Primitives created: 1
10:58:55 | INFO: Extracting primitive: Albert Close 642055722 | window mullions
10:58:55 | INFO: Primitives created: 1
10:58:55 | INFO: Extracting primitive: Albert Close 642055722 | window transoms
10:58:55 | INFO: Primitives created: 1
10:58:55 | INFO: Extracting primitive: Mews outbuilding1154608369 | closed bottom slab
10:58:55 | INFO: Primitives created: 1
10:58:55 | INFO: Extracting primitive: Mews outbuilding1154608369 | complete thin roof slab
10:58:55 | INFO: Primitives created: 1
10:58:55 | INFO: Extracting primitive: Mews outbuilding1154608369 | continuous closed masonry perimeter
10:58:55 | INFO: Primitives created: 1
10:58:55 | INFO: Extracting primitive: Mews outbuilding1154608369 | corner boundary strips
10:58:55 | INFO: Primitives created: 1
10:58:55 | INFO: Extracting primitive: Mews outbuilding1154608369 | inset masonry base trim
10:58:55 | INFO: Primitives created: 1
10:58:55 | INFO: Extracting primitive: Mews outbuilding1154608369 | low roof weather upstand
10:58:55 | INFO: Primitives created: 1
10:58:55 | INFO: Extracting primitive: Mews outbuilding1154608369 | mitred coping
10:58:55 | INFO: Primitives created: 1
10:58:55 | INFO: Extracting primitive: Mews outbuilding1154608369 | simple inward eaves fascia
10:58:55 | INFO: Primitives created: 1
10:58:55 | INFO: Finished glTF 2.0 export in 0.04640007019042969 s

10:58:59 | INFO: Data are loaded, start creating Blender stuff
10:58:59 | INFO: Blender create Mesh node 23 Kensington Gore | architraves
10:58:59 | INFO: Blender create Mesh node 23 Kensington Gore | door central stile
10:58:59 | INFO: Blender create Mesh node 23 Kensington Gore | door fanlight transom
10:58:59 | INFO: Blender create Mesh node 23 Kensington Gore | door hardware
10:58:59 | INFO: Blender create Mesh node 23 Kensington Gore | entry threshold
10:58:59 | INFO: Blender create Mesh node 23 Kensington Gore | estimated shallow hipped roof
10:58:59 | INFO: Blender create Mesh node 23 Kensington Gore | hood mouldings
10:58:59 | INFO: Blender create Mesh node 23 Kensington Gore | joinery
10:58:59 | INFO: Blender create Mesh node 23 Kensington Gore | mapped roof deck
10:58:59 | INFO: Blender create Mesh node 23 Kensington Gore | pierced wall
10:58:59 | INFO: Blender create Mesh node 23 Kensington Gore | recessed doors
10:58:59 | INFO: Blender create Mesh node 23 Kensington Gore | recessed glass
10:58:59 | INFO: Blender create Mesh node 23 Kensington Gore | roof coping
10:58:59 | INFO: Blender create Mesh node 23 Kensington Gore | roof lantern curb
10:58:59 | INFO: Blender create Mesh node 23 Kensington Gore | roof parapet
10:58:59 | INFO: Blender create Mesh node 23 Kensington Gore | sash mullions
10:58:59 | INFO: Blender create Mesh node 23 Kensington Gore | sills
10:58:59 | INFO: Blender create Mesh node 23 Kensington Gore | string courses and cornice
10:58:59 | INFO: Blender create Mesh node 23 Kensington Gore | window guards
10:58:59 | INFO: glTF import finished in 0.06s
10:58:59 | INFO: Data are loaded, start creating Blender stuff
10:58:59 | INFO: Blender create Mesh node 25 Kensington Gore | attic interior ceiling
10:59:00 | INFO: Blender create Mesh node 25 Kensington Gore | balcony handrail
10:59:00 | INFO: Blender create Mesh node 25 Kensington Gore | balcony support slabs
10:59:00 | INFO: Blender create Mesh node 25 Kensington Gore | black sash frames
10:59:00 | INFO: Blender create Mesh node 25 Kensington Gore | chimney caps
10:59:00 | INFO: Blender create Mesh node 25 Kensington Gore | continuous mitred cornices
10:59:00 | INFO: Blender create Mesh node 25 Kensington Gore | corner quoins
10:59:00 | INFO: Blender create Mesh node 25 Kensington Gore | cornice brackets
10:59:00 | INFO: Blender create Mesh node 25 Kensington Gore | coupled Ionic-inspired porch columns
10:59:00 | INFO: Blender create Mesh node 25 Kensington Gore | door head frame
10:59:00 | INFO: Blender create Mesh node 25 Kensington Gore | dormer masonry jambs
10:59:00 | INFO: Blender create Mesh node 25 Kensington Gore | dormer masonry lintel sill
10:59:00 | INFO: Blender create Mesh node 25 Kensington Gore | dormer recessed glazing
10:59:00 | INFO: Blender create Mesh node 25 Kensington Gore | dormer sash
10:59:00 | INFO: Blender create Mesh node 25 Kensington Gore | dressed architraves
10:59:00 | INFO: Blender create Mesh node 25 Kensington Gore | estimated chimney stacks
10:59:00 | INFO: Blender create Mesh node 25 Kensington Gore | mansard perimeter
10:59:00 | INFO: Blender create Mesh node 25 Kensington Gore | pedimented dormer roofs
10:59:00 | INFO: Blender create Mesh node 25 Kensington Gore | pedimented window hoods
10:59:00 | INFO: Blender create Mesh node 25 Kensington Gore | pierced stucco envelope
10:59:00 | INFO: Blender create Mesh node 25 Kensington Gore | porch entablature
10:59:00 | INFO: Blender create Mesh node 25 Kensington Gore | porch slab
10:59:00 | INFO: Blender create Mesh node 25 Kensington Gore | portico threshold
10:59:00 | INFO: Blender create Mesh node 25 Kensington Gore | projecting sills
10:59:00 | INFO: Blender create Mesh node 25 Kensington Gore | recessed door leaves
10:59:00 | INFO: Blender create Mesh node 25 Kensington Gore | recessed glazing
10:59:00 | INFO: Blender create Mesh node 25 Kensington Gore | segmental window hoods
10:59:00 | INFO: Blender create Mesh node 25 Kensington Gore | slate upper roof
10:59:00 | INFO: Blender create Mesh node 25 Kensington Gore | turned balcony balusters
10:59:00 | INFO: Blender create Mesh node 41–45 Jay Mews | concave roof membrane
10:59:00 | INFO: Blender create Mesh node 41–45 Jay Mews | door glass fanlight
10:59:00 | INFO: Blender create Mesh node 41–45 Jay Mews | door handle
10:59:00 | INFO: Blender create Mesh node 41–45 Jay Mews | door transom
10:59:00 | INFO: Blender create Mesh node 41–45 Jay Mews | lintels
10:59:00 | INFO: Blender create Mesh node 41–45 Jay Mews | low parapet
10:59:00 | INFO: Blender create Mesh node 41–45 Jay Mews | mitred coping
10:59:00 | INFO: Blender create Mesh node 41–45 Jay Mews | painted joinery
10:59:00 | INFO: Blender create Mesh node 41–45 Jay Mews | pierced masonry
10:59:00 | INFO: Blender create Mesh node 41–45 Jay Mews | pipe brackets
10:59:00 | INFO: Blender create Mesh node 41–45 Jay Mews | plain floor band
10:59:00 | INFO: Blender create Mesh node 41–45 Jay Mews | projecting sills
10:59:00 | INFO: Blender create Mesh node 41–45 Jay Mews | rainwater downpipes
10:59:00 | INFO: Blender create Mesh node 41–45 Jay Mews | recessed door
10:59:00 | INFO: Blender create Mesh node 41–45 Jay Mews | recessed glazing
10:59:00 | INFO: Blender create Mesh node 41–45 Jay Mews | simple eaves
10:59:00 | INFO: Blender create Mesh node 41–45 Jay Mews | threshold
10:59:00 | INFO: Blender create Mesh node 41–45 Jay Mews | window mullions
10:59:00 | INFO: Blender create Mesh node 41–45 Jay Mews | window transoms
10:59:00 | INFO: glTF import finished in 0.17s
10:59:00 | INFO: Data are loaded, start creating Blender stuff
10:59:00 | INFO: Blender create Mesh node 29 Exhibition Road | brass door hardware.001
10:59:00 | INFO: Blender create Mesh node 29 Exhibition Road | brick sills.001
10:59:00 | INFO: Blender create Mesh node 29 Exhibition Road | continuous cut brick cornices.001
10:59:00 | INFO: Blender create Mesh node 29 Exhibition Road | continuous roof edge flashing.001
10:59:00 | INFO: Blender create Mesh node 29 Exhibition Road | corner brick pilasters.001
10:59:00 | INFO: Blender create Mesh node 29 Exhibition Road | cut brick heads.001
10:59:00 | INFO: Blender create Mesh node 29 Exhibition Road | door center stile.001
10:59:00 | INFO: Blender create Mesh node 29 Exhibition Road | door leaves.001
10:59:00 | INFO: Blender create Mesh node 29 Exhibition Road | door transom.001
10:59:00 | INFO: Blender create Mesh node 29 Exhibition Road | entrance balcony balusters.001
10:59:00 | INFO: Blender create Mesh node 29 Exhibition Road | entrance balcony handrail.001
10:59:00 | INFO: Blender create Mesh node 29 Exhibition Road | entrance balcony slab.001
10:59:00 | INFO: Blender create Mesh node 29 Exhibition Road | entry threshold.001
10:59:00 | INFO: Blender create Mesh node 29 Exhibition Road | estimated northern hipped roof
10:59:00 | INFO: Blender create Mesh node 29 Exhibition Road | exact concave roof deck.001
10:59:00 | INFO: Blender create Mesh node 29 Exhibition Road | pierced brick walls.001
10:59:00 | INFO: Blender create Mesh node 29 Exhibition Road | radiating brick arch.001
10:59:00 | INFO: Blender create Mesh node 29 Exhibition Road | rear chimney cap
10:59:00 | INFO: Blender create Mesh node 29 Exhibition Road | rear chimney stack
10:59:00 | INFO: Blender create Mesh node 29 Exhibition Road | recessed sashes.001
10:59:00 | INFO: Blender create Mesh node 29 Exhibition Road | segmental arch infill.001
10:59:00 | INFO: Blender create Mesh node 29 Exhibition Road | small pane glazing bars.001
10:59:00 | INFO: Blender create Mesh node 29 Exhibition Road | split brick pediments.001
10:59:00 | INFO: Blender create Mesh node 29 Exhibition Road | timber sash frames.001
10:59:00 | INFO: Blender create Mesh node 84 Kensington Gore | complete mapped roof base cap
10:59:00 | INFO: Blender create Mesh node 84 Kensington Gore | door glass fanlight
10:59:00 | INFO: Blender create Mesh node 84 Kensington Gore | door handle
10:59:00 | INFO: Blender create Mesh node 84 Kensington Gore | door transom
10:59:00 | INFO: Blender create Mesh node 84 Kensington Gore | fine sash bars
10:59:00 | INFO: Blender create Mesh node 84 Kensington Gore | flush storey trim
10:59:00 | INFO: Blender create Mesh node 84 Kensington Gore | four asymmetric saltbox roof slopes
10:59:00 | INFO: Blender create Mesh node 84 Kensington Gore | inward eaves fascia
10:59:00 | INFO: Blender create Mesh node 84 Kensington Gore | painted joinery
10:59:00 | INFO: Blender create Mesh node 84 Kensington Gore | pierced masonry
10:59:00 | INFO: Blender create Mesh node 84 Kensington Gore | pipe brackets
10:59:00 | INFO: Blender create Mesh node 84 Kensington Gore | projecting sills
10:59:00 | INFO: Blender create Mesh node 84 Kensington Gore | rainwater downpipes
10:59:00 | INFO: Blender create Mesh node 84 Kensington Gore | recessed door
10:59:00 | INFO: Blender create Mesh node 84 Kensington Gore | recessed glazing
10:59:00 | INFO: Blender create Mesh node 84 Kensington Gore | saltbox perimeter infill
10:59:00 | INFO: Blender create Mesh node 84 Kensington Gore | segmental brick arch heads
10:59:00 | INFO: Blender create Mesh node 84 Kensington Gore | threshold
10:59:00 | INFO: Blender create Mesh node 84 Kensington Gore | window mullions
10:59:00 | INFO: Blender create Mesh node 84 Kensington Gore | window transoms
10:59:00 | INFO: Blender create Mesh node Jamaican High Commission | attic sash frames
10:59:00 | INFO: Blender create Mesh node Jamaican High Commission | attic sash glazing
10:59:00 | INFO: Blender create Mesh node Jamaican High Commission | baluster necks
10:59:00 | INFO: Blender create Mesh node Jamaican High Commission | balustrade top rail
10:59:00 | INFO: Blender create Mesh node Jamaican High Commission | brass door hardware
10:59:00 | INFO: Blender create Mesh node Jamaican High Commission | brick sills
10:59:00 | INFO: Blender create Mesh node Jamaican High Commission | central balcony slab
10:59:00 | INFO: Blender create Mesh node Jamaican High Commission | central dormer back panels
10:59:00 | INFO: Blender create Mesh node Jamaican High Commission | central dormer glazing
10:59:00 | INFO: Blender create Mesh node Jamaican High Commission | central dormer joinery
10:59:00 | INFO: Blender create Mesh node Jamaican High Commission | central dormer lintels
10:59:00 | INFO: Blender create Mesh node Jamaican High Commission | central dormer side jambs
10:59:00 | INFO: Blender create Mesh node Jamaican High Commission | central linking roof
10:59:00 | INFO: Blender create Mesh node Jamaican High Commission | central stone balustrade
10:59:00 | INFO: Blender create Mesh node Jamaican High Commission | chimney corbel caps
10:59:00 | INFO: Blender create Mesh node Jamaican High Commission | chimney pots
10:59:00 | INFO: Blender create Mesh node Jamaican High Commission | continuous cut brick cornices
10:59:00 | INFO: Blender create Mesh node Jamaican High Commission | continuous roof edge flashing
10:59:00 | INFO: Blender create Mesh node Jamaican High Commission | corner brick pilasters
10:59:00 | INFO: Blender create Mesh node Jamaican High Commission | cut brick heads
10:59:00 | INFO: Blender create Mesh node Jamaican High Commission | door center stile
10:59:00 | INFO: Blender create Mesh node Jamaican High Commission | door leaves
10:59:00 | INFO: Blender create Mesh node Jamaican High Commission | door transom
10:59:00 | INFO: Blender create Mesh node Jamaican High Commission | entry threshold
10:59:00 | INFO: Blender create Mesh node Jamaican High Commission | exact concave roof deck
10:59:00 | INFO: Blender create Mesh node Jamaican High Commission | finite portico supporting slab
10:59:00 | INFO: Blender create Mesh node Jamaican High Commission | paired steep red tiled roofs
10:59:00 | INFO: Blender create Mesh node Jamaican High Commission | pierced brick walls
10:59:00 | INFO: Blender create Mesh node Jamaican High Commission | pierced triangular attic gables
10:59:00 | INFO: Blender create Mesh node Jamaican High Commission | portico arch spandrels
10:59:00 | INFO: Blender create Mesh node Jamaican High Commission | portico brick piers
10:59:00 | INFO: Blender create Mesh node Jamaican High Commission | portico pier capitals
10:59:00 | INFO: Blender create Mesh node Jamaican High Commission | radiating brick arch
10:59:00 | INFO: Blender create Mesh node Jamaican High Commission | recessed sashes
10:59:00 | INFO: Blender create Mesh node Jamaican High Commission | roof ridge tiles
10:59:00 | INFO: Blender create Mesh node Jamaican High Commission | segmental arch infill
10:59:00 | INFO: Blender create Mesh node Jamaican High Commission | small pane glazing bars
10:59:00 | INFO: Blender create Mesh node Jamaican High Commission | split brick pediments
10:59:00 | INFO: Blender create Mesh node Jamaican High Commission | tall chimney stacks
10:59:00 | INFO: Blender create Mesh node Jamaican High Commission | timber sash frames
10:59:00 | INFO: Blender create Mesh node Jamaican High Commission | twin portico brick arches
10:59:00 | INFO: Blender create Mesh node Jay Mews 117010283 | concave roof membrane
10:59:00 | INFO: Blender create Mesh node Jay Mews 117010283 | door glass fanlight
10:59:00 | INFO: Blender create Mesh node Jay Mews 117010283 | door handle
10:59:00 | INFO: Blender create Mesh node Jay Mews 117010283 | door transom
10:59:00 | INFO: Blender create Mesh node Jay Mews 117010283 | fine sash bars
10:59:00 | INFO: Blender create Mesh node Jay Mews 117010283 | lintels
10:59:00 | INFO: Blender create Mesh node Jay Mews 117010283 | low parapet
10:59:00 | INFO: Blender create Mesh node Jay Mews 117010283 | mitred coping
10:59:00 | INFO: Blender create Mesh node Jay Mews 117010283 | painted joinery
10:59:00 | INFO: Blender create Mesh node Jay Mews 117010283 | pierced masonry
10:59:00 | INFO: Blender create Mesh node Jay Mews 117010283 | pipe brackets
10:59:00 | INFO: Blender create Mesh node Jay Mews 117010283 | projecting sills
10:59:00 | INFO: Blender create Mesh node Jay Mews 117010283 | projecting storey ledge
10:59:00 | INFO: Blender create Mesh node Jay Mews 117010283 | rainwater downpipes
10:59:00 | INFO: Blender create Mesh node Jay Mews 117010283 | recessed door
10:59:00 | INFO: Blender create Mesh node Jay Mews 117010283 | recessed glazing
10:59:00 | INFO: Blender create Mesh node Jay Mews 117010283 | simple eaves
10:59:00 | INFO: Blender create Mesh node Jay Mews 117010283 | threshold
10:59:00 | INFO: Blender create Mesh node Jay Mews 117010283 | window mullions
10:59:00 | INFO: Blender create Mesh node Jay Mews 117010283 | window transoms
10:59:00 | INFO: glTF import finished in 0.19s
10:59:00 | INFO: Data are loaded, start creating Blender stuff
10:59:00 | INFO: Blender create Mesh node Albert Close 642055723 | complete concave roof membrane
10:59:00 | INFO: Blender create Mesh node Albert Close 642055723 | door glass fanlight
10:59:00 | INFO: Blender create Mesh node Albert Close 642055723 | door handle
10:59:00 | INFO: Blender create Mesh node Albert Close 642055723 | door transom
10:59:00 | INFO: Blender create Mesh node Albert Close 642055723 | estimated hip roof curb
10:59:00 | INFO: Blender create Mesh node Albert Close 642055723 | estimated shallow hip roof
10:59:00 | INFO: Blender create Mesh node Albert Close 642055723 | flush floor course
10:59:00 | INFO: Blender create Mesh node Albert Close 642055723 | inward eaves
10:59:00 | INFO: Blender create Mesh node Albert Close 642055723 | lintels
10:59:00 | INFO: Blender create Mesh node Albert Close 642055723 | low parapet
10:59:00 | INFO: Blender create Mesh node Albert Close 642055723 | mitred coping
10:59:00 | INFO: Blender create Mesh node Albert Close 642055723 | painted joinery
10:59:00 | INFO: Blender create Mesh node Albert Close 642055723 | pierced masonry
10:59:00 | INFO: Blender create Mesh node Albert Close 642055723 | pipe brackets
10:59:00 | INFO: Blender create Mesh node Albert Close 642055723 | projecting sills
10:59:00 | INFO: Blender create Mesh node Albert Close 642055723 | rainwater downpipes
10:59:00 | INFO: Blender create Mesh node Albert Close 642055723 | recessed door
10:59:00 | INFO: Blender create Mesh node Albert Close 642055723 | recessed glazing
10:59:00 | INFO: Blender create Mesh node Albert Close 642055723 | threshold
10:59:00 | INFO: Blender create Mesh node Albert Close 642055723 | upper sash meeting rail
10:59:00 | INFO: Blender create Mesh node Albert Close 642055723 | window mullions
10:59:00 | INFO: Blender create Mesh node Albert Close 642055723 | window transoms
10:59:00 | INFO: Blender create Mesh node Jay Mews 117010293 | concave roof membrane
10:59:00 | INFO: Blender create Mesh node Jay Mews 117010293 | door glass fanlight
10:59:00 | INFO: Blender create Mesh node Jay Mews 117010293 | door handle
10:59:00 | INFO: Blender create Mesh node Jay Mews 117010293 | door transom
10:59:00 | INFO: Blender create Mesh node Jay Mews 117010293 | flush floor course
10:59:00 | INFO: Blender create Mesh node Jay Mews 117010293 | inward eaves
10:59:00 | INFO: Blender create Mesh node Jay Mews 117010293 | lintels
10:59:00 | INFO: Blender create Mesh node Jay Mews 117010293 | low parapet
10:59:00 | INFO: Blender create Mesh node Jay Mews 117010293 | mitred coping
10:59:00 | INFO: Blender create Mesh node Jay Mews 117010293 | painted joinery
10:59:00 | INFO: Blender create Mesh node Jay Mews 117010293 | pierced masonry
10:59:00 | INFO: Blender create Mesh node Jay Mews 117010293 | pierced masonry.001
10:59:00 | INFO: Blender create Mesh node Jay Mews 117010293 | pipe brackets
10:59:00 | INFO: Blender create Mesh node Jay Mews 117010293 | projecting sills
10:59:00 | INFO: Blender create Mesh node Jay Mews 117010293 | rainwater downpipes
10:59:00 | INFO: Blender create Mesh node Jay Mews 117010293 | recessed door
10:59:00 | INFO: Blender create Mesh node Jay Mews 117010293 | recessed glazing
10:59:00 | INFO: Blender create Mesh node Jay Mews 117010293 | threshold
10:59:00 | INFO: Blender create Mesh node Jay Mews 117010293 | upper sash meeting rail
10:59:00 | INFO: Blender create Mesh node Jay Mews 117010293 | window mullions
10:59:00 | INFO: Blender create Mesh node Jay Mews 117010293 | window transoms
10:59:00 | INFO: Blender create Mesh node Princes Gate Court | complete concave roof deck
10:59:00 | INFO: Blender create Mesh node Princes Gate Court | courtyard stone vertical bays
10:59:00 | INFO: Blender create Mesh node Princes Gate Court | door central stile
10:59:00 | INFO: Blender create Mesh node Princes Gate Court | door hardware
10:59:00 | INFO: Blender create Mesh node Princes Gate Court | dormer cap
10:59:00 | INFO: Blender create Mesh node Princes Gate Court | dormer front sill
10:59:00 | INFO: Blender create Mesh node Princes Gate Court | dormer rear closure
10:59:00 | INFO: Blender create Mesh node Princes Gate Court | entrance leaves
10:59:00 | INFO: Blender create Mesh node Princes Gate Court | entry transom
10:59:00 | INFO: Blender create Mesh node Princes Gate Court | flush threshold
10:59:00 | INFO: Blender create Mesh node Princes Gate Court | inset sloping roof ranges
10:59:00 | INFO: Blender create Mesh node Princes Gate Court | pale stone plinth
10:59:00 | INFO: Blender create Mesh node Princes Gate Court | pierced red brick facades
10:59:00 | INFO: Blender create Mesh node Princes Gate Court | recessed courtyard sashes
10:59:00 | INFO: Blender create Mesh node Princes Gate Court | recessed dormer glass
10:59:00 | INFO: Blender create Mesh node Princes Gate Court | red brick roof parapet
10:59:00 | INFO: Blender create Mesh node Princes Gate Court | small pane glazing bars
10:59:00 | INFO: Blender create Mesh node Princes Gate Court | stone entrance entablature
10:59:00 | INFO: Blender create Mesh node Princes Gate Court | stone entrance jambs
10:59:00 | INFO: Blender create Mesh node Princes Gate Court | stone parapet coping
10:59:00 | INFO: Blender create Mesh node Princes Gate Court | stone window sills
10:59:00 | INFO: Blender create Mesh node Princes Gate Court | subtle brick headers
10:59:00 | INFO: Blender create Mesh node Princes Gate Court | upper stone string courses
10:59:00 | INFO: Blender create Mesh node Princes Gate Court | white dormer cheek walls
10:59:00 | INFO: Blender create Mesh node Princes Gate Court | white dormer joinery
10:59:00 | INFO: Blender create Mesh node Princes Gate Court | white sash frames
10:59:00 | INFO: glTF import finished in 0.27s
/Users/yl222/Desktop/UrbanWorldModelVisualizer/geometry_expansion/scripts/build_expansion_batch.py:123: DeprecationWarning: 'World.use_nodes' is expected to be removed in Blender 6.0
  scene.world.use_nodes=True;scene.world.node_tree.nodes['Background'].inputs[0].default_value=(.65,.72,.8,1)
/Users/yl222/Desktop/UrbanWorldModelVisualizer/geometry_expansion/scripts/build_expansion_batch.py:28: DeprecationWarning: 'Material.use_nodes' is expected to be removed in Blender 6.0
  m=bpy.data.materials.new(spec['name']);m.use_nodes=True
Info: Saved as "master.blend"
10:59:04 | INFO: Data are loaded, start creating Blender stuff
10:59:04 | INFO: Blender create Mesh node Albert Close 642055721 | complete concave roof deck
10:59:04 | INFO: Blender create Mesh node Albert Close 642055721 | door central stile
10:59:04 | INFO: Blender create Mesh node Albert Close 642055721 | door hardware
10:59:04 | INFO: Blender create Mesh node Albert Close 642055721 | entrance leaves
10:59:04 | INFO: Blender create Mesh node Albert Close 642055721 | entry transom
10:59:04 | INFO: Blender create Mesh node Albert Close 642055721 | flush threshold
10:59:04 | INFO: Blender create Mesh node Albert Close 642055721 | painted sash frames
10:59:04 | INFO: Blender create Mesh node Albert Close 642055721 | pierced red brick facades
10:59:04 | INFO: Blender create Mesh node Albert Close 642055721 | plain brick plinth
10:59:04 | INFO: Blender create Mesh node Albert Close 642055721 | plain eaves and floor course
10:59:04 | INFO: Blender create Mesh node Albert Close 642055721 | plain sash mullions
10:59:04 | INFO: Blender create Mesh node Albert Close 642055721 | plain sash transoms
10:59:04 | INFO: Blender create Mesh node Albert Close 642055721 | recessed rear wing windows
10:59:04 | INFO: Blender create Mesh node Albert Close 642055721 | red brick roof parapet
10:59:04 | INFO: Blender create Mesh node Albert Close 642055721 | stone entrance entablature
10:59:04 | INFO: Blender create Mesh node Albert Close 642055721 | stone entrance jambs
10:59:04 | INFO: Blender create Mesh node Albert Close 642055721 | stone parapet coping
10:59:04 | INFO: Blender create Mesh node Albert Close 642055721 | stone window sills
10:59:04 | INFO: Blender create Mesh node Albert Close 642055721 | subtle brick headers
10:59:04 | INFO: Blender create Mesh node Albert Close 642055722 | brick header lintels
10:59:04 | INFO: Blender create Mesh node Albert Close 642055722 | complete mapped roof membrane
10:59:04 | INFO: Blender create Mesh node Albert Close 642055722 | door glass fanlight
10:59:04 | INFO: Blender create Mesh node Albert Close 642055722 | door handle
10:59:04 | INFO: Blender create Mesh node Albert Close 642055722 | door transom
10:59:04 | INFO: Blender create Mesh node Albert Close 642055722 | estimated internal shed roof curb
10:59:04 | INFO: Blender create Mesh node Albert Close 642055722 | estimated shallow shed roof
10:59:04 | INFO: Blender create Mesh node Albert Close 642055722 | flush floor course
10:59:04 | INFO: Blender create Mesh node Albert Close 642055722 | inward eaves
10:59:04 | INFO: Blender create Mesh node Albert Close 642055722 | low parapet
10:59:04 | INFO: Blender create Mesh node Albert Close 642055722 | mitred coping
10:59:04 | INFO: Blender create Mesh node Albert Close 642055722 | painted joinery
10:59:04 | INFO: Blender create Mesh node Albert Close 642055722 | pierced masonry
10:59:04 | INFO: Blender create Mesh node Albert Close 642055722 | pipe brackets
10:59:04 | INFO: Blender create Mesh node Albert Close 642055722 | projecting sills
10:59:04 | INFO: Blender create Mesh node Albert Close 642055722 | rainwater downpipes
10:59:04 | INFO: Blender create Mesh node Albert Close 642055722 | recessed door
10:59:04 | INFO: Blender create Mesh node Albert Close 642055722 | recessed glazing
10:59:04 | INFO: Blender create Mesh node Albert Close 642055722 | slim pale lintel accent
10:59:04 | INFO: Blender create Mesh node Albert Close 642055722 | threshold
10:59:04 | INFO: Blender create Mesh node Albert Close 642055722 | upper sash meeting rail
10:59:04 | INFO: Blender create Mesh node Albert Close 642055722 | window mullions
10:59:04 | INFO: Blender create Mesh node Albert Close 642055722 | window transoms
10:59:04 | INFO: Blender create Mesh node Mews outbuilding1154608369 | closed bottom slab
10:59:04 | INFO: Blender create Mesh node Mews outbuilding1154608369 | complete thin roof slab
10:59:04 | INFO: Blender create Mesh node Mews outbuilding1154608369 | continuous closed masonry perimeter
10:59:04 | INFO: Blender create Mesh node Mews outbuilding1154608369 | corner boundary strips
10:59:04 | INFO: Blender create Mesh node Mews outbuilding1154608369 | inset masonry base trim
10:59:04 | INFO: Blender create Mesh node Mews outbuilding1154608369 | low roof weather upstand
10:59:04 | INFO: Blender create Mesh node Mews outbuilding1154608369 | mitred coping
10:59:04 | INFO: Blender create Mesh node Mews outbuilding1154608369 | simple inward eaves fascia
10:59:04 | INFO: glTF import finished in 0.05s
00:22.175  blend            | Read blend: "/Users/yl222/Desktop/UrbanWorldModelVisualizer/geometry_expansion/output/batch05_v1/master.blend"
00:26.061  render           | Saved: '/Users/yl222/Desktop/UrbanWorldModelVisualizer/geometry_expansion/output/batch05_v1/albert_close_642055721_front.png'
00:29.981  render           | Saved: '/Users/yl222/Desktop/UrbanWorldModelVisualizer/geometry_expansion/output/batch05_v1/albert_close_642055721_entrance.png'
00:33.240  render           | Saved: '/Users/yl222/Desktop/UrbanWorldModelVisualizer/geometry_expansion/output/batch05_v1/albert_close_642055721_roof.png'
00:36.442  render           | Saved: '/Users/yl222/Desktop/UrbanWorldModelVisualizer/geometry_expansion/output/batch05_v1/albert_close_642055721_rear.png'
00:41.555  render           | Saved: '/Users/yl222/Desktop/UrbanWorldModelVisualizer/geometry_expansion/output/batch05_v1/albert_close_642055721_context.png'
00:44.827  render           | Saved: '/Users/yl222/Desktop/UrbanWorldModelVisualizer/geometry_expansion/output/batch05_v1/albert_close_642055722_front.png'
00:48.664  render           | Saved: '/Users/yl222/Desktop/UrbanWorldModelVisualizer/geometry_expansion/output/batch05_v1/albert_close_642055722_entrance.png'
00:52.224  render           | Saved: '/Users/yl222/Desktop/UrbanWorldModelVisualizer/geometry_expansion/output/batch05_v1/albert_close_642055722_roof.png'
00:55.692  render           | Saved: '/Users/yl222/Desktop/UrbanWorldModelVisualizer/geometry_expansion/output/batch05_v1/albert_close_642055722_rear.png'
01:01.492  render           | Saved: '/Users/yl222/Desktop/UrbanWorldModelVisualizer/geometry_expansion/output/batch05_v1/albert_close_642055722_context.png'
01:04.772  render           | Saved: '/Users/yl222/Desktop/UrbanWorldModelVisualizer/geometry_expansion/output/batch05_v1/mews_outbuilding_1154608369_front.png'
01:07.945  render           | Saved: '/Users/yl222/Desktop/UrbanWorldModelVisualizer/geometry_expansion/output/batch05_v1/mews_outbuilding_1154608369_roof.png'
01:11.099  render           | Saved: '/Users/yl222/Desktop/UrbanWorldModelVisualizer/geometry_expansion/output/batch05_v1/mews_outbuilding_1154608369_rear.png'
01:17.516  render           | Saved: '/Users/yl222/Desktop/UrbanWorldModelVisualizer/geometry_expansion/output/batch05_v1/mews_outbuilding_1154608369_context.png'
01:22.147  render           | Saved: '/Users/yl222/Desktop/UrbanWorldModelVisualizer/geometry_expansion/output/batch05_v1/overview.png'
{"objects": 50, "triangles": 12377, "roundtrip_bounds_max_error_m": 0, "numerical_pass": true}
Blender 5.2.0 LTS (hash fbe6228777e7 built 2026-07-14 01:31:22)

Blender quit
