10:08:02 | INFO: Data are loaded, start creating Blender stuff
10:08:02 | INFO: Blender create Mesh node 25 Kensington Gore | attic interior ceiling
10:08:02 | INFO: Blender create Mesh node 25 Kensington Gore | balcony handrail
10:08:02 | INFO: Blender create Mesh node 25 Kensington Gore | balcony support slabs
10:08:02 | INFO: Blender create Mesh node 25 Kensington Gore | black sash frames
10:08:02 | INFO: Blender create Mesh node 25 Kensington Gore | chimney caps
10:08:02 | INFO: Blender create Mesh node 25 Kensington Gore | continuous mitred cornices
10:08:02 | INFO: Blender create Mesh node 25 Kensington Gore | corner quoins
10:08:02 | INFO: Blender create Mesh node 25 Kensington Gore | cornice brackets
10:08:02 | INFO: Blender create Mesh node 25 Kensington Gore | coupled Ionic-inspired porch columns
10:08:02 | INFO: Blender create Mesh node 25 Kensington Gore | door head frame
10:08:02 | INFO: Blender create Mesh node 25 Kensington Gore | dormer masonry jambs
10:08:02 | INFO: Blender create Mesh node 25 Kensington Gore | dormer masonry lintel sill
10:08:02 | INFO: Blender create Mesh node 25 Kensington Gore | dormer recessed glazing
10:08:02 | INFO: Blender create Mesh node 25 Kensington Gore | dormer sash
10:08:02 | INFO: Blender create Mesh node 25 Kensington Gore | dressed architraves
10:08:02 | INFO: Blender create Mesh node 25 Kensington Gore | estimated chimney stacks
10:08:02 | INFO: Blender create Mesh node 25 Kensington Gore | mansard perimeter
10:08:02 | INFO: Blender create Mesh node 25 Kensington Gore | pedimented dormer roofs
10:08:02 | INFO: Blender create Mesh node 25 Kensington Gore | pedimented window hoods
10:08:02 | INFO: Blender create Mesh node 25 Kensington Gore | pierced stucco envelope
10:08:02 | INFO: Blender create Mesh node 25 Kensington Gore | porch entablature
10:08:02 | INFO: Blender create Mesh node 25 Kensington Gore | porch slab
10:08:02 | INFO: Blender create Mesh node 25 Kensington Gore | portico threshold
10:08:02 | INFO: Blender create Mesh node 25 Kensington Gore | projecting sills
10:08:02 | INFO: Blender create Mesh node 25 Kensington Gore | recessed door leaves
10:08:02 | INFO: Blender create Mesh node 25 Kensington Gore | recessed glazing
10:08:02 | INFO: Blender create Mesh node 25 Kensington Gore | segmental window hoods
10:08:02 | INFO: Blender create Mesh node 25 Kensington Gore | slate upper roof
10:08:02 | INFO: Blender create Mesh node 25 Kensington Gore | turned balcony balusters
10:08:02 | INFO: Blender create Mesh node finite additional entry support
10:08:02 | INFO: Blender create Mesh node 29 Exhibition Road | attic frames
10:08:02 | INFO: Blender create Mesh node 29 Exhibition Road | attic inset glass
10:08:02 | INFO: Blender create Mesh node 29 Exhibition Road | brass door hardware
10:08:02 | INFO: Blender create Mesh node 29 Exhibition Road | brick sills
10:08:02 | INFO: Blender create Mesh node 29 Exhibition Road | chimney corbel caps
10:08:02 | INFO: Blender create Mesh node 29 Exhibition Road | continuous cut brick cornices
10:08:02 | INFO: Blender create Mesh node 29 Exhibition Road | continuous roof edge flashing
10:08:02 | INFO: Blender create Mesh node 29 Exhibition Road | corner brick pilasters
10:08:02 | INFO: Blender create Mesh node 29 Exhibition Road | cut brick heads
10:08:02 | INFO: Blender create Mesh node 29 Exhibition Road | door center stile
10:08:02 | INFO: Blender create Mesh node 29 Exhibition Road | door leaves
10:08:02 | INFO: Blender create Mesh node 29 Exhibition Road | door transom
10:08:02 | INFO: Blender create Mesh node 29 Exhibition Road | entrance balcony balusters
10:08:02 | INFO: Blender create Mesh node 29 Exhibition Road | entrance balcony handrail
10:08:02 | INFO: Blender create Mesh node 29 Exhibition Road | entrance balcony slab
10:08:02 | INFO: Blender create Mesh node 29 Exhibition Road | entry threshold
10:08:02 | INFO: Blender create Mesh node 29 Exhibition Road | exact concave roof deck
10:08:02 | INFO: Blender create Mesh node 29 Exhibition Road | pierced brick attic gables
10:08:02 | INFO: Blender create Mesh node 29 Exhibition Road | pierced brick walls
10:08:02 | INFO: Blender create Mesh node 29 Exhibition Road | radiating brick arch
10:08:02 | INFO: Blender create Mesh node 29 Exhibition Road | recessed sashes
10:08:02 | INFO: Blender create Mesh node 29 Exhibition Road | roof ridge tiles
10:08:02 | INFO: Blender create Mesh node 29 Exhibition Road | segmental arch infill
10:08:02 | INFO: Blender create Mesh node 29 Exhibition Road | small pane glazing bars
10:08:02 | INFO: Blender create Mesh node 29 Exhibition Road | split brick pediments
10:08:02 | INFO: Blender create Mesh node 29 Exhibition Road | steep red tiled roof slopes
10:08:02 | INFO: Blender create Mesh node 29 Exhibition Road | tall brick chimney shafts
10:08:02 | INFO: Blender create Mesh node 29 Exhibition Road | terracotta chimney pots
10:08:02 | INFO: Blender create Mesh node 29 Exhibition Road | timber sash frames
10:08:02 | INFO: Blender create Mesh node 41–45 Jay Mews | concave roof membrane
10:08:02 | INFO: Blender create Mesh node 41–45 Jay Mews | door glass fanlight
10:08:02 | INFO: Blender create Mesh node 41–45 Jay Mews | door handle
10:08:02 | INFO: Blender create Mesh node 41–45 Jay Mews | door transom
10:08:02 | INFO: Blender create Mesh node 41–45 Jay Mews | lintels
10:08:02 | INFO: Blender create Mesh node 41–45 Jay Mews | low parapet
10:08:02 | INFO: Blender create Mesh node 41–45 Jay Mews | mitred coping
10:08:02 | INFO: Blender create Mesh node 41–45 Jay Mews | painted joinery
10:08:02 | INFO: Blender create Mesh node 41–45 Jay Mews | pierced masonry
10:08:02 | INFO: Blender create Mesh node 41–45 Jay Mews | pipe brackets
10:08:02 | INFO: Blender create Mesh node 41–45 Jay Mews | plain floor band
10:08:02 | INFO: Blender create Mesh node 41–45 Jay Mews | projecting sills
10:08:02 | INFO: Blender create Mesh node 41–45 Jay Mews | rainwater downpipes
10:08:02 | INFO: Blender create Mesh node 41–45 Jay Mews | recessed door
10:08:02 | INFO: Blender create Mesh node 41–45 Jay Mews | recessed glazing
10:08:02 | INFO: Blender create Mesh node 41–45 Jay Mews | simple eaves
10:08:02 | INFO: Blender create Mesh node 41–45 Jay Mews | threshold
10:08:02 | INFO: Blender create Mesh node 41–45 Jay Mews | window mullions
10:08:02 | INFO: Blender create Mesh node 41–45 Jay Mews | window transoms
10:08:02 | INFO: glTF import finished in 0.16s
INFO Draco is available, use library at /Applications/Blender.app/Contents/Resources/5.2/scripts/addons_core/io_scene_gltf2/libbf_intern_draco_bridge.dylib
INFO MeshOptimizer is available, use library at /Applications/Blender.app/Contents/Resources/5.2/scripts/addons_core/io_scene_gltf2/libbf_intern_meshopt_bridge.dylib
10:08:02 | INFO: Starting glTF 2.0 export
10:08:02 | INFO: Extracting primitive: 25 Kensington Gore | attic interior ceiling
10:08:02 | INFO: Primitives created: 1
10:08:02 | INFO: Extracting primitive: 25 Kensington Gore | balcony handrail
10:08:02 | INFO: Primitives created: 1
10:08:02 | INFO: Extracting primitive: 25 Kensington Gore | balcony support slabs
10:08:02 | INFO: Primitives created: 1
10:08:02 | INFO: Extracting primitive: 25 Kensington Gore | black sash frames
10:08:02 | INFO: Primitives created: 1
10:08:02 | INFO: Extracting primitive: 25 Kensington Gore | chimney caps
10:08:02 | INFO: Primitives created: 1
10:08:02 | INFO: Extracting primitive: 25 Kensington Gore | continuous mitred cornices
10:08:02 | INFO: Primitives created: 1
10:08:02 | INFO: Extracting primitive: 25 Kensington Gore | corner quoins
10:08:02 | INFO: Primitives created: 1
10:08:02 | INFO: Extracting primitive: 25 Kensington Gore | cornice brackets
10:08:02 | INFO: Primitives created: 1
10:08:02 | INFO: Extracting primitive: 25 Kensington Gore | coupled Ionic-inspired porch columns
10:08:02 | INFO: Primitives created: 1
10:08:02 | INFO: Extracting primitive: 25 Kensington Gore | door head frame
10:08:02 | INFO: Primitives created: 1
10:08:02 | INFO: Extracting primitive: 25 Kensington Gore | dormer masonry jambs
10:08:02 | INFO: Primitives created: 1
10:08:02 | INFO: Extracting primitive: 25 Kensington Gore | dormer masonry lintel sill
10:08:02 | INFO: Primitives created: 1
10:08:02 | INFO: Extracting primitive: 25 Kensington Gore | dormer recessed glazing
10:08:02 | INFO: Primitives created: 1
10:08:02 | INFO: Extracting primitive: 25 Kensington Gore | dormer sash
10:08:02 | INFO: Primitives created: 1
10:08:02 | INFO: Extracting primitive: 25 Kensington Gore | dressed architraves
10:08:02 | INFO: Primitives created: 1
10:08:02 | INFO: Extracting primitive: 25 Kensington Gore | estimated chimney stacks
10:08:02 | INFO: Primitives created: 1
10:08:02 | INFO: Extracting primitive: 25 Kensington Gore | mansard perimeter
10:08:02 | INFO: Primitives created: 1
10:08:02 | INFO: Extracting primitive: 25 Kensington Gore | pedimented dormer roofs
10:08:02 | INFO: Primitives created: 1
10:08:02 | INFO: Extracting primitive: 25 Kensington Gore | pedimented window hoods
10:08:02 | INFO: Primitives created: 1
10:08:02 | INFO: Extracting primitive: 25 Kensington Gore | pierced stucco envelope
10:08:02 | INFO: Primitives created: 1
10:08:02 | INFO: Extracting primitive: 25 Kensington Gore | porch entablature
10:08:02 | INFO: Primitives created: 1
10:08:02 | INFO: Extracting primitive: 25 Kensington Gore | porch slab
10:08:02 | INFO: Primitives created: 1
10:08:02 | INFO: Extracting primitive: 25 Kensington Gore | portico threshold
10:08:02 | INFO: Primitives created: 1
10:08:02 | INFO: Extracting primitive: 25 Kensington Gore | projecting sills
10:08:02 | INFO: Primitives created: 1
10:08:02 | INFO: Extracting primitive: 25 Kensington Gore | recessed door leaves
10:08:02 | INFO: Primitives created: 1
10:08:02 | INFO: Extracting primitive: 25 Kensington Gore | recessed glazing
10:08:02 | INFO: Primitives created: 1
10:08:02 | INFO: Extracting primitive: 25 Kensington Gore | segmental window hoods
10:08:02 | INFO: Primitives created: 1
10:08:02 | INFO: Extracting primitive: 25 Kensington Gore | slate upper roof
10:08:02 | INFO: Primitives created: 1
10:08:02 | INFO: Extracting primitive: 25 Kensington Gore | turned balcony balusters
10:08:02 | INFO: Primitives created: 1
10:08:02 | INFO: Extracting primitive: 41–45 Jay Mews | concave roof membrane
10:08:02 | INFO: Primitives created: 1
10:08:02 | INFO: Extracting primitive: 41–45 Jay Mews | door glass fanlight
10:08:02 | INFO: Primitives created: 1
10:08:02 | INFO: Extracting primitive: 41–45 Jay Mews | door handle
10:08:02 | INFO: Primitives created: 1
10:08:02 | INFO: Extracting primitive: 41–45 Jay Mews | door transom
10:08:02 | INFO: Primitives created: 1
10:08:02 | INFO: Extracting primitive: 41–45 Jay Mews | lintels
10:08:02 | INFO: Primitives created: 1
10:08:02 | INFO: Extracting primitive: 41–45 Jay Mews | low parapet
10:08:02 | INFO: Primitives created: 1
10:08:02 | INFO: Extracting primitive: 41–45 Jay Mews | mitred coping
10:08:02 | INFO: Primitives created: 1
10:08:02 | INFO: Extracting primitive: 41–45 Jay Mews | painted joinery
10:08:02 | INFO: Primitives created: 1
10:08:02 | INFO: Extracting primitive: 41–45 Jay Mews | pierced masonry
10:08:02 | INFO: Primitives created: 1
10:08:02 | INFO: Extracting primitive: 41–45 Jay Mews | pipe brackets
10:08:02 | INFO: Primitives created: 1
10:08:02 | INFO: Extracting primitive: 41–45 Jay Mews | plain floor band
10:08:02 | INFO: Primitives created: 1
10:08:02 | INFO: Extracting primitive: 41–45 Jay Mews | projecting sills
10:08:02 | INFO: Primitives created: 1
10:08:02 | INFO: Extracting primitive: 41–45 Jay Mews | rainwater downpipes
10:08:02 | INFO: Primitives created: 1
10:08:02 | INFO: Extracting primitive: 41–45 Jay Mews | recessed door
10:08:02 | INFO: Primitives created: 1
10:08:02 | INFO: Extracting primitive: 41–45 Jay Mews | recessed glazing
10:08:02 | INFO: Primitives created: 1
10:08:02 | INFO: Extracting primitive: 41–45 Jay Mews | simple eaves
10:08:02 | INFO: Primitives created: 1
10:08:02 | INFO: Extracting primitive: 41–45 Jay Mews | threshold
10:08:02 | INFO: Primitives created: 1
10:08:02 | INFO: Extracting primitive: 41–45 Jay Mews | window mullions
10:08:02 | INFO: Primitives created: 1
10:08:02 | INFO: Extracting primitive: 41–45 Jay Mews | window transoms
10:08:02 | INFO: Primitives created: 1
10:08:02 | INFO: Finished glTF 2.0 export in 0.051461219787597656 s
/Users/yl222/Desktop/UrbanWorldModelVisualizer/geometry_expansion/scripts/build_batch03.py:26: DeprecationWarning: 'Material.use_nodes' is expected to be removed in Blender 6.0
  m=bpy.data.materials.new(spec['name']);m.use_nodes=True

10:08:03 | INFO: Starting glTF 2.0 export
10:08:03 | INFO: Extracting primitive: 29 Exhibition Road | brass door hardware.001
10:08:03 | INFO: Primitives created: 1
10:08:03 | INFO: Extracting primitive: 29 Exhibition Road | brick sills.001
10:08:03 | INFO: Primitives created: 1
10:08:03 | INFO: Extracting primitive: 29 Exhibition Road | continuous cut brick cornices.001
10:08:03 | INFO: Primitives created: 1
10:08:03 | INFO: Extracting primitive: 29 Exhibition Road | continuous roof edge flashing.001
10:08:03 | INFO: Primitives created: 1
10:08:03 | INFO: Extracting primitive: 29 Exhibition Road | corner brick pilasters.001
10:08:03 | INFO: Primitives created: 1
10:08:03 | INFO: Extracting primitive: 29 Exhibition Road | cut brick heads.001
10:08:03 | INFO: Primitives created: 1
10:08:03 | INFO: Extracting primitive: 29 Exhibition Road | door center stile.001
10:08:03 | INFO: Primitives created: 1
10:08:03 | INFO: Extracting primitive: 29 Exhibition Road | door leaves.001
10:08:03 | INFO: Primitives created: 1
10:08:03 | INFO: Extracting primitive: 29 Exhibition Road | door transom.001
10:08:03 | INFO: Primitives created: 1
10:08:03 | INFO: Extracting primitive: 29 Exhibition Road | entrance balcony balusters.001
10:08:03 | INFO: Primitives created: 1
10:08:03 | INFO: Extracting primitive: 29 Exhibition Road | entrance balcony handrail.001
10:08:03 | INFO: Primitives created: 1
10:08:03 | INFO: Extracting primitive: 29 Exhibition Road | entrance balcony slab.001
10:08:03 | INFO: Primitives created: 1
10:08:03 | INFO: Extracting primitive: 29 Exhibition Road | entry threshold.001
10:08:03 | INFO: Primitives created: 1
10:08:03 | INFO: Extracting primitive: 29 Exhibition Road | estimated northern hipped roof
10:08:03 | INFO: Primitives created: 1
10:08:03 | INFO: Extracting primitive: 29 Exhibition Road | exact concave roof deck.001
10:08:03 | INFO: Primitives created: 1
10:08:03 | INFO: Extracting primitive: 29 Exhibition Road | pierced brick walls.001
10:08:03 | INFO: Primitives created: 1
10:08:03 | INFO: Extracting primitive: 29 Exhibition Road | radiating brick arch.001
10:08:03 | INFO: Primitives created: 1
10:08:03 | INFO: Extracting primitive: 29 Exhibition Road | rear chimney cap
10:08:03 | INFO: Primitives created: 1
10:08:03 | INFO: Extracting primitive: 29 Exhibition Road | rear chimney stack
10:08:03 | INFO: Primitives created: 1
10:08:03 | INFO: Extracting primitive: 29 Exhibition Road | recessed sashes.001
10:08:03 | INFO: Primitives created: 1
10:08:03 | INFO: Extracting primitive: 29 Exhibition Road | segmental arch infill.001
10:08:03 | INFO: Primitives created: 1
10:08:03 | INFO: Extracting primitive: 29 Exhibition Road | small pane glazing bars.001
10:08:03 | INFO: Primitives created: 1
10:08:03 | INFO: Extracting primitive: 29 Exhibition Road | split brick pediments.001
10:08:03 | INFO: Primitives created: 1
10:08:03 | INFO: Extracting primitive: 29 Exhibition Road | timber sash frames.001
10:08:03 | INFO: Primitives created: 1
10:08:03 | INFO: Extracting primitive: 84 Kensington Gore | complete mapped roof base cap
10:08:03 | INFO: Primitives created: 1
10:08:03 | INFO: Extracting primitive: 84 Kensington Gore | door glass fanlight
10:08:03 | INFO: Primitives created: 1
10:08:03 | INFO: Extracting primitive: 84 Kensington Gore | door handle
10:08:03 | INFO: Primitives created: 1
10:08:03 | INFO: Extracting primitive: 84 Kensington Gore | door transom
10:08:03 | INFO: Primitives created: 1
10:08:03 | INFO: Extracting primitive: 84 Kensington Gore | fine sash bars
10:08:03 | INFO: Primitives created: 1
10:08:03 | INFO: Extracting primitive: 84 Kensington Gore | flush storey trim
10:08:03 | INFO: Primitives created: 1
10:08:03 | INFO: Extracting primitive: 84 Kensington Gore | four asymmetric saltbox roof slopes
10:08:03 | INFO: Primitives created: 1
10:08:03 | INFO: Extracting primitive: 84 Kensington Gore | inward eaves fascia
10:08:03 | INFO: Primitives created: 1
10:08:03 | INFO: Extracting primitive: 84 Kensington Gore | painted joinery
10:08:03 | INFO: Primitives created: 1
10:08:03 | INFO: Extracting primitive: 84 Kensington Gore | pierced masonry
10:08:03 | INFO: Primitives created: 1
10:08:03 | INFO: Extracting primitive: 84 Kensington Gore | pipe brackets
10:08:03 | INFO: Primitives created: 1
10:08:03 | INFO: Extracting primitive: 84 Kensington Gore | projecting sills
10:08:03 | INFO: Primitives created: 1
10:08:03 | INFO: Extracting primitive: 84 Kensington Gore | rainwater downpipes
10:08:03 | INFO: Primitives created: 1
10:08:03 | INFO: Extracting primitive: 84 Kensington Gore | recessed door
10:08:03 | INFO: Primitives created: 1
10:08:03 | INFO: Extracting primitive: 84 Kensington Gore | recessed glazing
10:08:03 | INFO: Primitives created: 1
10:08:03 | INFO: Extracting primitive: 84 Kensington Gore | saltbox perimeter infill
10:08:03 | INFO: Primitives created: 1
10:08:03 | INFO: Extracting primitive: 84 Kensington Gore | segmental brick arch heads
10:08:03 | INFO: Primitives created: 1
10:08:03 | INFO: Extracting primitive: 84 Kensington Gore | threshold
10:08:03 | INFO: Primitives created: 1
10:08:03 | INFO: Extracting primitive: 84 Kensington Gore | window mullions
10:08:03 | INFO: Primitives created: 1
10:08:03 | INFO: Extracting primitive: 84 Kensington Gore | window transoms
10:08:03 | INFO: Primitives created: 1
10:08:03 | INFO: Extracting primitive: Jamaican High Commission | attic sash frames
10:08:03 | INFO: Primitives created: 1
10:08:03 | INFO: Extracting primitive: Jamaican High Commission | attic sash glazing
10:08:03 | INFO: Primitives created: 1
10:08:03 | INFO: Extracting primitive: Jamaican High Commission | baluster necks
10:08:03 | INFO: Primitives created: 1
10:08:03 | INFO: Extracting primitive: Jamaican High Commission | balustrade top rail
10:08:03 | INFO: Primitives created: 1
10:08:03 | INFO: Extracting primitive: Jamaican High Commission | brass door hardware
10:08:03 | INFO: Primitives created: 1
10:08:03 | INFO: Extracting primitive: Jamaican High Commission | brick sills
10:08:03 | INFO: Primitives created: 1
10:08:03 | INFO: Extracting primitive: Jamaican High Commission | central balcony slab
10:08:03 | INFO: Primitives created: 1
10:08:03 | INFO: Extracting primitive: Jamaican High Commission | central dormer back panels
10:08:03 | INFO: Primitives created: 1
10:08:03 | INFO: Extracting primitive: Jamaican High Commission | central dormer glazing
10:08:03 | INFO: Primitives created: 1
10:08:03 | INFO: Extracting primitive: Jamaican High Commission | central dormer joinery
10:08:03 | INFO: Primitives created: 1
10:08:03 | INFO: Extracting primitive: Jamaican High Commission | central dormer lintels
10:08:03 | INFO: Primitives created: 1
10:08:03 | INFO: Extracting primitive: Jamaican High Commission | central dormer side jambs
10:08:03 | INFO: Primitives created: 1
10:08:03 | INFO: Extracting primitive: Jamaican High Commission | central linking roof
10:08:03 | INFO: Primitives created: 1
10:08:03 | INFO: Extracting primitive: Jamaican High Commission | central stone balustrade
10:08:03 | INFO: Primitives created: 1
10:08:03 | INFO: Extracting primitive: Jamaican High Commission | chimney corbel caps
10:08:03 | INFO: Primitives created: 1
10:08:03 | INFO: Extracting primitive: Jamaican High Commission | chimney pots
10:08:03 | INFO: Primitives created: 1
10:08:03 | INFO: Extracting primitive: Jamaican High Commission | continuous cut brick cornices
10:08:03 | INFO: Primitives created: 1
10:08:03 | INFO: Extracting primitive: Jamaican High Commission | continuous roof edge flashing
10:08:03 | INFO: Primitives created: 1
10:08:03 | INFO: Extracting primitive: Jamaican High Commission | corner brick pilasters
10:08:03 | INFO: Primitives created: 1
10:08:03 | INFO: Extracting primitive: Jamaican High Commission | cut brick heads
10:08:03 | INFO: Primitives created: 1
10:08:03 | INFO: Extracting primitive: Jamaican High Commission | door center stile
10:08:03 | INFO: Primitives created: 1
10:08:03 | INFO: Extracting primitive: Jamaican High Commission | door leaves
10:08:03 | INFO: Primitives created: 1
10:08:03 | INFO: Extracting primitive: Jamaican High Commission | door transom
10:08:03 | INFO: Primitives created: 1
10:08:03 | INFO: Extracting primitive: Jamaican High Commission | entry threshold
10:08:03 | INFO: Primitives created: 1
10:08:03 | INFO: Extracting primitive: Jamaican High Commission | exact concave roof deck
10:08:03 | INFO: Primitives created: 1
10:08:03 | INFO: Extracting primitive: Jamaican High Commission | finite portico supporting slab
10:08:03 | INFO: Primitives created: 1
10:08:03 | INFO: Extracting primitive: Jamaican High Commission | paired steep red tiled roofs
10:08:03 | INFO: Primitives created: 1
10:08:03 | INFO: Extracting primitive: Jamaican High Commission | pierced brick walls
10:08:03 | INFO: Primitives created: 1
10:08:03 | INFO: Extracting primitive: Jamaican High Commission | pierced triangular attic gables
10:08:03 | INFO: Primitives created: 1
10:08:03 | INFO: Extracting primitive: Jamaican High Commission | portico arch spandrels
10:08:03 | INFO: Primitives created: 1
10:08:03 | INFO: Extracting primitive: Jamaican High Commission | portico brick piers
10:08:03 | INFO: Primitives created: 1
10:08:03 | INFO: Extracting primitive: Jamaican High Commission | portico pier capitals
10:08:03 | INFO: Primitives created: 1
10:08:03 | INFO: Extracting primitive: Jamaican High Commission | radiating brick arch
10:08:03 | INFO: Primitives created: 1
10:08:03 | INFO: Extracting primitive: Jamaican High Commission | recessed sashes
10:08:03 | INFO: Primitives created: 1
10:08:03 | INFO: Extracting primitive: Jamaican High Commission | roof ridge tiles
10:08:03 | INFO: Primitives created: 1
10:08:03 | INFO: Extracting primitive: Jamaican High Commission | segmental arch infill
10:08:03 | INFO: Primitives created: 1
10:08:03 | INFO: Extracting primitive: Jamaican High Commission | small pane glazing bars
10:08:03 | INFO: Primitives created: 1
10:08:03 | INFO: Extracting primitive: Jamaican High Commission | split brick pediments
10:08:03 | INFO: Primitives created: 1
10:08:03 | INFO: Extracting primitive: Jamaican High Commission | tall chimney stacks
10:08:03 | INFO: Primitives created: 1
10:08:03 | INFO: Extracting primitive: Jamaican High Commission | timber sash frames
10:08:03 | INFO: Primitives created: 1
10:08:03 | INFO: Extracting primitive: Jamaican High Commission | twin portico brick arches
10:08:03 | INFO: Primitives created: 1
10:08:03 | INFO: Extracting primitive: Jay Mews 117010283 | concave roof membrane
10:08:03 | INFO: Primitives created: 1
10:08:03 | INFO: Extracting primitive: Jay Mews 117010283 | door glass fanlight
10:08:03 | INFO: Primitives created: 1
10:08:03 | INFO: Extracting primitive: Jay Mews 117010283 | door handle
10:08:03 | INFO: Primitives created: 1
10:08:03 | INFO: Extracting primitive: Jay Mews 117010283 | door transom
10:08:03 | INFO: Primitives created: 1
10:08:03 | INFO: Extracting primitive: Jay Mews 117010283 | fine sash bars
10:08:03 | INFO: Primitives created: 1
10:08:03 | INFO: Extracting primitive: Jay Mews 117010283 | lintels
10:08:03 | INFO: Primitives created: 1
10:08:03 | INFO: Extracting primitive: Jay Mews 117010283 | low parapet
10:08:03 | INFO: Primitives created: 1
10:08:03 | INFO: Extracting primitive: Jay Mews 117010283 | mitred coping
10:08:03 | INFO: Primitives created: 1
10:08:03 | INFO: Extracting primitive: Jay Mews 117010283 | painted joinery
10:08:03 | INFO: Primitives created: 1
10:08:03 | INFO: Extracting primitive: Jay Mews 117010283 | pierced masonry
10:08:03 | INFO: Primitives created: 1
10:08:03 | INFO: Extracting primitive: Jay Mews 117010283 | pipe brackets
10:08:03 | INFO: Primitives created: 1
10:08:03 | INFO: Extracting primitive: Jay Mews 117010283 | projecting sills
10:08:03 | INFO: Primitives created: 1
10:08:03 | INFO: Extracting primitive: Jay Mews 117010283 | projecting storey ledge
10:08:03 | INFO: Primitives created: 1
10:08:03 | INFO: Extracting primitive: Jay Mews 117010283 | rainwater downpipes
10:08:03 | INFO: Primitives created: 1
10:08:03 | INFO: Extracting primitive: Jay Mews 117010283 | recessed door
10:08:03 | INFO: Primitives created: 1
10:08:03 | INFO: Extracting primitive: Jay Mews 117010283 | recessed glazing
10:08:03 | INFO: Primitives created: 1
10:08:03 | INFO: Extracting primitive: Jay Mews 117010283 | simple eaves
10:08:03 | INFO: Primitives created: 1
10:08:03 | INFO: Extracting primitive: Jay Mews 117010283 | threshold
10:08:03 | INFO: Primitives created: 1
10:08:03 | INFO: Extracting primitive: Jay Mews 117010283 | window mullions
10:08:03 | INFO: Primitives created: 1
10:08:03 | INFO: Extracting primitive: Jay Mews 117010283 | window transoms
10:08:03 | INFO: Primitives created: 1
10:08:03 | INFO: Finished glTF 2.0 export in 0.07103896141052246 s

10:08:05 | INFO: Data are loaded, start creating Blender stuff
10:08:05 | INFO: Blender create Mesh node 23 Kensington Gore | architraves
10:08:05 | INFO: Blender create Mesh node 23 Kensington Gore | door central stile
10:08:05 | INFO: Blender create Mesh node 23 Kensington Gore | door fanlight transom
10:08:05 | INFO: Blender create Mesh node 23 Kensington Gore | door hardware
10:08:05 | INFO: Blender create Mesh node 23 Kensington Gore | entry threshold
10:08:05 | INFO: Blender create Mesh node 23 Kensington Gore | estimated shallow hipped roof
10:08:05 | INFO: Blender create Mesh node 23 Kensington Gore | hood mouldings
10:08:05 | INFO: Blender create Mesh node 23 Kensington Gore | joinery
10:08:05 | INFO: Blender create Mesh node 23 Kensington Gore | mapped roof deck
10:08:05 | INFO: Blender create Mesh node 23 Kensington Gore | pierced wall
10:08:05 | INFO: Blender create Mesh node 23 Kensington Gore | recessed doors
10:08:05 | INFO: Blender create Mesh node 23 Kensington Gore | recessed glass
10:08:05 | INFO: Blender create Mesh node 23 Kensington Gore | roof coping
10:08:05 | INFO: Blender create Mesh node 23 Kensington Gore | roof lantern curb
10:08:05 | INFO: Blender create Mesh node 23 Kensington Gore | roof parapet
10:08:05 | INFO: Blender create Mesh node 23 Kensington Gore | sash mullions
10:08:05 | INFO: Blender create Mesh node 23 Kensington Gore | sills
10:08:05 | INFO: Blender create Mesh node 23 Kensington Gore | string courses and cornice
10:08:05 | INFO: Blender create Mesh node 23 Kensington Gore | window guards
10:08:05 | INFO: glTF import finished in 0.06s
10:08:05 | INFO: Data are loaded, start creating Blender stuff
10:08:05 | INFO: Blender create Mesh node 25 Kensington Gore | attic interior ceiling
10:08:05 | INFO: Blender create Mesh node 25 Kensington Gore | balcony handrail
10:08:05 | INFO: Blender create Mesh node 25 Kensington Gore | balcony support slabs
10:08:05 | INFO: Blender create Mesh node 25 Kensington Gore | black sash frames
10:08:05 | INFO: Blender create Mesh node 25 Kensington Gore | chimney caps
10:08:05 | INFO: Blender create Mesh node 25 Kensington Gore | continuous mitred cornices
10:08:05 | INFO: Blender create Mesh node 25 Kensington Gore | corner quoins
10:08:05 | INFO: Blender create Mesh node 25 Kensington Gore | cornice brackets
10:08:05 | INFO: Blender create Mesh node 25 Kensington Gore | coupled Ionic-inspired porch columns
10:08:05 | INFO: Blender create Mesh node 25 Kensington Gore | door head frame
10:08:05 | INFO: Blender create Mesh node 25 Kensington Gore | dormer masonry jambs
10:08:05 | INFO: Blender create Mesh node 25 Kensington Gore | dormer masonry lintel sill
10:08:05 | INFO: Blender create Mesh node 25 Kensington Gore | dormer recessed glazing
10:08:05 | INFO: Blender create Mesh node 25 Kensington Gore | dormer sash
10:08:05 | INFO: Blender create Mesh node 25 Kensington Gore | dressed architraves
10:08:05 | INFO: Blender create Mesh node 25 Kensington Gore | estimated chimney stacks
10:08:05 | INFO: Blender create Mesh node 25 Kensington Gore | mansard perimeter
10:08:05 | INFO: Blender create Mesh node 25 Kensington Gore | pedimented dormer roofs
10:08:05 | INFO: Blender create Mesh node 25 Kensington Gore | pedimented window hoods
10:08:05 | INFO: Blender create Mesh node 25 Kensington Gore | pierced stucco envelope
10:08:05 | INFO: Blender create Mesh node 25 Kensington Gore | porch entablature
10:08:05 | INFO: Blender create Mesh node 25 Kensington Gore | porch slab
10:08:05 | INFO: Blender create Mesh node 25 Kensington Gore | portico threshold
10:08:05 | INFO: Blender create Mesh node 25 Kensington Gore | projecting sills
10:08:05 | INFO: Blender create Mesh node 25 Kensington Gore | recessed door leaves
10:08:05 | INFO: Blender create Mesh node 25 Kensington Gore | recessed glazing
10:08:05 | INFO: Blender create Mesh node 25 Kensington Gore | segmental window hoods
10:08:05 | INFO: Blender create Mesh node 25 Kensington Gore | slate upper roof
10:08:05 | INFO: Blender create Mesh node 25 Kensington Gore | turned balcony balusters
10:08:05 | INFO: Blender create Mesh node finite additional entry support
10:08:05 | INFO: Blender create Mesh node 29 Exhibition Road | attic frames
10:08:05 | INFO: Blender create Mesh node 29 Exhibition Road | attic inset glass
10:08:05 | INFO: Blender create Mesh node 29 Exhibition Road | brass door hardware
10:08:05 | INFO: Blender create Mesh node 29 Exhibition Road | brick sills
10:08:05 | INFO: Blender create Mesh node 29 Exhibition Road | chimney corbel caps
10:08:05 | INFO: Blender create Mesh node 29 Exhibition Road | continuous cut brick cornices
10:08:05 | INFO: Blender create Mesh node 29 Exhibition Road | continuous roof edge flashing
10:08:05 | INFO: Blender create Mesh node 29 Exhibition Road | corner brick pilasters
10:08:05 | INFO: Blender create Mesh node 29 Exhibition Road | cut brick heads
10:08:05 | INFO: Blender create Mesh node 29 Exhibition Road | door center stile
10:08:05 | INFO: Blender create Mesh node 29 Exhibition Road | door leaves
10:08:05 | INFO: Blender create Mesh node 29 Exhibition Road | door transom
10:08:05 | INFO: Blender create Mesh node 29 Exhibition Road | entrance balcony balusters
10:08:05 | INFO: Blender create Mesh node 29 Exhibition Road | entrance balcony handrail
10:08:05 | INFO: Blender create Mesh node 29 Exhibition Road | entrance balcony slab
10:08:05 | INFO: Blender create Mesh node 29 Exhibition Road | entry threshold
10:08:05 | INFO: Blender create Mesh node 29 Exhibition Road | exact concave roof deck
10:08:05 | INFO: Blender create Mesh node 29 Exhibition Road | pierced brick attic gables
10:08:05 | INFO: Blender create Mesh node 29 Exhibition Road | pierced brick walls
10:08:05 | INFO: Blender create Mesh node 29 Exhibition Road | radiating brick arch
10:08:05 | INFO: Blender create Mesh node 29 Exhibition Road | recessed sashes
10:08:05 | INFO: Blender create Mesh node 29 Exhibition Road | roof ridge tiles
10:08:05 | INFO: Blender create Mesh node 29 Exhibition Road | segmental arch infill
10:08:05 | INFO: Blender create Mesh node 29 Exhibition Road | small pane glazing bars
10:08:05 | INFO: Blender create Mesh node 29 Exhibition Road | split brick pediments
10:08:05 | INFO: Blender create Mesh node 29 Exhibition Road | steep red tiled roof slopes
10:08:05 | INFO: Blender create Mesh node 29 Exhibition Road | tall brick chimney shafts
10:08:05 | INFO: Blender create Mesh node 29 Exhibition Road | terracotta chimney pots
10:08:05 | INFO: Blender create Mesh node 29 Exhibition Road | timber sash frames
10:08:05 | INFO: Blender create Mesh node 41–45 Jay Mews | concave roof membrane
10:08:05 | INFO: Blender create Mesh node 41–45 Jay Mews | door glass fanlight
10:08:05 | INFO: Blender create Mesh node 41–45 Jay Mews | door handle
10:08:05 | INFO: Blender create Mesh node 41–45 Jay Mews | door transom
10:08:05 | INFO: Blender create Mesh node 41–45 Jay Mews | lintels
10:08:05 | INFO: Blender create Mesh node 41–45 Jay Mews | low parapet
10:08:05 | INFO: Blender create Mesh node 41–45 Jay Mews | mitred coping
10:08:05 | INFO: Blender create Mesh node 41–45 Jay Mews | painted joinery
10:08:05 | INFO: Blender create Mesh node 41–45 Jay Mews | pierced masonry
10:08:05 | INFO: Blender create Mesh node 41–45 Jay Mews | pipe brackets
10:08:05 | INFO: Blender create Mesh node 41–45 Jay Mews | plain floor band
10:08:05 | INFO: Blender create Mesh node 41–45 Jay Mews | projecting sills
10:08:05 | INFO: Blender create Mesh node 41–45 Jay Mews | rainwater downpipes
10:08:05 | INFO: Blender create Mesh node 41–45 Jay Mews | recessed door
10:08:05 | INFO: Blender create Mesh node 41–45 Jay Mews | recessed glazing
10:08:05 | INFO: Blender create Mesh node 41–45 Jay Mews | simple eaves
10:08:05 | INFO: Blender create Mesh node 41–45 Jay Mews | threshold
10:08:05 | INFO: Blender create Mesh node 41–45 Jay Mews | window mullions
10:08:05 | INFO: Blender create Mesh node 41–45 Jay Mews | window transoms
10:08:05 | INFO: glTF import finished in 0.19s
/Users/yl222/Desktop/UrbanWorldModelVisualizer/geometry_expansion/scripts/build_batch03.py:124: DeprecationWarning: 'World.use_nodes' is expected to be removed in Blender 6.0
  scene.world.use_nodes=True;scene.world.node_tree.nodes['Background'].inputs[0].default_value=(.65,.72,.8,1)
Info: Saved as "master.blend"
10:08:06 | INFO: Data are loaded, start creating Blender stuff
10:08:06 | INFO: Blender create Mesh node 29 Exhibition Road | brass door hardware.001
10:08:06 | INFO: Blender create Mesh node 29 Exhibition Road | brick sills.001
10:08:06 | INFO: Blender create Mesh node 29 Exhibition Road | continuous cut brick cornices.001
10:08:06 | INFO: Blender create Mesh node 29 Exhibition Road | continuous roof edge flashing.001
10:08:06 | INFO: Blender create Mesh node 29 Exhibition Road | corner brick pilasters.001
10:08:06 | INFO: Blender create Mesh node 29 Exhibition Road | cut brick heads.001
10:08:06 | INFO: Blender create Mesh node 29 Exhibition Road | door center stile.001
10:08:06 | INFO: Blender create Mesh node 29 Exhibition Road | door leaves.001
10:08:06 | INFO: Blender create Mesh node 29 Exhibition Road | door transom.001
10:08:06 | INFO: Blender create Mesh node 29 Exhibition Road | entrance balcony balusters.001
10:08:06 | INFO: Blender create Mesh node 29 Exhibition Road | entrance balcony handrail.001
10:08:06 | INFO: Blender create Mesh node 29 Exhibition Road | entrance balcony slab.001
10:08:06 | INFO: Blender create Mesh node 29 Exhibition Road | entry threshold.001
10:08:06 | INFO: Blender create Mesh node 29 Exhibition Road | estimated northern hipped roof
10:08:06 | INFO: Blender create Mesh node 29 Exhibition Road | exact concave roof deck.001
10:08:06 | INFO: Blender create Mesh node 29 Exhibition Road | pierced brick walls.001
10:08:06 | INFO: Blender create Mesh node 29 Exhibition Road | radiating brick arch.001
10:08:06 | INFO: Blender create Mesh node 29 Exhibition Road | rear chimney cap
10:08:06 | INFO: Blender create Mesh node 29 Exhibition Road | rear chimney stack
10:08:06 | INFO: Blender create Mesh node 29 Exhibition Road | recessed sashes.001
10:08:06 | INFO: Blender create Mesh node 29 Exhibition Road | segmental arch infill.001
10:08:06 | INFO: Blender create Mesh node 29 Exhibition Road | small pane glazing bars.001
10:08:06 | INFO: Blender create Mesh node 29 Exhibition Road | split brick pediments.001
10:08:06 | INFO: Blender create Mesh node 29 Exhibition Road | timber sash frames.001
10:08:06 | INFO: Blender create Mesh node 84 Kensington Gore | complete mapped roof base cap
10:08:06 | INFO: Blender create Mesh node 84 Kensington Gore | door glass fanlight
10:08:06 | INFO: Blender create Mesh node 84 Kensington Gore | door handle
10:08:06 | INFO: Blender create Mesh node 84 Kensington Gore | door transom
10:08:06 | INFO: Blender create Mesh node 84 Kensington Gore | fine sash bars
10:08:06 | INFO: Blender create Mesh node 84 Kensington Gore | flush storey trim
10:08:06 | INFO: Blender create Mesh node 84 Kensington Gore | four asymmetric saltbox roof slopes
10:08:06 | INFO: Blender create Mesh node 84 Kensington Gore | inward eaves fascia
10:08:06 | INFO: Blender create Mesh node 84 Kensington Gore | painted joinery
10:08:06 | INFO: Blender create Mesh node 84 Kensington Gore | pierced masonry
10:08:06 | INFO: Blender create Mesh node 84 Kensington Gore | pipe brackets
10:08:06 | INFO: Blender create Mesh node 84 Kensington Gore | projecting sills
10:08:06 | INFO: Blender create Mesh node 84 Kensington Gore | rainwater downpipes
10:08:06 | INFO: Blender create Mesh node 84 Kensington Gore | recessed door
10:08:06 | INFO: Blender create Mesh node 84 Kensington Gore | recessed glazing
10:08:06 | INFO: Blender create Mesh node 84 Kensington Gore | saltbox perimeter infill
10:08:06 | INFO: Blender create Mesh node 84 Kensington Gore | segmental brick arch heads
10:08:06 | INFO: Blender create Mesh node 84 Kensington Gore | threshold
10:08:06 | INFO: Blender create Mesh node 84 Kensington Gore | window mullions
10:08:06 | INFO: Blender create Mesh node 84 Kensington Gore | window transoms
10:08:06 | INFO: Blender create Mesh node Jamaican High Commission | attic sash frames
10:08:06 | INFO: Blender create Mesh node Jamaican High Commission | attic sash glazing
10:08:06 | INFO: Blender create Mesh node Jamaican High Commission | baluster necks
10:08:06 | INFO: Blender create Mesh node Jamaican High Commission | balustrade top rail
10:08:06 | INFO: Blender create Mesh node Jamaican High Commission | brass door hardware
10:08:06 | INFO: Blender create Mesh node Jamaican High Commission | brick sills
10:08:06 | INFO: Blender create Mesh node Jamaican High Commission | central balcony slab
10:08:06 | INFO: Blender create Mesh node Jamaican High Commission | central dormer back panels
10:08:06 | INFO: Blender create Mesh node Jamaican High Commission | central dormer glazing
10:08:06 | INFO: Blender create Mesh node Jamaican High Commission | central dormer joinery
10:08:06 | INFO: Blender create Mesh node Jamaican High Commission | central dormer lintels
10:08:06 | INFO: Blender create Mesh node Jamaican High Commission | central dormer side jambs
10:08:06 | INFO: Blender create Mesh node Jamaican High Commission | central linking roof
10:08:06 | INFO: Blender create Mesh node Jamaican High Commission | central stone balustrade
10:08:06 | INFO: Blender create Mesh node Jamaican High Commission | chimney corbel caps
10:08:06 | INFO: Blender create Mesh node Jamaican High Commission | chimney pots
10:08:06 | INFO: Blender create Mesh node Jamaican High Commission | continuous cut brick cornices
10:08:06 | INFO: Blender create Mesh node Jamaican High Commission | continuous roof edge flashing
10:08:06 | INFO: Blender create Mesh node Jamaican High Commission | corner brick pilasters
10:08:06 | INFO: Blender create Mesh node Jamaican High Commission | cut brick heads
10:08:06 | INFO: Blender create Mesh node Jamaican High Commission | door center stile
10:08:06 | INFO: Blender create Mesh node Jamaican High Commission | door leaves
10:08:06 | INFO: Blender create Mesh node Jamaican High Commission | door transom
10:08:06 | INFO: Blender create Mesh node Jamaican High Commission | entry threshold
10:08:06 | INFO: Blender create Mesh node Jamaican High Commission | exact concave roof deck
10:08:06 | INFO: Blender create Mesh node Jamaican High Commission | finite portico supporting slab
10:08:06 | INFO: Blender create Mesh node Jamaican High Commission | paired steep red tiled roofs
10:08:06 | INFO: Blender create Mesh node Jamaican High Commission | pierced brick walls
10:08:06 | INFO: Blender create Mesh node Jamaican High Commission | pierced triangular attic gables
10:08:06 | INFO: Blender create Mesh node Jamaican High Commission | portico arch spandrels
10:08:06 | INFO: Blender create Mesh node Jamaican High Commission | portico brick piers
10:08:06 | INFO: Blender create Mesh node Jamaican High Commission | portico pier capitals
10:08:06 | INFO: Blender create Mesh node Jamaican High Commission | radiating brick arch
10:08:06 | INFO: Blender create Mesh node Jamaican High Commission | recessed sashes
10:08:06 | INFO: Blender create Mesh node Jamaican High Commission | roof ridge tiles
10:08:06 | INFO: Blender create Mesh node Jamaican High Commission | segmental arch infill
10:08:06 | INFO: Blender create Mesh node Jamaican High Commission | small pane glazing bars
10:08:06 | INFO: Blender create Mesh node Jamaican High Commission | split brick pediments
10:08:06 | INFO: Blender create Mesh node Jamaican High Commission | tall chimney stacks
10:08:06 | INFO: Blender create Mesh node Jamaican High Commission | timber sash frames
10:08:06 | INFO: Blender create Mesh node Jamaican High Commission | twin portico brick arches
10:08:06 | INFO: Blender create Mesh node Jay Mews 117010283 | concave roof membrane
10:08:06 | INFO: Blender create Mesh node Jay Mews 117010283 | door glass fanlight
10:08:06 | INFO: Blender create Mesh node Jay Mews 117010283 | door handle
10:08:06 | INFO: Blender create Mesh node Jay Mews 117010283 | door transom
10:08:06 | INFO: Blender create Mesh node Jay Mews 117010283 | fine sash bars
10:08:06 | INFO: Blender create Mesh node Jay Mews 117010283 | lintels
10:08:06 | INFO: Blender create Mesh node Jay Mews 117010283 | low parapet
10:08:06 | INFO: Blender create Mesh node Jay Mews 117010283 | mitred coping
10:08:06 | INFO: Blender create Mesh node Jay Mews 117010283 | painted joinery
10:08:06 | INFO: Blender create Mesh node Jay Mews 117010283 | pierced masonry
10:08:06 | INFO: Blender create Mesh node Jay Mews 117010283 | pipe brackets
10:08:06 | INFO: Blender create Mesh node Jay Mews 117010283 | projecting sills
10:08:06 | INFO: Blender create Mesh node Jay Mews 117010283 | projecting storey ledge
10:08:06 | INFO: Blender create Mesh node Jay Mews 117010283 | rainwater downpipes
10:08:06 | INFO: Blender create Mesh node Jay Mews 117010283 | recessed door
10:08:06 | INFO: Blender create Mesh node Jay Mews 117010283 | recessed glazing
10:08:06 | INFO: Blender create Mesh node Jay Mews 117010283 | simple eaves
10:08:06 | INFO: Blender create Mesh node Jay Mews 117010283 | threshold
10:08:06 | INFO: Blender create Mesh node Jay Mews 117010283 | window mullions
10:08:06 | INFO: Blender create Mesh node Jay Mews 117010283 | window transoms
10:08:06 | INFO: glTF import finished in 0.15s
00:07.721  blend            | Read blend: "/Users/yl222/Desktop/UrbanWorldModelVisualizer/geometry_expansion/output/batch03_v1/master.blend"
00:11.325  render           | Saved: '/Users/yl222/Desktop/UrbanWorldModelVisualizer/geometry_expansion/output/batch03_v1/exhibition_road_29_front.png'
00:15.159  render           | Saved: '/Users/yl222/Desktop/UrbanWorldModelVisualizer/geometry_expansion/output/batch03_v1/exhibition_road_29_entrance.png'
00:18.516  render           | Saved: '/Users/yl222/Desktop/UrbanWorldModelVisualizer/geometry_expansion/output/batch03_v1/exhibition_road_29_roof.png'
00:21.909  render           | Saved: '/Users/yl222/Desktop/UrbanWorldModelVisualizer/geometry_expansion/output/batch03_v1/exhibition_road_29_rear.png'
00:26.472  render           | Saved: '/Users/yl222/Desktop/UrbanWorldModelVisualizer/geometry_expansion/output/batch03_v1/exhibition_road_29_context.png'
00:30.008  render           | Saved: '/Users/yl222/Desktop/UrbanWorldModelVisualizer/geometry_expansion/output/batch03_v1/jamaican_high_commission_front.png'
00:35.704  render           | Saved: '/Users/yl222/Desktop/UrbanWorldModelVisualizer/geometry_expansion/output/batch03_v1/jamaican_high_commission_entrance.png'
00:39.273  render           | Saved: '/Users/yl222/Desktop/UrbanWorldModelVisualizer/geometry_expansion/output/batch03_v1/jamaican_high_commission_roof.png'
00:42.697  render           | Saved: '/Users/yl222/Desktop/UrbanWorldModelVisualizer/geometry_expansion/output/batch03_v1/jamaican_high_commission_rear.png'
00:47.462  render           | Saved: '/Users/yl222/Desktop/UrbanWorldModelVisualizer/geometry_expansion/output/batch03_v1/jamaican_high_commission_context.png'
00:50.885  render           | Saved: '/Users/yl222/Desktop/UrbanWorldModelVisualizer/geometry_expansion/output/batch03_v1/jay_mews_117010283_front.png'
00:55.075  render           | Saved: '/Users/yl222/Desktop/UrbanWorldModelVisualizer/geometry_expansion/output/batch03_v1/jay_mews_117010283_entrance.png'
00:58.514  render           | Saved: '/Users/yl222/Desktop/UrbanWorldModelVisualizer/geometry_expansion/output/batch03_v1/jay_mews_117010283_roof.png'
01:01.767  render           | Saved: '/Users/yl222/Desktop/UrbanWorldModelVisualizer/geometry_expansion/output/batch03_v1/jay_mews_117010283_rear.png'
01:06.947  render           | Saved: '/Users/yl222/Desktop/UrbanWorldModelVisualizer/geometry_expansion/output/batch03_v1/jay_mews_117010283_context.png'
01:10.712  render           | Saved: '/Users/yl222/Desktop/UrbanWorldModelVisualizer/geometry_expansion/output/batch03_v1/kensington_gore_84_front.png'
01:15.454  render           | Saved: '/Users/yl222/Desktop/UrbanWorldModelVisualizer/geometry_expansion/output/batch03_v1/kensington_gore_84_entrance.png'
01:18.835  render           | Saved: '/Users/yl222/Desktop/UrbanWorldModelVisualizer/geometry_expansion/output/batch03_v1/kensington_gore_84_roof.png'
01:21.930  render           | Saved: '/Users/yl222/Desktop/UrbanWorldModelVisualizer/geometry_expansion/output/batch03_v1/kensington_gore_84_rear.png'
01:26.717  render           | Saved: '/Users/yl222/Desktop/UrbanWorldModelVisualizer/geometry_expansion/output/batch03_v1/kensington_gore_84_context.png'
01:30.128  render           | Saved: '/Users/yl222/Desktop/UrbanWorldModelVisualizer/geometry_expansion/output/batch03_v1/overview.png'
{"objects": 105, "triangles": 56849, "roundtrip_bounds_max_error_m": 0, "numerical_pass": true}
Blender 5.2.0 LTS (hash fbe6228777e7 built 2026-07-14 01:31:22)

Blender quit
