(node:46588) ExperimentalWarning: `--experimental-loader` may be removed in the future; instead use `register()`:
--import 'data:text/javascript,import { register } from "node:module"; import { pathToFileURL } from "node:url"; register("./building_completion/scripts/three-loader.mjs", pathToFileURL("./"));'
(Use `node --trace-warnings ...` to show where the warning was created)
[
  {
    ids: [ 'way-117417431' ],
    triangles: 14887,
    originals_hidden_before_batch: true,
    entry_supports_retained: 1,
    comparison_passed: true
  },
  {
    ids: [ 'way-117417421', 'way-117010286' ],
    triangles: 43794,
    originals_hidden_before_batch: true,
    entry_supports_retained: 2,
    comparison_passed: true
  },
  {
    ids: [
      'way-641757059',
      'way-641603104',
      'way-117010283',
      'way-492431542'
    ],
    triangles: 56849,
    originals_hidden_before_batch: true,
    entry_supports_retained: 4,
    comparison_passed: true
  }
]
